--------- beginning of main
05-16 01:09:52.180  1834  2066 E WifiVendorHal: getWifiLinkLayerStats_1_3_Internal(l.957) failed {.code = ERROR_NOT_SUPPORTED, .description = }
05-16 01:09:52.195  1834  2066 I WificondControl: Noise: 0, Snr: 0, Chload: 0, rssi: -76, txBitrate: 26, rxBitrate: 2, frequency: 2452, UlDelay: 0, currentTxBytes: 444212912, currentTxPackets: 4537691, currentTxFailed: 0, currentRxBytes: 312655204, currentRxPackets: 7054316
05-16 01:09:52.199  1834  2066 V HwWifiServiceFactory: get AllImpl object = com.android.server.wifi.HwWifiServiceFactoryImpl@5f30e40
05-16 01:09:52.584  1086  1179 I HfLooper: als lux = 56.000000 , rawdata1 =220.000000., rawdata1 = 12.000000
05-16 01:09:52.585  1094  6920 D AALLightSensor: oldLux=57 [SA:55 LA:53] newLux=57 (oriLux: 56)
05-16 01:09:53.055 19700 19700 I keyringKit-KeyringApplication: getContext.
05-16 01:09:53.055 19700 19700 I keyringKit-KeyringApplication: getAppContext.
05-16 01:09:53.055 19700 19700 I keyringKit-KeyringApplication: getAppContext.
05-16 01:09:53.060 26597 28401 W fwkit_kims: [W/fwkit/fwkit_kims 26597:19935 KIMSServiceController.java:1062] Can't find the specific package.
05-16 01:09:53.063 19700 19700 I keyringKit-UninstallAppReceiver: com.mars.infra.trace installed: true.
05-16 01:09:53.160   675 26102 I netd    : trafficSwapActiveStatsMap() <0.89ms>
05-16 01:09:53.230  1834  2066 I WificondControl: Noise: 0, Snr: 0, Chload: 0, rssi: -76, txBitrate: 26, rxBitrate: 2, frequency: 2452, UlDelay: 0, currentTxBytes: 444212912, currentTxPackets: 4537691, currentTxFailed: 0, currentRxBytes: 312655204, currentRxPackets: 7054316
05-16 01:09:53.241  1834  2164 I HuaweiWifiWatchdogStateMachine: POta txb txg rxg:0, 6, 0. Lr =0% Totpkt=6
05-16 01:09:53.241  1834  2065 I WiFi_PRO: MSG_RETURN_AP_CURRY_RSSI rssi = -76
05-16 01:09:53.241  1834  2065 I QosMonitor: queryRtt: rttType = 3
05-16 01:09:53.241  1834  2065 I HwWifiProServiceProxy: ctrlHwWifiNetwork pkgName: WIFIPRO_SERVICE interfaceId: 8
05-16 01:09:53.241  1834  2166 I HwDualBandManager: handle2gApStrongWifiRssiChange
05-16 01:09:53.242  1834  2065 I QosMonitor: postEventFromNative: msg=100,arg1=4,arg2=10
05-16 01:09:53.242  1834  2065 I HwWifiProServiceProxy: ctrlHwWifiNetwork pkgName: WIFIPRO_SERVICE interfaceId: 8
05-16 01:09:53.243  1834  2065 I QosMonitor: postEventFromNative: msg=100,arg1=0,arg2=10
05-16 01:09:53.243  1834  2065 I MQoS    : rtt=320,tcpTxPkts=4207210,tcpRxPkts=6329048
05-16 01:09:53.244  1834 11540 I MQoS    : QOS_level:0(0),DataDisable;use level-0
05-16 01:09:53.244  1834 11540 I MQoS    : skip-low-Level:0(0),DataDisable;use level-0
05-16 01:09:53.245  1834  2164 I HuaweiWifiWatchdogStateMachine: PTcp RTT:0, rtt pkt=0, tcp_rx=0, tcp_tx=0, tcp_reTran=0, rtRate=0
05-16 01:09:53.246  1834  2164 I HuaweiWifiWatchdogStateMachine: rssi bad, mrssi=-76 < TargetRssi=-72
05-16 01:09:53.246  1834  2164 I HuaweiWifiWatchdogStateMachine: start computeQosLevel tcpRtt = 0 ,rssi = -76 ,mBestSpeedInPeriod = 287
05-16 01:09:53.246  1834  2164 I HuaweiWifiWatchdogStateMachine: smoothConsecutiveQosResults, currentQosLevel = 2
05-16 01:09:53.372  2451  2748 I SpeedTestNotifier: is low speed scene
05-16 01:09:54.019  2531 10191 I OPCollectLog: ARFromAwarenessImpl:handleMessage msg: 1
05-16 01:09:54.021  2531 10191 E CAWARENESS_CLIENT: sdk_b: checkApkExist false PackageManager.NameNotFoundException
05-16 01:09:54.021  2531 10191 E CAWARENESS_CLIENT: AwarenessManager: connectMsdpService() msdp do not install
05-16 01:09:54.149 23396 23404 E bms_file: file /sys/class/hw_power/charger/direct_charger/direct_charge_succ is invalid
05-16 01:09:54.187 23396 23404 I chatty  : uid=1000(system) /vendor/bin/bms_behavior identical 1 line
05-16 01:09:54.242 23396 23404 E bms_file: file /sys/class/hw_power/charger/direct_charger/direct_charge_succ is invalid
05-16 01:09:54.278  1834  2065 I TrafficMonitor: expired arrive. level:-1
05-16 01:09:54.280  1834  2065 I TrafficMonitor: update:rxPkts:0,txPkts:0,rxBytes:0,txBytes:0
05-16 01:09:54.280  1834  2065 I TrafficMonitor: gettimer:interval=5000
05-16 01:09:54.280  1834  2065 I TrafficMonitor: during_ms:5003,period_ms:2000
05-16 01:09:54.280  1834  2065 I TrafficMonitor: count:44,rx_sum:0,tx_sum:0,rxBytes:0,during_ms:5003,rx_speed:0.0,tx_speed:0.0,rto:0.0
05-16 01:09:54.280  1834  2065 I HuaweiWifiWatchdogStateMachine: Get speed information rx_speed = 0 ,tx_speed = 0 ,isSpeedOk = false ,mBestSpeedInPeriod = 287
05-16 01:09:54.288 23396 23404 E bms_file: file /sys/class/hw_power/charger/direct_charger/direct_charge_succ is invalid
05-16 01:09:54.289 23396 23404 I bms_behavior: monitor interval count 133
--------- beginning of system
05-16 01:09:49.237  1834 11540 I chatty  : uid=1000(system) MobileQosDetect expire 1 line
05-16 01:09:53.244  1834 11540 D HwConnectivityServiceEx: set 1000 wlan0 value false
05-16 01:09:54.336  1834  1886 I PowerManagerService: UL_Power mReadyToBgReport: true
05-16 01:09:54.336  1834  1886 I HwPowerManagerService: UL_Power Screen timeout occured. mStayOn = true, mProximityPositive = false, mWakeLockSummary = 0x0, mUserActivitySummary = 0x2, mScreenBrightnessBoostInProgress = false
05-16 01:09:54.337  1834  1886 I DisplayPowerController: mPowerState.mScreenChangedReason: 65539 mPendingRequestLocked.mScreenChangeReason 65539
05-16 01:09:54.339  1834  1886 I DisplayPowerController: Animating brightness: target=6, rate=180,brightnessTargetReal=6,AutoBrightness=true
05-16 01:09:54.341  1834  1886 V DisplayPowerController: Brightness [6] reason changing to: 'automatic [ dim ]', previous reason: 'automatic'.
05-16 01:09:54.341   994  2016 I dubaid  : [DisplayPanel.cpp] HandleBrightnessNitChanged# Display brightness:6 reason:AUTO nit:7
05-16 01:09:54.342  1834  1886 I PowerManagerService: handleSandman: wakefulness: 1,startDreaming: false
05-16 01:09:54.352  1834  1886 I HwNormalizedRampAnimator: hbm_dimming target=224 rate=180 duration=0.5
05-16 01:09:54.356   719   719 E DE H =DE: setAmoled:522: can not support this mode: MODE_AMOLED!
05-16 01:09:54.357   731   731 D lights  : write_int open fd=6
05-16 01:09:54.360  1094  1176 D AAL     : onBacklightChanged: 348/1023 -> 337/1023(phy:674/4095)
05-16 01:09:54.360  1094  1176 D AAL     : LABC: LABC after setTarget isSmoothBacklight=0 
05-16 01:09:54.361   530   530 I hwservicemanager: getTransport: Cannot find entry vendor.huawei.hardware.hwsched@1.0::ISched/hwsched in either framework or device manifest.
05-16 01:09:54.362   749  1219 E SurfaceFlingerEx: notifyRealVsyncPeriod could not find AISched service
05-16 01:09:54.370   704 17882 I hwcomposer: [HWCDisplay] [Display_0 (type:1)] fps:0.070450,dur:14194.50,max:14194.50,min:14194.50  
05-16 01:09:54.372   731   731 D lights  : write_int open fd=6
05-16 01:09:54.372   719   719 E DE H =DE: setAmoled:522: can not support this mode: MODE_AMOLED!
05-16 01:09:54.376  1094  1176 D AAL     : onBacklightChanged: 337/1023 -> 327/1023(phy:654/4095)
05-16 01:09:54.376  1094  1176 D AAL     : LABC: LABC after setTarget isSmoothBacklight=0 
05-16 01:09:54.388   731   731 D lights  : write_int open fd=6
05-16 01:09:54.389   719   719 E DE H =DE: setAmoled:522: can not support this mode: MODE_AMOLED!
05-16 01:09:54.393  1094  1176 D AAL     : onBacklightChanged: 327/1023 -> 316/1023(phy:632/4095)
05-16 01:09:54.393  1094  1176 D AAL     : LABC: LABC after setTarget isSmoothBacklight=0 
05-16 01:09:54.404   719   719 E DE H =DE: setAmoled:522: can not support this mode: MODE_AMOLED!
05-16 01:09:54.406   731   731 D lights  : write_int open fd=6
05-16 01:09:54.409  1094  1176 D AAL     : onBacklightChanged: 316/1023 -> 305/1023(phy:610/4095)
05-16 01:09:54.409  1094  1176 D AAL     : LABC: LABC after setTarget isSmoothBacklight=0 
05-16 01:09:54.422   719   719 E DE H =DE: setAmoled:522: can not support this mode: MODE_AMOLED!
05-16 01:09:54.423   731   731 D lights  : write_int open fd=6
05-16 01:09:54.426  1094  1176 D AAL     : onBacklightChanged: 305/1023 -> 294/1023(phy:588/4095)
05-16 01:09:54.426  1094  1176 D AAL     : LABC: LABC after setTarget isSmoothBacklight=0 
05-16 01:09:54.426  1094  1176 D AAL     : 05-16 01:09:54.360 BL= 337,ESS= 256, 05-16 01:09:54.377 BL= 327,ESS= 256, 05-16 01:09:54.393 BL= 316,ESS= 256, 05-16 01:09:54.410 BL= 305,ESS= 256, 05-16 01:09:54.426 BL= 294,ESS= 256, 
05-16 01:09:54.437   719   719 E DE H =DE: setAmoled:522: can not support this mode: MODE_AMOLED!
05-16 01:09:54.438   731   731 D lights  : write_int open fd=6
05-16 01:09:54.442  1094  1176 D AAL     : onBacklightChanged: 294/1023 -> 283/1023(phy:566/4095)
05-16 01:09:54.443  1094  1176 D AAL     : LABC: LABC after setTarget isSmoothBacklight=0 
05-16 01:09:54.444   530   530 I hwservicemanager: getTransport: Cannot find entry vendor.huawei.hardware.hwsched@1.0::ISched/hwsched in either framework or device manifest.
05-16 01:09:54.444   749  1219 E SurfaceFlingerEx: notifyRealVsyncPeriod could not find AISched service
05-16 01:09:54.454   719   719 E DE H =DE: setAmoled:522: can not support this mode: MODE_AMOLED!
05-16 01:09:54.455   731   731 D lights  : write_int open fd=6
05-16 01:09:54.459  1094  1176 D AAL     : onBacklightChanged: 283/1023 -> 272/1023(phy:544/4095)
05-16 01:09:54.459  1094  1176 D AAL     : LABC: LABC after setTarget isSmoothBacklight=0 
05-16 01:09:54.471   719   719 E DE H =DE: setAmoled:522: can not support this mode: MODE_AMOLED!
05-16 01:09:54.471   731   731 D lights  : write_int open fd=6
05-16 01:09:54.475  1094  1176 D AAL     : onBacklightChanged: 272/1023 -> 261/1023(phy:522/4095)
05-16 01:09:54.475  1094  1176 D AAL     : LABC: LABC after setTarget isSmoothBacklight=0 
05-16 01:09:54.487   719   719 E DE H =DE: setAmoled:522: can not support this mode: MODE_AMOLED!
05-16 01:09:54.489   731   731 D lights  : write_int open fd=6
05-16 01:09:54.492  1094  1176 D AAL     : onBacklightChanged: 261/1023 -> 250/1023(phy:500/4095)
05-16 01:09:54.492  1094  1176 D AAL     : LABC: LABC after setTarget isSmoothBacklight=0 
05-16 01:09:54.503   719   719 E DE H =DE: setAmoled:522: can not support this mode: MODE_AMOLED!
05-16 01:09:54.504   731   731 D lights  : write_int open fd=6
05-16 01:09:54.509  1094  1176 D AAL     : onBacklightChanged: 250/1023 -> 239/1023(phy:478/4095)
05-16 01:09:54.509  1094  1176 D AAL     : LABC: LABC after setTarget isSmoothBacklight=0 
05-16 01:09:54.509  1094  1176 D AAL     : 05-16 01:09:54.443 BL= 283,ESS= 256, 05-16 01:09:54.459 BL= 272,ESS= 256, 05-16 01:09:54.476 BL= 261,ESS= 256, 05-16 01:09:54.492 BL= 250,ESS= 256, 05-16 01:09:54.509 BL= 239,ESS= 256, 
05-16 01:09:54.520   719   719 E DE H =DE: setAmoled:522: can not support this mode: MODE_AMOLED!
05-16 01:09:54.522   731   731 D lights  : write_int open fd=6
05-16 01:09:54.525  1094  1176 D AAL     : onBacklightChanged: 239/1023 -> 228/1023(phy:456/4095)
05-16 01:09:54.525  1094  1176 D AAL     : LABC: LABC after setTarget isSmoothBacklight=0 
05-16 01:09:54.537   719   719 E DE H =DE: setAmoled:522: can not support this mode: MODE_AMOLED!
05-16 01:09:54.537   731   731 D lights  : write_int open fd=6
05-16 01:09:54.541  1094  1176 D AAL     : onBacklightChanged: 228/1023 -> 217/1023(phy:434/4095)
05-16 01:09:54.542  1094  1176 D AAL     : LABC: LABC after setTarget isSmoothBacklight=0 
05-16 01:09:54.553   719   719 E DE H =DE: setAmoled:522: can not support this mode: MODE_AMOLED!
05-16 01:09:54.554   731   731 D lights  : write_int open fd=6
05-16 01:09:54.558  1094  1176 D AAL     : onBacklightChanged: 217/1023 -> 207/1023(phy:414/4095)
05-16 01:09:54.558  1094  1176 D AAL     : LABC: LABC after setTarget isSmoothBacklight=0 
05-16 01:09:54.570   719   719 E DE H =DE: setAmoled:522: can not support this mode: MODE_AMOLED!
05-16 01:09:54.571   731   731 D lights  : write_int open fd=6
05-16 01:09:54.575  1094  1176 D AAL     : onBacklightChanged: 207/1023 -> 196/1023(phy:392/4095)
05-16 01:09:54.575  1094  1176 D AAL     : LABC: LABC after setTarget isSmoothBacklight=0 
05-16 01:09:54.588   719   719 E DE H =DE: setAmoled:522: can not support this mode: MODE_AMOLED!
05-16 01:09:54.588   731   731 D lights  : write_int open fd=6
05-16 01:09:54.591  1094  1176 D AAL     : onBacklightChanged: 196/1023 -> 185/1023(phy:370/4095)
05-16 01:09:54.591  1094  1176 D AAL     : LABC: LABC after setTarget isSmoothBacklight=0 
05-16 01:09:54.592  1094  1176 D AAL     : 05-16 01:09:54.525 BL= 228,ESS= 256, 05-16 01:09:54.542 BL= 217,ESS= 256, 05-16 01:09:54.559 BL= 207,ESS= 256, 05-16 01:09:54.575 BL= 196,ESS= 256, 05-16 01:09:54.592 BL= 185,ESS= 256, 
05-16 01:09:54.603   719   719 E DE H =DE: setAmoled:522: can not support this mode: MODE_AMOLED!
05-16 01:09:54.603   731   731 D lights  : write_int open fd=6
05-16 01:09:54.608  1094  1176 D AAL     : onBacklightChanged: 185/1023 -> 174/1023(phy:348/4095)
05-16 01:09:54.608  1094  1176 D AAL     : LABC: LABC after setTarget isSmoothBacklight=0 
05-16 01:09:54.619   719   719 E DE H =DE: setAmoled:522: can not support this mode: MODE_AMOLED!
05-16 01:09:54.620   731   731 D lights  : write_int open fd=6
05-16 01:09:54.625  1094  1176 D AAL     : onBacklightChanged: 174/1023 -> 163/1023(phy:326/4095)
05-16 01:09:54.625  1094  1176 D AAL     : LABC: LABC after setTarget isSmoothBacklight=0 
05-16 01:09:54.636   719   719 E DE H =DE: setAmoled:522: can not support this mode: MODE_AMOLED!
05-16 01:09:54.636   731   731 D lights  : write_int open fd=6
05-16 01:09:54.641  1094  1176 D AAL     : onBacklightChanged: 163/1023 -> 152/1023(phy:304/4095)
05-16 01:09:54.641  1094  1176 D AAL     : LABC: LABC after setTarget isSmoothBacklight=0 
05-16 01:09:54.653   719   719 E DE H =DE: setAmoled:522: can not support this mode: MODE_AMOLED!
05-16 01:09:54.653   731   731 D lights  : write_int open fd=6
05-16 01:09:54.657  1094  1176 D AAL     : onBacklightChanged: 152/1023 -> 141/1023(phy:282/4095)
05-16 01:09:54.657  1094  1176 D AAL     : LABC: LABC after setTarget isSmoothBacklight=0 
05-16 01:09:54.669   719   719 E DE H =DE: setAmoled:522: can not support this mode: MODE_AMOLED!
05-16 01:09:54.670   731   731 D lights  : write_int open fd=6
05-16 01:09:54.674  1094  1176 D AAL     : onBacklightChanged: 141/1023 -> 130/1023(phy:260/4095)
05-16 01:09:54.674  1094  1176 D AAL     : LABC: LABC after setTarget isSmoothBacklight=0 
05-16 01:09:54.674  1094  1176 D AAL     : 05-16 01:09:54.625 BL= 174,ESS= 256, 05-16 01:09:54.626 BL= 163,ESS= 256, 05-16 01:09:54.642 BL= 152,ESS= 256, 05-16 01:09:54.658 BL= 141,ESS= 256, 05-16 01:09:54.674 BL= 130,ESS= 256, 
05-16 01:09:54.686   719   719 E DE H =DE: setAmoled:522: can not support this mode: MODE_AMOLED!
05-16 01:09:54.686   731   731 D lights  : write_int open fd=6
05-16 01:09:54.690  1094  1176 D AAL     : onBacklightChanged: 130/1023 -> 119/1023(phy:238/4095)
05-16 01:09:54.691  1094  1176 D AAL     : LABC: LABC after setTarget isSmoothBacklight=0 
05-16 01:09:54.702   719   719 E DE H =DE: setAmoled:522: can not support this mode: MODE_AMOLED!
05-16 01:09:54.703   731   731 D lights  : write_int open fd=6
05-16 01:09:54.707  1094  1176 D AAL     : onBacklightChanged: 119/1023 -> 108/1023(phy:216/4095)
05-16 01:09:54.707  1094  1176 D AAL     : LABC: LABC after setTarget isSmoothBacklight=0 
05-16 01:09:54.721   719   719 E DE H =DE: setAmoled:522: can not support this mode: MODE_AMOLED!
05-16 01:09:54.721   731   731 D lights  : write_int open fd=6
05-16 01:09:54.723  1094  1176 D AAL     : onBacklightChanged: 108/1023 -> 97/1023(phy:194/4095)
05-16 01:09:54.724  1094  1176 D AAL     : LABC: LABC after setTarget isSmoothBacklight=0 
05-16 01:09:54.736   719   719 E DE H =DE: setAmoled:522: can not support this mode: MODE_AMOLED!
05-16 01:09:54.736   731   731 D lights  : write_int open fd=6
05-16 01:09:54.740  1094  1176 D AAL     : onBacklightChanged: 97/1023 -> 87/1023(phy:174/4095)
05-16 01:09:54.740  1094  1176 D AAL     : LABC: LABC after setTarget isSmoothBacklight=0 
05-16 01:09:54.752   719   719 E DE H =DE: setAmoled:522: can not support this mode: MODE_AMOLED!
05-16 01:09:54.753   731   731 D lights  : write_int open fd=6
05-16 01:09:54.756  1094  1176 D AAL     : onBacklightChanged: 87/1023 -> 76/1023(phy:152/4095)
05-16 01:09:54.757  1094  1176 D AAL     : LABC: LABC after setTarget isSmoothBacklight=0 
05-16 01:09:54.757  1094  1176 D AAL     : 05-16 01:09:54.691 BL= 119,ESS= 256, 05-16 01:09:54.707 BL= 108,ESS= 256, 05-16 01:09:54.724 BL=  97,ESS= 256, 05-16 01:09:54.741 BL=  87,ESS= 256, 05-16 01:09:54.757 BL=  76,ESS= 256, 
05-16 01:09:54.768   719   719 E DE H =DE: setAmoled:522: can not support this mode: MODE_AMOLED!
05-16 01:09:54.769   731   731 D lights  : write_int open fd=6
05-16 01:09:54.773  1094  1176 D AAL     : onBacklightChanged: 76/1023 -> 65/1023(phy:130/4095)
05-16 01:09:54.773  1094  1176 D AAL     : LABC: LABC after setTarget isSmoothBacklight=0 
05-16 01:09:54.785   719   719 E DE H =DE: setAmoled:522: can not support this mode: MODE_AMOLED!
05-16 01:09:54.786   731   731 D lights  : write_int open fd=6
05-16 01:09:54.789  1094  1176 D AAL     : onBacklightChanged: 65/1023 -> 54/1023(phy:108/4095)
05-16 01:09:54.790  1094  1176 D AAL     : LABC: LABC after setTarget isSmoothBacklight=0 
05-16 01:09:54.801   719   719 E DE H =DE: setAmoled:522: can not support this mode: MODE_AMOLED!
05-16 01:09:54.802   731   731 D lights  : write_int open fd=6
05-16 01:09:54.806  1094  1176 D AAL     : onBacklightChanged: 54/1023 -> 43/1023(phy:86/4095)
05-16 01:09:54.806  1094  1176 D AAL     : LABC: LABC after setTarget isSmoothBacklight=0 
05-16 01:09:54.818   719   719 E DE H =DE: setAmoled:522: can not support this mode: MODE_AMOLED!
05-16 01:09:54.819   731   731 D lights  : write_int open fd=6
05-16 01:09:54.823  1094  1176 D AAL     : onBacklightChanged: 43/1023 -> 32/1023(phy:64/4095)
05-16 01:09:54.823  1094  1176 D AAL     : LABC: LABC after setTarget isSmoothBacklight=0 
05-16 01:09:54.832  1834  1886 I DisplayPowerController: mPowerState.mScreenChangedReason: 65539 mPendingRequestLocked.mScreenChangeReason 65539
05-16 01:09:54.834  1834  1886 I DisplayPowerController: Animating brightness: target=6, rate=60,brightnessTargetReal=6,AutoBrightness=true
05-16 01:09:54.834  1834  2188 I HwMinLuminanceUptoXnit: [effect] xnit xccCoefRed = 0.8871795, input_level = 224, addedXccNumbers = 2
05-16 01:09:54.835  1834  1886 D FpDataCollector: case xxx, not a fingerprint unlock 
05-16 01:09:54.836   719   719 E DE H =DE: setAmoled:522: can not support this mode: MODE_AMOLED!
05-16 01:09:54.837   731   731 D lights  : write_int open fd=6
05-16 01:09:54.839  1094  1176 D AAL     : onBacklightChanged: 32/1023 -> 24/1023(phy:48/4095)
05-16 01:09:54.839  1094  1176 D AAL     : LABC: LABC after setTarget isSmoothBacklight=0 
05-16 01:09:54.840  1094  1176 D AAL     : 05-16 01:09:54.774 BL=  65,ESS= 256, 05-16 01:09:54.790 BL=  54,ESS= 256, 05-16 01:09:54.807 BL=  43,ESS= 256, 05-16 01:09:54.823 BL=  32,ESS= 256, 05-16 01:09:54.840 BL=  24,ESS= 256, 
05-16 01:09:54.923   530   530 I hwservicemanager: getTransport: Cannot find entry vendor.huawei.hardware.hwsched@1.0::ISched/hwsched in either framework or device manifest.
05-16 01:09:54.924   749  1219 E SurfaceFlingerEx: notifyRealVsyncPeriod could not find AISched service
05-16 01:09:54.940   530   530 I hwservicemanager: getTransport: Cannot find entry vendor.huawei.hardware.hwsched@1.0::ISched/hwsched in either framework or device manifest.
05-16 01:09:54.940   749  1219 E SurfaceFlingerEx: notifyRealVsyncPeriod could not find AISched service
05-16 01:09:55.034   675 26102 I netd    : trafficSwapActiveStatsMap() <0.94ms>
05-16 01:09:55.207  1834  2066 E WifiVendorHal: getWifiLinkLayerStats_1_3_Internal(l.957) failed {.code = ERROR_NOT_SUPPORTED, .description = }
05-16 01:09:55.221  1834  2066 I WificondControl: Noise: 0, Snr: 0, Chload: 0, rssi: -76, txBitrate: 26, rxBitrate: 2, frequency: 2452, UlDelay: 0, currentTxBytes: 444212912, currentTxPackets: 4537691, currentTxFailed: 0, currentRxBytes: 312655204, currentRxPackets: 7054316
05-16 01:09:55.225  1834  2066 V HwWifiServiceFactory: get AllImpl object = com.android.server.wifi.HwWifiServiceFactoryImpl@5f30e40
05-16 01:09:55.251  1086  1179 I HfLooper: als lux = 56.000000 , rawdata1 =220.000000., rawdata1 = 12.000000
05-16 01:09:56.019 26718 26718 I HiAdKit.ExSplashManager:  do not request exsplash config
05-16 01:09:56.586  1094  6920 D AALLightSensor: oldLux=57 [SA:56 LA:54] newLux=57 (oriLux: 56)
05-16 01:09:57.231  1834  2066 I WificondControl: Noise: 0, Snr: 0, Chload: 0, rssi: -76, txBitrate: 26, rxBitrate: 1, frequency: 2452, UlDelay: 0, currentTxBytes: 444213051, currentTxPackets: 4537693, currentTxFailed: 0, currentRxBytes: 312655204, currentRxPackets: 7054316
05-16 01:09:57.238  1834  2164 D HuaweiWifiWatchdogStateMachine: nothing to do
05-16 01:09:57.238  1834  2065 I WiFi_PRO: MSG_RETURN_AP_CURRY_RSSI rssi = -76
05-16 01:09:57.238  1834  2065 I QosMonitor: queryRtt: rttType = 3
05-16 01:09:57.239  1834  2065 I HwWifiProServiceProxy: ctrlHwWifiNetwork pkgName: WIFIPRO_SERVICE interfaceId: 8
05-16 01:09:57.239  1834  2166 I HwDualBandManager: handle2gApStrongWifiRssiChange
05-16 01:09:57.239  1834  2164 I HuaweiWifiWatchdogStateMachine: high data flow: protection_counter = 0,  not_detect_counter = 8
05-16 01:09:57.239  1834  2164 I HuaweiWifiWatchdogStateMachine: high data flow scenario: 0 --> 0 rx bytes =0KB
05-16 01:09:57.239  1834  2164 I HuaweiWifiWatchdogStateMachine: POta txb txg rxg:0, 8, 0. Lr =0% Totpkt=8
05-16 01:09:57.240  1834  2065 I QosMonitor: postEventFromNative: msg=100,arg1=4,arg2=10
05-16 01:09:57.240  1834  2065 I HwWifiProServiceProxy: ctrlHwWifiNetwork pkgName: WIFIPRO_SERVICE interfaceId: 8
05-16 01:09:57.240  1834  2065 I QosMonitor: postEventFromNative: msg=100,arg1=0,arg2=10
05-16 01:09:57.240  1834  2065 I MQoS    : rtt=320,tcpTxPkts=4207212,tcpRxPkts=6329048
05-16 01:09:57.241  1834 11540 D HwConnectivityServiceEx: set 1000 wlan0 value false
05-16 01:09:57.241  1834 11540 I MQoS    : QOS_level:0(0),DataDisable;use level-0
05-16 01:09:57.242  1834  2164 I HuaweiWifiWatchdogStateMachine: PTcp RTT:0, rtt pkt=0, tcp_rx=0, tcp_tx=2, tcp_reTran=0, rtRate=0
05-16 01:09:57.242  1834  2164 I HuaweiWifiWatchdogStateMachine: rssi bad, mrssi=-76 < TargetRssi=-72
05-16 01:09:57.242  1834  2164 I HuaweiWifiWatchdogStateMachine: start computeQosLevel tcpRtt = 0 ,rssi = -76 ,mBestSpeedInPeriod = 287
05-16 01:09:57.242  1834  2164 I HuaweiWifiWatchdogStateMachine: smoothConsecutiveQosResults, currentQosLevel = 2
05-16 01:09:57.919  1086  1179 I HfLooper: als lux = 56.000000 , rawdata1 =219.000000., rawdata1 = 12.000000
05-16 01:09:58.183   675 26102 I netd    : trafficSwapActiveStatsMap() <0.88ms>
05-16 01:09:58.232  1834  2066 E WifiVendorHal: getWifiLinkLayerStats_1_3_Internal(l.957) failed {.code = ERROR_NOT_SUPPORTED, .description = }
05-16 01:09:58.245  1834  2066 I WificondControl: Noise: 0, Snr: 0, Chload: 0, rssi: -75, txBitrate: 26, rxBitrate: 1, frequency: 2452, UlDelay: 0, currentTxBytes: 444213051, currentTxPackets: 4537693, currentTxFailed: 0, currentRxBytes: 312655204, currentRxPackets: 7054316
05-16 01:09:58.250  1834  2079 I ConnectivityService: notifyType CALLBACK_CAP_CHANGED for NetworkAgentInfo [WIFI () - 142]
05-16 01:09:58.251  1834  2066 V HwWifiServiceFactory: get AllImpl object = com.android.server.wifi.HwWifiServiceFactoryImpl@5f30e40
05-16 01:09:58.252  1834  2163 I HwWifiProServiceProxy: ctrlHwWifiNetwork pkgName: WIFIPRO_SERVICE interfaceId: 9
05-16 01:09:58.252  1834  2065 I QosMonitor: queryRtt: rttType = 3
05-16 01:09:58.252  1834  2162 I HwWifiConnectivityMonitor: signal level changed: 2 --> 3, 802.11v = false
05-16 01:09:58.252  1834  2065 I HwWifiProServiceProxy: ctrlHwWifiNetwork pkgName: WIFIPRO_SERVICE interfaceId: 8
05-16 01:09:58.253  1834  2065 I QosMonitor: postEventFromNative: msg=100,arg1=4,arg2=10
05-16 01:09:58.255  2451  2748 I OllieMsgCenter: publishEvt=2130903260
05-16 01:09:58.257  2451  3370 I Hicom_Monitor: notifyWifiRssiChanged, newRssi: -75
05-16 01:09:58.258  1834  2077 D HwConnectivityServiceEx: set 10120 wlan0 value false
05-16 01:09:58.260  1834  2077 D HwConnectivityServiceEx: set 10097 wlan0 value false
05-16 01:09:58.261  1834  2077 D HwConnectivityServiceEx: set 10026 wlan0 value false
05-16 01:09:58.261  1834  2077 D HwConnectivityServiceEx: set 10024 wlan0 value false
05-16 01:09:58.263  2569  2846 I HotspotComponent: onWifiBroadcastReceived :android.net.wifi.RSSI_CHANGED
05-16 01:09:58.263  2569  2846 I WifiStatController: not need report or sync
05-16 01:09:58.266  1834  2077 D HwConnectivityServiceEx: set 5514 wlan0 value false
05-16 01:09:58.268  1834  1985 E WifiPermissionsUtil: getUidPermission is DENIED and permissionType android.permission.ACCESS_COARSE_LOCATIONuid 10120
05-16 01:09:58.268  1834  2077 D HwConnectivityServiceEx: set 5513 wlan0 value false
05-16 01:09:58.268  1834  1985 E WifiService: enforceCanAccessScanResults: hiding ssid and bssidUID 10120 has no location permission
05-16 01:09:58.274  2569  2812 I WifiProComponent: default event
05-16 01:09:58.274  2569  2812 I HotspotComponent: handleEvent
05-16 01:09:58.274  2569  2812 I HotspotComponent: handleEvent not handle the event:1128
05-16 01:09:58.276  1834  2975 D HwConnectivityServiceEx: set 10166 wlan0 value false
05-16 01:09:58.279   530   530 I hwservicemanager: getTransport: Cannot find entry vendor.huawei.hardware.hwsched@1.0::ISched/hwsched in either framework or device manifest.
05-16 01:09:58.279   749  1219 E SurfaceFlingerEx: notifyRealVsyncPeriod could not find AISched service
05-16 01:09:58.281 23907 24120 I NetworkStatusManager: capabilities change, current network type: 2
05-16 01:09:58.287  1834  1985 E WifiPermissionsUtil: getUidPermission is DENIED and permissionType android.permission.ACCESS_FINE_LOCATIONuid 10024
05-16 01:09:58.287  1834  1985 E WifiService: enforceCanAccessScanResults: hiding ssid and bssidUID 10024 has no location permission
05-16 01:09:58.288  1834  2975 E WifiPermissionsUtil: getUidPermission is DENIED and permissionType android.permission.ACCESS_COARSE_LOCATIONuid 10166
05-16 01:09:58.289  1834  2975 E WifiService: enforceCanAccessScanResults: hiding ssid and bssidUID 10166 has no location permission
05-16 01:09:58.295  1834  2975 I chatty  : uid=1000(system) Binder:1834_17 identical 1 line
05-16 01:09:58.302  1834  2975 E WifiService: enforceCanAccessScanResults: hiding ssid and bssidUID 10166 has no location permission
05-16 01:09:58.305   704   786 I hwcomposer: [HWCDisplay] [Display_0 (type:1)] fps:7.370196,dur:3934.77,max:3455.65,min:3.69  
05-16 01:09:58.308  1834  2975 E WifiService: enforceCanAccessScanResults: hiding ssid and bssidUID 10166 has no location permission
05-16 01:09:58.365   530   530 I hwservicemanager: getTransport: Cannot find entry vendor.huawei.hardware.hwsched@1.0::ISched/hwsched in either framework or device manifest.
05-16 01:09:58.365   749  1219 E SurfaceFlingerEx: notifyRealVsyncPeriod could not find AISched service
05-16 01:09:58.301  1834  2975 I chatty  : uid=1000(system) Binder:1834_17 identical 2 lines
05-16 01:09:58.308  1834  2975 E WifiPermissionsUtil: getUidPermission is DENIED and permissionType android.permission.ACCESS_COARSE_LOCATIONuid 10166
05-16 01:09:58.430  1834  2916 E WifiPermissionsUtil: getUidPermission is DENIED and permissionType android.permission.ACCESS_FINE_LOCATIONuid 10024
05-16 01:09:58.431  1834  2916 E WifiService: enforceCanAccessScanResults: hiding ssid and bssidUID 10024 has no location permission
05-16 01:09:58.434  1834  2916 E WifiPermissionsUtil: getUidPermission is DENIED and permissionType android.permission.ACCESS_FINE_LOCATIONuid 10024
05-16 01:09:58.438  1834  1985 E WifiPermissionsUtil: getUidPermission is DENIED and permissionType android.permission.ACCESS_FINE_LOCATIONuid 10024
05-16 01:09:58.435  1834  2916 E WifiService: enforceCanAccessScanResults: hiding ssid and bssidUID 10024 has no location permission
05-16 01:09:58.438  1834  1985 E WifiService: enforceCanAccessScanResults: hiding ssid and bssidUID 10024 has no location permission
05-16 01:09:58.616 23907 24006 I CaasKit:NetUtils: DnsServer wlan0 Total: 1
05-16 01:09:58.617 23907 24006 I CaasKit:NetUtils: freshDnsInfos all = 1
05-16 01:09:59.283  1834  2065 I TrafficMonitor: expired arrive. level:-1
05-16 01:09:59.285  1834  2065 I TrafficMonitor: update:rxPkts:0,txPkts:2,rxBytes:0,txBytes:111
05-16 01:09:59.285  1834  2065 I TrafficMonitor: gettimer:interval=2000
05-16 01:09:59.286  1834  2065 I TrafficMonitor: during_ms:5005,period_ms:2000
05-16 01:09:59.286  1834  2065 I TrafficMonitor: count:45,rx_sum:0,tx_sum:2,rxBytes:0,during_ms:5005,rx_speed:0.0,tx_speed:22.17782217782218,rto:0.0
05-16 01:09:59.286  1834  2065 I HuaweiWifiWatchdogStateMachine: Get speed information rx_speed = 0 ,tx_speed = 22 ,isSpeedOk = false ,mBestSpeedInPeriod = 287
05-16 01:09:59.294 23396 23404 E bms_file: file /sys/class/hw_power/charger/direct_charger/direct_charge_succ is invalid
05-16 01:09:59.390 23396 23404 I chatty  : uid=1000(system) /vendor/bin/bms_behavior identical 2 lines
05-16 01:09:59.435 23396 23404 E bms_file: file /sys/class/hw_power/charger/direct_charger/direct_charge_succ is invalid
05-16 01:09:59.437 23396 23404 I bms_behavior: monitor interval count 134
05-16 01:09:59.620  1065  1065 I thermal_repeater: [recvMdThermalInfo] ret=35, strLen=127,  0, 32767, -127, 3404, 32767, 10539
05-16 01:10:00.009  1834  1886 I PowerManagerService: handleSandman: wakefulness: 1,startDreaming: false
05-16 01:10:00.012  2256  2256 E DateView: DateView,mCurrentTime: 1652634600012
05-16 01:10:00.015  2686  2686 I HwLauncher: CalenderDynamicUpdater setHasUpdateSuccess, success: true
05-16 01:10:00.015  2686  2686 I HwLauncher: CalenderDynamicUpdater setHasUpdateSuccess, success: true
05-16 01:10:00.031   530   530 I hwservicemanager: getTransport: Cannot find entry vendor.huawei.hardware.hwsched@1.0::ISched/hwsched in either framework or device manifest.
05-16 01:10:00.032   749  1219 E SurfaceFlingerEx: notifyRealVsyncPeriod could not find AISched service
05-16 01:10:00.046  2256  2256 E ndroid.systemu: No package ID ff found for ID 0xffffffff.
05-16 01:10:00.048  2256  2256 E ndroid.systemu: No package ID ff found for ID 0xffffffff.
05-16 01:10:00.057   704 17882 I hwcomposer: [HWCDisplay] [Display_0 (type:1)] fps:1.140957,dur:1752.92,max:1736.72,min:16.19  
05-16 01:10:00.065  2686  2686 E ndroid.launche: No package ID ff found for ID 0xffffffff.
05-16 01:10:00.087  2686  2686 I HwViewRootImpl: removeInvalidNode all the node in jank list is out of time
05-16 01:10:00.114   530   530 I hwservicemanager: getTransport: Cannot find entry vendor.huawei.hardware.hwsched@1.0::ISched/hwsched in either framework or device manifest.
05-16 01:10:00.115   749  1219 E SurfaceFlingerEx: notifyRealVsyncPeriod could not find AISched service
05-16 01:10:00.010  1834  1886 I PowerManagerService: handleSandman: wakefulness: 1,startDreaming: false
05-16 01:10:00.335  1834  1886 I HwPowerManagerService: UL_Power Screen timeout occured. mStayOn = true, mProximityPositive = false, mWakeLockSummary = 0x0, mUserActivitySummary = 0x4, mScreenBrightnessBoostInProgress = false
05-16 01:10:00.335  1834  1886 I PowerManagerService: handleSandman: wakefulness: 1,startDreaming: false
05-16 01:10:00.585  1086  1179 I HfLooper: als lux = 56.000000 , rawdata1 =219.000000., rawdata1 = 12.000000
05-16 01:10:00.586  1094  6920 D AALLightSensor: oldLux=57 [SA:56 LA:54] newLux=57 (oriLux: 56)
05-16 01:10:01.234  1834  2066 I WificondControl: Noise: 0, Snr: 0, Chload: 0, rssi: -82, txBitrate: 26, rxBitrate: 1, frequency: 2452, UlDelay: 0, currentTxBytes: 444213051, currentTxPackets: 4537693, currentTxFailed: 0, currentRxBytes: 312655204, currentRxPackets: 7054316
05-16 01:10:01.238  1834  2079 I ConnectivityService: notifyType CALLBACK_CAP_CHANGED for NetworkAgentInfo [WIFI () - 142]
05-16 01:10:01.240  1834  2077 D HwConnectivityServiceEx: set 10120 wlan0 value false
05-16 01:10:01.240  1834  2162 I HwWifiConnectivityMonitor: signal level changed: 3 --> 2, 802.11v = false
05-16 01:10:01.241  1834  2092 D HwConnectivityServiceEx: set 1000 wlan0 value false
05-16 01:10:01.241  1834  2163 I HwWifiProServiceProxy: ctrlHwWifiNetwork pkgName: WIFIPRO_SERVICE interfaceId: 9
05-16 01:10:01.241  1834  2077 D HwConnectivityServiceEx: set 10097 wlan0 value false
05-16 01:10:01.245  2451  2748 I OllieMsgCenter: publishEvt=2130903260
05-16 01:10:01.246  1834  2065 I QosMonitor: queryRtt: rttType = 3
05-16 01:10:01.246  1834  2065 I HwWifiProServiceProxy: ctrlHwWifiNetwork pkgName: WIFIPRO_SERVICE interfaceId: 8
05-16 01:10:01.247  1834  2065 I QosMonitor: postEventFromNative: msg=100,arg1=4,arg2=10
05-16 01:10:01.248  1834  2077 D HwConnectivityServiceEx: set 10026 wlan0 value false
05-16 01:10:01.249  2451  3370 I Hicom_Monitor: notifyWifiRssiChanged, newRssi: -82
05-16 01:10:01.251  2569  2846 I HotspotComponent: onWifiBroadcastReceived :android.net.wifi.RSSI_CHANGED
05-16 01:10:01.251  2569  2846 I WifiStatController: not need report or sync
05-16 01:10:01.252  1834  2077 D HwConnectivityServiceEx: set 10024 wlan0 value false
05-16 01:10:01.254  1834  2077 D HwConnectivityServiceEx: set 5514 wlan0 value false
05-16 01:10:01.254  1834  2065 I WiFi_PRO: MSG_RETURN_AP_CURRY_RSSI rssi = -82
05-16 01:10:01.255  1834  2164 I HuaweiWifiWatchdogStateMachine: POta txb txg rxg:0, 8, 0. Lr =0% Totpkt=8
05-16 01:10:01.255  1834  2065 I QosMonitor: queryRtt: rttType = 3
05-16 01:10:01.255  1834  2065 I HwWifiProServiceProxy: ctrlHwWifiNetwork pkgName: WIFIPRO_SERVICE interfaceId: 8
05-16 01:10:01.255  1834  2166 I HwDualBandManager: handle2gApStrongWifiRssiChange
05-16 01:10:01.255  1834  2065 I QosMonitor: postEventFromNative: msg=100,arg1=4,arg2=10
05-16 01:10:01.256  1834  2065 I HwWifiProServiceProxy: ctrlHwWifiNetwork pkgName: WIFIPRO_SERVICE interfaceId: 8
05-16 01:10:01.256  1834  2065 I QosMonitor: postEventFromNative: msg=100,arg1=0,arg2=10
05-16 01:10:01.256  1834  2065 I MQoS    : rtt=320,tcpTxPkts=4207212,tcpRxPkts=6329048
05-16 01:10:01.257  1834 11540 I MQoS    : QOS_level:0(0),DataDisable;use level-0
05-16 01:10:01.257  1834 11540 I MQoS    : skip-low-Level:0(0),DataDisable;use level-0
05-16 01:10:01.257  1834  2164 I HuaweiWifiWatchdogStateMachine: PTcp RTT:0, rtt pkt=0, tcp_rx=0, tcp_tx=0, tcp_reTran=0, rtRate=0
05-16 01:10:01.257  1834  2164 I HuaweiWifiWatchdogStateMachine: rssi bad, mrssi=-80 < TargetRssi=-72
05-16 01:10:01.257  1834  2164 I HuaweiWifiWatchdogStateMachine: start computeQosLevel tcpRtt = 0 ,rssi = -80 ,mBestSpeedInPeriod = 287
05-16 01:10:01.257  1834  2164 I HuaweiWifiWatchdogStateMachine: smoothConsecutiveQosResults, currentQosLevel = 2
05-16 01:10:01.257  1834  2077 D HwConnectivityServiceEx: set 5513 wlan0 value false
05-16 01:10:01.258  1834  2916 E WifiPermissionsUtil: getUidPermission is DENIED and permissionType android.permission.ACCESS_COARSE_LOCATIONuid 10120
05-16 01:10:01.259  1834  2916 E WifiService: enforceCanAccessScanResults: hiding ssid and bssidUID 10120 has no location permission
05-16 01:10:01.260  1834  1985 D HwConnectivityServiceEx: set 10166 wlan0 value false
05-16 01:10:01.260  2451  2748 I PositionFence_PositionFenceManager: start position fence recognize! reason for 15
05-16 01:10:01.266  1834  2163 I HwWifiProServiceProxy: ctrlHwWifiNetwork pkgName: WIFIPRO_SERVICE interfaceId: 9
05-16 01:10:01.267 23907 24120 I NetworkStatusManager: capabilities change, current network type: 2
05-16 01:10:01.268  1834  2066 E WifiVendorHal: getWifiLinkLayerStats_1_3_Internal(l.957) failed {.code = ERROR_NOT_SUPPORTED, .description = }
05-16 01:10:01.274  1834 14824 E WifiPermissionsUtil: getUidPermission is DENIED and permissionType android.permission.ACCESS_FINE_LOCATIONuid 10024
05-16 01:10:01.274  1834 14824 E WifiService: enforceCanAccessScanResults: hiding ssid and bssidUID 10024 has no location permission
05-16 01:10:01.275  2569  2812 I WifiProComponent: default event
05-16 01:10:01.275  1834  2916 E WifiPermissionsUtil: getUidPermission is DENIED and permissionType android.permission.ACCESS_COARSE_LOCATIONuid 10166
05-16 01:10:01.276  2569  2812 I HotspotComponent: handleEvent
05-16 01:10:01.276  2569  2812 I HotspotComponent: handleEvent not handle the event:1128
05-16 01:10:01.276  1834  2916 E WifiService: enforceCanAccessScanResults: hiding ssid and bssidUID 10166 has no location permission
05-16 01:10:01.281  1834 14824 E WifiPermissionsUtil: getUidPermission is DENIED and permissionType android.permission.ACCESS_COARSE_LOCATIONuid 10166
05-16 01:10:01.281  1834 14824 E WifiService: enforceCanAccessScanResults: hiding ssid and bssidUID 10166 has no location permission
05-16 01:10:01.282  1834  2066 I WificondControl: Noise: 0, Snr: 0, Chload: 0, rssi: -82, txBitrate: 26, rxBitrate: 1, frequency: 2452, UlDelay: 0, currentTxBytes: 444213051, currentTxPackets: 4537693, currentTxFailed: 0, currentRxBytes: 312655204, currentRxPackets: 7054316
05-16 01:10:01.285  1834  2066 V HwWifiServiceFactory: get AllImpl object = com.android.server.wifi.HwWifiServiceFactoryImpl@5f30e40
05-16 01:10:01.287  1834 14824 E WifiService: enforceCanAccessScanResults: hiding ssid and bssidUID 10166 has no location permission
05-16 01:10:01.287  1834  2065 I TrafficMonitor: update:rxPkts:0,txPkts:0,rxBytes:0,txBytes:0
05-16 01:10:01.288  1834  2065 I TrafficMonitor: gettimer:interval=2000
05-16 01:10:01.293  1834 14824 E WifiService: enforceCanAccessScanResults: hiding ssid and bssidUID 10166 has no location permission
05-16 01:10:01.313   833   833 I aptouch_daemon: check_idle_status, idle out.
05-16 01:10:01.313   704   786 I hwcomposer: [HWCDisplay] [Display_0 (type:1)] fps:2.389027,dur:1255.74,max:1206.44,min:15.51  
05-16 01:10:01.315   833   833 I aptouch_daemon: print_log, touch:1, down:1 (+0)
05-16 01:10:01.317  1834  2037 D fingersense_manager: Calling fingersense_classify_touch()
05-16 01:10:01.317  1834  1888 I osfingersense: Acc read ok
05-16 01:10:01.317  1834  2037 I osfingersense: fingersense_classify_touch: entrance, v2.5 with 1.0 bin
05-16 01:10:01.317  1834  1888 I osfingersense: osf: wait tp event in
05-16 01:10:01.317  1834  2037 I osfingersense: touch down-id: 0
05-16 01:10:01.317  1834  2037 I osfingersense: fingersense_classify_touch: M F: 680.778564
05-16 01:10:01.317  1834  2037 I osfingersense: fingersense_classify_touch: P M F: 434.473846
05-16 01:10:01.317  1834  2037 I osfingersense: fingersense_classify_touch: P: 328.000000
05-16 01:10:01.317  1834  2037 I osfingersense: fingersense_classify_touch: N A: 0.071594
05-16 01:10:01.317  1834  2037 I osfingersense: fingersense_classify_touch: N S: 0.004563
05-16 01:10:01.317  1834  2037 I osfingersense: fingersense_classify_touch: M U: 8531.945312
05-16 01:10:01.317  1834  2037 I osfingersense: fingersense_classify_touch: G: 203.000000
05-16 01:10:01.317  1834  2037 I osfingersense: fingersense_classify_touch: valid and B--Fft
05-16 01:10:01.317  1834  2037 I osfingersense: fingersense_classify_touch acc model off
05-16 01:10:01.317  1834  2037 I osfingersense: fingersense_classify_touch: Part IV
05-16 01:10:01.317  1834  2037 I osfingersense: Part IV B
05-16 01:10:01.317  1834  2037 I osfingersense: fingersense_classify_touch: inference = 0
05-16 01:10:01.317  1834  2037 D fingersense_manager: fingersense_classify_touch() finished
05-16 01:10:01.318  1834  2037 I HwFingersSnapshooter: handleMotionEvent first finger(0) touch down at (617.0,1933.0)
05-16 01:10:01.320  1834  2036 I InputDispatcher: stylus touch down, set lcd event 1
05-16 01:10:01.321  1834  2036 I chatty  : uid=1000(system) InputDispatcher identical 2 lines
05-16 01:10:01.321  1834  2036 I InputDispatcher: stylus touch down, set lcd event 1
05-16 01:10:01.322  2686  2686 I RMS.HwSysResManager: preloadAppForLauncher packageName com.mars.infra.trace preloadType 101
05-16 01:10:01.287  1834 14824 I chatty  : uid=1000(system) Binder:1834_21 identical 1 line
05-16 01:10:01.293  1834 14824 E WifiPermissionsUtil: getUidPermission is DENIED and permissionType android.permission.ACCESS_COARSE_LOCATIONuid 10166
05-16 01:10:01.323  1834  2030 I BigFontUtils: adjustAppProcessConfiguration appInfo:com.mars.infra.trace
05-16 01:10:01.324  1834  1856 I NavigationBarPolicy: pointY:1933.0realSize.y:2400HIT_REGION_TO_MAX:33
05-16 01:10:01.325  1834  1886 I DisplayPowerController: mPowerState.mScreenChangedReason: 65539 mPendingRequestLocked.mScreenChangeReason 65539
05-16 01:10:01.326   743   779 I libPowerHal: [PE] scn:64 hdl:15 user:iawareperf@1.0- pid:728 tid:1000
05-16 01:10:01.327  1834  1886 I DisplayPowerController: Animating brightness: target=46, rate=180,brightnessTargetReal=46,AutoBrightness=true
05-16 01:10:01.327   743   779 I libPowerHal: iawareperf@1.0-: hard user limit set cpu freq: 1650000 -1 1837000 -1
05-16 01:10:01.327   743   779 I libPowerHal: [PE] iawareperf@1.0- update cmd:1400100, param:100
05-16 01:10:01.328  1834  1886 V DisplayPowerController: Brightness [46] reason changing to: 'automatic', previous reason: 'automatic [ dim ]'.
05-16 01:10:01.328   743   779 I libPowerHal: [PE] iawareperf@1.0- update cmd:1400300, param:100
05-16 01:10:01.328   994  2016 I dubaid  : [DisplayPanel.cpp] HandleBrightnessNitChanged# Display brightness:46 reason:AUTO nit:102
05-16 01:10:01.328   743   779 I libPowerHal: [PE] iawareperf@1.0- update cmd:1000000, param:3
05-16 01:10:01.328  1834  1886 I PowerManagerService: handleSandman: wakefulness: 1,startDreaming: false
05-16 01:10:01.330   743   779 I libPowerHal: [PE] scn:57 hdl:8 user:iawareperf@1.0- pid:728 tid:1000
05-16 01:10:01.333   746  2098 D AudioPolicyService: getUidState(10357) !cacheIter->second.first, return PROCESS_STATE_UNKNOWN
05-16 01:10:01.334   746  2098 D AudioPolicyService: getUidState(10357) !cacheIter->second.first, return PROCESS_STATE_UNKNOWN
05-16 01:10:01.342   676   676 D Zygote  : Forked child process 26084
05-16 01:10:01.343  1834  1876 I ActivityManager: Start proc 26084:com.mars.infra.trace/u0a357 for start application com.mars.infra.trace
05-16 01:10:01.344  1834  1886 I HwNormalizedRampAnimator: hbm_dimming target=1803 rate=180 duration=0.5
05-16 01:10:01.347   719   719 E DE H =DE: setAmoled:522: can not support this mode: MODE_AMOLED!
05-16 01:10:01.347   731   731 D lights  : write_int open fd=6
05-16 01:10:01.349 26084 26084 I ars.infra.trac: Late-enabling -Xcheck:jni
05-16 01:10:01.352  1094  1176 D AAL     : onBacklightChanged: 24/1023 -> 32/1023(phy:64/4095)
05-16 01:10:01.352  1094  1176 D AAL     : LABC: LABC after setTarget isSmoothBacklight=0 
05-16 01:10:01.361   719   719 E DE H =DE: setAmoled:522: can not support this mode: MODE_AMOLED!
05-16 01:10:01.362   731   731 D lights  : write_int open fd=6
05-16 01:10:01.369  1094  1176 D AAL     : onBacklightChanged: 32/1023 -> 43/1023(phy:86/4095)
05-16 01:10:01.369  1094  1176 D AAL     : LABC: LABC after setTarget isSmoothBacklight=0 
05-16 01:10:01.369   530   530 I hwservicemanager: getTransport: Cannot find entry vendor.huawei.hardware.hwsched@1.0::ISched/hwsched in either framework or device manifest.
05-16 01:10:01.369   749  1219 E SurfaceFlingerEx: notifyRealVsyncPeriod could not find AISched service
05-16 01:10:01.370 26084 26084 E libc    : Access denied finding property "persist.device_config.runtime_native.use_app_image_startup_cache"
05-16 01:10:01.370 26084 26084 E ars.infra.trac: LoadAppImageStartupCache enabled : 1
05-16 01:10:01.370 26084 26084 E ars.infra.trac: Unknown bits set in runtime_flags: 0x8000
05-16 01:10:01.364 26084 26084 W ars.infra.trac: type=1400 audit(0.0:221149): avc: denied { read } for pid=26084 name="u:object_r:device_config_runtime_native_prop:s0" dev="tmpfs" ino=16090 scontext=u:r:untrusted_app:s0:c101,c257,c512,c768 tcontext=u:object_r:device_config_runtime_native_prop:s0 tclass=file permissive=0
05-16 01:10:01.371 26084 26084 I ars.infra.trac: Reinit property: dalvik.vm.checkjni= false
05-16 01:10:01.371 26084 26084 I ars.infra.trac: ReInitProperties: persist.vm.debug.dumpapi= false
05-16 01:10:01.378   719   719 E DE H =DE: setAmoled:522: can not support this mode: MODE_AMOLED!
05-16 01:10:01.378   731   731 D lights  : write_int open fd=6
05-16 01:10:01.379   833   833 I aptouch_daemon: print_log, touch:0, down:0 
05-16 01:10:01.380  1834  2037 I HwFingersSnapshooter: handleMotionEvent last finger(0) up.
05-16 01:10:01.380 26084 26084 D ActivityThread: Attach thread to application
05-16 01:10:01.380  1834  2036 I InputDispatcher: stylus touch up, set lcd event 0
05-16 01:10:01.380  1834  2036 I chatty  : uid=1000(system) InputDispatcher identical 2 lines
05-16 01:10:01.380  1834  2036 I InputDispatcher: stylus touch up, set lcd event 0
05-16 01:10:01.381   743   780 I mtkpower@impl: @Deprecated scnDisable hdl:8
05-16 01:10:01.381   743   779 I libPowerHal: [PD] scn:57 hdl:8 user:iawareperf@1.0- pid:728 tid:1000
05-16 01:10:01.381  1834 28333 D BehaviorCollectorService: data is not enough, invalid data
05-16 01:10:01.382  2686  2686 V AudioManager: querySoundEffectsEnabled...
05-16 01:10:01.383   743   779 I libPowerHal: [PE] scn:58 hdl:9 user:iawareperf@1.0- pid:728 tid:1000
05-16 01:10:01.384  1834  2975 I HwWindowManagerServiceEx: set app win exit info, bundle = Bundle[mParcelledData.dataSize=532], iconBitmap = android.graphics.Bitmap@45cdef1
05-16 01:10:01.384  1834  2975 D HwWindowManagerServiceEx: support landscape open anim : true
05-16 01:10:01.384  1834  2975 I HwWindowManagerServiceEx: setLandAnimationInfo : true
05-16 01:10:01.384  1834  2975 I HwWindowManagerServiceEx: set launch origin and target for: com.mars.infra.trace with delay 3000
05-16 01:10:01.385  1834  2975 D HwWindowManagerServiceEx: AnimationTurbo wms set setIconToLayer enter icon
05-16 01:10:01.385  1094  1176 D AAL     : onBacklightChanged: 43/1023 -> 54/1023(phy:108/4095)
05-16 01:10:01.385  1094  1176 D AAL     : LABC: LABC after setTarget isSmoothBacklight=0 
05-16 01:10:01.387   743   779 I libPowerHal: [PE] scn:61 hdl:12 user:iawareperf@1.0- pid:728 tid:1000
05-16 01:10:01.387   743   779 I libPowerHal: iawareperf@1.0-: set gpu opp level: 4
05-16 01:10:01.387   743   779 I libPowerHal: iawareperf@1.0-: set gpu opp level max: 0
05-16 01:10:01.387  1834  1834 I DE J DES: [effect] [MOTION_NOTIFICATION] extra:app_start
05-16 01:10:01.388  1834 14824 I ActivityTaskManager: START u0 {act=android.intent.action.MAIN cat=[android.intent.category.LAUNCHER] flg=0x10200000 hwFlg=0x10 cmp=com.mars.infra.trace/com.mars.infra.fusion.MainActivity bnds=[546,1730][798,2037] (has extras)} from uid 10065
05-16 01:10:01.388  1834 14824 I HwActivityTaskManagerServiceEx: developer mode, not limit.
05-16 01:10:01.388  1834 14824 I HWRME LIBHWRME_CLIENT: ResMngMmEvent interface arg 0, 10357
05-16 01:10:01.388   743   779 I libPowerHal: iawareperf@1.0-: hard user limit set cpu freq: 1650000 -1 1837000 -1
05-16 01:10:01.388  1834 14824 I ActivityTaskManager: Background activity start: don't abort if calling uid has any visible window or is persistent system process
05-16 01:10:01.388  1064  1088 D AwareLog: iawared: pause rcc and gpu compress
05-16 01:10:01.389  1064  1088 W AwareLog: iawared: ChangePropertyContent open /proc/gmc/device0/cancel fail errno(2)!
05-16 01:10:01.389  1834 14824 D HwGameAssistantController: isGameForeground? false
05-16 01:10:01.389  1834 14824 I ActivityTaskManager: ActivityRecord info: ActivityInfo{b4297d2 com.mars.infra.fusion.MainActivity}
05-16 01:10:01.389  1834 14824 D ActivityTaskManager: TaskLaunchParamsModifier:task=null activity=ActivityRecord{6de8ad6 u0 com.mars.infra.trace/com.mars.infra.fusion.MainActivity t-1} display-from-source=0 display-id=0 display-windowing-mode=1
05-16 01:10:01.390  1834 14824 D ActivityTaskManager: TaskLaunchParamsModifier:task=null activity=ActivityRecord{6de8ad6 u0 com.mars.infra.trace/com.mars.infra.fusion.MainActivity t-1} display-from-source=0 display-id=0 display-windowing-mode=1 activity-options-fullscreen=Rect(0, 0 - 0, 0) inherit-fullscreen non-freeform-display
05-16 01:10:01.390  1834 14824 D ActivityTaskManager: pinned windowing mode is false  pad mirror cast is  false
05-16 01:10:01.390   743   779 I libPowerHal: [PE] scn:54 hdl:5 user:iawareperf@1.0- pid:728 tid:1000
05-16 01:10:01.390   743   779 I libPowerHal: iawareperf@1.0-: set gpu opp level max: 0
05-16 01:10:01.391  2686 26105 I HwLauncher: GestureUtil MOTION_NOTIFICATION app_start sendBroadcast extra= category: app_start
05-16 01:10:01.391   743   779 I libPowerHal: iawareperf@1.0-: hard user limit set cpu freq: 1750000 -1 1993000 -1
05-16 01:10:01.391   743   779 I libPowerHal: [PE] iawareperf@1.0- update cmd:1000000, param:1
05-16 01:10:01.392  1834 14824 V ActivityTaskManager: addChild: attaching stackId=291 to displayId=0 position=1
05-16 01:10:01.392  1834 14824 V ActivityTaskManager: positionChild stackId=291 to top.
05-16 01:10:01.393  1834 14824 D ActivityTaskManager: TaskLaunchParamsModifier:task=TaskRecord{2928157 #303 A=10357:com.mars.infra.trace U=0 StackId=291 sz=0} activity=ActivityRecord{6de8ad6 u0 com.mars.infra.trace/com.mars.infra.fusion.MainActivity t-1} display-from-task=0 display-id=0 display-windowing-mode=1 activity-options-fullscreen=Rect(0, 0 - 0, 0) inherit-fullscreen non-freeform-display
05-16 01:10:01.394   719   719 E DE H =DE: setAmoled:522: can not support this mode: MODE_AMOLED!
05-16 01:10:01.395  1834 14824 V ActivityTaskManager: positionChild stackId=291 to top.
05-16 01:10:01.395   731   731 D lights  : write_int open fd=6
05-16 01:10:01.395   743   779 I libPowerHal: [PE] scn:8 hint:LAUNCH
05-16 01:10:01.396   743   779 I libPowerHal: LAUNCH: cpu_ctrl set cpu freq: 2000000 -1 2000000 -1
05-16 01:10:01.396   743   779 I libPowerHal: [PE] LAUNCH update cmd:1000000, param:0
05-16 01:10:01.396   743   779 I libPowerHal: [PE] LAUNCH update cmd:1408300, param:100
