05-16 01:10:04.309  1834  1985 E WifiService: enforceCanAccessScanResults: hiding ssid and bssidUID 10024 has no location permission
05-16 01:10:04.310  1834  1985 E WifiPermissionsUtil: getUidPermission is DENIED and permissionType android.permission.ACCESS_COARSE_LOCATIONuid 10166
05-16 01:10:04.310  1834  1985 E WifiService: enforceCanAccessScanResults: hiding ssid and bssidUID 10166 has no location permission
05-16 01:10:04.310 23380 23380 I wpa_supplicant: nl80211: Drv Event 33 (NL80211_CMD_TRIGGER_SCAN) received for wlan0
05-16 01:10:04.310 23380 23380 I wpa_supplicant: wlan0: External program started a scan
05-16 01:10:04.312  1834  1985 E WifiService: enforceCanAccessScanResults: hiding ssid and bssidUID 10166 has no location permission
05-16 01:10:04.314  1834  1985 I chatty  : uid=1000(system) Binder:1834_3 identical 1 line
05-16 01:10:04.316  1834  1985 E WifiService: enforceCanAccessScanResults: hiding ssid and bssidUID 10166 has no location permission
05-16 01:10:04.318   982  2868 I AGPService: aps-info: focus pkgName - com.mars.infra.trace, with 0 more apps
05-16 01:10:04.319   982  2868 E AGPService: FrameRateManager: iaware strange app type: -1
05-16 01:10:04.319   982  2868 I AGPService: FrameRateManager: aps-info: new pkgName - com.mars.infra.trace, type - -1
05-16 01:10:04.319   982  2868 I AGPService: GpuPolicyManager: m_currentPkgName - com.mars.infra.trace
05-16 01:10:04.337   704   786 I hwcomposer: [HWCDisplay] [Display_0 (type:1)] fps:24.905451,dur:1124.25,max:380.47,min:13.77  
05-16 01:10:04.376  2589  3074 D DeviceMonitorPowerKit: run, sCountNum is 1
05-16 01:10:04.376  2589  3074 D DeviceMonitorPowerKit: interval is 699967, ElapsedRealtime is 1836562257, isNeedRepeat: false
05-16 01:10:04.376  2589  3074 E DeviceMonitorPowerKit: not Satify ApplyResource
05-16 01:10:04.385   690   690 D AudioALSAHardware: -getParameters()
05-16 01:10:04.314  1834  1985 I chatty  : uid=1000(system) Binder:1834_3 identical 2 lines
05-16 01:10:04.316  1834  1985 E WifiPermissionsUtil: getUidPermission is DENIED and permissionType android.permission.ACCESS_COARSE_LOCATIONuid 10166
05-16 01:10:04.386  1834  2094 I HwAudioServiceEx: HwAudioHandlerEx receive unknown msg
05-16 01:10:04.413  8500 25878 I NetworkKit_CountryCodeBean: pool-5-thread-520|null|com.huawei.hms.framework.network.grs.local.model.CountryCodeBean|init|2|countryCode by ro.hw.country is: cn
05-16 01:10:04.413  8500 25878 I NetworkKit_CountryCodeBean: pool-5-thread-520|null|com.huawei.hms.framework.network.grs.local.model.CountryCodeBean|<init>|9|get issue_country code from VENDOR_COUNTRY
05-16 01:10:04.418  8500 25877 I HwMSDPMovementManager: getCurrentMovement type 0
05-16 01:10:04.418  8500 25877 E HwMSDPMovementManager: mService is null.
05-16 01:10:04.436  1834  2975 E WifiPermissionsUtil: getUidPermission is DENIED and permissionType android.permission.ACCESS_FINE_LOCATIONuid 10024
05-16 01:10:04.436  1834  2975 E WifiService: enforceCanAccessScanResults: hiding ssid and bssidUID 10024 has no location permission
05-16 01:10:04.437  1834  2975 I chatty  : uid=1000(system) Binder:1834_17 identical 1 line
05-16 01:10:04.438  1834  2975 E WifiService: enforceCanAccessScanResults: hiding ssid and bssidUID 10024 has no location permission
05-16 01:10:04.439 23396 23404 E bms_file: file /sys/class/hw_power/charger/direct_charger/direct_charge_succ is invalid
05-16 01:10:04.523 23396 23404 I chatty  : uid=1000(system) /vendor/bin/bms_behavior identical 2 lines
05-16 01:10:04.574 23396 23404 E bms_file: file /sys/class/hw_power/charger/direct_charger/direct_charge_succ is invalid
05-16 01:10:04.575 23396 23404 I bms_behavior: monitor interval count 135
05-16 01:10:04.647 23907 24006 I CaasKit:NetUtils: DnsServer wlan0 Total: 1
05-16 01:10:04.647 23907 24006 I CaasKit:NetUtils: freshDnsInfos all = 1
05-16 01:10:04.690  9327  9838 I ContentSensor_PackageUtil: pkgName : com.huawei.android.launcher
05-16 01:10:04.717  1834  2975 I WificondControl: Scan result ready event
05-16 01:10:04.717  1834  1855 I EthernetTracker: interfaceLinkStateChanged, iface: wlan0, up: true
05-16 01:10:04.717 23380 23380 I wpa_supplicant: nl80211: Drv Event 34 (NL80211_CMD_NEW_SCAN_RESULTS) received for wlan0
05-16 01:10:04.717 23380 23380 I wpa_supplicant: nl80211: Scan probed for SSID ''
05-16 01:10:04.717 23380 23380 I wpa_supplicant: nl80211: Scan included frequencies: 2412 2417 2422 2427 2432 2437 2442 2447 2452 2457 2462 2467 2472 5180 5200 5220 5240 5260 5280 5300 5320 5745 5765 5785 5805 5825
05-16 01:10:04.717 23380 23380 I wpa_supplicant: nl80211: Received scan results (4 BSSes)
05-16 01:10:04.717 23380 23380 I wpa_supplicant: nl80211: Scan results indicate BSS status with d4:**:**:**:b7:e8 as associated
05-16 01:10:04.717 23380 23380 I wpa_supplicant: BSS: last_scan_res_used=4/32
05-16 01:10:04.718 23380 23380 I wpa_supplicant: wlan0: New scan results available (own=0 ext=1)
05-16 01:10:04.718 23380 23380 I wpa_supplicant: p2p0: Updating scan results from sibling
05-16 01:10:04.718 23380 23380 I wpa_supplicant: nl80211: Received scan results (4 BSSes)
05-16 01:10:04.718 23380 23380 I wpa_supplicant: BSS: last_scan_res_used=4/32
05-16 01:10:04.718 23380 23380 I wpa_supplicant: p2p0: New scan results available (own=0 ext=1)
05-16 01:10:04.719   675 26102 I netd    : interfaceGetCfg("wlan0") <0.50ms>
05-16 01:10:04.721  1834  2074 W HwInformationElementUtilEx: the information elements's length is invalid
05-16 01:10:04.721  1834  2074 D ScanResultRecords: getHiLinkAp: bssid is not match
05-16 01:10:04.721  1834  2074 W HwInformationElementUtilEx: the information elements's length is invalid
05-16 01:10:04.721  1834  2074 D ScanResultRecords: getHiLinkAp: bssid is not match
05-16 01:10:04.722  1834  2074 W HwInformationElementUtilEx: the information elements's length is invalid
05-16 01:10:04.722  1834  2074 D HwInformationElementUtilEx: element:254
05-16 01:10:04.722  1834  2074 D HwInformationElementUtilEx: element:253
05-16 01:10:04.722  1834  2074 D ScanResultRecords: getHiLinkAp: bssid is not match
05-16 01:10:04.722  1834  2074 D ScanResultRecords: getHiLinkAp: bssid is not match
05-16 01:10:04.722  1834  2074 I WificondControl: get results:, Remove: -null -Ch9768B7E3 -AF5570F5 -ChA633A071 -ChE386C8D5 -Ch28AB3FCD -HU964AA399 -HUA2CB2842
05-16 01:10:04.723  1834  2074 D WifiScanningService: shouldSendScanResultsBroadcast:true. Not only WIFI_UID scans. isPendingScans:false
05-16 01:10:04.723  1834  2066 I ScanResultRecords: getWifiCategory: bssid is not match
05-16 01:10:04.725  1834  2163 I HwWifiProServiceProxy: ctrlHwWifiNetwork pkgName: WIFIPRO_SERVICE interfaceId: 87
05-16 01:10:04.726  1834  2065 I HwWifiProServiceProxy: ctrlHwWifiNetwork pkgName: WIFIPRO_SERVICE interfaceId: 18
05-16 01:10:04.727  2589  2589 I ChannelQualityMonitor: eventReceiver WifiManager SCAN_RESULTS_AVAILABLE_ACTION!
05-16 01:10:04.727  1834  2065 I HwWifiProServiceProxy: ctrlHwWifiNetwork pkgName: WIFIPRO_SERVICE interfaceId: 24
05-16 01:10:04.727  1834  2065 I HwWifiProServiceProxy: ctrlHwWifiNetwork pkgName: WIFIPRO_SERVICE interfaceId: 25
05-16 01:10:04.728  1834  2065 I HwDualBandManager: preferList = {}
05-16 01:10:04.728  1834  2065 I WiFi_PRO_WifiProStateMachine: isAppinWhitelists, currentAppName =  android.uid.system:1000
05-16 01:10:04.728  1834  2065 W WiFi_PRO_WifiProStateMachine: mIsVpnWorking = false, mIsUserHandoverWiFi = false, mIsWiFiNoInternet = false, mHiLinkUnconfig = false, isAppinWhitelists = false, isWifiRepeaterOn = false, mIsSwitchForbiddenFromApp = false
05-16 01:10:04.728  1834  2065 I WiFi_PRO_WifiProStateMachine: isAppinWhitelists, currentAppName =  android.uid.system:1000
05-16 01:10:04.728  2589  2841 D NetworkUtils: frequencyToChannel: frequency = 2412
05-16 01:10:04.728  2589  2841 D NetworkUtils: frequencyToChannel: frequency = 2437
05-16 01:10:04.728  2589  2841 D NetworkUtils: frequencyToChannel: frequency = 2462
05-16 01:10:04.728  2589  2841 D NetworkUtils: frequencyToChannel: frequency = 2452
05-16 01:10:04.729  1834  2065 I WiFi_PRO_WifiProStateMachine: EVENT_CHECK_AVAILABLE_AP_RESULT: targetBssid = null, exist = false, prefer = 0, freq = -1
05-16 01:10:04.729  2589  2841 I nStackXDNet: DNetGetAllChannel:[186] :Call
05-16 01:10:04.729  1834  2163 E WiFi_PRO_WifiProStateMachine: isSatisfiedWifiHandoverCondition target ap is not exist
05-16 01:10:04.729  2589  2841 E libchannel_measure: JNIGetAllChannel: DNetGetAllChannel fail, ret = -1!
05-16 01:10:04.729  2589  2841 E ChannelQualityMonitor: fail get all channel info by Dnet!
05-16 01:10:04.729  2589  2841 I SyncChannelInfo: onChannelBeanRevice from local, channelBeanList size=4
05-16 01:10:04.729 26597 28401 I LBSLog_HwNLPScanManager: [I/HwLocation/LBSLog_HwNLPScanManager 26597:19935 Method.java:-2] onWifiBroadcastReceived, type: 0, isWifiCredible: true
05-16 01:10:04.729  2589  2841 D CommonUtils: Current screen state isOn: true
05-16 01:10:04.729  2589  2841 I SyncChannelInfo: lastOnlineChannelBeanList is null or size == 0
05-16 01:10:04.729  2589  2841 I SyncChannelInfo: isLocalUsableChanged=false, isNetworkingUsableChanged=true
05-16 01:10:04.729  2589  2841 I SyncChannelInfo: all usable infos for 5g is unchanged, no need to sync
05-16 01:10:04.730  2451  2748 I OllieMsgCenter: publishEvt=2130903230
05-16 01:10:04.730  2589  2841 I ChannelQualityMonitor: startMeasure: itemChannelBean ChannelId=1, ApNum=1, chload=-1, noise=0
05-16 01:10:04.730  2589  2841 I ChannelQualityMonitor: startMeasure: itemChannelBean ChannelId=6, ApNum=1, chload=-1, noise=0
05-16 01:10:04.730  2589  2841 I ChannelQualityMonitor: startMeasure: itemChannelBean ChannelId=11, ApNum=1, chload=-1, noise=0
05-16 01:10:04.730  2589  2841 I ChannelQualityMonitor: startMeasure: itemChannelBean ChannelId=9, ApNum=1, chload=-1, noise=0
05-16 01:10:04.730  2589 26182 I ChannelRating: onChannelBeanRevice size: 4
05-16 01:10:04.730  2589 26182 D ChannelRating: onChannelBeanRevice channel 1
05-16 01:10:04.730  2589 26182 D ChannelRating: onChannelBeanRevice channel 6
05-16 01:10:04.730  2589 26182 D ChannelRating: onChannelBeanRevice channel 11
05-16 01:10:04.730  2589 26182 D ChannelRating: onChannelBeanRevice channel 9
05-16 01:10:04.730  2589 26182 I ChannelRating: onChannelBeanRevice inputs 4channels
05-16 01:10:04.730  2589 26182 I ChannelRating: getApCountScore channel: 1, bestscore: 1000.0, count: 1
05-16 01:10:04.730  2589 26182 D ChannelRating: getRssiScore1 channel: 1, first score: 288.8889, largest rssi: -81
05-16 01:10:04.730  2589 26182 D ChannelRating: getRssiScore channel: 1, second score: 500.0, large signal count: 0
05-16 01:10:04.730  2589 26182 I ChannelRating: getRssiScore total: 788.8889
05-16 01:10:04.730  2589 26182 E ChannelRating: invalid input to get chload score
05-16 01:10:04.730  2589 26182 E ChannelRating: invalid input to get noise score
05-16 01:10:04.730  2589 26182 I ChannelRatingResult: conclusion is: channel: 1, score: 17.88889
05-16 01:10:04.730  2589 26182 I ChannelRating: getApCountScore channel: 6, bestscore: 1000.0, count: 1
05-16 01:10:04.730  2589 26182 D ChannelRating: getRssiScore1 channel: 6, first score: 455.55557, largest rssi: -96
05-16 01:10:04.730  2589 26182 D ChannelRating: getRssiScore channel: 6, second score: 500.0, large signal count: 0
05-16 01:10:04.730  2589 26182 I ChannelRating: getRssiScore total: 955.55554
05-16 01:10:04.730  2589 26182 E ChannelRating: invalid input to get chload score
05-16 01:10:04.730  2589 26182 E ChannelRating: invalid input to get noise score
05-16 01:10:04.730  2589 26182 I ChannelRatingResult: conclusion is: channel: 6, score: 19.555555
05-16 01:10:04.730  2589 26182 I ChannelRating: getApCountScore channel: 11, bestscore: 1000.0, count: 1
05-16 01:10:04.730  2589 26182 D ChannelRating: getRssiScore1 channel: 11, first score: 344.44446, largest rssi: -86
05-16 01:10:04.730  2589 26182 D ChannelRating: getRssiScore channel: 11, second score: 500.0, large signal count: 0
05-16 01:10:04.730  2589 26182 I ChannelRating: getRssiScore total: 844.44446
05-16 01:10:04.730  2589 26182 E ChannelRating: invalid input to get chload score
05-16 01:10:04.730  2589 26182 E ChannelRating: invalid input to get noise score
05-16 01:10:04.730  2589 26182 I ChannelRatingResult: conclusion is: channel: 11, score: 18.444445
05-16 01:10:04.730  2589 26182 I ChannelRating: getApCountScore channel: 9, bestscore: 1000.0, count: 1
05-16 01:10:04.730  2589 26182 D ChannelRating: getRssiScore1 channel: 9, first score: 344.44446, largest rssi: -86
05-16 01:10:04.730  2589 26182 D ChannelRating: getRssiScore channel: 9, second score: 500.0, large signal count: 0
05-16 01:10:04.730  2589 26182 I ChannelRating: getRssiScore total: 844.44446
05-16 01:10:04.730  2589 26182 E ChannelRating: invalid input to get chload score
05-16 01:10:04.730  2589 26182 E ChannelRating: invalid input to get noise score
05-16 01:10:04.730  2589 26182 I ChannelRatingResult: conclusion is: channel: 9, score: 18.444445
05-16 01:10:04.730  2589 26182 I ChannelRating: channel rating remote size: 4
05-16 01:10:04.437  1834  2975 I chatty  : uid=1000(system) Binder:1834_17 identical 1 line
05-16 01:10:04.438  1834  2975 E WifiPermissionsUtil: getUidPermission is DENIED and permissionType android.permission.ACCESS_FINE_LOCATIONuid 10024
05-16 01:10:04.731  2451  2748 I PositionFenceSignalCollect: wifiDatas size 4 for recognize
05-16 01:10:04.731  2451  2748 E PositionFenceRecognize: RecognizeByWifi fail, highPrecisionConfirmedFence is empty
05-16 01:10:04.731  2451  2748 E PositionFenceRecognize: RecognizeByCellAndServeAp fail, cellDatas is empty
05-16 01:10:04.731  2451  2748 I OllieMsgCenter: publishEvt=2135228419
05-16 01:10:04.750  1094  6920 D AALLightSensor: oldLux=57 [SA:56 LA:54] newLux=57 (oriLux: 56)
05-16 01:10:04.911  9327  9838 I ContentSensor_PackageUtil: pkgName : com.huawei.android.launcher
05-16 01:10:05.039   675 26102 I netd    : trafficSwapActiveStatsMap() <0.21ms>
05-16 01:10:05.225  1834  2066 I WificondControl: Noise: 0, Snr: 0, Chload: 0, rssi: -77, txBitrate: 26, rxBitrate: 1, frequency: 2452, UlDelay: 0, currentTxBytes: 444213051, currentTxPackets: 4537693, currentTxFailed: 0, currentRxBytes: 312655204, currentRxPackets: 7054316
05-16 01:10:05.227  1834  2079 I ConnectivityService: notifyType CALLBACK_CAP_CHANGED for NetworkAgentInfo [WIFI () - 142]
05-16 01:10:05.228  2451  2748 I OllieMsgCenter: publishEvt=2130903260
05-16 01:10:05.229  2451  3370 I Hicom_Monitor: notifyWifiRssiChanged, newRssi: -77
05-16 01:10:05.230  1834  2163 I HwWifiProServiceProxy: ctrlHwWifiNetwork pkgName: WIFIPRO_SERVICE interfaceId: 9
05-16 01:10:05.230  1834  2065 I QosMonitor: queryRtt: rttType = 3
05-16 01:10:05.230  1834  2065 I HwWifiProServiceProxy: ctrlHwWifiNetwork pkgName: WIFIPRO_SERVICE interfaceId: 8
05-16 01:10:05.231  1834  2065 I QosMonitor: postEventFromNative: msg=100,arg1=4,arg2=10
05-16 01:10:05.232  2569  2846 I HotspotComponent: onWifiBroadcastReceived :android.net.wifi.RSSI_CHANGED
05-16 01:10:05.232  1834  2162 I HwWifiConnectivityMonitor: signal level changed: 1 --> 2, 802.11v = false
05-16 01:10:05.232  2451  2748 I PositionFence_PositionFenceManager: start position fence recognize! reason for 15
05-16 01:10:05.232  2569  2846 I WifiStatController: not need report or sync
05-16 01:10:05.232  1834  2975 E WifiPermissionsUtil: getUidPermission is DENIED and permissionType android.permission.ACCESS_COARSE_LOCATIONuid 10120
05-16 01:10:05.232  1834  2975 E WifiService: enforceCanAccessScanResults: hiding ssid and bssidUID 10120 has no location permission
05-16 01:10:05.233  1834  2164 I HuaweiWifiWatchdogStateMachine: POta txb txg rxg:0, 8, 0. Lr =0% Totpkt=8
05-16 01:10:05.233  1834  2065 I WiFi_PRO: MSG_RETURN_AP_CURRY_RSSI rssi = -77
05-16 01:10:05.233  1834  2065 I QosMonitor: queryRtt: rttType = 3
05-16 01:10:05.233  1834  2065 I HwWifiProServiceProxy: ctrlHwWifiNetwork pkgName: WIFIPRO_SERVICE interfaceId: 8
05-16 01:10:05.233  1834  2166 I HwDualBandManager: handle2gApStrongWifiRssiChange
05-16 01:10:05.233  1834  2065 I QosMonitor: postEventFromNative: msg=100,arg1=4,arg2=10
05-16 01:10:05.234  1834  2065 I HwWifiProServiceProxy: ctrlHwWifiNetwork pkgName: WIFIPRO_SERVICE interfaceId: 8
05-16 01:10:05.234  1834  2065 I QosMonitor: postEventFromNative: msg=100,arg1=0,arg2=10
05-16 01:10:05.234  1834  2065 I MQoS    : rtt=320,tcpTxPkts=4207212,tcpRxPkts=6329048
05-16 01:10:05.234  1834 11540 I MQoS    : QOS_level:0(0),DataDisable;use level-0
05-16 01:10:05.234  1834 11540 I MQoS    : skip-low-Level:0(0),DataDisable;use level-0
05-16 01:10:05.235 23907 24120 I NetworkStatusManager: capabilities change, current network type: 2
05-16 01:10:05.235  1834  2164 I HuaweiWifiWatchdogStateMachine: PTcp RTT:0, rtt pkt=0, tcp_rx=0, tcp_tx=0, tcp_reTran=0, rtRate=0
05-16 01:10:05.235  1834  2164 I HuaweiWifiWatchdogStateMachine: rssi bad, mrssi=-78 < TargetRssi=-72
05-16 01:10:05.235  1834  2164 I HuaweiWifiWatchdogStateMachine: start computeQosLevel tcpRtt = 0 ,rssi = -78 ,mBestSpeedInPeriod = 287
05-16 01:10:05.235  1834  2164 I HuaweiWifiWatchdogStateMachine: smoothConsecutiveQosResults, currentQosLevel = 2
05-16 01:10:05.237  1834  1985 E WifiPermissionsUtil: getUidPermission is DENIED and permissionType android.permission.ACCESS_FINE_LOCATIONuid 10024
05-16 01:10:05.237  1834  1985 E WifiService: enforceCanAccessScanResults: hiding ssid and bssidUID 10024 has no location permission
05-16 01:10:05.239  1834  1985 E WifiPermissionsUtil: getUidPermission is DENIED and permissionType android.permission.ACCESS_COARSE_LOCATIONuid 10166
05-16 01:10:05.239  1834  1985 E WifiService: enforceCanAccessScanResults: hiding ssid and bssidUID 10166 has no location permission
05-16 01:10:05.239  2569  2812 I WifiProComponent: default event
05-16 01:10:05.239  2569  2812 I HotspotComponent: handleEvent
05-16 01:10:05.239  2569  2812 I HotspotComponent: handleEvent not handle the event:1128
05-16 01:10:05.241  1834  1985 E WifiService: enforceCanAccessScanResults: hiding ssid and bssidUID 10166 has no location permission
05-16 01:10:05.243  1834  1985 I chatty  : uid=1000(system) Binder:1834_3 identical 1 line
05-16 01:10:05.245  1834  1985 E WifiService: enforceCanAccessScanResults: hiding ssid and bssidUID 10166 has no location permission
05-16 01:10:05.292  1834  2065 I TrafficMonitor: update:rxPkts:0,txPkts:0,rxBytes:0,txBytes:0
05-16 01:10:05.292  1834  2065 I TrafficMonitor: gettimer:interval=2000
05-16 01:10:05.243  1834  1985 I chatty  : uid=1000(system) Binder:1834_3 identical 2 lines
05-16 01:10:05.245  1834  1985 E WifiPermissionsUtil: getUidPermission is DENIED and permissionType android.permission.ACCESS_COARSE_LOCATIONuid 10166
05-16 01:10:05.379  1834  2975 E WifiPermissionsUtil: getUidPermission is DENIED and permissionType android.permission.ACCESS_FINE_LOCATIONuid 10024
05-16 01:10:05.380  1834  2975 E WifiService: enforceCanAccessScanResults: hiding ssid and bssidUID 10024 has no location permission
05-16 01:10:05.381  1834  2975 I chatty  : uid=1000(system) Binder:1834_17 identical 1 line
05-16 01:10:05.382  1834  2975 E WifiPermissionsUtil: getUidPermission is DENIED and permissionType android.permission.ACCESS_FINE_LOCATIONuid 10024
05-16 01:10:05.424  1834  2975 V ActivityManager: Successfully start provider ContentProviderRecord{c52873f u0 com.huawei.android.totemweather/.provider.SharedPreferenceProvider} launchingApp=null caller pid= 2686
05-16 01:10:05.381  1834  2975 I chatty  : uid=1000(system) Binder:1834_17 identical 1 line
05-16 01:10:05.382  1834  2975 E WifiService: enforceCanAccessScanResults: hiding ssid and bssidUID 10024 has no location permission
05-16 01:10:05.444   704 17882 I hwcomposer: [HWCDisplay] [Display_0 (type:1)] fps:1.806071,dur:1107.38,max:925.55,min:181.82  
