05-16 01:10:01.396  1834 14824 I WindowManager: addWindowToken: displayid:0 binder:Token{c13c444 ActivityRecord{6de8ad6 u0 com.mars.infra.trace/com.mars.infra.fusion.MainActivity t303}} token:AppWindowToken{acf792d token=Token{c13c444 ActivityRecord{6de8ad6 u0 com.mars.infra.trace/com.mars.infra.fusion.MainActivity t303}}}
05-16 01:10:01.396  1834 14824 V ActivityTaskManager: addAppToken: AppWindowToken{acf792d token=Token{c13c444 ActivityRecord{6de8ad6 u0 com.mars.infra.trace/com.mars.infra.fusion.MainActivity t303}}} task={taskId=303 appTokens=[] mdr=false} at 2147483647
05-16 01:10:01.398  1834 14824 I ActivityTaskManager: setAppStartingWindow: token=Token{c13c444 ActivityRecord{6de8ad6 u0 com.mars.infra.trace/com.mars.infra.fusion.MainActivity t303}} pkg=com.mars.infra.trace transferFrom=null newTask=true taskSwitch=true processRunning=true allowTaskSnapshot=true activityCreated=false LowRamTaskSnapshots=false
05-16 01:10:01.398  1834 14824 I WindowManager: Get card startingwindow flag: -1
05-16 01:10:01.398  9327 16283 W ContentSensor_FrameworkRegistry: Unknown state is : showStartingWindow
05-16 01:10:01.399  1834  1868 I HwAudioServiceEx: ComponentInfo : className = com.mars.infra.fusion.MainActivity, flag = showStartingWindow, isHomeActivity = , isTop = false
05-16 01:10:01.399  1834  1868 I HwAudioServiceEx: not onResume or onPause
05-16 01:10:01.399 26084 26103 I HwActivityThreadImpl: mSocketName: 4ac817d0-91a6-4a89-8f17-d4d68eed6fd1
05-16 01:10:01.399  2451 28718 E DollieActivityManagerAdapter: HwActivityNotifierEx null uid
05-16 01:10:01.400 26084 26103 I HwActivityThreadImpl: initPreloadedSocked end mPreloadStatus 2
05-16 01:10:01.400  2648  5157 I PGServer: android calls fast HApps
05-16 01:10:01.400  2648  5157 I AppFastHibernation: fast H duration: 1500 reason: start activity
05-16 01:10:01.401  1064  5249 I Pged-IPgedBinderService: ****action is 1, pid num is 5***
05-16 01:10:01.401  1064  5249 I Pged-Freezer: freezePids
05-16 01:10:01.401  1064  5249 I Pged-Freezer: Freeze process: 23410
05-16 01:10:01.401  1834  1886 I PowerManagerService: handleSandman: wakefulness: 1,startDreaming: false
05-16 01:10:01.402  1064  5249 I Pged-Freezer: Freeze process: 2282
05-16 01:10:01.402  1064  5249 I Pged-Freezer: Freeze process: 23604
05-16 01:10:01.402  1064  5249 I Pged-Freezer: Freeze process: 21043
05-16 01:10:01.403  2648  3653 D PgedBinderAdapter: F_Z ok, pid: [23410, 2282, 23604, 21043]
05-16 01:10:01.403  1094  1176 D AAL     : onBacklightChanged: 54/1023 -> 65/1023(phy:130/4095)
05-16 01:10:01.403  1094  1176 D AAL     : LABC: LABC after setTarget isSmoothBacklight=0 
05-16 01:10:01.404  1834  1859 D MouseWheelSynthesizer: mMoveStepInDp: 64, mMoveStepInPixel: 192, mUpTimeDelayed: 100
05-16 01:10:01.404  1834  1859 D ViewRootImpl: ViewRootImpl mIsInProductivePCDisplay: false
05-16 01:10:01.404  1834  1859 I HwPCUtils#HwRioViewManager: check if rio enable, displayId = 0 packageName = com.mars.infra.trace
05-16 01:10:01.407   743   779 I libPowerHal: [PD] scn:64 hdl:15 user:iawareperf@1.0- pid:728 tid:1000
05-16 01:10:01.407  1834  1859 I WindowManager: addWindow: Window{e5557dc u0 Splash Screen com.mars.infra.trace} client:android.view.ViewRootImpl$W@1c6444f currentDisplayId:0 requestDisplayId:0 token:Token{c13c444 ActivityRecord{6de8ad6 u0 com.mars.infra.trace/com.mars.infra.fusion.MainActivity t303}}
05-16 01:10:01.407 26084 26104 I ActivityThread: Init compatible state: true
05-16 01:10:01.408  1834  1859 D InputEventReceiver: dispatchInputInterval 1000000
05-16 01:10:01.409 26084 26104 D HwFrameworkSecurityPartsFactory: HwFrameworkSecurityPartsFactory in.
05-16 01:10:01.409 26084 26104 I HwFrameworkSecurityPartsFactory: add HwFrameworkSecurityPartsFactory to memory.
05-16 01:10:01.409 26084 26104 E BehaviorCollectManager: Fail to acquire dataAnalyzerService...
05-16 01:10:01.411   719   719 E DE H =DE: setAmoled:522: can not support this mode: MODE_AMOLED!
05-16 01:10:01.412  1834  2975 I ActivityTaskManager: Making visible and scheduling visibility: ActivityRecord{6de8ad6 u0 com.mars.infra.trace/com.mars.infra.fusion.MainActivity t303}
05-16 01:10:01.412   731   731 D lights  : write_int open fd=6
05-16 01:10:01.413  1834 26112 I PackageManager: Returning preferred activity: com.huawei.android.launcher/com.huawei.android.launcher.unihome.UniHomeLauncher
05-16 01:10:01.413  1834 26112 I PackageManager: choose best activity: com.huawei.android.launcher, com.huawei.android.launcher.unihome.UniHomeLauncher
05-16 01:10:01.413  1834 26112 D HiTouch_PressGestureDetector: onAttached, package=com.mars.infra.trace, windowType=3, mIsHiTouchRestricted=false
05-16 01:10:01.413  1834  2975 I HwWindowManagerServiceEx: setLandAnimationInfo : false
05-16 01:10:01.413  1834  2975 I HwWindowManagerServiceEx: reset launch origin and target from non-message!
05-16 01:10:01.414  1834  2975 I HwWindowManagerServiceEx: setLandAnimationInfo : false
05-16 01:10:01.417 26084 26108 I HwActivityThreadImpl: before connect app.socketName:4ac817d0-91a6-4a89-8f17-d4d68eed6fd1
05-16 01:10:01.418  1094  1176 D AAL     : onBacklightChanged: 65/1023 -> 76/1023(phy:152/4095)
05-16 01:10:01.418  1094  1176 D AAL     : LABC: LABC after setTarget isSmoothBacklight=0 
05-16 01:10:01.419  1094  1176 D AAL     : 05-16 01:10:01.352 BL=  32,ESS= 256, 05-16 01:10:01.369 BL=  43,ESS= 256, 05-16 01:10:01.386 BL=  54,ESS= 256, 05-16 01:10:01.404 BL=  65,ESS= 256, 05-16 01:10:01.418 BL=  76,ESS= 256, 
05-16 01:10:01.419  1834  2975 W HwActivityTaskManagerServiceEx: appSwitch from: com.huawei.android.launcher to: com.mars.infra.trace
05-16 01:10:01.420  2451 28718 I AssistantService-11.2.1.200: registerHwActivityNotifier call fromPackage:com.huawei.android.launcher, toPackage:com.mars.infra.trace
05-16 01:10:01.420  2451 18197 I Hicom_Monitor: mAppSwitchNotifierEx. uid: 10357, foreground app: com.mars.infra.trace, foreground activity: com.mars.infra.fusion.MainActivity
05-16 01:10:01.420  2451 13434 D AssistantService-11.2.1.200: handleMessage app switch fromPackage:com.huawei.android.launcher, toPackage:com.mars.infra.trace
05-16 01:10:01.420  1834  2975 I WindowManager: Changing focus from Window{8c63ef1 u0 com.huawei.android.launcher/com.huawei.android.launcher.unihome.UniHomeLauncher} to null displayId=0 Callers=com.android.server.wm.RootWindowContainer.updateFocusedWindowLocked:209 com.android.server.wm.WindowManagerService.updateFocusedWindowLocked:6517 com.android.server.wm.ActivityDisplay.setFocusedApp:1593 com.android.server.wm.ActivityTaskManagerService.setResumedActivityUncheckLocked:6561 
05-16 01:10:01.420  1834  2163 I WiFi_PRO_WifiProStateMachine: current app com.mars.infra.trace, has changed
05-16 01:10:01.420  1834  2163 I WiFi_PRO_WifiProStateMachine: not in RecommendWifi2CellState.
05-16 01:10:01.421  1834  2975 I HwDisplayContentEx: currentFocus windowstate null
05-16 01:10:01.421  2451 18197 D SmartcareProc: onForegroundAppChanged, pkgName:com.mars.infra.trace, uid: 10357
05-16 01:10:01.421  2451 18197 D SmartcareProc: handlerAppForeground not match
05-16 01:10:01.421  2451 18197 W FiControl: Failed to find configuration for com.mars.infra.trace
05-16 01:10:01.421  2451  3370 I Hicom_XEngineProc: handleForegroundAppChanged pkgName = com.mars.infra.trace
05-16 01:10:01.421  1834  2975 D ZrHung.AppEyeFocusWindow: FocusWindowErrorScene CheckFreezeScreen
05-16 01:10:01.421  2451  3370 W Hicom_XEngineProc: sendForegroundMessageToDaemon. daemonCommand is null
05-16 01:10:01.422 26597 25854 I HiAdKit.DC.PersistentMessageCenter:  notifyMessage com.huawei.hwid_app_switch_from_to_intent
05-16 01:10:01.422  1834  1869 D HwGameAssistantController: UPDATE: mCurFgPkg=com.mars.infra.trace, mCurFgPid=26084, mIsCurGame=false
05-16 01:10:01.424 26597 25854 I HiAdKit.DC.SystemUtil:  isDeviceProvisioned: true
05-16 01:10:01.424 26718 25911 I HiAdKit.KitStatisticsReport:  do not report kit daily active
05-16 01:10:01.424 26084 26084 D ApplicationLoaders: createClassLoader zip: /data/app/com.mars.infra.trace-n4M2OKixeB6DqUYNPiUjkw==/base.apk librarySearchPath: /data/app/com.mars.infra.trace-n4M2OKixeB6DqUYNPiUjkw==/lib/arm64 libraryPermittedPath: /data/user/0/com.mars.infra.trace parent: java.lang.BootClassLoader@6b0349 targetSdkVersion: 32 isBundled: false classLoaderName: null sharedLibraries: null
05-16 01:10:01.425 26597 25854 I HiAdKit.DC.ACREntry:  oobe: false
05-16 01:10:01.426  1834  2975 I WindowManager: Checking 1 opening apps (frozen=false timeout=false)...
05-16 01:10:01.426  1834  2975 I WindowManager: Check opening app=AppWindowToken{acf792d token=Token{c13c444 ActivityRecord{6de8ad6 u0 com.mars.infra.trace/com.mars.infra.fusion.MainActivity t303}}}: allDrawn=false startingDisplayed=false startingMoved=false isRelaunching()=false startingWindow=Window{e5557dc u0 Splash Screen com.mars.infra.trace}
05-16 01:10:01.426 26718 26116 I HiAdKit.PpsCoreService:  isCmdAllowAccess crom: true permitRegion: 1
05-16 01:10:01.427 26718 26116 I HiAdKit.PpsCoreService:  call method: reportConsent
05-16 01:10:01.427 26718 26116 I HiAdKit.PpsCoreService:  callerPkg: com.huawei.hwid
05-16 01:10:01.429   719   719 E DE H =DE: setAmoled:522: can not support this mode: MODE_AMOLED!
05-16 01:10:01.429  2648  3658 I AppFastHibernation: rev F_Z exception for visible pkg: com.mars.infra.trace
05-16 01:10:01.430   731   731 D lights  : write_int open fd=6
05-16 01:10:01.431  1834  1859 I WindowManager: Checking 1 opening apps (frozen=false timeout=false)...
05-16 01:10:01.431  1834  1868 I HwAudioServiceEx: ComponentInfo : className = com.huawei.android.launcher.unihome.UniHomeLauncher, flag = onPause, isHomeActivity = , isTop = false
05-16 01:10:01.431  1834  1859 I WindowManager: Check opening app=AppWindowToken{acf792d token=Token{c13c444 ActivityRecord{6de8ad6 u0 com.mars.infra.trace/com.mars.infra.fusion.MainActivity t303}}}: allDrawn=false startingDisplayed=false startingMoved=false isRelaunching()=false startingWindow=Window{e5557dc u0 Splash Screen com.mars.infra.trace}
05-16 01:10:01.431  1834  2094 W HwAudioServiceEx: SoundEffectState bundle get reserved is invalid
05-16 01:10:01.431  2451  2748 D DollieActivityManagerAdapter: [Paused] pid:2686 uid:10065 ComponentInfo{com.huawei.android.launcher/com.huawei.android.launcher.unihome.UniHomeLauncher} uidState:2
05-16 01:10:01.432   743   779 I libPowerHal: [PD] scn:58 hdl:9 user:iawareperf@1.0- pid:728 tid:1000
05-16 01:10:01.432   749  1831 W RefBase : RefBase: Object at 0x7b767bcce8 lost last weak reference before it had a strong reference
05-16 01:10:01.433 26597 25825 I HiAdKit.DC.AppDataCollectionProvider:  execute cmd: 5
05-16 01:10:01.433 26597 25825 I HiAdKit.DC.AppDataCollectionManager:  report third
05-16 01:10:01.434 26115 26115 D HiTraceC: entered HiTraceInit, Log Registered: 1
05-16 01:10:01.435  1094  1176 D AAL     : onBacklightChanged: 76/1023 -> 87/1023(phy:174/4095)
05-16 01:10:01.435  1094  1176 D AAL     : LABC: LABC after setTarget isSmoothBacklight=0 
05-16 01:10:01.436 26597 25825 W fwkit_kims: [W/fwkit/fwkit_kims 26597:23838 KIMSServiceController.java:1062] Can't find the specific package.
05-16 01:10:01.439  1834  1858 W         : Failed to UpdateQosForCgroupInner, tid=0, policy=10
05-16 01:10:01.439  1834  1985 I PackageManager: getInstalledPackages cost 3 ms, flags: 786432, userId: 0, callingUid: 2000, callingPid: 26115
05-16 01:10:01.440  1834  1858 V ActivityTaskManager: Activity idle: null
05-16 01:10:01.440  1834  1858 V ActivityTaskManager: Stopping ActivityRecord{e34f1f0 u0 com.huawei.android.launcher/.unihome.UniHomeLauncher t1}: nowVisible=false animating=true finishing=false
05-16 01:10:01.445  2648  3523 D ScenarioService: front pkg : com.mars.infra.trace launcher: false
05-16 01:10:01.445  2648  3523 D ScenarioService: new above launcher front pkgs: [com.mars.infra.trace]
05-16 01:10:01.445  2648  3523 I AppsUsage: scnOff:false FgAPP:com.mars.infra.trace BgAPP:com.huawei.android.launcher
05-16 01:10:01.445  2648  3658 I PG_ash  : front pkg : com.mars.infra.trace
05-16 01:10:01.445  2686  2686 D DecorView: showOrHideHighlightView: hasFocus=false; winMode=1; isMrgNull=true
05-16 01:10:01.447  2648  5153 I PGServer: getTopFrontApp. calling pkg: android
05-16 01:10:01.447  1834  2030 W AwareLog: SchedLevelBoost: onFgActivitiesChanged config not set!
05-16 01:10:01.447   719   719 E DE H =DE: setAmoled:522: can not support this mode: MODE_AMOLED!
05-16 01:10:01.447  2648  3737 I PGServer: report state:10010 event type:2 pid:0 uid:0 pkg:com.huawei.android.launcher to pid: 1834
05-16 01:10:01.447  2648  3737 I PGServer: report state:10010 event type:2 pid:0 uid:0 pkg:com.huawei.android.launcher to pid: 2648
05-16 01:10:01.448  2648  3737 I SceneReceiver: state type: 10010 eventType:2 pid:0 uid:0 pkg:com.huawei.android.launcher
05-16 01:10:01.448  2648  3737 I PGServer: report state:10000 event type:1 pid:0 uid:0 pkg:com.mars.infra.trace to pid: 1834
05-16 01:10:01.448  2648  3737 I PGServer: report state:10000 event type:1 pid:0 uid:0 pkg:com.mars.infra.trace to pid: 2648
05-16 01:10:01.448  2648  3737 I ApsAppsTypeHandler: APS: APK: ApsAppsTypeHandler.getInstance, sInstance = com.huawei.android.hwaps.o@72c8c2b
05-16 01:10:01.448  2648  3737 I SceneReceiver: state type: 10000 eventType:1 pid:0 uid:0 pkg:com.mars.infra.trace
05-16 01:10:01.449  2648  5157 I PGServer: checkPkgType. calling pkg: android
05-16 01:10:01.450  1834  2975 I DE J DES: [effect] Pg pkg:com.mars.infra.trace
05-16 01:10:01.451  1094  1176 D AAL     : 05-16 01:10:01.435 BL=  87,ESS= 256, 
05-16 01:10:01.452  1834  1859 I WindowManager: performshow Window{e5557dc u0 Splash Screen com.mars.infra.trace} tok.waitingToShow=true isTransitionSet=true parentHidden=false vis=0 tok.hidden=true hasSurface=true policyVis=true destroying=false animating=true
05-16 01:10:01.453   731   731 D lights  : write_int open fd=6
05-16 01:10:01.453  1834  1859 I WindowManager: Checking 1 opening apps (frozen=false timeout=false)...
05-16 01:10:01.453  1834  1985 D HwNetworkManagementService: code == CODE_SET_CHR_REPORT_APP_LIST
05-16 01:10:01.453  1834  1859 I WindowManager: Check opening app=AppWindowToken{acf792d token=Token{c13c444 ActivityRecord{6de8ad6 u0 com.mars.infra.trace/com.mars.infra.fusion.MainActivity t303}}}: allDrawn=false startingDisplayed=true startingMoved=false isRelaunching()=false startingWindow=Window{e5557dc u0 Splash Screen com.mars.infra.trace}
05-16 01:10:01.453  1834  1859 I WindowManager: Checking 0 opening apps (frozen=false timeout=false)...
05-16 01:10:01.454  1834  1859 I WindowManager: send SET_LAUNCHER_VISIBLE_IN_FINGER_BOOST visible: true,delay:0, handle:true, userId:0, callingPid: 1834
05-16 01:10:01.454  1834  1859 I HwWindowManagerServiceEx: closing apps count = 1
05-16 01:10:01.454  1834  1859 D HwWindowManagerServiceEx: is app exit to launcher info: transit = 12, app = AppWindowToken{78f3d1c token=Token{64f768f ActivityRecord{e34f1f0 u0 com.huawei.android.launcher/.unihome.UniHomeLauncher t1}}}, window = Window{8c63ef1 u0 com.huawei.android.launcher/com.huawei.android.launcher.unihome.UniHomeLauncher}, mClosingApps = {AppWindowToken{78f3d1c token=Token{64f768f ActivityRecord{e34f1f0 u0 com.huawei.android.launcher/.unihome.UniHomeLauncher t1}}}}, topOpeningApp = AppWindowToken{acf792d token=Token{c13c444 ActivityRecord{6de8ad6 u0 com.mars.infra.trace/com.mars.infra.fusion.MainActivity t303}}}, mExitIconBitmap = android.graphics.Bitmap@99184b2, mExitIconHeight = 180, mExitIconWidth = 180
05-16 01:10:01.454   675 26102 I OemNetd : setChrAppUid(10, 10357)
05-16 01:10:01.454  1834  1859 E WindowManager: icon is null!!
05-16 01:10:01.454  1834  1859 E HwAnimationManagerImpl: wrong animation type
05-16 01:10:01.455  1834  2984 I HwNetworkPolicy: onTransact, code = 203
05-16 01:10:01.455 26597 25825 I HiAdKit.DC.AppDataCollectionManager:  currently in rest, not request config
05-16 01:10:01.455  1834  1985 I HwNetworkManagementService: chr appuid set succeeded
05-16 01:10:01.455  2648  5154 W ThermalTraceTool: IOException:java.io.IOException: read failed: EIO (I/O error)
05-16 01:10:01.456  2752  3526 I HwNetworkPolicyManager: getHwUidPolicy uid = 10357 policy = 0
05-16 01:10:01.457  1834  1859 V WindowManager: commitVisibility: AppWindowToken{78f3d1c token=Token{64f768f ActivityRecord{e34f1f0 u0 com.huawei.android.launcher/.unihome.UniHomeLauncher t1}}}: hidden=true hiddenRequested=true
05-16 01:10:01.457  1834  1859 E WindowManager: icon is null!!
05-16 01:10:01.457  1834  1859 D HwWindowManagerServiceEx: is app exit to launcher info: transit = 12, app = AppWindowToken{acf792d token=Token{c13c444 ActivityRecord{6de8ad6 u0 com.mars.infra.trace/com.mars.infra.fusion.MainActivity t303}}}, window = null, mClosingApps = {AppWindowToken{78f3d1c token=Token{64f768f ActivityRecord{e34f1f0 u0 com.huawei.android.launcher/.unihome.UniHomeLauncher t1}}}}, topOpeningApp = AppWindowToken{acf792d token=Token{c13c444 ActivityRecord{6de8ad6 u0 com.mars.infra.trace/com.mars.infra.fusion.MainActivity t303}}}, mExitIconBitmap = android.graphics.Bitmap@99184b2, mExitIconHeight = 180, mExitIconWidth = 180
05-16 01:10:01.458  1834  1859 D HwWindowManagerServiceEx: getCrossAppTransitAnimRoundCornerRadius radius 93.0
05-16 01:10:01.461   719   719 E DE H =DE: setAmoled:522: can not support this mode: MODE_AMOLED!
05-16 01:10:01.461  1834  1859 V WindowManager: commitVisibility: AppWindowToken{acf792d token=Token{c13c444 ActivityRecord{6de8ad6 u0 com.mars.infra.trace/com.mars.infra.fusion.MainActivity t303}}}: hidden=false hiddenRequested=false
05-16 01:10:01.461   731   731 D lights  : write_int open fd=6
05-16 01:10:01.463  1834  1859 I WindowManager: dispatchResized : win = Window{e5557dc u0 Splash Screen com.mars.infra.trace} drawState = HAS_DRAWN
05-16 01:10:01.465 26121 26121 D HiTraceC: entered HiTraceInit, Log Registered: 1
05-16 01:10:01.468  1094  1176 D AAL     : onBacklightChanged: 87/1023 -> 108/1023(phy:216/4095)
05-16 01:10:01.468  1094  1176 D AAL     : LABC: LABC after setTarget isSmoothBacklight=0 
05-16 01:10:01.470  2648  3523 I ScenarioService: app focus change from: com.huawei.android.launcher to:com.mars.infra.trace
05-16 01:10:01.470  2648  3523 I ScenarioService: add focus on app:com.mars.infra.trace to visiblePkgs
05-16 01:10:01.472  2451  3370 I Hicom_Monitor: notifyAppStarted: uid = 10357
05-16 01:10:01.473  2451  3370 I UctpAppMonitor: handleAppStarted: pkgName is com.mars.infra.trace mIsNeedToOpen is false
05-16 01:10:01.473  2451  3370 I AppStatisticProc: handleAppStarted: pkgName = com.mars.infra.trace is not apk supported in Smartcare
05-16 01:10:01.474  1834  1858 I WindowManager: handle SET_LAUNCHER_VISIBLE_IN_FINGER_BOOST visible:true handle:trueuserId:0, currentUserId:0
05-16 01:10:01.474  1834  1858 D WindowManager: setLauncherVisibleInFingerBoost record=ActivityRecord{e34f1f0 u0 com.huawei.android.launcher/.unihome.UniHomeLauncher t1}
05-16 01:10:01.474  1834  1858 I WindowManager: setLauncherVisible setAlpha to 1.0
05-16 01:10:01.474  1834  1858 D WindowManager: setLauncherVisible wallpaperScale=false
05-16 01:10:01.478   746  2098 D AudioPolicyService: getUidState(10357) !cacheIter->second.first, return PROCESS_STATE_UNKNOWN
05-16 01:10:01.478  1834  1856 D StatusBarManagerService: win:Window{e5557dc u0 Splash Screen com.mars.infra.trace}mIsColorEnable:truelight:false
05-16 01:10:01.478   746  2098 D AudioPolicyService: getUidState(10357) cacheIter->second.first, return cacheIter->second.second(-1)
05-16 01:10:01.478  1834  1856 I StatusBarDisable: setFlags what=0 which=1 pkg=Window{e5557dc u0 Splash Screen com.mars.infra.trace}
05-16 01:10:01.478  2256 10770 D HwCommandQueue: CommandQueue, set Launcher StatusBar Color
05-16 01:10:01.479   719   719 E DE H =DE: setAmoled:522: can not support this mode: MODE_AMOLED!
05-16 01:10:01.481   731   731 D lights  : write_int open fd=6
05-16 01:10:01.481   982  2868 D ITouchService: itouch stylusCurrentPkgName = com.mars.infra.trace lastOneFramePkgName = 
05-16 01:10:01.481   982  2868 D ITouchService: itouch currentPackageName = com.mars.infra.trace
05-16 01:10:01.481   982  2868 D ITouchService: itouch appType=-1 appState=1 gameMode=2
05-16 01:10:01.481   982  2868 D ITouchService: itouchReaderMonitor empty
05-16 01:10:01.481   982  2868 D ITouchService: g_itouch_reader_monitor Monitor::IsReaderMonitorEnable()=0
05-16 01:10:01.481   982  2868 D ITouchService: itouch getCurrentParmID tempPkg=com.mars.infra.xxx
05-16 01:10:01.481   982  2868 D ITouchService: itouch:app com.mars.infra.trace is  not game app
05-16 01:10:01.481   982  2868 D ITouchService: itouch:app com.mars.infra.trace is  not in StylusPenList
05-16 01:10:01.481   982  2868 D ITouchService: itouch:styluspen_switch is disable
05-16 01:10:01.481   982  2868 D ITouchService: itouch:currentAppTypeName =|UNKNOWN|
05-16 01:10:01.483  1834  1985 I HwAudioService: now type = -1,reportForegroundAppType = -1systemload = -1VOIP_OPTIMIZE_IN_GAMEMODEfalse
05-16 01:10:01.484  1094  1176 D AAL     : onBacklightChanged: 108/1023 -> 119/1023(phy:238/4095)
05-16 01:10:01.484  1094  1176 D AAL     : LABC: LABC after setTarget isSmoothBacklight=0 
05-16 01:10:01.494   719   719 E DE H =DE: setAmoled:522: can not support this mode: MODE_AMOLED!
05-16 01:10:01.494   731   731 D lights  : write_int open fd=6
05-16 01:10:01.495   530   530 I hwservicemanager: getTransport: Cannot find entry vendor.huawei.hardware.graphics.hwcinterface@1.1::IHwcInterface/default in either framework or device manifest.
05-16 01:10:01.495   704 17882 W hwcomposer: [HWCTURBOMANAGER] init: IHwcInterface::tryGetService failed!  
05-16 01:10:01.501  1094  1176 D AAL     : onBacklightChanged: 119/1023 -> 130/1023(phy:260/4095)
05-16 01:10:01.501  1094  1176 D AAL     : LABC: LABC after setTarget isSmoothBacklight=0 
05-16 01:10:01.510   719   719 E DE H =DE: setAmoled:522: can not support this mode: MODE_AMOLED!
05-16 01:10:01.510   731   731 D lights  : write_int open fd=6
05-16 01:10:01.511   530   530 I hwservicemanager: getTransport: Cannot find entry vendor.huawei.hardware.graphics.hwcinterface@1.1::IHwcInterface/default in either framework or device manifest.
05-16 01:10:01.511   704 17882 W hwcomposer: [HWCTURBOMANAGER] init: IHwcInterface::tryGetService failed!  
05-16 01:10:01.517  1094  1176 D AAL     : onBacklightChanged: 130/1023 -> 141/1023(phy:282/4095)
05-16 01:10:01.517  1094  1176 D AAL     : LABC: LABC after setTarget isSmoothBacklight=0 
05-16 01:10:01.525  2686  3030 I HwLauncher: LocalTaskList loadTasksInBackground:1 numTasks:3 currentUserId:0
05-16 01:10:01.527   719   719 E DE H =DE: setAmoled:522: can not support this mode: MODE_AMOLED!
05-16 01:10:01.527   731   731 D lights  : write_int open fd=6
05-16 01:10:01.527   530   530 I hwservicemanager: getTransport: Cannot find entry vendor.huawei.hardware.graphics.hwcinterface@1.1::IHwcInterface/default in either framework or device manifest.
05-16 01:10:01.528   704 17882 W hwcomposer: [HWCTURBOMANAGER] init: IHwcInterface::tryGetService failed!  
05-16 01:10:01.534  1094  1176 D AAL     : onBacklightChanged: 141/1023 -> 152/1023(phy:304/4095)
05-16 01:10:01.534  1094  1176 D AAL     : LABC: LABC after setTarget isSmoothBacklight=0 
05-16 01:10:01.534  1094  1176 D AAL     : 05-16 01:10:01.468 BL= 108,ESS= 256, 05-16 01:10:01.485 BL= 119,ESS= 256, 05-16 01:10:01.501 BL= 130,ESS= 256, 05-16 01:10:01.518 BL= 141,ESS= 256, 05-16 01:10:01.534 BL= 152,ESS= 256, 
05-16 01:10:01.543   719   719 E DE H =DE: setAmoled:522: can not support this mode: MODE_AMOLED!
05-16 01:10:01.543   731   731 D lights  : write_int open fd=6
05-16 01:10:01.544   530   530 I hwservicemanager: getTransport: Cannot find entry vendor.huawei.hardware.graphics.hwcinterface@1.1::IHwcInterface/default in either framework or device manifest.
05-16 01:10:01.544   704 17882 W hwcomposer: [HWCTURBOMANAGER] init: IHwcInterface::tryGetService failed!  
05-16 01:10:01.550  1094  1176 D AAL     : onBacklightChanged: 152/1023 -> 163/1023(phy:326/4095)
05-16 01:10:01.550  1094  1176 D AAL     : LABC: LABC after setTarget isSmoothBacklight=0 
05-16 01:10:01.559   719   719 E DE H =DE: setAmoled:522: can not support this mode: MODE_AMOLED!
05-16 01:10:01.559   731   731 D lights  : write_int open fd=6
05-16 01:10:01.560   530   530 I hwservicemanager: getTransport: Cannot find entry vendor.huawei.hardware.graphics.hwcinterface@1.1::IHwcInterface/default in either framework or device manifest.
05-16 01:10:01.560   704 17882 W hwcomposer: [HWCTURBOMANAGER] init: IHwcInterface::tryGetService failed!  
05-16 01:10:01.567  1094  1176 D AAL     : onBacklightChanged: 163/1023 -> 174/1023(phy:348/4095)
05-16 01:10:01.567  1094  1176 D AAL     : LABC: LABC after setTarget isSmoothBacklight=0 
05-16 01:10:01.571  2648  3523 I ScenarioService: refresh visibleApp:[com.mars.infra.trace]
05-16 01:10:01.571  2648  3523 I PGServer: report state:14 event type:1 pid:-1 uid:-1 pkg:com.mars.infra.trace to pid: 2648
05-16 01:10:01.571  2648  3523 I ApsAppsTypeHandler: APS: APK: ApsAppsTypeHandler.getInstance, sInstance = com.huawei.android.hwaps.o@72c8c2b
05-16 01:10:01.571  2648  3523 I ApsAccKitAdapter: APS: APK: ApsAccKitAdapter: not setNotifyInfo
05-16 01:10:01.571  2648  3658 I PG_ash  : com.huawei.android.launcher become invisible
05-16 01:10:01.576   719   719 E DE H =DE: setAmoled:522: can not support this mode: MODE_AMOLED!
05-16 01:10:01.576   731   731 D lights  : write_int open fd=6
05-16 01:10:01.577   530   530 I hwservicemanager: getTransport: Cannot find entry vendor.huawei.hardware.graphics.hwcinterface@1.1::IHwcInterface/default in either framework or device manifest.
05-16 01:10:01.577   704 17882 W hwcomposer: [HWCTURBOMANAGER] init: IHwcInterface::tryGetService failed!  
05-16 01:10:01.583  1094  1176 D AAL     : onBacklightChanged: 174/1023 -> 185/1023(phy:370/4095)
05-16 01:10:01.584  1094  1176 D AAL     : LABC: LABC after setTarget isSmoothBacklight=0 
05-16 01:10:01.587   743   779 I libPowerHal: [PD] scn:61 hdl:12 user:iawareperf@1.0- pid:728 tid:1000
05-16 01:10:01.587   743   779 I libPowerHal: iawareperf@1.0-: hard user limit set cpu freq: 1750000 -1 1993000 -1
05-16 01:10:01.591 26084 26104 I HwApiCacheMangerEx: apicache path=/storage/emulated/0 state=mounted key=com.mars.infra.trace#10357#256
05-16 01:10:01.591 26084 26104 I HwApiCacheMangerEx: need clear apicache,because volumes changed,oldCnt=0 newCnt=1
05-16 01:10:01.592 26084 26084 I HwActivityThreadImpl: accept socket mSocketName: 4ac817d0-91a6-4a89-8f17-d4d68eed6fd1
05-16 01:10:01.592 26084 26084 I HwActivityThreadImpl: accept socket end
05-16 01:10:01.592 26084 26084 W HwActivityThreadImpl: closeStream error.
05-16 01:10:01.592 26084 26108 W HwActivityThreadImpl: closeStream error.
05-16 01:10:01.592 26084 26084 I HwActivityThreadImpl: acceptPreloadedApplication end mPreloadStatus 3
05-16 01:10:01.592 26084 26108 I HwActivityThreadImpl: connectContinuePreload end mPreloadStatus 3
05-16 01:10:01.593 26084 26104 I HwApiCacheMangerEx: apicache path=/storage/emulated/0 state=mounted key=com.mars.infra.trace#10357#0
05-16 01:10:01.593 26084 26104 I HwApiCacheMangerEx: need clear apicache,because volumes changed,oldCnt=1 newCnt=1
05-16 01:10:01.593   719   719 E DE H =DE: setAmoled:522: can not support this mode: MODE_AMOLED!
05-16 01:10:01.593   731   731 D lights  : write_int open fd=6
05-16 01:10:01.594   530   530 I hwservicemanager: getTransport: Cannot find entry vendor.huawei.hardware.graphics.hwcinterface@1.1::IHwcInterface/default in either framework or device manifest.
05-16 01:10:01.594   704 17882 W hwcomposer: [HWCTURBOMANAGER] init: IHwcInterface::tryGetService failed!  
05-16 01:10:01.594 26084 26084 I HwTypeface: updateFont: scale=1.0
05-16 01:10:01.595 26084 26084 D SystemFonts: areFontsVariable: script=Hans
05-16 01:10:01.595 26084 26084 I ActivityThread: finishPreloaded preloadStatus 3
05-16 01:10:01.596  1834  2975 D ActivityManager: finishBindApplication callingPid 26084
05-16 01:10:01.596  1834  2975 D ActivityManager: finishBindApplication preloadStatus: 0 app: ProcessRecord{720f80a 26084:com.mars.infra.trace/u0a357} uidRec.isPreload: false
05-16 01:10:01.596 26084 26084 I ActivityThread: finishPreloaded end preloadStatus 3
05-16 01:10:01.596 26084 26084 W ActivityThread: handleWindowVisibility: no activity for token android.os.BinderProxy@81be317
05-16 01:10:01.599 26084 26126 E AwareLog: AtomicFileUtils: readFileLines file not exist: android.util.AtomicFile@7610ed
05-16 01:10:01.599 26084 26104 I HwPartIawareFactory: add android.common.HwPartIawareFactoryImpl to memory.
05-16 01:10:01.599 26084 26104 I AwareBitmapCacher: init processName:com.mars.infra.trace pid=26084 uid=10357
05-16 01:10:01.600  1094  1176 D AAL     : onBacklightChanged: 185/1023 -> 196/1023(phy:392/4095)
05-16 01:10:01.600  1094  1176 D AAL     : LABC: LABC after setTarget isSmoothBacklight=0 
05-16 01:10:01.603 26084 26084 D OpenGLRenderer: disableOutlineDraw is true
05-16 01:10:01.603 23907 24006 I CaasKit:NetUtils: DnsServer wlan0 Total: 1
05-16 01:10:01.603 23907 24006 I CaasKit:NetUtils: freshDnsInfos all = 1
05-16 01:10:01.606 26084 26128 I OpenGLRenderer: RenderThread: progress name = [com.mars.infra.trace], viewCornerType = 0
05-16 01:10:01.606 26084 26130 D libMEOW : meow reload base cfg path: na
05-16 01:10:01.606 26084 26130 D libMEOW : meow reload overlay cfg path: na
05-16 01:10:01.606 26084 26130 D libMEOW : applied 0 plugin for [com.mars.infra.trace].
05-16 01:10:01.607 26084 26130 I iGraphics: [0020080c] pn: com.mars.infra.trace, p: 26084
05-16 01:10:01.607 26084 26130 I iGraphics: [0030080c] no spt app: com.mars.infra.trace
05-16 01:10:01.609   719   719 E DE H =DE: setAmoled:522: can not support this mode: MODE_AMOLED!
05-16 01:10:01.609   731   731 D lights  : write_int open fd=6
05-16 01:10:01.610   530   530 I hwservicemanager: getTransport: Cannot find entry vendor.huawei.hardware.graphics.hwcinterface@1.1::IHwcInterface/default in either framework or device manifest.
05-16 01:10:01.610   704 17882 W hwcomposer: [HWCTURBOMANAGER] init: IHwcInterface::tryGetService failed!  
05-16 01:10:01.614 26084 26084 W ars.infra.trac: Rejecting class com.mars.infra.fusion.MainActivity that attempts to sub-type erroneous class com.mars.infra.generate.Fusion_androidx_appcompat_app_AppCompatActivity in /data/app/com.mars.infra.trace-n4M2OKixeB6DqUYNPiUjkw==/base.apk
05-16 01:10:01.614 26084 26084 D AndroidRuntime: Shutting down VM
05-16 01:10:01.615 26084 26084 I QarthLog: [PatchStore] createDisableExceptionQarthFile
05-16 01:10:01.615 26084 26084 I QarthLog: [PatchStore] create disable file for com.mars.infra.trace uid is 10357
--------- beginning of crash
05-16 01:10:01.616 26084 26084 E AndroidRuntime: FATAL EXCEPTION: main
05-16 01:10:01.616 26084 26084 E AndroidRuntime: Process: com.mars.infra.trace, PID: 26084
05-16 01:10:01.616 26084 26084 E AndroidRuntime: java.lang.VerifyError: Rejecting class com.mars.infra.fusion.MainActivity that attempts to sub-type erroneous class com.mars.infra.generate.Fusion_androidx_appcompat_app_AppCompatActivity (declaration of 'com.mars.infra.fusion.MainActivity' appears in /data/app/com.mars.infra.trace-n4M2OKixeB6DqUYNPiUjkw==/base.apk)
05-16 01:10:01.616 26084 26084 E AndroidRuntime: 	at java.lang.Class.newInstance(Native Method)
05-16 01:10:01.616 26084 26084 E AndroidRuntime: 	at android.app.AppComponentFactory.instantiateActivity(AppComponentFactory.java:95)
05-16 01:10:01.616 26084 26084 E AndroidRuntime: 	at androidx.core.app.CoreComponentFactory.instantiateActivity(Unknown Source:45)
05-16 01:10:01.616 26084 26084 E AndroidRuntime: 	at android.app.Instrumentation.newActivity(Instrumentation.java:1264)
05-16 01:10:01.616 26084 26084 E AndroidRuntime: 	at android.app.ActivityThread.performLaunchActivity(ActivityThread.java:3963)
05-16 01:10:01.616 26084 26084 E AndroidRuntime: 	at android.app.ActivityThread.handleLaunchActivity(ActivityThread.java:4247)
05-16 01:10:01.616 26084 26084 E AndroidRuntime: 	at android.app.servertransaction.LaunchActivityItem.execute(LaunchActivityItem.java:91)
05-16 01:10:01.616 26084 26084 E AndroidRuntime: 	at android.app.servertransaction.TransactionExecutor.executeCallbacks(TransactionExecutor.java:149)
05-16 01:10:01.616 26084 26084 E AndroidRuntime: 	at android.app.servertransaction.TransactionExecutor.execute(TransactionExecutor.java:103)
05-16 01:10:01.616 26084 26084 E AndroidRuntime: 	at android.app.ActivityThread$H.handleMessage(ActivityThread.java:2613)
05-16 01:10:01.616 26084 26084 E AndroidRuntime: 	at android.os.Handler.dispatchMessage(Handler.java:110)
05-16 01:10:01.616 26084 26084 E AndroidRuntime: 	at android.os.Looper.loop(Looper.java:219)
05-16 01:10:01.616 26084 26084 E AndroidRuntime: 	at android.app.ActivityThread.main(ActivityThread.java:8668)
05-16 01:10:01.616 26084 26084 E AndroidRuntime: 	at java.lang.reflect.Method.invoke(Native Method)
05-16 01:10:01.616 26084 26084 E AndroidRuntime: 	at com.android.internal.os.RuntimeInit$MethodAndArgsCaller.run(RuntimeInit.java:513)
05-16 01:10:01.616 26084 26084 E AndroidRuntime: 	at com.android.internal.os.ZygoteInit.main(ZygoteInit.java:1109)
05-16 01:10:01.616 26084 26084 E AndroidRuntime: Caused by: java.lang.VerifyError: Verifier rejected class com.mars.infra.generate.Fusion_androidx_appcompat_app_AppCompatActivity: void com.mars.infra.generate.Fusion_androidx_appcompat_app_AppCompatActivity.com_mars_infra_lib_FusionLogActivity_execute() failed to verify: void com.mars.infra.generate.Fusion_androidx_appcompat_app_AppCompatActivity.com_mars_infra_lib_FusionLogActivity_execute(): [0x2] 'this' argument 'Reference: com.mars.infra.generate.Fusion_androidx_appcompat_app_AppCompatActivity' not instance of 'Unresolved Reference: com.mars.infra.lib.FusionLogActivity' (declaration of 'com.mars.infra.generate.Fusion_androidx_appcompat_app_AppCompatActivity' appears in /data/app/com.mars.infra.trace-n4M2OKixeB6DqUYNPiUjkw==/base.apk)
05-16 01:10:01.616 26084 26084 E AndroidRuntime: 	... 16 more
05-16 01:10:01.617  1094  1176 D AAL     : onBacklightChanged: 196/1023 -> 207/1023(phy:414/4095)
05-16 01:10:01.617  1094  1176 D AAL     : LABC: LABC after setTarget isSmoothBacklight=0 
05-16 01:10:01.617  1094  1176 D AAL     : 05-16 01:10:01.551 BL= 163,ESS= 256, 05-16 01:10:01.567 BL= 174,ESS= 256, 05-16 01:10:01.584 BL= 185,ESS= 256, 05-16 01:10:01.600 BL= 196,ESS= 256, 05-16 01:10:01.617 BL= 207,ESS= 256, 
05-16 01:10:01.618  1834 26132 I DropBoxManagerService: add tag=data_app_crash isTagEnabled=true flags=0x2
05-16 01:10:01.618  1834  2984 W ActivityTaskManager:   finishTopCrashedActivityLocked Force finishing activity com.mars.infra.trace/com.mars.infra.fusion.MainActivity
05-16 01:10:01.619  1834  2984 V ActivityTaskManager: positionChild stackId=0 to top.
05-16 01:10:01.620  9635 25914 I CAWARENESS_AppUsageManager: Repeat info, don't need publish
05-16 01:10:01.620  1834  2984 W HwActivityTaskManagerServiceEx: setResumedActivityUncheckLocked start call, from: ActivityRecord{6de8ad6 u0 com.mars.infra.trace/com.mars.infra.fusion.MainActivity t303 f}, to: ActivityRecord{e34f1f0 u0 com.huawei.android.launcher/.unihome.UniHomeLauncher t1}
05-16 01:10:01.621  1834  2984 W HwActivityTaskManagerServiceEx: appSwitch from: com.mars.infra.trace to: com.huawei.android.launcher
05-16 01:10:01.621  1834 26131 I QarthDisFileCreator: pattern not match
05-16 01:10:01.621  2451 18197 I AssistantService-11.2.1.200: registerHwActivityNotifier call fromPackage:com.mars.infra.trace, toPackage:com.huawei.android.launcher
05-16 01:10:01.621  2451 13434 D AssistantService-11.2.1.200: handleMessage app switch fromPackage:com.mars.infra.trace, toPackage:com.huawei.android.launcher
05-16 01:10:01.621  1834  1869 D HwGameAssistantController: UPDATE: mCurFgPkg=com.huawei.android.launcher, mCurFgPid=2686, mIsCurGame=false
05-16 01:10:01.621  2686 13840 W HwLauncher: ExitAppAnimationManager getAnimationInfoMyself, mAnimationInfo = com.huawei.android.launcher.exitapp.ExitAppAnimationManager$AnimationInfo@d035840
05-16 01:10:01.622  2686  2686 W HwLauncher: RotationHelper hideAdjacentScreen, launcher is not transposed. RotationMode = com.huawei.android.launcher.graphics.RotationMode$1{b5d00b0 surfaceRotation = 0.0,isTransposed = false}
05-16 01:10:01.622  1834  2163 I WiFi_PRO_WifiProStateMachine: current app com.huawei.android.launcher, has changed
05-16 01:10:01.622  1834  2163 I WiFi_PRO_WifiProStateMachine: not in RecommendWifi2CellState.
05-16 01:10:01.622  2451 28718 I Hicom_Monitor: mAppSwitchNotifierEx. uid: 10065, foreground app: com.huawei.android.launcher, foreground activity: com.huawei.android.launcher.unihome.UniHomeLauncher
05-16 01:10:01.623  2451 28718 D SmartcareProc: onForegroundAppChanged, pkgName:com.huawei.android.launcher, uid: 10065
05-16 01:10:01.623  2451 28718 D SmartcareProc: handlerAppForeground not match
05-16 01:10:01.623  1834  1886 I PowerManagerService: handleSandman: wakefulness: 1,startDreaming: false
05-16 01:10:01.623  2451 28718 W FiControl: Failed to find configuration for com.huawei.android.launcher
05-16 01:10:01.623  1834  2975 I HwWindowManagerServiceEx: set app win exit info, bundle = Bundle[mParcelledData.dataSize=288], iconBitmap = android.graphics.Bitmap@2b0a9d1
05-16 01:10:01.623  1834  2975 D HwWindowManagerServiceEx: AnimationTurbo wms set setIconToLayer exit icon
05-16 01:10:01.623  1834  2975 D HwWindowManagerServiceEx: set app win icon info, bundle = Bundle[{isLandscape=false, launcherPkgName=com.huawei.android.launcher, iconWidth=180, pivotX=666.0, pivotY=1832.0, iconHeight=180, flag=0}], iconBitmap = android.graphics.Bitmap@2b0a9d1mExitPivotX =666.0mExitPivotY =1832.0floatBallSize = 0.0mExitIconWidth =180mExitIconHeight =180mExitFlag =0callingUid10065
05-16 01:10:01.624 26597 25860 I HiAdKit.DC.PersistentMessageCenter:  notifyMessage com.huawei.hwid_app_switch_from_to_intent
05-16 01:10:01.624  2451  3370 I Hicom_XEngineProc: handleForegroundAppChanged pkgName = com.huawei.android.launcher
05-16 01:10:01.625  2451  3370 W Hicom_XEngineProc: sendForegroundMessageToDaemon. daemonCommand is null
05-16 01:10:01.626   530   530 I hwservicemanager: getTransport: Cannot find entry vendor.huawei.hardware.graphics.hwcinterface@1.1::IHwcInterface/default in either framework or device manifest.
05-16 01:10:01.626   704 17882 W hwcomposer: [HWCTURBOMANAGER] init: IHwcInterface::tryGetService failed!  
05-16 01:10:01.627  1834  1856 I ActivityManager: get AppResource
05-16 01:10:01.627   719   719 E DE H =DE: setAmoled:522: can not support this mode: MODE_AMOLED!
05-16 01:10:01.628   731   731 D lights  : write_int open fd=6
05-16 01:10:01.628 26084 26084 I Process : Sending signal. PID: 26084 SIG: 9
05-16 01:10:01.630  2648  3523 I ScenarioService: app focus change from: com.mars.infra.trace to:com.huawei.android.launcher
05-16 01:10:01.630  2648  3523 I ScenarioService: add focus on app:com.huawei.android.launcher to visiblePkgs
05-16 01:10:01.633  1094  1176 D AAL     : onBacklightChanged: 207/1023 -> 217/1023(phy:434/4095)
05-16 01:10:01.633  1094  1176 D AAL     : LABC: LABC after setTarget isSmoothBacklight=0 
05-16 01:10:01.640  1834  2984 I ActivityManager: Process com.mars.infra.trace (pid 26084) has died: fore TOP 
05-16 01:10:01.640   676   676 I Zygote  : Process 26084 exited due to signal 9 (Killed)
05-16 01:10:01.640  1834  2984 D ActivityManager: cleanUpApplicationRecord app: 26084:com.mars.infra.trace/u0a357, bad: false, restarting: false, allowRestart: true
05-16 01:10:01.640  1834  2094 W HwAudioServiceEx: SoundEffectState bundle get reserved is invalid
05-16 01:10:01.640  1834  1877 I libprocessgroup: Successfully killed process cgroup uid 10357 pid 26084 in 0ms
05-16 01:10:01.640  1834  1868 I HwPowerManagerService: appdie release wakelock, pid = 26084, uid = 10357
05-16 01:10:01.640  1834  2984 I WindowManager: removeWindowToken: displayid:0 binder:Token{c13c444 ActivityRecord{6de8ad6 u0 com.mars.infra.trace/com.mars.infra.fusion.MainActivity t303 f}} token:AppWindowToken{acf792d token=Token{c13c444 ActivityRecord{6de8ad6 u0 com.mars.infra.trace/com.mars.infra.fusion.MainActivity t303}}}
05-16 01:10:01.641  1834  2984 V WindowManager: commitVisibility: AppWindowToken{acf792d token=Token{c13c444 ActivityRecord{6de8ad6 u0 com.mars.infra.trace/com.mars.infra.fusion.MainActivity t303}}}: hidden=true hiddenRequested=true
05-16 01:10:01.641  1834  2030 W AwareLog: SchedLevelBoost: onProcessDied config not set!
05-16 01:10:01.641  1834  2984 V WindowManager: removeAppToken: AppWindowToken{acf792d token=Token{c13c444 ActivityRecord{6de8ad6 u0 com.mars.infra.trace/com.mars.infra.fusion.MainActivity t303}}} delayed=true Callers=com.android.server.wm.DisplayContent.removeAppToken:1320 com.android.server.wm.ActivityRecord.removeWindowContainer:1446 com.android.server.wm.ActivityStack.removeActivityFromHistoryLocked:5542 com.android.server.wm.ActivityStack.removeHistoryRecordsForAppLocked:5976 com.android.server.wm.ActivityStack.handleAppDiedLocked:6537 com.android.server.wm.RootActivityContainer.handleAppDied:2297 com.android.server.wm.ActivityTaskManagerService$LocalService.handleAppDied:7925 com.android.server.am.ActivityManagerService.handleAppDiedLocked:3967 com.android.server.am.ActivityManagerService.appDiedLocked:4106 
05-16 01:10:01.641  1834  2984 V WindowManager: removeAppToken make exiting: AppWindowToken{acf792d token=Token{c13c444 ActivityRecord{6de8ad6 u0 com.mars.infra.trace/com.mars.infra.fusion.MainActivity t303}}}
05-16 01:10:01.641  2451  3370 I Hicom_Monitor: notifyAppDied: uid = 10357
05-16 01:10:01.641  1834  2984 I TaskSnapshot: taskId:303 Callers=com.android.server.wm.TaskSnapshotCache.removeRunningEntry:196 com.android.server.wm.TaskSnapshotCache.onTaskRemoved:176 com.android.server.wm.TaskSnapshotController.notifyTaskRemovedFromRecents:749 com.android.server.wm.WindowManagerService.notifyTaskRemovedFromRecents:7189 com.android.server.wm.TaskRecord.removedFromRecents:1202 com.android.server.wm.ActivityStackSupervisor.onRecentTaskRemoved:2283 com.android.server.wm.RecentTasks.notifyTaskRemoved:452 com.android.server.wm.RecentTasks.remove:1251 
05-16 01:10:01.641  2451  3370 I UctpAppMonitor: handleAppDied: pkgName is com.mars.infra.trace mIsNeedToOpen is false
05-16 01:10:01.641  2451  3370 I AppStatisticProc: handleAppDied: pkgName = com.mars.infra.trace is not apk supported in Smartcare
05-16 01:10:01.642  2451 18197 E HsmCoreServiceImpl: onTransact in code is: 102
05-16 01:10:01.642  2451 18197 I MediaProcessHandler: processOp opType: 1, uid: 10357, pid: 26084
05-16 01:10:01.642  2451 18197 W MediaProcessHandler: only the process it self can do this operation: 10357, 1000, 26084, 2752
05-16 01:10:01.642  2451 18197 I MediaProcessHandler: executedCallBack opType: 1 mMediaStatusObservers.size=1
05-16 01:10:01.642   731   731 D lights  : write_int open fd=6
05-16 01:10:01.642   719   719 E DE H =DE: setAmoled:522: can not support this mode: MODE_AMOLED!
05-16 01:10:01.643   530   530 I hwservicemanager: getTransport: Cannot find entry vendor.huawei.hardware.graphics.hwcinterface@1.1::IHwcInterface/default in either framework or device manifest.
05-16 01:10:01.644   704 17882 W hwcomposer: [HWCTURBOMANAGER] init: IHwcInterface::tryGetService failed!  
05-16 01:10:01.644  1834  2984 V ActivityTaskManager: removeChild: detaching stackId=291 from displayId=0
05-16 01:10:01.644   982  2868 D ITouchService: itouch stylusCurrentPkgName = com.mars.infra.trace lastOneFramePkgName = 
05-16 01:10:01.644   982  2868 D ITouchService: itouch currentPackageName = com.mars.infra.trace
05-16 01:10:01.644   982  2868 D ITouchService: itouch appType=-1 appState=0 gameMode=2
05-16 01:10:01.644   982  2868 D ITouchService: itouchReaderMonitor empty
05-16 01:10:01.644   982  2868 D ITouchService: g_itouch_reader_monitor Monitor::IsReaderMonitorEnable()=0
05-16 01:10:01.644   982  2868 D ITouchService: itouch getCurrentParmID tempPkg=com.mars.infra.xxx
05-16 01:10:01.644   982  2868 D ITouchService: itouch:app com.mars.infra.trace is  not game app
05-16 01:10:01.644   982  2868 D ITouchService: itouch:app com.mars.infra.trace is  not in StylusPenList
05-16 01:10:01.644   982  2868 D ITouchService: itouch:styluspen_switch is disable
05-16 01:10:01.644   982  2868 D ITouchService: itouch:currentAppTypeName =|UNKNOWN|
05-16 01:10:01.645  1834  2984 I ActivityTaskManager: Making visible and scheduling visibility: ActivityRecord{e34f1f0 u0 com.huawei.android.launcher/.unihome.UniHomeLauncher t1}
05-16 01:10:01.646  1834  2984 I HwWindowManagerServiceEx: setLandAnimationInfo : false
05-16 01:10:01.647  1834  2984 V WindowManager: notifyAppResumed: wasStopped=false AppWindowToken{78f3d1c token=Token{64f768f ActivityRecord{e34f1f0 u0 com.huawei.android.launcher/.unihome.UniHomeLauncher t1}}}
05-16 01:10:01.647  2686  2686 I ActivityThread: Handle window ActivityRecord{a769a39 token=android.os.BinderProxy@8a2ab2c {com.huawei.android.launcher/com.huawei.android.launcher.unihome.UniHomeLauncher}} visibility: true
05-16 01:10:01.650  1094  1176 D AAL     : onBacklightChanged: 217/1023 -> 228/1023(phy:456/4095)
05-16 01:10:01.650  1094  1176 D AAL     : LABC: LABC after setTarget isSmoothBacklight=0 
05-16 01:10:01.652  2686  2686 I HwLauncher: Model loadWidgetsAfterUserUnlockIfNeeded, sLoadWidgetOnResume is false!
05-16 01:10:01.652  1834  2984 I WindowManager: Checking 1 opening apps (frozen=false timeout=false)...
05-16 01:10:01.652  1834  2984 I WindowManager: Check opening app=AppWindowToken{78f3d1c token=Token{64f768f ActivityRecord{e34f1f0 u0 com.huawei.android.launcher/.unihome.UniHomeLauncher t1}}}: allDrawn=false startingDisplayed=false startingMoved=false isRelaunching()=false startingWindow=null
05-16 01:10:01.652  1834  2984 I WindowManager: dispatchResized : win = Window{8c63ef1 u0 com.huawei.android.launcher/com.huawei.android.launcher.unihome.UniHomeLauncher} drawState = DRAW_PENDING
05-16 01:10:01.654  1834  2975 I ActivityTaskManager: Stop interception for recently back-home app when launcher resumed
05-16 01:10:01.654   743   779 I libPowerHal: [PE] scn:62 hdl:13 user:iawareperf@1.0- pid:728 tid:1000
05-16 01:10:01.654   743   779 I libPowerHal: iawareperf@1.0-: set gpu opp level max: 0
05-16 01:10:01.655   743   779 I libPowerHal: iawareperf@1.0-: hard user limit set cpu freq: 1750000 -1 1993000 -1
05-16 01:10:01.655   743   779 I libPowerHal: [PE] scn:61 hdl:12 user:iawareperf@1.0- pid:728 tid:1000
05-16 01:10:01.655   743   779 I libPowerHal: iawareperf@1.0-: set gpu opp level max: 0
05-16 01:10:01.656  1834  1868 I HwAudioServiceEx: ComponentInfo : className = com.huawei.android.launcher.unihome.UniHomeLauncher, flag = onResume, isHomeActivity = , isTop = true
05-16 01:10:01.656  1834  2094 W HwAudioServiceEx: SoundEffectState bundle get reserved is invalid
05-16 01:10:01.656  1834  1859 I ViewRootImpl: dispatchDetachedFromWindow in doDie
05-16 01:10:01.657  1834  1859 I WindowManager: removeIfPossible: Window{e5557dc u0 Splash Screen com.mars.infra.trace EXITING} callers=com.android.server.wm.WindowState.removeIfPossible:2602 com.android.server.wm.WindowManagerService.removeWindow:2282 com.android.server.wm.Session.remove:179 android.view.ViewRootImpl.dispatchDetachedFromWindow:4910 android.view.ViewRootImpl.doDie:8254 
05-16 01:10:01.657  1834  1859 I WindowManager: Not removing Window{e5557dc u0 Splash Screen com.mars.infra.trace EXITING} due to exit animation 
05-16 01:10:01.657  1834  1859 I WindowManager: Changing focus from null to Window{8c63ef1 u0 com.huawei.android.launcher/com.huawei.android.launcher.unihome.UniHomeLauncher} displayId=0 Callers=com.android.server.wm.RootWindowContainer.updateFocusedWindowLocked:209 com.android.server.wm.WindowManagerService.updateFocusedWindowLocked:6517 com.android.server.wm.WindowState.setupWindowForRemoveOnExit:2758 com.android.server.wm.WindowState.removeIfPossible:2720 
05-16 01:10:01.658  1834  1859 I HwDisplayContentEx: currentFocus windowstate not null
05-16 01:10:01.658  1834  1859 D ZrHung.AppEyeFocusWindow: FocusWindowErrorScene cancelCheckFreezeScreen
05-16 01:10:01.658  1834  1859 I HwDisplayContentEx: trans currentFocus windowstate not null
05-16 01:10:01.658  1834  1859 D ZrHung.AppEyeTransparentWindow: TransparentWindow mHungConfigStatus = 0,mHungConfigEnable = 1
05-16 01:10:01.659  1834  1859 I WindowManager: Checking 1 opening apps (frozen=false timeout=false)...
05-16 01:10:01.660  1834  1859 I WindowManager: Check opening app=AppWindowToken{78f3d1c token=Token{64f768f ActivityRecord{e34f1f0 u0 com.huawei.android.launcher/.unihome.UniHomeLauncher t1}}}: allDrawn=false startingDisplayed=false startingMoved=false isRelaunching()=false startingWindow=null
05-16 01:10:01.660  2648  3523 D ScenarioService: front pkg : com.huawei.android.launcher launcher: true
05-16 01:10:01.660  2648  3523 I AppsUsage: scnOff:false FgAPP:com.huawei.android.launcher BgAPP:com.mars.infra.trace
05-16 01:10:01.660   530   530 I hwservicemanager: getTransport: Cannot find entry vendor.huawei.hardware.graphics.hwcinterface@1.1::IHwcInterface/default in either framework or device manifest.
05-16 01:10:01.660   704 17882 W hwcomposer: [HWCTURBOMANAGER] init: IHwcInterface::tryGetService failed!  
05-16 01:10:01.662   719   719 E DE H =DE: setAmoled:522: can not support this mode: MODE_AMOLED!
05-16 01:10:01.662   731   731 D lights  : write_int open fd=6
05-16 01:10:01.663   675 26102 I netd    : trafficSwapActiveStatsMap() <0.41ms>
05-16 01:10:01.665  2648  3658 I PG_ash  : front pkg : com.huawei.android.launcher
05-16 01:10:01.665  1834  2984 W         : Failed to UpdateQosForCgroupInner, tid=0, policy=10
05-16 01:10:01.665  9635 25914 I CAWARENESS_AppUsageManager: Repeat info, don't need publish
