05-16 01:10:01.666  2451 28718 I Hicom_Monitor: mActivityNotifierEx, className = com.huawei.android.launcher.unihome.UniHomeLauncher, uid = 10065
05-16 01:10:01.666  2451  2748 D DollieActivityManagerAdapter: [Resumed] bg:false pid:2686 uid:10065 ComponentInfo{com.huawei.android.launcher/com.huawei.android.launcher.unihome.UniHomeLauncher}
05-16 01:10:01.666  2451  2748 E DollieAdapterService: notifyActivityState pkg:com.huawei.android.launcher/com.huawei.android.launcher.unihome.UniHomeLauncher state:2 fg:true mUid:10065
05-16 01:10:01.666  2451  2748 I OllieMsgCenter: publishEvt=2130771985
05-16 01:10:01.666  2451  2748 D ForegroundDataOpt: is APK changed:false uid:10065 mBgLimitLevel:0
05-16 01:10:01.666   746  2098 D AudioPolicyService: getUidState(10357) cacheIter->second.first, return cacheIter->second.second(2)
05-16 01:10:01.666   746  2098 D AudioPolicyService: getUidState(10357) !cacheIter->second.first, return PROCESS_STATE_UNKNOWN
05-16 01:10:01.667  1094  1176 D AAL     : onBacklightChanged: 228/1023 -> 239/1023(phy:478/4095)
05-16 01:10:01.667  1094  1176 D AAL     : LABC: LABC after setTarget isSmoothBacklight=0 
05-16 01:10:01.667  2531 21162 I OPCollectLog: AppChangeImpl:call onAppChange.
05-16 01:10:01.668  2531 10191 I OPCollectLog: HwForegroundAppAction:handleMessage 
05-16 01:10:01.668  2531 10191 D OPCollectLog: HwForegroundAppAction:FG executeWithArgs
05-16 01:10:01.668  2531 10191 I OPCollectLog: OPCollectUtils:ODMF Api Version:2.16.3
05-16 01:10:01.668  2531 10191 I OPCollectLog: Action:HwForegroundAppAction executed successfully
05-16 01:10:01.668  2648  3737 I PGServer: report state:10000 event type:2 pid:0 uid:0 pkg:com.mars.infra.trace to pid: 1834
05-16 01:10:01.668  2531 10191 D OPCollectLog: OdmfCollectScheduler:handleMessage msg: 4
05-16 01:10:01.668  2531 10191 I OPCollectLog: OdmfHelper:opcollectCache 1
05-16 01:10:01.668  2531 10191 I OPCollectLog: OdmfHelper:opcollectCache curTime: 1837259516, interval: 30946
05-16 01:10:01.668  2648  3737 I PGServer: report state:10000 event type:2 pid:0 uid:0 pkg:com.mars.infra.trace to pid: 2648
05-16 01:10:01.668  2648  3737 I SceneReceiver: state type: 10000 eventType:2 pid:0 uid:0 pkg:com.mars.infra.trace
05-16 01:10:01.668  2648  3737 I PGServer: report state:10010 event type:1 pid:0 uid:0 pkg:com.huawei.android.launcher to pid: 1834
05-16 01:10:01.669  2648  3737 I PGServer: report state:10010 event type:1 pid:0 uid:0 pkg:com.huawei.android.launcher to pid: 2648
05-16 01:10:01.669  2648  3737 I ApsAppsTypeHandler: APS: APK: ApsAppsTypeHandler.getInstance, sInstance = com.huawei.android.hwaps.o@72c8c2b
05-16 01:10:01.669  2648  5157 I PGServer: checkPkgType. calling pkg: android
05-16 01:10:01.669  1834  1856 D StatusBarManagerService: win:Window{8c63ef1 u0 com.huawei.android.launcher/com.huawei.android.launcher.unihome.UniHomeLauncher}mIsColorEnable:truelight:false
05-16 01:10:01.669  2648  3737 I SceneReceiver: state type: 10010 eventType:1 pid:0 uid:0 pkg:com.huawei.android.launcher
05-16 01:10:01.669  1834  1856 I StatusBarDisable: setFlags what=0 which=1 pkg=Window{8c63ef1 u0 com.huawei.android.launcher/com.huawei.android.launcher.unihome.UniHomeLauncher}
05-16 01:10:01.669  1834  2975 I HwBastetService: current len less then 0, need return!
05-16 01:10:01.669  1834  2975 I DE J DES: [effect] Pg pkg:com.huawei.android.launcher
05-16 01:10:01.670  2256 20441 D HwCommandQueue: CommandQueue, set Launcher StatusBar Color
05-16 01:10:01.669  1834  2975 I HwBastetService: current len less then 0, need return!
05-16 01:10:01.671  2531 10191 I OPCollectLog: OdmfHelper:isCharging: true
05-16 01:10:01.673  2531 10191 I OPCollectLog: OdmfHelper:insert database success 
05-16 01:10:01.673  2531 10191 I OPCollectLog: OdmfHelper:opcollectCache size: 1
05-16 01:10:01.673  2531 10191 I OPCollectLog: OdmfHelper:opcollectCache lastTime: 1837259521
05-16 01:10:01.673  2648  5154 W ThermalTraceTool: IOException:java.io.IOException: read failed: EIO (I/O error)
05-16 01:10:01.673   675 26102 I netd    : trafficSwapActiveStatsMap() <2.02ms>
05-16 01:10:01.674  6831  7060 I HiDecision: OdmfCollectScheduler: OdmfCtrlMsgHandler receive msg type: 6
05-16 01:10:01.677   719   719 E DE H =DE: setAmoled:522: can not support this mode: MODE_AMOLED!
05-16 01:10:01.677   530   530 I hwservicemanager: getTransport: Cannot find entry vendor.huawei.hardware.graphics.hwcinterface@1.1::IHwcInterface/default in either framework or device manifest.
05-16 01:10:01.677   704 17882 W hwcomposer: [HWCTURBOMANAGER] init: IHwcInterface::tryGetService failed!  
05-16 01:10:01.678  2686  2686 D DecorView: showOrHideHighlightView: hasFocus=true; winMode=1; isMrgNull=true
05-16 01:10:01.678   731   731 D lights  : write_int open fd=6
05-16 01:10:01.672   994   994 W BatteryHandler: type=1400 audit(0.0:221150): avc: denied { read } for pid=994 name="temp" dev="sysfs" ino=41501 scontext=u:r:dubaid:s0 tcontext=u:object_r:sysfs_pg:s0 tclass=lnk_file permissive=0
05-16 01:10:01.679  2686  2686 W HwRemoteInputMethodManager: isCasting false because IHwDistributedWindowManager is invalid.
05-16 01:10:01.680  1834  2916 D HwInputMethodManagerService: isSecMethodUsing = false
05-16 01:10:01.683  1094  1176 D AAL     : onBacklightChanged: 239/1023 -> 250/1023(phy:500/4095)
05-16 01:10:01.683  1094  1176 D AAL     : LABC: LABC after setTarget isSmoothBacklight=0 
05-16 01:10:01.692  1105  1303 E Parcel  : Reading a NULL string not supported here.
05-16 01:10:01.692  1105  1303 I chatty  : uid=0(root) smart_parser identical 1 line
05-16 01:10:01.692  1105  1303 E Parcel  : Reading a NULL string not supported here.
05-16 01:10:01.692   719   719 E DE H =DE: setAmoled:522: can not support this mode: MODE_AMOLED!
05-16 01:10:01.692   731   731 D lights  : write_int open fd=6
05-16 01:10:01.693   530   530 I hwservicemanager: getTransport: Cannot find entry vendor.huawei.hardware.graphics.hwcinterface@1.1::IHwcInterface/default in either framework or device manifest.
05-16 01:10:01.693   704 17882 W hwcomposer: [HWCTURBOMANAGER] init: IHwcInterface::tryGetService failed!  
05-16 01:10:01.699  1094  1176 D AAL     : onBacklightChanged: 250/1023 -> 261/1023(phy:522/4095)
05-16 01:10:01.699  1094  1176 D AAL     : LABC: LABC after setTarget isSmoothBacklight=0 
05-16 01:10:01.700  1094  1176 D AAL     : 05-16 01:10:01.633 BL= 217,ESS= 256, 05-16 01:10:01.650 BL= 228,ESS= 256, 05-16 01:10:01.667 BL= 239,ESS= 256, 05-16 01:10:01.683 BL= 250,ESS= 256, 05-16 01:10:01.700 BL= 261,ESS= 256, 
05-16 01:10:01.700  1834  1859 I WindowManager: Checking 1 opening apps (frozen=false timeout=false)...
05-16 01:10:01.700  1834  1859 I WindowManager: Check opening app=AppWindowToken{78f3d1c token=Token{64f768f ActivityRecord{e34f1f0 u0 com.huawei.android.launcher/.unihome.UniHomeLauncher t1}}}: allDrawn=true startingDisplayed=false startingMoved=false isRelaunching()=false startingWindow=null
05-16 01:10:01.700  1834  1859 I WindowManager: Checking 0 opening apps (frozen=false timeout=false)...
05-16 01:10:01.700  1834  1859 I WindowManager: send SET_LAUNCHER_VISIBLE_IN_FINGER_BOOST visible: true,delay:0, handle:true, userId:0, callingPid: 1834
05-16 01:10:01.700  1834  1859 I HwWindowManagerServiceEx: closing apps count = 1
05-16 01:10:01.701  1834  1859 D HwWindowManagerServiceEx: is app exit to launcher info: transit = 26, app = AppWindowToken{acf792d token=Token{c13c444 ActivityRecord{6de8ad6 u0 com.mars.infra.trace/com.mars.infra.fusion.MainActivity t303}}} mIsExiting=, window = null, mClosingApps = {AppWindowToken{acf792d token=Token{c13c444 ActivityRecord{6de8ad6 u0 com.mars.infra.trace/com.mars.infra.fusion.MainActivity t303}}} mIsExiting=}, topOpeningApp = AppWindowToken{78f3d1c token=Token{64f768f ActivityRecord{e34f1f0 u0 com.huawei.android.launcher/.unihome.UniHomeLauncher t1}}}, mExitIconBitmap = android.graphics.Bitmap@2b0a9d1, mExitIconHeight = 180, mExitIconWidth = 180
05-16 01:10:01.701  1834  1859 V WindowManager: commitVisibility: AppWindowToken{acf792d token=Token{c13c444 ActivityRecord{6de8ad6 u0 com.mars.infra.trace/com.mars.infra.fusion.MainActivity t303}}} mIsExiting=: hidden=true hiddenRequested=true
05-16 01:10:01.701  1834  1859 D HwWindowManagerServiceEx: is app exit to launcher info: transit = 26, app = AppWindowToken{78f3d1c token=Token{64f768f ActivityRecord{e34f1f0 u0 com.huawei.android.launcher/.unihome.UniHomeLauncher t1}}}, window = Window{8c63ef1 u0 com.huawei.android.launcher/com.huawei.android.launcher.unihome.UniHomeLauncher}, mClosingApps = {AppWindowToken{acf792d token=Token{c13c444 ActivityRecord{6de8ad6 u0 com.mars.infra.trace/com.mars.infra.fusion.MainActivity t303}}} mIsExiting=}, topOpeningApp = AppWindowToken{78f3d1c token=Token{64f768f ActivityRecord{e34f1f0 u0 com.huawei.android.launcher/.unihome.UniHomeLauncher t1}}}, mExitIconBitmap = android.graphics.Bitmap@2b0a9d1, mExitIconHeight = 180, mExitIconWidth = 180
05-16 01:10:01.701  1834  1859 E WindowManager: icon is null!!
05-16 01:10:01.701  1834  1859 V WindowManager: commitVisibility: AppWindowToken{78f3d1c token=Token{64f768f ActivityRecord{e34f1f0 u0 com.huawei.android.launcher/.unihome.UniHomeLauncher t1}}}: hidden=false hiddenRequested=false
05-16 01:10:01.702  1834  1859 W WindowManager: Failed to take screenshot. No visible windows for {taskId=303 appTokens=[AppWindowToken{acf792d token=Token{c13c444 ActivityRecord{6de8ad6 u0 com.mars.infra.trace/com.mars.infra.fusion.MainActivity t303}}} mIsExiting=] mdr=true}
05-16 01:10:01.704  1834  1985 V ActivityTaskManager: Activity idle: Token{64f768f ActivityRecord{e34f1f0 u0 com.huawei.android.launcher/.unihome.UniHomeLauncher t1}}
05-16 01:10:01.705   743   779 I libPowerHal: [PD] scn:8 hint:LAUNCH
05-16 01:10:01.705  1834  2407 W AwareLog: SysLoadManager: check status do nothing
05-16 01:10:01.705  1834  1886 I PowerManagerService: handleSandman: wakefulness: 1,startDreaming: false
05-16 01:10:01.706   743   779 I libPowerHal: LAUNCH: cpu_ctrl set cpu freq: -1 -1 -1 -1
05-16 01:10:01.706   743   779 I libPowerHal: [PD] LAUNCH update cmd:1000000, param:1
05-16 01:10:01.706  1834  1858 I WindowManager: handle SET_LAUNCHER_VISIBLE_IN_FINGER_BOOST visible:true handle:trueuserId:0, currentUserId:0
05-16 01:10:01.707   743   779 I libPowerHal: [PD] LAUNCH update cmd:1408300 param:0
05-16 01:10:01.707  1834  1858 D WindowManager: setLauncherVisibleInFingerBoost record=ActivityRecord{e34f1f0 u0 com.huawei.android.launcher/.unihome.UniHomeLauncher t1}
05-16 01:10:01.707  1834  1858 I WindowManager: setLauncherVisible setAlpha to 1.0
05-16 01:10:01.708  1834  1858 D WindowManager: setLauncherVisible wallpaperScale=false
05-16 01:10:01.708   719   719 E DE H =DE: setAmoled:522: can not support this mode: MODE_AMOLED!
05-16 01:10:01.709   731   731 D lights  : write_int open fd=6
05-16 01:10:01.710   530   530 I hwservicemanager: getTransport: Cannot find entry vendor.huawei.hardware.graphics.hwcinterface@1.1::IHwcInterface/default in either framework or device manifest.
05-16 01:10:01.710   704 17882 W hwcomposer: [HWCTURBOMANAGER] init: IHwcInterface::tryGetService failed!  
05-16 01:10:01.716  1094  1176 D AAL     : onBacklightChanged: 261/1023 -> 272/1023(phy:544/4095)
05-16 01:10:01.716  1094  1176 D AAL     : LABC: LABC after setTarget isSmoothBacklight=0 
05-16 01:10:01.719  2686  3030 I HwLauncher: LocalTaskList loadTasksInBackground:0 numTasks:3 currentUserId:0
05-16 01:10:01.725  1834  1859 I WindowManager: Animation done in AppWindowToken{78f3d1c token=Token{64f768f ActivityRecord{e34f1f0 u0 com.huawei.android.launcher/.unihome.UniHomeLauncher t1}}} isHidden:false hiddenRequested:false
05-16 01:10:01.725   719   719 E DE H =DE: setAmoled:522: can not support this mode: MODE_AMOLED!
05-16 01:10:01.725  1834  1859 I WindowManager: Animation done in AppWindowToken{acf792d token=Token{c13c444 ActivityRecord{6de8ad6 u0 com.mars.infra.trace/com.mars.infra.fusion.MainActivity t303}}} mIsExiting= isHidden:true hiddenRequested:true
05-16 01:10:01.725  1834  1859 I WindowManager: Exit animation finished in Window{e5557dc u0 Splash Screen com.mars.infra.trace EXITING}: remove=true
05-16 01:10:01.725  1834  1859 E WindowManager: win=Window{e5557dc u0 Splash Screen com.mars.infra.trace EXITING} destroySurfaces: appStopped=false win.mWindowRemovalAllowed=true win.mRemoveOnExit=true
05-16 01:10:01.726   731   731 D lights  : write_int open fd=6
05-16 01:10:01.726   530   530 I hwservicemanager: getTransport: Cannot find entry vendor.huawei.hardware.graphics.hwcinterface@1.1::IHwcInterface/default in either framework or device manifest.
05-16 01:10:01.726   704 17882 W hwcomposer: [HWCTURBOMANAGER] init: IHwcInterface::tryGetService failed!  
05-16 01:10:01.726  1834  1859 I WindowManager: postWindowRemoveCleanupLocked: Window{e5557dc u0 Splash Screen com.mars.infra.trace}
05-16 01:10:01.726  1834  1859 I WindowManager: Removing Window{e5557dc u0 Splash Screen com.mars.infra.trace} from AppWindowToken{acf792d token=Token{c13c444 ActivityRecord{6de8ad6 u0 com.mars.infra.trace/com.mars.infra.fusion.MainActivity t303}}} mIsExiting=
05-16 01:10:01.729  1834  1859 V WindowManager: commitVisibility: AppWindowToken{acf792d token=Token{c13c444 ActivityRecord{6de8ad6 u0 com.mars.infra.trace/com.mars.infra.fusion.MainActivity t303}}} mIsExiting=: hidden=true hiddenRequested=true
05-16 01:10:01.729  1834  1859 I WindowManager: Animation done in AppWindowToken{acf792d token=Token{c13c444 ActivityRecord{6de8ad6 u0 com.mars.infra.trace/com.mars.infra.fusion.MainActivity t303}}} mIsExiting= isHidden:true hiddenRequested:true
05-16 01:10:01.729  1834  1859 W WindowManager: Failed to take screenshot. No visible windows for {taskId=303 appTokens=[AppWindowToken{acf792d token=Token{c13c444 ActivityRecord{6de8ad6 u0 com.mars.infra.trace/com.mars.infra.fusion.MainActivity t303}}} mIsExiting=] mdr=false}
05-16 01:10:01.730  1834  1859 V WindowManager: removeAppToken: AppWindowToken{acf792d token=Token{c13c444 ActivityRecord{6de8ad6 u0 com.mars.infra.trace/com.mars.infra.fusion.MainActivity t303}}} mIsExiting= delayed=false Callers=com.android.server.wm.AppWindowToken.removeImmediately:1193 com.android.server.wm.WindowContainer.removeImmediately:370 com.android.server.wm.Task.removeImmediately:277 com.android.server.wm.WindowContainer.removeImmediately:370 com.android.server.wm.TaskStack.removeImmediately:1063 com.android.server.wm.TaskStack.checkCompleteDeferredRemoval:2060 com.android.server.wm.WindowContainer.checkCompleteDeferredRemoval:743 com.android.server.wm.WindowContainer.checkCompleteDeferredRemoval:743 com.android.server.wm.DisplayContent.checkCompleteDeferredRemoval:3287 
05-16 01:10:01.730  1834  1859 I WindowManager: removeWindowToken: displayid:0 binder:Token{c13c444 ActivityRecord{6de8ad6 u0 com.mars.infra.trace/com.mars.infra.fusion.MainActivity t-1 f}} token:null
05-16 01:10:01.730  1105  1305 I HiView  : Begin report 901001004
05-16 01:10:01.730  1105  1305 I HiEvent : Flatten done: 901001004
05-16 01:10:01.732  1094  1176 D AAL     : onBacklightChanged: 272/1023 -> 283/1023(phy:566/4095)
05-16 01:10:01.732  1094  1176 D AAL     : LABC: LABC after setTarget isSmoothBacklight=0 
05-16 01:10:01.734  2648  3523 I ScenarioService: refresh visibleApp:[com.huawei.android.launcher]
05-16 01:10:01.734  2648  3523 I PGServer: report state:14 event type:1 pid:-1 uid:-1 pkg:com.huawei.android.launcher to pid: 2648
05-16 01:10:01.734  2648  3523 I ApsAppsTypeHandler: APS: APK: ApsAppsTypeHandler.getInstance, sInstance = com.huawei.android.hwaps.o@72c8c2b
05-16 01:10:01.734  2648  3523 I ApsAccKitAdapter: APS: APK: ApsAccKitAdapter: not setNotifyInfo
05-16 01:10:01.734   982  2868 I AGPService: aps-info: focus pkgName - com.huawei.android.launcher, with 0 more apps
05-16 01:10:01.734  2648  3658 I PG_ash  : com.mars.infra.trace become invisible
05-16 01:10:01.734   982  2868 I AGPService: FrameRateManager: aps-info: new pkgName - com.huawei.android.launcher, type - 28
05-16 01:10:01.735   982  2868 I AGPService: GpuPolicyManager: m_currentPkgName - com.huawei.android.launcher
05-16 01:10:01.741   719   719 E DE H =DE: setAmoled:522: can not support this mode: MODE_AMOLED!
05-16 01:10:01.741   731   731 D lights  : write_int open fd=6
05-16 01:10:01.744   530   530 I hwservicemanager: getTransport: Cannot find entry vendor.huawei.hardware.graphics.hwcinterface@1.1::IHwcInterface/default in either framework or device manifest.
05-16 01:10:01.744   704 17882 W hwcomposer: [HWCTURBOMANAGER] init: IHwcInterface::tryGetService failed!  
05-16 01:10:01.749  1094  1176 D AAL     : onBacklightChanged: 283/1023 -> 294/1023(phy:588/4095)
05-16 01:10:01.749  1094  1176 D AAL     : LABC: LABC after setTarget isSmoothBacklight=0 
05-16 01:10:01.758   719   719 E DE H =DE: setAmoled:522: can not support this mode: MODE_AMOLED!
05-16 01:10:01.758   731   731 D lights  : write_int open fd=6
05-16 01:10:01.730  1834  1859 I WindowManager: removeWindowToken: displayid:0 binder:Token{c13c444 ActivityRecord{6de8ad6 u0 com.mars.infra.trace/com.mars.infra.fusion.MainActivity t-1 f}} token:null
05-16 01:10:01.760  2451  2748 I PositionFenceSignalCollect: position fence recognize by cell and serve ap fail, no cell datas
05-16 01:10:01.765  1094  1176 D AAL     : onBacklightChanged: 294/1023 -> 305/1023(phy:610/4095)
05-16 01:10:01.765  1094  1176 D AAL     : LABC: LABC after setTarget isSmoothBacklight=0 
05-16 01:10:01.774   719   719 E DE H =DE: setAmoled:522: can not support this mode: MODE_AMOLED!
05-16 01:10:01.774   731   731 D lights  : write_int open fd=6
05-16 01:10:01.782  1094  1176 D AAL     : onBacklightChanged: 305/1023 -> 316/1023(phy:632/4095)
05-16 01:10:01.782  1094  1176 D AAL     : LABC: LABC after setTarget isSmoothBacklight=0 
05-16 01:10:01.782  1094  1176 D AAL     : 05-16 01:10:01.716 BL= 272,ESS= 256, 05-16 01:10:01.733 BL= 283,ESS= 256, 05-16 01:10:01.749 BL= 294,ESS= 256, 05-16 01:10:01.766 BL= 305,ESS= 256, 05-16 01:10:01.782 BL= 316,ESS= 256, 
05-16 01:10:01.791   719   719 E DE H =DE: setAmoled:522: can not support this mode: MODE_AMOLED!
05-16 01:10:01.791   731   731 D lights  : write_int open fd=6
05-16 01:10:01.798  1094  1176 D AAL     : onBacklightChanged: 316/1023 -> 327/1023(phy:654/4095)
05-16 01:10:01.798  1094  1176 D AAL     : LABC: LABC after setTarget isSmoothBacklight=0 
05-16 01:10:01.808   719   719 E DE H =DE: setAmoled:522: can not support this mode: MODE_AMOLED!
05-16 01:10:01.808   731   731 D lights  : write_int open fd=6
05-16 01:10:01.815  1094  1176 D AAL     : onBacklightChanged: 327/1023 -> 337/1023(phy:674/4095)
05-16 01:10:01.815  1094  1176 D AAL     : LABC: LABC after setTarget isSmoothBacklight=0 
05-16 01:10:01.823  1834  1886 I DisplayPowerController: mPowerState.mScreenChangedReason: 65539 mPendingRequestLocked.mScreenChangeReason 65539
05-16 01:10:01.824  1834  1886 I DisplayPowerController: Animating brightness: target=46, rate=60,brightnessTargetReal=46,AutoBrightness=true
05-16 01:10:01.824   719   719 E DE H =DE: setAmoled:522: can not support this mode: MODE_AMOLED!
05-16 01:10:01.824  1834  1886 D FpDataCollector: case xxx, not a fingerprint unlock 
05-16 01:10:01.825   731   731 D lights  : write_int open fd=6
05-16 01:10:01.831  1094  1176 D AAL     : onBacklightChanged: 337/1023 -> 348/1023(phy:696/4095)
05-16 01:10:01.831  1094  1176 D AAL     : LABC: LABC after setTarget isSmoothBacklight=0 
05-16 01:10:01.848  1094  1176 D AAL     : 05-16 01:10:01.799 BL= 327,ESS= 256, 05-16 01:10:01.815 BL= 337,ESS= 256, 05-16 01:10:01.832 BL= 348,ESS= 256, 
05-16 01:10:01.855   743   779 I libPowerHal: [PD] scn:62 hdl:13 user:iawareperf@1.0- pid:728 tid:1000
05-16 01:10:01.855   743   779 I libPowerHal: iawareperf@1.0-: hard user limit set cpu freq: 1750000 -1 1993000 -1
05-16 01:10:01.856   743   779 I libPowerHal: [PD] scn:61 hdl:12 user:iawareperf@1.0- pid:728 tid:1000
05-16 01:10:01.902   675 26102 I netd    : trafficSwapActiveStatsMap() <0.20ms>
05-16 01:10:01.900   994   994 W BatteryHandler: type=1400 audit(0.0:221152): avc: denied { read } for pid=994 name="temp" dev="sysfs" ino=41501 scontext=u:r:dubaid:s0 tcontext=u:object_r:sysfs_pg:s0 tclass=lnk_file permissive=0
05-16 01:10:01.900   994   994 W BatteryHandler: type=1400 audit(0.0:221153): avc: denied { read } for pid=994 name="temp" dev="sysfs" ino=41501 scontext=u:r:dubaid:s0 tcontext=u:object_r:sysfs_pg:s0 tclass=lnk_file permissive=0
05-16 01:10:01.904   675 26102 I netd    : trafficSwapActiveStatsMap() <0.14ms>
05-16 01:10:01.963   833   833 E afehal  : Write FW command: A0 03 02
05-16 01:10:01.978   833   833 I aptouch_daemon: check_idle_status, idle in. 100
05-16 01:10:02.072   982  2868 I AGPService: aps-info: focus pkgName - com.mars.infra.trace, with 0 more apps
05-16 01:10:02.072   982  2868 E AGPService: FrameRateManager: iaware strange app type: -1
05-16 01:10:02.072   982  2868 I AGPService: FrameRateManager: aps-info: new pkgName - com.mars.infra.trace, type - -1
05-16 01:10:02.073   982  2868 I AGPService: GpuPolicyManager: m_currentPkgName - com.mars.infra.trace
05-16 01:10:02.120  1834  1858 W ActivityTaskManager: Activity top resumed state loss timeout for ActivityRecord{6de8ad6 u0 com.mars.infra.trace/com.mars.infra.fusion.MainActivity t-1 f}
05-16 01:10:02.141   690   690 D AudioALSAHardware: -getParameters()
05-16 01:10:02.143  1834  2094 I HwAudioServiceEx: HwAudioHandlerEx receive unknown msg
05-16 01:10:02.181  8500 25877 I NetworkKit_CountryCodeBean: pool-5-thread-519|null|com.huawei.hms.framework.network.grs.local.model.CountryCodeBean|init|2|countryCode by ro.hw.country is: cn
05-16 01:10:02.182  8500 25877 I NetworkKit_CountryCodeBean: pool-5-thread-519|null|com.huawei.hms.framework.network.grs.local.model.CountryCodeBean|<init>|9|get issue_country code from VENDOR_COUNTRY
05-16 01:10:02.188  8500 25878 I HwMSDPMovementManager: getCurrentMovement type 0
05-16 01:10:02.188  8500 25878 E HwMSDPMovementManager: mService is null.
05-16 01:10:02.212   994  1230 D dubaid  : [BufferedLogServer.cpp] ReceiveMessage# Received buffered log from dubai_driver-0
05-16 01:10:02.212   994  1230 D dubaid  : [BufferedLogServer.cpp] ReceiveMessage# Received buffered log from dubai_driver-0
05-16 01:10:02.254   675  1172 I         : ApiCount[0, 0, 1, 617, 0, 0, 0, 175, 172, 0, 3427, 2122, 0, 126, 80, 0, 82, 0, 11440, 39014]
05-16 01:10:02.432  9327  9838 I ContentSensor_PackageUtil: pkgName : com.huawei.android.launcher
05-16 01:10:02.657  9327  9838 I ContentSensor_PackageUtil: pkgName : com.huawei.android.launcher
05-16 01:10:02.905  1064  5249 I Pged-IPgedBinderService: ****action is 2, pid num is 5***
05-16 01:10:02.905  1064  5249 I Pged-Freezer: thawPids
05-16 01:10:02.905  2648  3653 D PgedBinderAdapter: unF_Z ok, pid: [23410, 2282, 23604, 21043]
05-16 01:10:02.906  1834  2975 E WifiPermissionsUtil: getUidPermission is DENIED and permissionType android.permission.ACCESS_FINE_LOCATIONuid 10024
05-16 01:10:02.906  1834  2975 E WifiService: enforceCanAccessScanResults: hiding ssid and bssidUID 10024 has no location permission
05-16 01:10:02.908  1834  1985 E WifiPermissionsUtil: getUidPermission is DENIED and permissionType android.permission.ACCESS_FINE_LOCATIONuid 10024
05-16 01:10:02.908  1834  1985 E WifiService: enforceCanAccessScanResults: hiding ssid and bssidUID 10024 has no location permission
05-16 01:10:02.909  1834  1985 E WifiPermissionsUtil: getUidPermission is DENIED and permissionType android.permission.ACCESS_FINE_LOCATIONuid 10024
05-16 01:10:03.192  1834  2984 V ActivityManager: Successfully start provider ContentProviderRecord{c52873f u0 com.huawei.android.totemweather/.provider.SharedPreferenceProvider} launchingApp=null caller pid= 2686
05-16 01:10:02.909  1834  1985 E WifiService: enforceCanAccessScanResults: hiding ssid and bssidUID 10024 has no location permission
05-16 01:10:03.205   675 26102 I netd    : trafficSwapActiveStatsMap() <0.34ms>
05-16 01:10:03.212   704   786 I hwcomposer: [HWCDisplay] [Display_0 (type:1)] fps:17.375511,dur:1899.22,max:1372.19,min:13.58  
05-16 01:10:03.250  1086  1179 I HfLooper: als lux = 56.000000 , rawdata1 =218.000000., rawdata1 = 12.000000
05-16 01:10:03.291  1834  2065 I TrafficMonitor: update:rxPkts:0,txPkts:0,rxBytes:0,txBytes:0
05-16 01:10:03.291  1834  2065 I TrafficMonitor: gettimer:interval=2000
05-16 01:10:03.394 23907 23964 D LogUtil_LogConfig: getLogFile(): logFilePath = /storage/emulated/0/Android/data/com.huawei.meetime/files/mtlog/hidscalog/
05-16 01:10:03.395  2451  2748 I SpeedTestNotifier: is low speed scene
05-16 01:10:03.556   833   833 I aptouch_daemon: check_idle_status, idle out.
05-16 01:10:03.557   833   833 I aptouch_daemon: print_log, touch:1, down:1 (+0)
05-16 01:10:03.557  1834  1888 I osfingersense: Acc read ok
05-16 01:10:03.557  1834  2037 D fingersense_manager: Calling fingersense_classify_touch()
05-16 01:10:03.557  1834  1888 I osfingersense: osf: wait tp event in
05-16 01:10:03.557  1834  2037 I osfingersense: fingersense_classify_touch: entrance, v2.5 with 1.0 bin
05-16 01:10:03.557  1834  2037 I osfingersense: touch down-id: 0
05-16 01:10:03.558  1834  2037 I osfingersense: fingersense_classify_touch: M F: 1210.076782
05-16 01:10:03.558  1834  2037 I osfingersense: fingersense_classify_touch: P M F: 824.586609
05-16 01:10:03.558  1834  2037 I osfingersense: fingersense_classify_touch: P: 400.000000
05-16 01:10:03.558  1834  2037 I osfingersense: fingersense_classify_touch: N A: 0.030139
05-16 01:10:03.558  1834  2037 I osfingersense: fingersense_classify_touch: N S: 0.001792
05-16 01:10:03.558  1834  2037 I osfingersense: fingersense_classify_touch: M U: 9048.273438
05-16 01:10:03.558  1834  2037 I osfingersense: fingersense_classify_touch: G: 418.000000
05-16 01:10:03.558  1834  2037 I osfingersense: fingersense_classify_touch: valid and B--Fft
05-16 01:10:03.558  1834  2037 I osfingersense: fingersense_classify_touch acc model off
05-16 01:10:03.558  1834  2037 I osfingersense: fingersense_classify_touch: Part IV
05-16 01:10:03.558  1834  2037 I osfingersense: Part IV B
05-16 01:10:03.558  1834  2037 I osfingersense: fingersense_classify_touch: inference = 0
05-16 01:10:03.558  1834  2037 D fingersense_manager: fingersense_classify_touch() finished
05-16 01:10:03.558  1834  2037 I HwFingersSnapshooter: handleMotionEvent first finger(0) touch down at (681.0,1829.0)
05-16 01:10:03.559  1834  2036 I InputDispatcher: stylus touch down, set lcd event 1
05-16 01:10:03.559  1834  2036 I chatty  : uid=1000(system) InputDispatcher identical 2 lines
05-16 01:10:03.559  1834  2036 I InputDispatcher: stylus touch down, set lcd event 1
05-16 01:10:03.559  2686  2686 I RMS.HwSysResManager: preloadAppForLauncher packageName com.mars.infra.trace preloadType 101
05-16 01:10:03.193  1834  2984 V ActivityManager: Successfully start provider ContentProviderRecord{c52873f u0 com.huawei.android.totemweather/.provider.SharedPreferenceProvider} launchingApp=null caller pid= 2686
05-16 01:10:03.560  1834  1886 I PowerManagerService: handleSandman: wakefulness: 1,startDreaming: false
05-16 01:10:03.560  1834  1856 I NavigationBarPolicy: pointY:1829.0realSize.y:2400HIT_REGION_TO_MAX:33
05-16 01:10:03.560  1834  2030 I BigFontUtils: adjustAppProcessConfiguration appInfo:com.mars.infra.trace
05-16 01:10:03.561   743   779 I libPowerHal: [PE] scn:57 hdl:8 user:iawareperf@1.0- pid:728 tid:1000
05-16 01:10:03.562   743   779 I libPowerHal: [PE] scn:64 hdl:15 user:iawareperf@1.0- pid:728 tid:1000
05-16 01:10:03.566   746  2098 D AudioPolicyService: getUidState(10357) !cacheIter->second.first, return PROCESS_STATE_UNKNOWN
05-16 01:10:03.566   746  2098 D AudioPolicyService: getUidState(10357) !cacheIter->second.first, return PROCESS_STATE_UNKNOWN
05-16 01:10:03.579   676   676 D Zygote  : Forked child process 26135
05-16 01:10:03.582  1834  1876 I ActivityManager: Start proc 26135:com.mars.infra.trace/u0a357 for start application com.mars.infra.trace
05-16 01:10:03.589 26135 26135 I ars.infra.trac: Late-enabling -Xcheck:jni
05-16 01:10:03.609 26135 26135 E libc    : Access denied finding property "persist.device_config.runtime_native.use_app_image_startup_cache"
05-16 01:10:03.609 26135 26135 E ars.infra.trac: LoadAppImageStartupCache enabled : 1
05-16 01:10:03.609 26135 26135 E ars.infra.trac: Unknown bits set in runtime_flags: 0x8000
05-16 01:10:03.604 26135 26135 W ars.infra.trac: type=1400 audit(0.0:221154): avc: denied { read } for pid=26135 name="u:object_r:device_config_runtime_native_prop:s0" dev="tmpfs" ino=16090 scontext=u:r:untrusted_app:s0:c101,c257,c512,c768 tcontext=u:object_r:device_config_runtime_native_prop:s0 tclass=file permissive=0
05-16 01:10:03.610 26135 26135 I ars.infra.trac: Reinit property: dalvik.vm.checkjni= false
05-16 01:10:03.610 26135 26135 I ars.infra.trac: ReInitProperties: persist.vm.debug.dumpapi= false
05-16 01:10:03.621 26135 26135 D ActivityThread: Attach thread to application
05-16 01:10:03.628 26135 26153 I HwActivityThreadImpl: mSocketName: dbb1df2b-c771-49ae-9ce2-5d4dd2304fa0
05-16 01:10:03.628 26135 26153 I HwActivityThreadImpl: initPreloadedSocked end mPreloadStatus 2
05-16 01:10:03.632   833   833 I aptouch_daemon: print_log, touch:0, down:0 
05-16 01:10:03.632  1834  2037 I HwFingersSnapshooter: handleMotionEvent last finger(0) up.
05-16 01:10:03.632  1834  2036 I InputDispatcher: stylus touch up, set lcd event 0
05-16 01:10:03.633  1834  2036 I chatty  : uid=1000(system) InputDispatcher identical 2 lines
05-16 01:10:03.633  1834  2036 I InputDispatcher: stylus touch up, set lcd event 0
05-16 01:10:03.633   743   780 I mtkpower@impl: @Deprecated scnDisable hdl:8
05-16 01:10:03.633   743   779 I libPowerHal: [PD] scn:57 hdl:8 user:iawareperf@1.0- pid:728 tid:1000
05-16 01:10:03.634  2686  2686 V AudioManager: querySoundEffectsEnabled...
05-16 01:10:03.634  1834 28333 D BehaviorCollectorService: data is not enough, invalid data
05-16 01:10:03.635   743   779 I libPowerHal: [PE] scn:58 hdl:9 user:iawareperf@1.0- pid:728 tid:1000
05-16 01:10:03.636  1834  2916 I HwWindowManagerServiceEx: set app win exit info, bundle = Bundle[mParcelledData.dataSize=532], iconBitmap = android.graphics.Bitmap@f9d5b1a
05-16 01:10:03.636  1834  2916 D HwWindowManagerServiceEx: support landscape open anim : true
05-16 01:10:03.636  1834  2916 I HwWindowManagerServiceEx: setLandAnimationInfo : true
05-16 01:10:03.636  1834  2916 I HwWindowManagerServiceEx: set launch origin and target for: com.mars.infra.trace with delay 3000
05-16 01:10:03.636  1834  2916 D HwWindowManagerServiceEx: AnimationTurbo wms set setIconToLayer enter icon
05-16 01:10:03.638   743   779 I libPowerHal: [PE] scn:61 hdl:12 user:iawareperf@1.0- pid:728 tid:1000
05-16 01:10:03.638   743   779 I libPowerHal: iawareperf@1.0-: set gpu opp level max: 0
05-16 01:10:03.638   743   779 I libPowerHal: iawareperf@1.0-: hard user limit set cpu freq: 1750000 -1 1993000 -1
05-16 01:10:03.638  2686 26156 I HwLauncher: GestureUtil MOTION_NOTIFICATION app_start sendBroadcast extra= category: app_start
05-16 01:10:03.638  1834  1834 I DE J DES: [effect] [MOTION_NOTIFICATION] extra:app_start
05-16 01:10:03.639  1834  2984 I ActivityTaskManager: START u0 {act=android.intent.action.MAIN cat=[android.intent.category.LAUNCHER] flg=0x10200000 hwFlg=0x10 cmp=com.mars.infra.trace/com.mars.infra.fusion.MainActivity bnds=[546,1730][798,2037] (has extras)} from uid 10065
05-16 01:10:03.639  1834  2984 I HwActivityTaskManagerServiceEx: developer mode, not limit.
05-16 01:10:03.639  1834  2984 I HWRME LIBHWRME_CLIENT: ResMngMmEvent interface arg 0, 10357
05-16 01:10:03.639  1064  1088 D AwareLog: iawared: pause rcc and gpu compress
05-16 01:10:03.639  1064  1088 W AwareLog: iawared: ChangePropertyContent open /proc/gmc/device0/cancel fail errno(2)!
05-16 01:10:03.639  1834  2984 I ActivityTaskManager: Background activity start: don't abort if calling uid has any visible window or is persistent system process
05-16 01:10:03.639 26135 26154 I ActivityThread: Init compatible state: true
05-16 01:10:03.639  1834  2984 D HwGameAssistantController: isGameForeground? false
05-16 01:10:03.640  1834  2984 I ActivityTaskManager: ActivityRecord info: ActivityInfo{b4297d2 com.mars.infra.fusion.MainActivity}
05-16 01:10:03.640  1834  2984 D ActivityTaskManager: TaskLaunchParamsModifier:task=null activity=ActivityRecord{7dde64b u0 com.mars.infra.trace/com.mars.infra.fusion.MainActivity t-1} display-from-source=0 display-id=0 display-windowing-mode=1
05-16 01:10:03.640  1834  2984 D ActivityTaskManager: TaskLaunchParamsModifier:task=null activity=ActivityRecord{7dde64b u0 com.mars.infra.trace/com.mars.infra.fusion.MainActivity t-1} display-from-source=0 display-id=0 display-windowing-mode=1 activity-options-fullscreen=Rect(0, 0 - 0, 0) inherit-fullscreen non-freeform-display
05-16 01:10:03.640  1834  2984 D ActivityTaskManager: pinned windowing mode is false  pad mirror cast is  false
05-16 01:10:03.640 26135 26154 D HwFrameworkSecurityPartsFactory: HwFrameworkSecurityPartsFactory in.
05-16 01:10:03.640 26135 26154 I HwFrameworkSecurityPartsFactory: add HwFrameworkSecurityPartsFactory to memory.
05-16 01:10:03.642 26135 26154 E BehaviorCollectManager: Fail to acquire dataAnalyzerService...
05-16 01:10:03.642   743   779 I libPowerHal: [PD] scn:64 hdl:15 user:iawareperf@1.0- pid:728 tid:1000
05-16 01:10:03.643  1834  2984 V ActivityTaskManager: addChild: attaching stackId=292 to displayId=0 position=1
05-16 01:10:03.643  1834  2984 V ActivityTaskManager: positionChild stackId=292 to top.
05-16 01:10:03.644  1834  2984 D ActivityTaskManager: TaskLaunchParamsModifier:task=TaskRecord{ea81828 #304 A=10357:com.mars.infra.trace U=0 StackId=292 sz=0} activity=ActivityRecord{7dde64b u0 com.mars.infra.trace/com.mars.infra.fusion.MainActivity t-1} display-from-task=0 display-id=0 display-windowing-mode=1 activity-options-fullscreen=Rect(0, 0 - 0, 0) inherit-fullscreen non-freeform-display
05-16 01:10:03.644 26135 26135 D ApplicationLoaders: createClassLoader zip: /data/app/com.mars.infra.trace-n4M2OKixeB6DqUYNPiUjkw==/base.apk librarySearchPath: /data/app/com.mars.infra.trace-n4M2OKixeB6DqUYNPiUjkw==/lib/arm64 libraryPermittedPath: /data/user/0/com.mars.infra.trace parent: java.lang.BootClassLoader@6b0349 targetSdkVersion: 32 isBundled: false classLoaderName: null sharedLibraries: null
05-16 01:10:03.645  1834  2984 V ActivityTaskManager: positionChild stackId=292 to top.
05-16 01:10:03.647   743   779 I libPowerHal: [PE] scn:8 hint:LAUNCH
05-16 01:10:03.647   743   779 I libPowerHal: LAUNCH: cpu_ctrl set cpu freq: 2000000 -1 2000000 -1
05-16 01:10:03.647  1834  2984 I WindowManager: addWindowToken: displayid:0 binder:Token{bdea941 ActivityRecord{7dde64b u0 com.mars.infra.trace/com.mars.infra.fusion.MainActivity t304}} token:AppWindowToken{ea60ee6 token=Token{bdea941 ActivityRecord{7dde64b u0 com.mars.infra.trace/com.mars.infra.fusion.MainActivity t304}}}
05-16 01:10:03.647   743   779 I libPowerHal: [PE] LAUNCH update cmd:1000000, param:0
05-16 01:10:03.647   743   779 I libPowerHal: [PE] LAUNCH update cmd:1408300, param:100
05-16 01:10:03.647  1834  2984 V ActivityTaskManager: addAppToken: AppWindowToken{ea60ee6 token=Token{bdea941 ActivityRecord{7dde64b u0 com.mars.infra.trace/com.mars.infra.fusion.MainActivity t304}}} task={taskId=304 appTokens=[] mdr=false} at 2147483647
05-16 01:10:03.649  1834  2984 I ActivityTaskManager: setAppStartingWindow: token=Token{bdea941 ActivityRecord{7dde64b u0 com.mars.infra.trace/com.mars.infra.fusion.MainActivity t304}} pkg=com.mars.infra.trace transferFrom=null newTask=true taskSwitch=true processRunning=true allowTaskSnapshot=true activityCreated=false LowRamTaskSnapshots=false
05-16 01:10:03.649  1834  2984 I WindowManager: Get card startingwindow flag: -1
05-16 01:10:03.650  1834  1868 I HwAudioServiceEx: ComponentInfo : className = com.mars.infra.fusion.MainActivity, flag = showStartingWindow, isHomeActivity = , isTop = false
05-16 01:10:03.650  1834  1868 I HwAudioServiceEx: not onResume or onPause
05-16 01:10:03.650  9327 16283 W ContentSensor_FrameworkRegistry: Unknown state is : showStartingWindow
05-16 01:10:03.651  2451 18197 E DollieActivityManagerAdapter: HwActivityNotifierEx null uid
05-16 01:10:03.651  1834  1886 I PowerManagerService: handleSandman: wakefulness: 1,startDreaming: false
05-16 01:10:03.654  1834  1859 D MouseWheelSynthesizer: mMoveStepInDp: 64, mMoveStepInPixel: 192, mUpTimeDelayed: 100
05-16 01:10:03.654  1834  1859 D ViewRootImpl: ViewRootImpl mIsInProductivePCDisplay: false
05-16 01:10:03.654  1834  1859 I HwPCUtils#HwRioViewManager: check if rio enable, displayId = 0 packageName = com.mars.infra.trace
05-16 01:10:03.656  1834  1859 I WindowManager: addWindow: Window{5bc440 u0 Splash Screen com.mars.infra.trace} client:android.view.ViewRootImpl$W@12d3c3 currentDisplayId:0 requestDisplayId:0 token:Token{bdea941 ActivityRecord{7dde64b u0 com.mars.infra.trace/com.mars.infra.fusion.MainActivity t304}}
05-16 01:10:03.656  1834  1859 D InputEventReceiver: dispatchInputInterval 1000000
05-16 01:10:03.663  1834 26162 I PackageManager: Returning preferred activity: com.huawei.android.launcher/com.huawei.android.launcher.unihome.UniHomeLauncher
05-16 01:10:03.663  1834 26162 I PackageManager: choose best activity: com.huawei.android.launcher, com.huawei.android.launcher.unihome.UniHomeLauncher
05-16 01:10:03.663  1834 26162 D HiTouch_PressGestureDetector: onAttached, package=com.mars.infra.trace, windowType=3, mIsHiTouchRestricted=false
05-16 01:10:03.667   749   947 W RefBase : RefBase: Object at 0x7b740b7ce8 lost last weak reference before it had a strong reference
05-16 01:10:03.672  1834  2984 I ActivityTaskManager: Making visible and scheduling visibility: ActivityRecord{7dde64b u0 com.mars.infra.trace/com.mars.infra.fusion.MainActivity t304}
05-16 01:10:03.673  1834  2984 I HwWindowManagerServiceEx: setLandAnimationInfo : false
05-16 01:10:03.673  1834  2984 I HwWindowManagerServiceEx: reset launch origin and target from non-message!
05-16 01:10:03.674  1834  2984 I HwWindowManagerServiceEx: setLandAnimationInfo : false
05-16 01:10:03.676 26163 26163 D HiTraceC: entered HiTraceInit, Log Registered: 1
05-16 01:10:03.679 26135 26155 I HwActivityThreadImpl: before connect app.socketName:dbb1df2b-c771-49ae-9ce2-5d4dd2304fa0
05-16 01:10:03.680  1834  2984 W HwActivityTaskManagerServiceEx: appSwitch from: com.huawei.android.launcher to: com.mars.infra.trace
05-16 01:10:03.680  1834  2984 I WindowManager: Changing focus from Window{8c63ef1 u0 com.huawei.android.launcher/com.huawei.android.launcher.unihome.UniHomeLauncher} to null displayId=0 Callers=com.android.server.wm.RootWindowContainer.updateFocusedWindowLocked:209 com.android.server.wm.WindowManagerService.updateFocusedWindowLocked:6517 com.android.server.wm.ActivityDisplay.setFocusedApp:1593 com.android.server.wm.ActivityTaskManagerService.setResumedActivityUncheckLocked:6561 
05-16 01:10:03.681  1834  2984 I HwDisplayContentEx: currentFocus windowstate null
05-16 01:10:03.681  1834  2984 D ZrHung.AppEyeFocusWindow: FocusWindowErrorScene CheckFreezeScreen
05-16 01:10:03.681  1834  2984 D ZrHung.AppEyeTransparentWindow: TransparentWindow cancelCheckFreezeScreen
05-16 01:10:03.681  1834  2163 I WiFi_PRO_WifiProStateMachine: current app com.mars.infra.trace, has changed
05-16 01:10:03.681  1834  2163 I WiFi_PRO_WifiProStateMachine: not in RecommendWifi2CellState.
05-16 01:10:03.681  2451  9274 I AssistantService-11.2.1.200: registerHwActivityNotifier call fromPackage:com.huawei.android.launcher, toPackage:com.mars.infra.trace
05-16 01:10:03.681  1834  1869 D HwGameAssistantController: UPDATE: mCurFgPkg=com.mars.infra.trace, mCurFgPid=26135, mIsCurGame=false
05-16 01:10:03.681  2451 13434 D AssistantService-11.2.1.200: handleMessage app switch fromPackage:com.huawei.android.launcher, toPackage:com.mars.infra.trace
05-16 01:10:03.682 26597 25849 I HiAdKit.DC.PersistentMessageCenter:  notifyMessage com.huawei.hwid_app_switch_from_to_intent
05-16 01:10:03.683 26597 25849 I HiAdKit.DC.SystemUtil:  isDeviceProvisioned: true
05-16 01:10:03.684  1834  2916 I PackageManager: getInstalledPackages cost 3 ms, flags: 786432, userId: 0, callingUid: 2000, callingPid: 26163
05-16 01:10:03.685 26718 25991 I HiAdKit.KitStatisticsReport:  do not report kit daily active
05-16 01:10:03.685   743   779 I libPowerHal: [PD] scn:58 hdl:9 user:iawareperf@1.0- pid:728 tid:1000
05-16 01:10:03.685  1834  2984 I WindowManager: Checking 1 opening apps (frozen=false timeout=false)...
05-16 01:10:03.685  1834  2984 I WindowManager: Check opening app=AppWindowToken{ea60ee6 token=Token{bdea941 ActivityRecord{7dde64b u0 com.mars.infra.trace/com.mars.infra.fusion.MainActivity t304}}}: allDrawn=false startingDisplayed=false startingMoved=false isRelaunching()=false startingWindow=Window{5bc440 u0 Splash Screen com.mars.infra.trace}
05-16 01:10:03.685  2451 18197 I Hicom_Monitor: mAppSwitchNotifierEx. uid: 10357, foreground app: com.mars.infra.trace, foreground activity: com.mars.infra.fusion.MainActivity
05-16 01:10:03.685  1834  2984 I WindowManager: dispatchResized : win = Window{5bc440 u0 Splash Screen com.mars.infra.trace} drawState = DRAW_PENDING
05-16 01:10:03.686  2451 18197 D SmartcareProc: onForegroundAppChanged, pkgName:com.mars.infra.trace, uid: 10357
05-16 01:10:03.686  2451  3370 I Hicom_XEngineProc: handleForegroundAppChanged pkgName = com.mars.infra.trace
05-16 01:10:03.686  2451 18197 D SmartcareProc: handlerAppForeground not match
05-16 01:10:03.686  2451 18197 W FiControl: Failed to find configuration for com.mars.infra.trace
05-16 01:10:03.686  2451  3370 W Hicom_XEngineProc: sendForegroundMessageToDaemon. daemonCommand is null
05-16 01:10:03.687  1834  1859 I HwViewRootImpl: removeInvalidNode all the node in jank list is out of time
05-16 01:10:03.688  1834  1868 I HwAudioServiceEx: ComponentInfo : className = com.huawei.android.launcher.unihome.UniHomeLauncher, flag = onPause, isHomeActivity = , isTop = false
05-16 01:10:03.688  1834  2094 W HwAudioServiceEx: SoundEffectState bundle get reserved is invalid
05-16 01:10:03.688  2451  2748 D DollieActivityManagerAdapter: [Paused] pid:2686 uid:10065 ComponentInfo{com.huawei.android.launcher/com.huawei.android.launcher.unihome.UniHomeLauncher} uidState:2
05-16 01:10:03.689 26597 25849 I HiAdKit.DC.ACREntry:  oobe: false
05-16 01:10:03.690 22945 22945 I HiBoard_12.0.2.302_WorkspaceManager: handleMessage RELEASE_HIBOARD_MEMORY
05-16 01:10:03.690 22945 22945 I HiBoard_12.0.2.302_LauncherOverlayService: releaseHiboardMemory
05-16 01:10:03.691 26718 26167 I HiAdKit.PpsCoreService:  isCmdAllowAccess crom: true permitRegion: 1
05-16 01:10:03.691 26718 26167 I HiAdKit.PpsCoreService:  call method: reportConsent
05-16 01:10:03.691 26718 26167 I HiAdKit.PpsCoreService:  callerPkg: com.huawei.hwid
05-16 01:10:03.691 26597 25918 I HiAdKit.DC.AppDataCollectionProvider:  execute cmd: 5
05-16 01:10:03.692 26597 25918 I HiAdKit.DC.AppDataCollectionManager:  report third
05-16 01:10:03.694 26597 25918 W fwkit_kims: [W/fwkit/fwkit_kims 26597:23852 KIMSServiceController.java:1062] Can't find the specific package.
05-16 01:10:03.696  1834  1859 I WindowManager: performshow Window{5bc440 u0 Splash Screen com.mars.infra.trace} tok.waitingToShow=true isTransitionSet=true parentHidden=false vis=0 tok.hidden=true hasSurface=true policyVis=true destroying=false animating=true
05-16 01:10:03.698 26597 25918 I HiAdKit.DC.AppDataCollectionManager:  currently in rest, not request config
05-16 01:10:03.698  1834  1859 I WindowManager: Checking 1 opening apps (frozen=false timeout=false)...
05-16 01:10:03.698  1834  1859 I WindowManager: Check opening app=AppWindowToken{ea60ee6 token=Token{bdea941 ActivityRecord{7dde64b u0 com.mars.infra.trace/com.mars.infra.fusion.MainActivity t304}}}: allDrawn=false startingDisplayed=true startingMoved=false isRelaunching()=false startingWindow=Window{5bc440 u0 Splash Screen com.mars.infra.trace}
05-16 01:10:03.698  1834  1859 I WindowManager: Checking 0 opening apps (frozen=false timeout=false)...
05-16 01:10:03.699  1834  1859 I WindowManager: send SET_LAUNCHER_VISIBLE_IN_FINGER_BOOST visible: true,delay:0, handle:true, userId:0, callingPid: 1834
05-16 01:10:03.699  1834  1859 I HwWindowManagerServiceEx: closing apps count = 1
05-16 01:10:03.699  1834  1859 D HwWindowManagerServiceEx: is app exit to launcher info: transit = 12, app = AppWindowToken{78f3d1c token=Token{64f768f ActivityRecord{e34f1f0 u0 com.huawei.android.launcher/.unihome.UniHomeLauncher t1}}}, window = Window{8c63ef1 u0 com.huawei.android.launcher/com.huawei.android.launcher.unihome.UniHomeLauncher}, mClosingApps = {AppWindowToken{78f3d1c token=Token{64f768f ActivityRecord{e34f1f0 u0 com.huawei.android.launcher/.unihome.UniHomeLauncher t1}}}}, topOpeningApp = AppWindowToken{ea60ee6 token=Token{bdea941 ActivityRecord{7dde64b u0 com.mars.infra.trace/com.mars.infra.fusion.MainActivity t304}}}, mExitIconBitmap = android.graphics.Bitmap@2b0a9d1, mExitIconHeight = 180, mExitIconWidth = 180
05-16 01:10:03.699  1834  1859 E WindowManager: icon is null!!
05-16 01:10:03.700  1834  1859 E HwAnimationManagerImpl: wrong animation type
05-16 01:10:03.703  1834  1859 V WindowManager: commitVisibility: AppWindowToken{78f3d1c token=Token{64f768f ActivityRecord{e34f1f0 u0 com.huawei.android.launcher/.unihome.UniHomeLauncher t1}}}: hidden=true hiddenRequested=true
05-16 01:10:03.703 26166 26166 D HiTraceC: entered HiTraceInit, Log Registered: 1
05-16 01:10:03.704  1834  1859 E WindowManager: icon is null!!
05-16 01:10:03.704  2648  3658 I AppFastHibernation: rev F_Z exception for visible pkg: com.mars.infra.trace
05-16 01:10:03.704  1834  1859 D HwWindowManagerServiceEx: is app exit to launcher info: transit = 12, app = AppWindowToken{ea60ee6 token=Token{bdea941 ActivityRecord{7dde64b u0 com.mars.infra.trace/com.mars.infra.fusion.MainActivity t304}}}, window = null, mClosingApps = {AppWindowToken{78f3d1c token=Token{64f768f ActivityRecord{e34f1f0 u0 com.huawei.android.launcher/.unihome.UniHomeLauncher t1}}}}, topOpeningApp = AppWindowToken{ea60ee6 token=Token{bdea941 ActivityRecord{7dde64b u0 com.mars.infra.trace/com.mars.infra.fusion.MainActivity t304}}}, mExitIconBitmap = android.graphics.Bitmap@2b0a9d1, mExitIconHeight = 180, mExitIconWidth = 180
05-16 01:10:03.704  2648  3523 D ScenarioService: front pkg : com.mars.infra.trace launcher: false
05-16 01:10:03.705  2648  3523 D ScenarioService: new above launcher front pkgs: [com.mars.infra.trace]
05-16 01:10:03.705  1834  1859 D HwWindowManagerServiceEx: getCrossAppTransitAnimRoundCornerRadius radius 93.0
05-16 01:10:03.705  2648  3523 I AppsUsage: scnOff:false FgAPP:com.mars.infra.trace BgAPP:com.huawei.android.launcher
05-16 01:10:03.705  2648  3658 I PG_ash  : front pkg : com.mars.infra.trace
05-16 01:10:03.705  2648  3737 I PGServer: report state:10010 event type:2 pid:0 uid:0 pkg:com.huawei.android.launcher to pid: 1834
05-16 01:10:03.705  2648  3737 I PGServer: report state:10010 event type:2 pid:0 uid:0 pkg:com.huawei.android.launcher to pid: 2648
05-16 01:10:03.706  2648  3737 I SceneReceiver: state type: 10010 eventType:2 pid:0 uid:0 pkg:com.huawei.android.launcher
05-16 01:10:03.706  2648  3737 I PGServer: report state:10000 event type:1 pid:0 uid:0 pkg:com.mars.infra.trace to pid: 1834
05-16 01:10:03.706  2648  3737 I PGServer: report state:10000 event type:1 pid:0 uid:0 pkg:com.mars.infra.trace to pid: 2648
05-16 01:10:03.706  2648  3737 I ApsAppsTypeHandler: APS: APK: ApsAppsTypeHandler.getInstance, sInstance = com.huawei.android.hwaps.o@72c8c2b
05-16 01:10:03.706  2648  5157 I PGServer: checkPkgType. calling pkg: android
05-16 01:10:03.706  2648  3737 I SceneReceiver: state type: 10000 eventType:1 pid:0 uid:0 pkg:com.mars.infra.trace
05-16 01:10:03.707  1834  2975 I DE J DES: [effect] Pg pkg:com.mars.infra.trace
05-16 01:10:03.708  1834  1859 V WindowManager: commitVisibility: AppWindowToken{ea60ee6 token=Token{bdea941 ActivityRecord{7dde64b u0 com.mars.infra.trace/com.mars.infra.fusion.MainActivity t304}}}: hidden=false hiddenRequested=false
05-16 01:10:03.709  2648  5153 I PGServer: getTopFrontApp. calling pkg: android
05-16 01:10:03.710  2648  5154 W ThermalTraceTool: IOException:java.io.IOException: read failed: EIO (I/O error)
05-16 01:10:03.711  1834  1856 D StatusBarManagerService: win:Window{5bc440 u0 Splash Screen com.mars.infra.trace}mIsColorEnable:truelight:false
05-16 01:10:03.712  2256 20441 D HwCommandQueue: CommandQueue, set Launcher StatusBar Color
05-16 01:10:03.712  1834  1856 I StatusBarDisable: setFlags what=0 which=1 pkg=Window{5bc440 u0 Splash Screen com.mars.infra.trace}
05-16 01:10:03.717  2648  3523 I ScenarioService: app focus change from: com.huawei.android.launcher to:com.mars.infra.trace
05-16 01:10:03.718  2648  3523 I ScenarioService: add focus on app:com.mars.infra.trace to visiblePkgs
05-16 01:10:03.720  1834  1858 W         : Failed to UpdateQosForCgroupInner, tid=0, policy=10
05-16 01:10:03.722  1834  1858 V ActivityTaskManager: Activity idle: null
05-16 01:10:03.723  1834  2975 D HwNetworkManagementService: code == CODE_SET_CHR_REPORT_APP_LIST
05-16 01:10:03.723   675 26102 I OemNetd : setChrAppUid(10, 10357)
05-16 01:10:03.723  1834  2975 I HwNetworkManagementService: chr appuid set succeeded
05-16 01:10:03.726  1834  1858 V ActivityTaskManager: Stopping ActivityRecord{e34f1f0 u0 com.huawei.android.launcher/.unihome.UniHomeLauncher t1}: nowVisible=false animating=true finishing=false
05-16 01:10:03.729  2686  2686 D DecorView: showOrHideHighlightView: hasFocus=false; winMode=1; isMrgNull=true
05-16 01:10:03.730  1834  2030 W AwareLog: SchedLevelBoost: onFgActivitiesChanged config not set!
05-16 01:10:03.731  1834  1858 I WindowManager: handle SET_LAUNCHER_VISIBLE_IN_FINGER_BOOST visible:true handle:trueuserId:0, currentUserId:0
