05-16 01:29:59.350   743   779 I libPowerHal: [PD] scn:8 hint:LAUNCH
05-16 01:29:59.351   743   779 I libPowerHal: LAUNCH: cpu_ctrl set cpu freq: -1 -1 -1 -1
05-16 01:29:59.351   743   779 I libPowerHal: [PD] LAUNCH update cmd:1000000, param:1
05-16 01:29:59.351  1834  1886 I PowerManagerService: handleSandman: wakefulness: 1,startDreaming: false
05-16 01:29:59.351  1834  2407 W AwareLog: SysLoadManager: check status do nothing
05-16 01:29:59.351   743   779 I libPowerHal: [PD] LAUNCH update cmd:1408300 param:0
05-16 01:29:59.354  1094  1176 D AAL     : onBacklightChanged: 272/1023 -> 283/1023(phy:566/4095)
05-16 01:29:59.354  1094  1176 D AAL     : LABC: LABC after setTarget isSmoothBacklight=0 
05-16 01:29:59.361  2686  2686 D DecorView: showOrHideHighlightView: hasFocus=true; winMode=1; isMrgNull=true
05-16 01:29:59.362  1834  1858 I WindowManager: handle SET_LAUNCHER_VISIBLE_IN_FINGER_BOOST visible:true handle:trueuserId:0, currentUserId:0
05-16 01:29:59.362  1834  1858 D WindowManager: setLauncherVisibleInFingerBoost record=ActivityRecord{e34f1f0 u0 com.huawei.android.launcher/.unihome.UniHomeLauncher t1}
05-16 01:29:59.362  1834  1858 I WindowManager: setLauncherVisible setAlpha to 1.0
05-16 01:29:59.362  1834  1858 D WindowManager: setLauncherVisible wallpaperScale=false
05-16 01:29:59.363   719   719 E DE H =DE: setAmoled:522: can not support this mode: MODE_AMOLED!
05-16 01:29:59.364  2686  2686 W HwRemoteInputMethodManager: isCasting false because IHwDistributedWindowManager is invalid.
05-16 01:29:59.364   731   731 D lights  : write_int open fd=6
05-16 01:29:59.364  1834  2396 D HwInputMethodManagerService: isSecMethodUsing = false
05-16 01:29:59.365   530   530 I hwservicemanager: getTransport: Cannot find entry vendor.huawei.hardware.graphics.hwcinterface@1.1::IHwcInterface/default in either framework or device manifest.
05-16 01:29:59.365   704 17882 W hwcomposer: [HWCTURBOMANAGER] init: IHwcInterface::tryGetService failed!  
05-16 01:29:59.371  1094  1176 D AAL     : onBacklightChanged: 283/1023 -> 294/1023(phy:588/4095)
05-16 01:29:59.371  1094  1176 D AAL     : LABC: LABC after setTarget isSmoothBacklight=0 
05-16 01:29:59.380   719   719 E DE H =DE: setAmoled:522: can not support this mode: MODE_AMOLED!
05-16 01:29:59.380   731   731 D lights  : write_int open fd=6
05-16 01:29:59.383  2686  3030 I HwLauncher: LocalTaskList loadTasksInBackground:0 numTasks:3 currentUserId:0
05-16 01:29:59.387  1094  1176 D AAL     : onBacklightChanged: 294/1023 -> 305/1023(phy:610/4095)
05-16 01:29:59.387  1094  1176 D AAL     : LABC: LABC after setTarget isSmoothBacklight=0 
05-16 01:29:59.387  1094  1176 D AAL     : 05-16 01:29:59.321 BL= 261,ESS= 256, 05-16 01:29:59.338 BL= 272,ESS= 256, 05-16 01:29:59.355 BL= 283,ESS= 256, 05-16 01:29:59.371 BL= 294,ESS= 256, 05-16 01:29:59.387 BL= 305,ESS= 256, 
05-16 01:29:59.396   719   719 E DE H =DE: setAmoled:522: can not support this mode: MODE_AMOLED!
05-16 01:29:59.396   731   731 D lights  : write_int open fd=6
05-16 01:29:59.404  1094  1176 D AAL     : onBacklightChanged: 305/1023 -> 316/1023(phy:632/4095)
05-16 01:29:59.404  1094  1176 D AAL     : LABC: LABC after setTarget isSmoothBacklight=0 
05-16 01:29:59.409  1105  1303 E Parcel  : Reading a NULL string not supported here.
05-16 01:29:59.409  1105  1303 I chatty  : uid=0(root) smart_parser identical 1 line
05-16 01:29:59.409  1105  1303 E Parcel  : Reading a NULL string not supported here.
05-16 01:29:59.410  2648  3523 I ScenarioService: refresh visibleApp:[com.huawei.android.launcher]
05-16 01:29:59.410  2648  3523 I PGServer: report state:14 event type:1 pid:-1 uid:-1 pkg:com.huawei.android.launcher to pid: 2648
05-16 01:29:59.410  2648  3523 I ApsAppsTypeHandler: APS: APK: ApsAppsTypeHandler.getInstance, sInstance = com.huawei.android.hwaps.o@72c8c2b
05-16 01:29:59.410  2648  3523 I ApsAccKitAdapter: APS: APK: ApsAccKitAdapter: not setNotifyInfo
05-16 01:29:59.410  2648  3658 I PG_ash  : com.mars.infra.trace become invisible
05-16 01:29:59.410   982 11845 I AGPService: aps-info: focus pkgName - com.huawei.android.launcher, with 0 more apps
05-16 01:29:59.411   982 11845 I AGPService: FrameRateManager: aps-info: new pkgName - com.huawei.android.launcher, type - 28
05-16 01:29:59.411   982 11845 I AGPService: GpuPolicyManager: m_currentPkgName - com.huawei.android.launcher
05-16 01:29:59.412   719   719 E DE H =DE: setAmoled:522: can not support this mode: MODE_AMOLED!
05-16 01:29:59.412   731   731 D lights  : write_int open fd=6
05-16 01:29:59.420  1094  1176 D AAL     : onBacklightChanged: 316/1023 -> 327/1023(phy:654/4095)
05-16 01:29:59.420  1094  1176 D AAL     : LABC: LABC after setTarget isSmoothBacklight=0 
05-16 01:29:59.429   719   719 E DE H =DE: setAmoled:522: can not support this mode: MODE_AMOLED!
05-16 01:29:59.429   731   731 D lights  : write_int open fd=6
05-16 01:29:59.437  1094  1176 D AAL     : onBacklightChanged: 327/1023 -> 337/1023(phy:674/4095)
05-16 01:29:59.437  1094  1176 D AAL     : LABC: LABC after setTarget isSmoothBacklight=0 
05-16 01:29:59.444  1105  1305 I HiView  : Begin report 901001004
05-16 01:29:59.444  1105  1305 I HiEvent : Flatten done: 901001004
05-16 01:29:59.445  1834  1886 I DisplayPowerController: mPowerState.mScreenChangedReason: 65539 mPendingRequestLocked.mScreenChangeReason 65539
05-16 01:29:59.445  1834  1886 I DisplayPowerController: Animating brightness: target=46, rate=60,brightnessTargetReal=46,AutoBrightness=true
05-16 01:29:59.446  1834  1886 D FpDataCollector: case xxx, not a fingerprint unlock 
05-16 01:29:59.447   731   731 D lights  : write_int open fd=6
05-16 01:29:59.447   719   719 E DE H =DE: setAmoled:522: can not support this mode: MODE_AMOLED!
05-16 01:29:59.453  1094  1176 D AAL     : onBacklightChanged: 337/1023 -> 348/1023(phy:696/4095)
05-16 01:29:59.453  1094  1176 D AAL     : LABC: LABC after setTarget isSmoothBacklight=0 
05-16 01:29:59.512   743   779 I libPowerHal: [PD] scn:62 hdl:13 user:iawareperf@1.0- pid:728 tid:1000
05-16 01:29:59.513   743   779 I libPowerHal: iawareperf@1.0-: hard user limit set cpu freq: 1750000 -1 1993000 -1
05-16 01:29:59.515   743   779 I libPowerHal: [PD] scn:61 hdl:12 user:iawareperf@1.0- pid:728 tid:1000
05-16 01:29:59.547   675 26102 I netd    : trafficSwapActiveStatsMap() <0.26ms>
05-16 01:29:59.544   994   994 W BatteryHandler: type=1400 audit(0.0:221246): avc: denied { read } for pid=994 name="temp" dev="sysfs" ino=41501 scontext=u:r:dubaid:s0 tcontext=u:object_r:sysfs_pg:s0 tclass=lnk_file permissive=0
05-16 01:29:59.549   675 26102 I netd    : trafficSwapActiveStatsMap() <0.14ms>
05-16 01:29:59.570   833   833 E afehal  : Write FW command: A0 03 02
05-16 01:29:59.585   833   833 I aptouch_daemon: check_idle_status, idle in. 100
05-16 01:29:59.693   982 11845 I AGPService: aps-info: focus pkgName - com.mars.infra.trace, with 0 more apps
05-16 01:29:59.693   982 11845 E AGPService: FrameRateManager: iaware strange app type: -1
05-16 01:29:59.693   982 11845 I AGPService: FrameRateManager: aps-info: new pkgName - com.mars.infra.trace, type - -1
05-16 01:29:59.694   982 11845 I AGPService: GpuPolicyManager: m_currentPkgName - com.mars.infra.trace
05-16 01:29:59.783  1834  1858 W ActivityTaskManager: Activity top resumed state loss timeout for ActivityRecord{45e41a9 u0 com.mars.infra.trace/com.mars.infra.fusion.MainActivity t-1 f}
05-16 01:29:59.801   690   690 D AudioALSAHardware: -getParameters()
05-16 01:29:59.803  1834  2094 I HwAudioServiceEx: HwAudioHandlerEx receive unknown msg
05-16 01:29:59.838   994  2015 D dubaid  : [CpuAppStats.cpp] FindUidEntry# Uid(10357) has not package, maybe it's already uninstalled
05-16 01:29:59.838   994  2015 E dubaid  : [CpuAppStats.cpp] UpdateUidCpuTime# Failed to find uid entry
05-16 01:29:59.843   994  1230 D dubaid  : [BufferedLogServer.cpp] ReceiveMessage# Received buffered log from dubai_driver-0
05-16 01:29:59.844   994  1230 D dubaid  : [BufferedLogServer.cpp] ReceiveMessage# Received buffered log from dubai_driver-0
05-16 01:29:59.850  1094  1176 D AAL     : 05-16 01:29:59.404 BL= 316,ESS= 256, 05-16 01:29:59.421 BL= 327,ESS= 256, 05-16 01:29:59.437 BL= 337,ESS= 256, 05-16 01:29:59.454 BL= 348,ESS= 256, 
05-16 01:29:59.866  8500 27861 I NetworkKit_CountryCodeBean: pool-5-thread-525|null|com.huawei.hms.framework.network.grs.local.model.CountryCodeBean|init|2|countryCode by ro.hw.country is: cn
05-16 01:29:59.866  8500 27861 I NetworkKit_CountryCodeBean: pool-5-thread-525|null|com.huawei.hms.framework.network.grs.local.model.CountryCodeBean|<init>|9|get issue_country code from VENDOR_COUNTRY
05-16 01:29:59.873  8500 27873 I HwMSDPMovementManager: getCurrentMovement type 0
05-16 01:29:59.873  8500 27873 E HwMSDPMovementManager: mService is null.
05-16 01:30:00.003  2256  2256 E ndroid.systemu: No package ID ff found for ID 0xffffffff.
05-16 01:30:00.004  2256  2256 E ndroid.systemu: No package ID ff found for ID 0xffffffff.
05-16 01:30:00.005  2256  2256 E DateView: DateView,mCurrentTime: 1652635800005
05-16 01:30:00.005  1834  1886 I PowerManagerService: handleSandman: wakefulness: 1,startDreaming: false
05-16 01:30:00.007  2686  2686 I HwLauncher: CalenderDynamicUpdater setHasUpdateSuccess, success: true
05-16 01:30:00.008  2686  2686 I HwLauncher: CalenderDynamicUpdater setHasUpdateSuccess, success: true
05-16 01:30:00.041   704   786 I hwcomposer: [HWCDisplay] [Display_0 (type:1)] fps:28.349615,dur:1058.22,max:578.65,min:13.54  
05-16 01:30:00.045  9327  9838 I ContentSensor_PackageUtil: pkgName : com.huawei.android.launcher
05-16 01:30:00.055  2686  2686 E ndroid.launche: No package ID ff found for ID 0xffffffff.
05-16 01:30:00.319  9327  9838 I ContentSensor_PackageUtil: pkgName : com.huawei.android.launcher
05-16 01:30:00.524  1064  8783 I Pged-IPgedBinderService: ****action is 2, pid num is 3***
05-16 01:30:00.524  1064  8783 I Pged-Freezer: thawPids
05-16 01:30:00.525  2648  3653 D PgedBinderAdapter: unF_Z ok, pid: [23410, 2282]
05-16 01:30:00.535  1834  2065 I TrafficMonitor: update:rxPkts:0,txPkts:0,rxBytes:0,txBytes:0
05-16 01:30:00.535  1834  2065 I TrafficMonitor: gettimer:interval=2000
05-16 01:30:00.583  1086  1179 I HfLooper: als lux = 50.000000 , rawdata1 =194.000000., rawdata1 = 12.000000
05-16 01:30:00.005  1834  1886 I PowerManagerService: handleSandman: wakefulness: 1,startDreaming: false
05-16 01:30:00.872  1834  2987 V ActivityManager: Successfully start provider ContentProviderRecord{c52873f u0 com.huawei.android.totemweather/.provider.SharedPreferenceProvider} launchingApp=null caller pid= 2686
05-16 01:30:01.124 23396 23404 E bms_file: file /sys/class/hw_power/charger/direct_charger/direct_charge_succ is invalid
