05-16 01:29:59.095   746 26485 D AudioPolicyService: getUidState(10358) cacheIter->second.first, return cacheIter->second.second(-1)
05-16 01:29:59.095  1834  2030 W AwareLog: SchedLevelBoost: onFgActivitiesChanged config not set!
05-16 01:29:59.096  1834  1858 V ActivityManager: startProcess: name=com.mars.infra.trace app=ProcessRecord{f038cc4 27810:com.mars.infra.trace/u0a358} knownToBeDead=false thread=android.app.IApplicationThread$Stub$Proxy@523e88c pid=27810 preloadStatus=2
05-16 01:29:59.096  1834  1858 V ActivityTaskManager: Activity idle: null
05-16 01:29:59.096  1834  1858 V ActivityTaskManager: Stopping ActivityRecord{e34f1f0 u0 com.huawei.android.launcher/.unihome.UniHomeLauncher t1}: nowVisible=false animating=true finishing=false
05-16 01:29:59.097  1834  1858 I WindowManager: handle SET_LAUNCHER_VISIBLE_IN_FINGER_BOOST visible:true handle:trueuserId:0, currentUserId:0
05-16 01:29:59.097  1834  1858 D WindowManager: setLauncherVisibleInFingerBoost record=ActivityRecord{e34f1f0 u0 com.huawei.android.launcher/.unihome.UniHomeLauncher t1}
05-16 01:29:59.097  1834  1858 I WindowManager: setLauncherVisible setAlpha to 1.0
05-16 01:29:59.097  2686  2686 D DecorView: showOrHideHighlightView: hasFocus=false; winMode=1; isMrgNull=true
05-16 01:29:59.098  1834  2563 I HwNetworkPolicy: onTransact, code = 203
05-16 01:29:59.099  1834  1858 D WindowManager: setLauncherVisible wallpaperScale=false
05-16 01:29:59.099   719   719 E DE H =DE: setAmoled:522: can not support this mode: MODE_AMOLED!
05-16 01:29:59.099  2752  3527 I HwNetworkPolicyManager: getHwUidPolicy uid = 10358 policy = 0
05-16 01:29:59.099   982 11845 D ITouchService: itouch stylusCurrentPkgName = com.mars.infra.trace lastOneFramePkgName = 
05-16 01:29:59.099   982 11845 D ITouchService: itouch currentPackageName = com.mars.infra.trace
05-16 01:29:59.099   982 11845 D ITouchService: itouch appType=-1 appState=1 gameMode=2
05-16 01:29:59.099   982 11845 D ITouchService: itouchReaderMonitor empty
05-16 01:29:59.099   982 11845 D ITouchService: g_itouch_reader_monitor Monitor::IsReaderMonitorEnable()=0
05-16 01:29:59.099   982 11845 D ITouchService: itouch getCurrentParmID tempPkg=com.mars.infra.xxx
05-16 01:29:59.099   982 11845 D ITouchService: itouch:app com.mars.infra.trace is  not game app
05-16 01:29:59.099   982 11845 D ITouchService: itouch:app com.mars.infra.trace is  not in StylusPenList
05-16 01:29:59.099   982 11845 D ITouchService: itouch:styluspen_switch is disable
05-16 01:29:59.099   982 11845 D ITouchService: itouch:currentAppTypeName =|UNKNOWN|
05-16 01:29:59.101   530   530 I hwservicemanager: getTransport: Cannot find entry vendor.huawei.hardware.graphics.hwcinterface@1.1::IHwcInterface/default in either framework or device manifest.
05-16 01:29:59.101   704 17882 W hwcomposer: [HWCTURBOMANAGER] init: IHwcInterface::tryGetService failed!  
05-16 01:29:59.101   731   731 D lights  : write_int open fd=6
05-16 01:29:59.103  1834  2563 I HwAudioService: now type = -1,reportForegroundAppType = -1systemload = -1VOIP_OPTIMIZE_IN_GAMEMODEfalse
05-16 01:29:59.106  1094  1176 D AAL     : onBacklightChanged: 108/1023 -> 119/1023(phy:238/4095)
05-16 01:29:59.106  1094  1176 D AAL     : LABC: LABC after setTarget isSmoothBacklight=0 
05-16 01:29:59.116   719   719 E DE H =DE: setAmoled:522: can not support this mode: MODE_AMOLED!
05-16 01:29:59.116   731   731 D lights  : write_int open fd=6
05-16 01:29:59.117   530   530 I hwservicemanager: getTransport: Cannot find entry vendor.huawei.hardware.graphics.hwcinterface@1.1::IHwcInterface/default in either framework or device manifest.
05-16 01:29:59.117   704 17882 W hwcomposer: [HWCTURBOMANAGER] init: IHwcInterface::tryGetService failed!  
05-16 01:29:59.119 27855 27855 D HiTraceC: entered HiTraceInit, Log Registered: 1
05-16 01:29:59.123  1094  1176 D AAL     : onBacklightChanged: 119/1023 -> 130/1023(phy:260/4095)
05-16 01:29:59.123  1094  1176 D AAL     : LABC: LABC after setTarget isSmoothBacklight=0 
05-16 01:29:59.123  1834  2563 I PackageManager: getInstalledPackages cost 2 ms, flags: 786432, userId: 0, callingUid: 2000, callingPid: 27855
05-16 01:29:59.130  1834  2066 E WifiVendorHal: getWifiLinkLayerStats_1_3_Internal(l.957) failed {.code = ERROR_NOT_SUPPORTED, .description = }
05-16 01:29:59.132   719   719 E DE H =DE: setAmoled:522: can not support this mode: MODE_AMOLED!
05-16 01:29:59.132   731   731 D lights  : write_int open fd=6
05-16 01:29:59.133   530   530 I hwservicemanager: getTransport: Cannot find entry vendor.huawei.hardware.graphics.hwcinterface@1.1::IHwcInterface/default in either framework or device manifest.
05-16 01:29:59.133   704 17882 W hwcomposer: [HWCTURBOMANAGER] init: IHwcInterface::tryGetService failed!  
05-16 01:29:59.135 27858 27858 D HiTraceC: entered HiTraceInit, Log Registered: 1
05-16 01:29:59.139  2686  3030 I HwLauncher: LocalTaskList loadTasksInBackground:1 numTasks:3 currentUserId:0
05-16 01:29:59.139  1094  1176 D AAL     : onBacklightChanged: 130/1023 -> 141/1023(phy:282/4095)
05-16 01:29:59.139  1094  1176 D AAL     : LABC: LABC after setTarget isSmoothBacklight=0 
05-16 01:29:59.139  1094  1176 D AAL     : 05-16 01:29:59.073 BL=  97,ESS= 256, 05-16 01:29:59.090 BL= 108,ESS= 256, 05-16 01:29:59.107 BL= 119,ESS= 256, 05-16 01:29:59.123 BL= 130,ESS= 256, 05-16 01:29:59.139 BL= 141,ESS= 256, 
05-16 01:29:59.140  1834  2066 I WificondControl: Noise: 0, Snr: 0, Chload: 0, rssi: -76, txBitrate: 19, rxBitrate: 1, frequency: 2452, UlDelay: 0, currentTxBytes: 444306787, currentTxPackets: 4538238, currentTxFailed: 0, currentRxBytes: 312862593, currentRxPackets: 7054986
05-16 01:29:59.141  1834  2066 V HwWifiServiceFactory: get AllImpl object = com.android.server.wifi.HwWifiServiceFactoryImpl@5f30e40
05-16 01:29:59.148   719   719 E DE H =DE: setAmoled:522: can not support this mode: MODE_AMOLED!
05-16 01:29:59.148   731   731 D lights  : write_int open fd=6
05-16 01:29:59.149   530   530 I hwservicemanager: getTransport: Cannot find entry vendor.huawei.hardware.graphics.hwcinterface@1.1::IHwcInterface/default in either framework or device manifest.
05-16 01:29:59.149   704 17882 W hwcomposer: [HWCTURBOMANAGER] init: IHwcInterface::tryGetService failed!  
05-16 01:29:59.156  1094  1176 D AAL     : onBacklightChanged: 141/1023 -> 152/1023(phy:304/4095)
05-16 01:29:59.156  1094  1176 D AAL     : LABC: LABC after setTarget isSmoothBacklight=0 
05-16 01:29:59.165   719   719 E DE H =DE: setAmoled:522: can not support this mode: MODE_AMOLED!
05-16 01:29:59.165   731   731 D lights  : write_int open fd=6
05-16 01:29:59.166   530   530 I hwservicemanager: getTransport: Cannot find entry vendor.huawei.hardware.graphics.hwcinterface@1.1::IHwcInterface/default in either framework or device manifest.
05-16 01:29:59.166   704 17882 W hwcomposer: [HWCTURBOMANAGER] init: IHwcInterface::tryGetService failed!  
05-16 01:29:59.172  1094  1176 D AAL     : onBacklightChanged: 152/1023 -> 163/1023(phy:326/4095)
05-16 01:29:59.172  1094  1176 D AAL     : LABC: LABC after setTarget isSmoothBacklight=0 
05-16 01:29:59.181   719   719 E DE H =DE: setAmoled:522: can not support this mode: MODE_AMOLED!
05-16 01:29:59.181   731   731 D lights  : write_int open fd=6
05-16 01:29:59.182   530   530 I hwservicemanager: getTransport: Cannot find entry vendor.huawei.hardware.graphics.hwcinterface@1.1::IHwcInterface/default in either framework or device manifest.
05-16 01:29:59.182   704 17882 W hwcomposer: [HWCTURBOMANAGER] init: IHwcInterface::tryGetService failed!  
05-16 01:29:59.189  1094  1176 D AAL     : onBacklightChanged: 163/1023 -> 174/1023(phy:348/4095)
05-16 01:29:59.189  1094  1176 D AAL     : LABC: LABC after setTarget isSmoothBacklight=0 
05-16 01:29:59.192  2648  3523 I ScenarioService: refresh visibleApp:[com.mars.infra.trace]
05-16 01:29:59.192  2648  3523 I PGServer: report state:14 event type:1 pid:-1 uid:-1 pkg:com.mars.infra.trace to pid: 2648
05-16 01:29:59.192  2648  3523 I ApsAppsTypeHandler: APS: APK: ApsAppsTypeHandler.getInstance, sInstance = com.huawei.android.hwaps.o@72c8c2b
05-16 01:29:59.192  2648  3523 I ApsAccKitAdapter: APS: APK: ApsAccKitAdapter: not setNotifyInfo
05-16 01:29:59.192  2648  3658 I PG_ash  : com.huawei.android.launcher become invisible
05-16 01:29:59.198   719   719 E DE H =DE: setAmoled:522: can not support this mode: MODE_AMOLED!
05-16 01:29:59.198   731   731 D lights  : write_int open fd=6
05-16 01:29:59.199   530   530 I hwservicemanager: getTransport: Cannot find entry vendor.huawei.hardware.graphics.hwcinterface@1.1::IHwcInterface/default in either framework or device manifest.
05-16 01:29:59.199   704 17882 W hwcomposer: [HWCTURBOMANAGER] init: IHwcInterface::tryGetService failed!  
05-16 01:29:59.199   743   779 I libPowerHal: [PD] scn:61 hdl:12 user:iawareperf@1.0- pid:728 tid:1000
05-16 01:29:59.200   743   779 I libPowerHal: iawareperf@1.0-: hard user limit set cpu freq: 1750000 -1 1993000 -1
05-16 01:29:59.205  1094  1176 D AAL     : onBacklightChanged: 174/1023 -> 185/1023(phy:370/4095)
05-16 01:29:59.205  1094  1176 D AAL     : LABC: LABC after setTarget isSmoothBacklight=0 
05-16 01:29:59.214   719   719 E DE H =DE: setAmoled:522: can not support this mode: MODE_AMOLED!
05-16 01:29:59.214   731   731 D lights  : write_int open fd=6
05-16 01:29:59.215   530   530 I hwservicemanager: getTransport: Cannot find entry vendor.huawei.hardware.graphics.hwcinterface@1.1::IHwcInterface/default in either framework or device manifest.
05-16 01:29:59.215   704 17882 W hwcomposer: [HWCTURBOMANAGER] init: IHwcInterface::tryGetService failed!  
05-16 01:29:59.222  1094  1176 D AAL     : onBacklightChanged: 185/1023 -> 196/1023(phy:392/4095)
05-16 01:29:59.222  1094  1176 D AAL     : LABC: LABC after setTarget isSmoothBacklight=0 
05-16 01:29:59.222  1094  1176 D AAL     : 05-16 01:29:59.156 BL= 152,ESS= 256, 05-16 01:29:59.172 BL= 163,ESS= 256, 05-16 01:29:59.189 BL= 174,ESS= 256, 05-16 01:29:59.206 BL= 185,ESS= 256, 05-16 01:29:59.222 BL= 196,ESS= 256, 
05-16 01:29:59.231   719   719 E DE H =DE: setAmoled:522: can not support this mode: MODE_AMOLED!
05-16 01:29:59.231   731   731 D lights  : write_int open fd=6
05-16 01:29:59.232   530   530 I hwservicemanager: getTransport: Cannot find entry vendor.huawei.hardware.graphics.hwcinterface@1.1::IHwcInterface/default in either framework or device manifest.
05-16 01:29:59.232   704 17882 W hwcomposer: [HWCTURBOMANAGER] init: IHwcInterface::tryGetService failed!  
05-16 01:29:59.238  1094  1176 D AAL     : onBacklightChanged: 196/1023 -> 207/1023(phy:414/4095)
05-16 01:29:59.238  1094  1176 D AAL     : LABC: LABC after setTarget isSmoothBacklight=0 
05-16 01:29:59.247   719   719 E DE H =DE: setAmoled:522: can not support this mode: MODE_AMOLED!
05-16 01:29:59.248   731   731 D lights  : write_int open fd=6
05-16 01:29:59.248   530   530 I hwservicemanager: getTransport: Cannot find entry vendor.huawei.hardware.graphics.hwcinterface@1.1::IHwcInterface/default in either framework or device manifest.
05-16 01:29:59.248   704 17882 W hwcomposer: [HWCTURBOMANAGER] init: IHwcInterface::tryGetService failed!  
05-16 01:29:59.250 27810 27834 I HwApiCacheMangerEx: apicache path=/storage/emulated/0 state=mounted key=com.mars.infra.trace#10358#256
05-16 01:29:59.251 27810 27834 I HwApiCacheMangerEx: need clear apicache,because volumes changed,oldCnt=0 newCnt=1
05-16 01:29:59.251 27810 27810 I HwActivityThreadImpl: accept socket mSocketName: 7925fd9d-94ac-42a5-8c71-a6560cc12de5
05-16 01:29:59.251 27810 27834 I HwApiCacheMangerEx: apicache path=/storage/emulated/0 state=mounted key=com.mars.infra.trace#10358#0
05-16 01:29:59.251 27810 27834 I HwApiCacheMangerEx: need clear apicache,because volumes changed,oldCnt=1 newCnt=1
05-16 01:29:59.251 27810 27810 I HwActivityThreadImpl: accept socket end
05-16 01:29:59.252 27810 27833 W HwActivityThreadImpl: closeStream error.
05-16 01:29:59.252 27810 27833 I HwActivityThreadImpl: connectContinuePreload end mPreloadStatus 3
05-16 01:29:59.253 27810 27810 W HwActivityThreadImpl: closeStream error.
05-16 01:29:59.253 27810 27810 I HwActivityThreadImpl: acceptPreloadedApplication end mPreloadStatus 3
05-16 01:29:59.254 27810 27810 I HwTypeface: updateFont: scale=1.0
05-16 01:29:59.255  1094  1176 D AAL     : onBacklightChanged: 207/1023 -> 217/1023(phy:434/4095)
05-16 01:29:59.255  1094  1176 D AAL     : LABC: LABC after setTarget isSmoothBacklight=0 
05-16 01:29:59.255 27810 27810 D SystemFonts: areFontsVariable: script=Hans
05-16 01:29:59.256 27810 27810 I ActivityThread: finishPreloaded preloadStatus 3
05-16 01:29:59.256  1834  2987 D ActivityManager: finishBindApplication callingPid 27810
05-16 01:29:59.256  1834  2987 D ActivityManager: finishBindApplication preloadStatus: 0 app: ProcessRecord{f038cc4 27810:com.mars.infra.trace/u0a358} uidRec.isPreload: false
05-16 01:29:59.256 27810 27810 I ActivityThread: finishPreloaded end preloadStatus 3
05-16 01:29:59.258 27810 27834 I HwPartIawareFactory: add android.common.HwPartIawareFactoryImpl to memory.
05-16 01:29:59.260 27810 27834 I AwareBitmapCacher: init processName:com.mars.infra.trace pid=27810 uid=10358
05-16 01:29:59.261 27810 27810 D OpenGLRenderer: disableOutlineDraw is true
05-16 01:29:59.261 27810 27863 E AwareLog: AtomicFileUtils: readFileLines file not exist: android.util.AtomicFile@7610ed
05-16 01:29:59.264   719   719 E DE H =DE: setAmoled:522: can not support this mode: MODE_AMOLED!
05-16 01:29:59.264   731   731 D lights  : write_int open fd=6
05-16 01:29:59.265   530   530 I hwservicemanager: getTransport: Cannot find entry vendor.huawei.hardware.graphics.hwcinterface@1.1::IHwcInterface/default in either framework or device manifest.
05-16 01:29:59.265 27810 27865 I OpenGLRenderer: RenderThread: progress name = [com.mars.infra.trace], viewCornerType = 0
05-16 01:29:59.265   704 17882 W hwcomposer: [HWCTURBOMANAGER] init: IHwcInterface::tryGetService failed!  
05-16 01:29:59.265 27810 27867 D libMEOW : meow reload base cfg path: na
05-16 01:29:59.265 27810 27867 D libMEOW : meow reload overlay cfg path: na
05-16 01:29:59.265 27810 27867 D libMEOW : applied 0 plugin for [com.mars.infra.trace].
05-16 01:29:59.266 27810 27867 I iGraphics: [0020080c] pn: com.mars.infra.trace, p: 27810
05-16 01:29:59.266 27810 27867 I iGraphics: [0030080c] no spt app: com.mars.infra.trace
05-16 01:29:59.270   675 26102 I netd    : trafficSwapActiveStatsMap() <0.29ms>
05-16 01:29:59.271  1094  1176 D AAL     : onBacklightChanged: 217/1023 -> 228/1023(phy:456/4095)
05-16 01:29:59.271  1094  1176 D AAL     : LABC: LABC after setTarget isSmoothBacklight=0 
05-16 01:29:59.276 27810 27810 W ars.infra.trac: Rejecting class com.mars.infra.fusion.MainActivity that attempts to sub-type erroneous class com.mars.infra.generate.Fusion_androidx_appcompat_app_AppCompatActivity in /data/app/com.mars.infra.trace-uH8zx25em82MsT13uN2ibA==/base.apk
05-16 01:29:59.277 27810 27810 D AndroidRuntime: Shutting down VM
05-16 01:29:59.277 27810 27810 I QarthLog: [PatchStore] createDisableExceptionQarthFile
05-16 01:29:59.277 27810 27810 I QarthLog: [PatchStore] create disable file for com.mars.infra.trace uid is 10358
--------- beginning of crash
05-16 01:29:59.278 27810 27810 E AndroidRuntime: FATAL EXCEPTION: main
05-16 01:29:59.278 27810 27810 E AndroidRuntime: Process: com.mars.infra.trace, PID: 27810
05-16 01:29:59.278 27810 27810 E AndroidRuntime: java.lang.VerifyError: Rejecting class com.mars.infra.fusion.MainActivity that attempts to sub-type erroneous class com.mars.infra.generate.Fusion_androidx_appcompat_app_AppCompatActivity (declaration of 'com.mars.infra.fusion.MainActivity' appears in /data/app/com.mars.infra.trace-uH8zx25em82MsT13uN2ibA==/base.apk)
05-16 01:29:59.278 27810 27810 E AndroidRuntime: 	at java.lang.Class.newInstance(Native Method)
05-16 01:29:59.278 27810 27810 E AndroidRuntime: 	at android.app.AppComponentFactory.instantiateActivity(AppComponentFactory.java:95)
05-16 01:29:59.278 27810 27810 E AndroidRuntime: 	at androidx.core.app.CoreComponentFactory.instantiateActivity(Unknown Source:45)
05-16 01:29:59.278 27810 27810 E AndroidRuntime: 	at android.app.Instrumentation.newActivity(Instrumentation.java:1264)
05-16 01:29:59.278 27810 27810 E AndroidRuntime: 	at android.app.ActivityThread.performLaunchActivity(ActivityThread.java:3963)
05-16 01:29:59.278 27810 27810 E AndroidRuntime: 	at android.app.ActivityThread.handleLaunchActivity(ActivityThread.java:4247)
05-16 01:29:59.278 27810 27810 E AndroidRuntime: 	at android.app.servertransaction.LaunchActivityItem.execute(LaunchActivityItem.java:91)
05-16 01:29:59.278 27810 27810 E AndroidRuntime: 	at android.app.servertransaction.TransactionExecutor.executeCallbacks(TransactionExecutor.java:149)
05-16 01:29:59.278 27810 27810 E AndroidRuntime: 	at android.app.servertransaction.TransactionExecutor.execute(TransactionExecutor.java:103)
05-16 01:29:59.278 27810 27810 E AndroidRuntime: 	at android.app.ActivityThread$H.handleMessage(ActivityThread.java:2613)
05-16 01:29:59.278 27810 27810 E AndroidRuntime: 	at android.os.Handler.dispatchMessage(Handler.java:110)
05-16 01:29:59.278 27810 27810 E AndroidRuntime: 	at android.os.Looper.loop(Looper.java:219)
05-16 01:29:59.278 27810 27810 E AndroidRuntime: 	at android.app.ActivityThread.main(ActivityThread.java:8668)
05-16 01:29:59.278 27810 27810 E AndroidRuntime: 	at java.lang.reflect.Method.invoke(Native Method)
05-16 01:29:59.278 27810 27810 E AndroidRuntime: 	at com.android.internal.os.RuntimeInit$MethodAndArgsCaller.run(RuntimeInit.java:513)
05-16 01:29:59.278 27810 27810 E AndroidRuntime: 	at com.android.internal.os.ZygoteInit.main(ZygoteInit.java:1109)
05-16 01:29:59.278 27810 27810 E AndroidRuntime: Caused by: java.lang.VerifyError: Verifier rejected class com.mars.infra.generate.Fusion_androidx_appcompat_app_AppCompatActivity: void com.mars.infra.generate.Fusion_androidx_appcompat_app_AppCompatActivity.onCreate(android.os.Bundle) failed to verify: void com.mars.infra.generate.Fusion_androidx_appcompat_app_AppCompatActivity.onCreate(android.os.Bundle): [0xC] 'this' argument 'Reference: com.mars.infra.generate.Fusion_androidx_appcompat_app_AppCompatActivity' not instance of 'Unresolved Reference: com.mars.infra.lib.FusionLogActivity'
05-16 01:29:59.278 27810 27810 E AndroidRuntime:  void com.mars.infra.generate.Fusion_androidx_appcompat_app_AppCompatActivity.onDestroy() failed to verify: void com.mars.infra.generate.Fusion_androidx_appcompat_app_AppCompatActivity.onDestroy(): [0x5] 'this' argument 'Reference: com.mars.infra.generate.Fusion_androidx_appcompat_app_AppCompatActivity' not instance of 'Unresolved Reference: com.mars.infra.lib.FusionLogActivity'
05-16 01:29:59.278 27810 27810 E AndroidRuntime:  void com.mars.infra.generate.Fusion_androidx_appcompat_app_AppCompatActivity.onNewIntent(android.content.Intent) failed to verify: void com.mars.infra.generate.Fusion_androidx_appcompat_app_AppCompatActivity.onNewIntent(android.content.Intent): [0x5] 'this' argument 'Reference: com.mars.infra.generate.Fusion_androidx_appcompat_app_AppCompatActivity' not instance of 'Unresolved Reference: com.mars.infra.lib.FusionLogActivity'
05-16 01:29:59.278 27810 27810 E AndroidRuntime:  void com.mars.infra.generate.Fusion_androidx_appcompat_app_AppCompatActivity.onPause() failed to verify: void com.mars.infra.generate.Fusion_androidx_appcompat_app_AppCompatActivity.onPause(): [0x5] 'this' argument 'Reference: com.mars.infra.generate.Fusion_androidx_appcompat_app_AppCompatActivity' not instance of 'Unresolved Reference: com.mars.infra.lib.FusionLogActivity'
05-16 01:29:59.278 27810 27810 E AndroidRuntime:  void com.mars.infra.generate.Fusion_androidx_appcompat_app_AppCompatActivity.onRestart() failed to verify: void com.mars.infra.generate.Fusion_androidx_appcompat_app_AppCompatActivity.onRestart(): [0x5] 'this' argument 'Reference: com.mars.infra.generate.Fusion_androidx_appcompat_app_AppCompatActivity' not instance of 'Unresolved Reference: com.mars.infra.lib.FusionLogActivity'
05-16 01:29:59.278 27810 27810 E AndroidRuntime:  void com.mars.infra.generate.Fusion_androidx_appcompat_app_AppCompatActivity.onResume() failed to verify: void com.mars.infra.generate.Fusion_androidx_appcompat_app_AppCompatActivity.onResume(): [0xC] 'this' argument 'Reference: com.mars.infra.generate.Fusion_androidx_appcompat_app_AppCompatActivity' not instance of 'Unresolved Reference: com.mars.infra.lib.FusionLogActivity'
05-16 01:29:59.278 27810 27810 E AndroidRuntime:  void com.mars.infra.generate.Fusion_androidx_appcompat_app_AppCompatActivity.onStart() failed to verify: void com.mars.infra.generate.Fusion_androidx_appcompat_app_AppCompatActivity.onStart(): [0xC] 'this' argument 'Reference: com.mars.infra.generate.Fusion_androidx_appcompat_app_AppCompatActivity' not instance of 'Unresolved Reference: com.mars.infra.lib.FusionLogActivity'
05-16 01:29:59.278 27810 27810 E AndroidRuntime:  void com.mars.infra.generate.Fusion_androidx_appcompat_app_AppCompatActivity.onStop() failed to verify: void com.mars.infra.generate.Fusion_androidx_appcompat_app_AppCompatActivity.onStop(): [0x5] 'this' argument 'Reference: com.mars.infra.generate.Fusion_androidx_appcompat_app_AppCompatActivity' not instance of 'Unresolved Reference: com.mars.infra.lib.FusionLogActivity' (declaration of 'com.mars.infra.generate.Fusion_androidx_appcompat_app_AppCompatActivity' appears in /data/app/com.mars.infra.trace-uH8zx25em82MsT13uN2ibA==/base.apk)
05-16 01:29:59.278 27810 27810 E AndroidRuntime: 	... 16 more
05-16 01:29:59.281   719   719 E DE H =DE: setAmoled:522: can not support this mode: MODE_AMOLED!
05-16 01:29:59.281   731   731 D lights  : write_int open fd=6
05-16 01:29:59.281  1834  2563 W ActivityTaskManager:   finishTopCrashedActivityLocked Force finishing activity com.mars.infra.trace/com.mars.infra.fusion.MainActivity
05-16 01:29:59.281  1834  2563 V ActivityTaskManager: positionChild stackId=0 to top.
05-16 01:29:59.281   530   530 I hwservicemanager: getTransport: Cannot find entry vendor.huawei.hardware.graphics.hwcinterface@1.1::IHwcInterface/default in either framework or device manifest.
05-16 01:29:59.282   704 17882 W hwcomposer: [HWCTURBOMANAGER] init: IHwcInterface::tryGetService failed!  
05-16 01:29:59.282  9635 25914 I CAWARENESS_AppUsageManager: Repeat info, don't need publish
05-16 01:29:59.282  1834  2563 W HwActivityTaskManagerServiceEx: setResumedActivityUncheckLocked start call, from: ActivityRecord{45e41a9 u0 com.mars.infra.trace/com.mars.infra.fusion.MainActivity t308 f}, to: ActivityRecord{e34f1f0 u0 com.huawei.android.launcher/.unihome.UniHomeLauncher t1}
05-16 01:29:59.282  1834  2563 W HwActivityTaskManagerServiceEx: appSwitch from: com.mars.infra.trace to: com.huawei.android.launcher
05-16 01:29:59.283  2451 18197 I AssistantService-11.2.1.200: registerHwActivityNotifier call fromPackage:com.mars.infra.trace, toPackage:com.huawei.android.launcher
05-16 01:29:59.283  2686 13840 W HwLauncher: ExitAppAnimationManager getAnimationInfoMyself, mAnimationInfo = com.huawei.android.launcher.exitapp.ExitAppAnimationManager$AnimationInfo@d116231
05-16 01:29:59.283  2686  2686 W HwLauncher: RotationHelper hideAdjacentScreen, launcher is not transposed. RotationMode = com.huawei.android.launcher.graphics.RotationMode$1{b5d00b0 surfaceRotation = 0.0,isTransposed = false}
05-16 01:29:59.283  2451 13434 D AssistantService-11.2.1.200: handleMessage app switch fromPackage:com.mars.infra.trace, toPackage:com.huawei.android.launcher
05-16 01:29:59.283  1834 27869 I DropBoxManagerService: add tag=data_app_crash isTagEnabled=true flags=0x2
05-16 01:29:59.283  1834  1869 D HwGameAssistantController: UPDATE: mCurFgPkg=com.huawei.android.launcher, mCurFgPid=2686, mIsCurGame=false
05-16 01:29:59.284  1834  2163 I WiFi_PRO_WifiProStateMachine: current app com.huawei.android.launcher, has changed
05-16 01:29:59.284  1834  2163 I WiFi_PRO_WifiProStateMachine: not in RecommendWifi2CellState.
05-16 01:29:59.285 26597 27836 I HiAdKit.DC.PersistentMessageCenter:  notifyMessage com.huawei.hwid_app_switch_from_to_intent
05-16 01:29:59.285  1834  1886 I PowerManagerService: handleSandman: wakefulness: 1,startDreaming: false
05-16 01:29:59.286  1834  1985 I HwWindowManagerServiceEx: set app win exit info, bundle = Bundle[mParcelledData.dataSize=288], iconBitmap = android.graphics.Bitmap@429c889
05-16 01:29:59.286  1834  1985 D HwWindowManagerServiceEx: AnimationTurbo wms set setIconToLayer exit icon
05-16 01:29:59.286  1834  1985 D HwWindowManagerServiceEx: set app win icon info, bundle = Bundle[{isLandscape=false, launcherPkgName=com.huawei.android.launcher, iconWidth=180, pivotX=666.0, pivotY=1832.0, iconHeight=180, flag=0}], iconBitmap = android.graphics.Bitmap@429c889mExitPivotX =666.0mExitPivotY =1832.0floatBallSize = 0.0mExitIconWidth =180mExitIconHeight =180mExitFlag =0callingUid10065
05-16 01:29:59.286  1834 27868 I QarthDisFileCreator: pattern not match
05-16 01:29:59.286  2451 32541 I Hicom_Monitor: mAppSwitchNotifierEx. uid: 10065, foreground app: com.huawei.android.launcher, foreground activity: com.huawei.android.launcher.unihome.UniHomeLauncher
05-16 01:29:59.287  1834  1856 I ActivityManager: get AppResource
05-16 01:29:59.287 27810 27810 I Process : Sending signal. PID: 27810 SIG: 9
05-16 01:29:59.287  2451 32541 D SmartcareProc: onForegroundAppChanged, pkgName:com.huawei.android.launcher, uid: 10065
05-16 01:29:59.287  2451 32541 D SmartcareProc: handlerAppForeground not match
05-16 01:29:59.287  2451 32541 W FiControl: Failed to find configuration for com.huawei.android.launcher
05-16 01:29:59.288  1094  1176 D AAL     : onBacklightChanged: 228/1023 -> 239/1023(phy:478/4095)
05-16 01:29:59.288  1094  1176 D AAL     : LABC: LABC after setTarget isSmoothBacklight=0 
05-16 01:29:59.288  2451  3370 I Hicom_XEngineProc: handleForegroundAppChanged pkgName = com.huawei.android.launcher
05-16 01:29:59.288  2451  3370 W Hicom_XEngineProc: sendForegroundMessageToDaemon. daemonCommand is null
05-16 01:29:59.291   675 26102 I netd    : trafficSwapActiveStatsMap() <0.44ms>
05-16 01:29:59.294   675 26102 I netd    : trafficSwapActiveStatsMap() <0.18ms>
05-16 01:29:59.288   994   994 W BatteryHandler: type=1400 audit(0.0:221244): avc: denied { read } for pid=994 name="temp" dev="sysfs" ino=41501 scontext=u:r:dubaid:s0 tcontext=u:object_r:sysfs_pg:s0 tclass=lnk_file permissive=0
05-16 01:29:59.298   530   530 I hwservicemanager: getTransport: Cannot find entry vendor.huawei.hardware.graphics.hwcinterface@1.1::IHwcInterface/default in either framework or device manifest.
05-16 01:29:59.299   704 17882 W hwcomposer: [HWCTURBOMANAGER] init: IHwcInterface::tryGetService failed!  
05-16 01:29:59.299   731   731 D lights  : write_int open fd=6
05-16 01:29:59.299   719   719 E DE H =DE: setAmoled:522: can not support this mode: MODE_AMOLED!
05-16 01:29:59.299  1834  1985 I ActivityManager: Process com.mars.infra.trace (pid 27810) has died: fore TOP 
05-16 01:29:59.299  1834  1877 I libprocessgroup: Successfully killed process cgroup uid 10358 pid 27810 in 0ms
05-16 01:29:59.299  1834  2094 W HwAudioServiceEx: SoundEffectState bundle get reserved is invalid
05-16 01:29:59.300   676   676 I Zygote  : Process 27810 exited due to signal 9 (Killed)
05-16 01:29:59.300  1834  1985 D ActivityManager: cleanUpApplicationRecord app: 27810:com.mars.infra.trace/u0a358, bad: false, restarting: false, allowRestart: true
05-16 01:29:59.300  1834  1868 I HwPowerManagerService: appdie release wakelock, pid = 27810, uid = 10358
05-16 01:29:59.300  2451 32541 E HsmCoreServiceImpl: onTransact in code is: 102
05-16 01:29:59.300  2451 32541 I MediaProcessHandler: processOp opType: 1, uid: 10358, pid: 27810
05-16 01:29:59.300  2451 32541 W MediaProcessHandler: only the process it self can do this operation: 10358, 1000, 27810, 2752
05-16 01:29:59.300  2451 32541 I MediaProcessHandler: executedCallBack opType: 1 mMediaStatusObservers.size=1
05-16 01:29:59.301  1834  1985 I WindowManager: removeWindowToken: displayid:0 binder:Token{f6aecf ActivityRecord{45e41a9 u0 com.mars.infra.trace/com.mars.infra.fusion.MainActivity t308 f}} token:AppWindowToken{565b05c token=Token{f6aecf ActivityRecord{45e41a9 u0 com.mars.infra.trace/com.mars.infra.fusion.MainActivity t308}}}
05-16 01:29:59.301  1834  2030 W AwareLog: SchedLevelBoost: onProcessDied config not set!
05-16 01:29:59.301  1834  1985 V WindowManager: commitVisibility: AppWindowToken{565b05c token=Token{f6aecf ActivityRecord{45e41a9 u0 com.mars.infra.trace/com.mars.infra.fusion.MainActivity t308}}}: hidden=true hiddenRequested=true
05-16 01:29:59.301  1834  1985 V WindowManager: removeAppToken: AppWindowToken{565b05c token=Token{f6aecf ActivityRecord{45e41a9 u0 com.mars.infra.trace/com.mars.infra.fusion.MainActivity t308}}} delayed=true Callers=com.android.server.wm.DisplayContent.removeAppToken:1320 com.android.server.wm.ActivityRecord.removeWindowContainer:1446 com.android.server.wm.ActivityStack.removeActivityFromHistoryLocked:5542 com.android.server.wm.ActivityStack.removeHistoryRecordsForAppLocked:5976 com.android.server.wm.ActivityStack.handleAppDiedLocked:6537 com.android.server.wm.RootActivityContainer.handleAppDied:2297 com.android.server.wm.ActivityTaskManagerService$LocalService.handleAppDied:7925 com.android.server.am.ActivityManagerService.handleAppDiedLocked:3967 com.android.server.am.ActivityManagerService.appDiedLocked:4106 
05-16 01:29:59.301  2451  3370 I Hicom_Monitor: notifyAppDied: uid = 10358
05-16 01:29:59.301  2451  3370 I UctpAppMonitor: handleAppDied: pkgName is com.mars.infra.trace mIsNeedToOpen is false
05-16 01:29:59.301  2451  3370 I AppStatisticProc: handleAppDied: pkgName = com.mars.infra.trace is not apk supported in Smartcare
05-16 01:29:59.301  1834  1985 V WindowManager: removeAppToken make exiting: AppWindowToken{565b05c token=Token{f6aecf ActivityRecord{45e41a9 u0 com.mars.infra.trace/com.mars.infra.fusion.MainActivity t308}}}
05-16 01:29:59.302  1834  1985 I TaskSnapshot: taskId:308 Callers=com.android.server.wm.TaskSnapshotCache.removeRunningEntry:196 com.android.server.wm.TaskSnapshotCache.onTaskRemoved:176 com.android.server.wm.TaskSnapshotController.notifyTaskRemovedFromRecents:749 com.android.server.wm.WindowManagerService.notifyTaskRemovedFromRecents:7189 com.android.server.wm.TaskRecord.removedFromRecents:1202 com.android.server.wm.ActivityStackSupervisor.onRecentTaskRemoved:2283 com.android.server.wm.RecentTasks.notifyTaskRemoved:452 com.android.server.wm.RecentTasks.remove:1251 
05-16 01:29:59.304  1094  1176 D AAL     : onBacklightChanged: 239/1023 -> 250/1023(phy:500/4095)
05-16 01:29:59.305  1094  1176 D AAL     : LABC: LABC after setTarget isSmoothBacklight=0 
05-16 01:29:59.305   982 11845 D ITouchService: itouch stylusCurrentPkgName = com.mars.infra.trace lastOneFramePkgName = 
05-16 01:29:59.305   982 11845 D ITouchService: itouch currentPackageName = com.mars.infra.trace
05-16 01:29:59.305   982 11845 D ITouchService: itouch appType=-1 appState=0 gameMode=2
05-16 01:29:59.305   982 11845 D ITouchService: itouchReaderMonitor empty
05-16 01:29:59.305   982 11845 D ITouchService: g_itouch_reader_monitor Monitor::IsReaderMonitorEnable()=0
05-16 01:29:59.305   982 11845 D ITouchService: itouch getCurrentParmID tempPkg=com.mars.infra.xxx
05-16 01:29:59.305   982 11845 D ITouchService: itouch:app com.mars.infra.trace is  not game app
05-16 01:29:59.305   982 11845 D ITouchService: itouch:app com.mars.infra.trace is  not in StylusPenList
05-16 01:29:59.305   982 11845 D ITouchService: itouch:styluspen_switch is disable
05-16 01:29:59.305   982 11845 D ITouchService: itouch:currentAppTypeName =|UNKNOWN|
05-16 01:29:59.305  1094  1176 D AAL     : 05-16 01:29:59.239 BL= 207,ESS= 256, 05-16 01:29:59.255 BL= 217,ESS= 256, 05-16 01:29:59.272 BL= 228,ESS= 256, 05-16 01:29:59.288 BL= 239,ESS= 256, 05-16 01:29:59.305 BL= 250,ESS= 256, 
05-16 01:29:59.306  1834  1985 V ActivityTaskManager: removeChild: detaching stackId=296 from displayId=0
05-16 01:29:59.307  1834  1985 I ActivityTaskManager: Making visible and scheduling visibility: ActivityRecord{e34f1f0 u0 com.huawei.android.launcher/.unihome.UniHomeLauncher t1}
05-16 01:29:59.308  1834  1985 I HwWindowManagerServiceEx: setLandAnimationInfo : false
05-16 01:29:59.309  1834  1985 V WindowManager: notifyAppResumed: wasStopped=false AppWindowToken{78f3d1c token=Token{64f768f ActivityRecord{e34f1f0 u0 com.huawei.android.launcher/.unihome.UniHomeLauncher t1}}}
05-16 01:29:59.309  2686  2686 I ActivityThread: Handle window ActivityRecord{a769a39 token=android.os.BinderProxy@8a2ab2c {com.huawei.android.launcher/com.huawei.android.launcher.unihome.UniHomeLauncher}} visibility: true
05-16 01:29:59.309  2648  3523 I ScenarioService: app focus change from: com.mars.infra.trace to:com.huawei.android.launcher
05-16 01:29:59.309  2648  3523 I ScenarioService: add focus on app:com.huawei.android.launcher to visiblePkgs
05-16 01:29:59.311   743   779 I libPowerHal: [PE] scn:62 hdl:13 user:iawareperf@1.0- pid:728 tid:1000
05-16 01:29:59.311   743   779 I libPowerHal: iawareperf@1.0-: set gpu opp level max: 0
05-16 01:29:59.312   743   779 I libPowerHal: iawareperf@1.0-: hard user limit set cpu freq: 1750000 -1 1993000 -1
05-16 01:29:59.314  2686  2686 I HwLauncher: Model loadWidgetsAfterUserUnlockIfNeeded, sLoadWidgetOnResume is false!
05-16 01:29:59.314  1834  1985 I WindowManager: Checking 1 opening apps (frozen=false timeout=false)...
05-16 01:29:59.314   719   719 E DE H =DE: setAmoled:522: can not support this mode: MODE_AMOLED!
05-16 01:29:59.314  1834  1985 I WindowManager: Check opening app=AppWindowToken{78f3d1c token=Token{64f768f ActivityRecord{e34f1f0 u0 com.huawei.android.launcher/.unihome.UniHomeLauncher t1}}}: allDrawn=false startingDisplayed=false startingMoved=false isRelaunching()=false startingWindow=null
05-16 01:29:59.314   743   779 I libPowerHal: [PE] scn:61 hdl:12 user:iawareperf@1.0- pid:728 tid:1000
05-16 01:29:59.314   743   779 I libPowerHal: iawareperf@1.0-: set gpu opp level max: 0
05-16 01:29:59.314  1834  1985 I WindowManager: dispatchResized : win = Window{8c63ef1 u0 com.huawei.android.launcher/com.huawei.android.launcher.unihome.UniHomeLauncher} drawState = DRAW_PENDING
05-16 01:29:59.315   731   731 D lights  : write_int open fd=6
05-16 01:29:59.315   530   530 I hwservicemanager: getTransport: Cannot find entry vendor.huawei.hardware.graphics.hwcinterface@1.1::IHwcInterface/default in either framework or device manifest.
05-16 01:29:59.315   704 17882 W hwcomposer: [HWCTURBOMANAGER] init: IHwcInterface::tryGetService failed!  
05-16 01:29:59.316  1834  2974 I ActivityTaskManager: Stop interception for recently back-home app when launcher resumed
05-16 01:29:59.317  1834  1868 I HwAudioServiceEx: ComponentInfo : className = com.huawei.android.launcher.unihome.UniHomeLauncher, flag = onResume, isHomeActivity = , isTop = true
05-16 01:29:59.317  1834  2094 W HwAudioServiceEx: SoundEffectState bundle get reserved is invalid
05-16 01:29:59.319  1834  1859 I ViewRootImpl: dispatchDetachedFromWindow in doDie
05-16 01:29:59.321  1094  1176 D AAL     : onBacklightChanged: 250/1023 -> 261/1023(phy:522/4095)
05-16 01:29:59.321  1094  1176 D AAL     : LABC: LABC after setTarget isSmoothBacklight=0 
05-16 01:29:59.321  9635 25914 I CAWARENESS_AppUsageManager: Repeat info, don't need publish
05-16 01:29:59.321  1834  1859 I WindowManager: removeIfPossible: Window{745aef4 u0 Splash Screen com.mars.infra.trace EXITING} callers=com.android.server.wm.WindowState.removeIfPossible:2602 com.android.server.wm.WindowManagerService.removeWindow:2282 com.android.server.wm.Session.remove:179 android.view.ViewRootImpl.dispatchDetachedFromWindow:4910 android.view.ViewRootImpl.doDie:8254 
05-16 01:29:59.321  2451  3311 I Hicom_Monitor: mActivityNotifierEx, className = com.huawei.android.launcher.unihome.UniHomeLauncher, uid = 10065
05-16 01:29:59.322  1834  1859 I WindowManager: Not removing Window{745aef4 u0 Splash Screen com.mars.infra.trace EXITING} due to exit animation 
05-16 01:29:59.322  2451  2748 D DollieActivityManagerAdapter: [Resumed] bg:false pid:2686 uid:10065 ComponentInfo{com.huawei.android.launcher/com.huawei.android.launcher.unihome.UniHomeLauncher}
05-16 01:29:59.322  1834  1859 I WindowManager: Changing focus from null to Window{8c63ef1 u0 com.huawei.android.launcher/com.huawei.android.launcher.unihome.UniHomeLauncher} displayId=0 Callers=com.android.server.wm.RootWindowContainer.updateFocusedWindowLocked:209 com.android.server.wm.WindowManagerService.updateFocusedWindowLocked:6517 com.android.server.wm.WindowState.setupWindowForRemoveOnExit:2758 com.android.server.wm.WindowState.removeIfPossible:2720 
05-16 01:29:59.322  2451  2748 E DollieAdapterService: notifyActivityState pkg:com.huawei.android.launcher/com.huawei.android.launcher.unihome.UniHomeLauncher state:2 fg:true mUid:10065
05-16 01:29:59.322  2531 10028 I OPCollectLog: AppChangeImpl:call onAppChange.
05-16 01:29:59.322  2451  2748 I OllieMsgCenter: publishEvt=2130771985
05-16 01:29:59.322  2531 10191 I OPCollectLog: HwForegroundAppAction:handleMessage 
05-16 01:29:59.322  2531 10191 D OPCollectLog: HwForegroundAppAction:FG executeWithArgs
05-16 01:29:59.322  2531 10191 I OPCollectLog: OPCollectUtils:ODMF Api Version:2.16.3
05-16 01:29:59.322  2451  2748 D ForegroundDataOpt: is APK changed:false uid:10065 mBgLimitLevel:0
05-16 01:29:59.323  2531 10191 I OPCollectLog: Action:HwForegroundAppAction executed successfully
05-16 01:29:59.323  2531 10191 D OPCollectLog: OdmfCollectScheduler:handleMessage msg: 4
05-16 01:29:59.323  2531 10191 I OPCollectLog: OdmfHelper:opcollectCache 1
05-16 01:29:59.323  2531 10191 I OPCollectLog: OdmfHelper:opcollectCache curTime: 1838457171, interval: 69257
05-16 01:29:59.323  1834  1859 I HwDisplayContentEx: currentFocus windowstate not null
05-16 01:29:59.323  1834  1859 D ZrHung.AppEyeFocusWindow: FocusWindowErrorScene cancelCheckFreezeScreen
05-16 01:29:59.323  1834  1859 I HwDisplayContentEx: trans currentFocus windowstate not null
05-16 01:29:59.323  1834  1859 D ZrHung.AppEyeTransparentWindow: TransparentWindow mHungConfigStatus = 0,mHungConfigEnable = 1
05-16 01:29:59.326  1834  1859 I WindowManager: Checking 1 opening apps (frozen=false timeout=false)...
05-16 01:29:59.326  1834  1859 I WindowManager: Check opening app=AppWindowToken{78f3d1c token=Token{64f768f ActivityRecord{e34f1f0 u0 com.huawei.android.launcher/.unihome.UniHomeLauncher t1}}}: allDrawn=false startingDisplayed=false startingMoved=false isRelaunching()=false startingWindow=null
05-16 01:29:59.328  1834  1985 W         : Failed to UpdateQosForCgroupInner, tid=0, policy=10
05-16 01:29:59.328  1834  1985 W         : Failed to UpdateQosForCgroupInner, tid=0, policy=10
05-16 01:29:59.330  2531 10191 I OPCollectLog: OdmfHelper:isCharging: true
05-16 01:29:59.331  1834  1859 I WindowManager: Animation done in AppWindowToken{565b05c token=Token{f6aecf ActivityRecord{45e41a9 u0 com.mars.infra.trace/com.mars.infra.fusion.MainActivity t308}}} mIsExiting= isHidden:true hiddenRequested:true
05-16 01:29:59.331  1834  1859 I WindowManager: Exit animation finished in Window{745aef4 u0 Splash Screen com.mars.infra.trace EXITING}: remove=true
05-16 01:29:59.331  1834  1859 E WindowManager: win=Window{745aef4 u0 Splash Screen com.mars.infra.trace EXITING} destroySurfaces: appStopped=false win.mWindowRemovalAllowed=true win.mRemoveOnExit=true
05-16 01:29:59.331   719   719 E DE H =DE: setAmoled:522: can not support this mode: MODE_AMOLED!
05-16 01:29:59.332  1834  1859 I WindowManager: postWindowRemoveCleanupLocked: Window{745aef4 u0 Splash Screen com.mars.infra.trace}
05-16 01:29:59.332  1834  1859 I WindowManager: Removing Window{745aef4 u0 Splash Screen com.mars.infra.trace} from AppWindowToken{565b05c token=Token{f6aecf ActivityRecord{45e41a9 u0 com.mars.infra.trace/com.mars.infra.fusion.MainActivity t308}}} mIsExiting=
05-16 01:29:59.332   530   530 I hwservicemanager: getTransport: Cannot find entry vendor.huawei.hardware.graphics.hwcinterface@1.1::IHwcInterface/default in either framework or device manifest.
05-16 01:29:59.332   704 17882 W hwcomposer: [HWCTURBOMANAGER] init: IHwcInterface::tryGetService failed!  
05-16 01:29:59.333  2531 10191 I OPCollectLog: OdmfHelper:insert database success 
05-16 01:29:59.333  2531 10191 I OPCollectLog: OdmfHelper:opcollectCache size: 1
05-16 01:29:59.333  2531 10191 I OPCollectLog: OdmfHelper:opcollectCache lastTime: 1838457181
05-16 01:29:59.334  1834  1859 I WindowManager: Checking 1 opening apps (frozen=false timeout=false)...
05-16 01:29:59.334  1834  1859 I WindowManager: Check opening app=AppWindowToken{78f3d1c token=Token{64f768f ActivityRecord{e34f1f0 u0 com.huawei.android.launcher/.unihome.UniHomeLauncher t1}}}: allDrawn=false startingDisplayed=false startingMoved=false isRelaunching()=false startingWindow=null
05-16 01:29:59.334  2648  3523 D ScenarioService: front pkg : com.huawei.android.launcher launcher: true
05-16 01:29:59.334  2648  3523 I AppsUsage: scnOff:false FgAPP:com.huawei.android.launcher BgAPP:com.mars.infra.trace
05-16 01:29:59.334  2648  3658 I PG_ash  : front pkg : com.huawei.android.launcher
05-16 01:29:59.334  2648  3737 I PGServer: report state:10000 event type:2 pid:0 uid:0 pkg:com.mars.infra.trace to pid: 1834
05-16 01:29:59.335  2648  3737 I PGServer: report state:10000 event type:2 pid:0 uid:0 pkg:com.mars.infra.trace to pid: 2648
05-16 01:29:59.335  2648  3737 I SceneReceiver: state type: 10000 eventType:2 pid:0 uid:0 pkg:com.mars.infra.trace
05-16 01:29:59.335  2648  3737 I PGServer: report state:10010 event type:1 pid:0 uid:0 pkg:com.huawei.android.launcher to pid: 1834
05-16 01:29:59.335  2648  3737 I PGServer: report state:10010 event type:1 pid:0 uid:0 pkg:com.huawei.android.launcher to pid: 2648
05-16 01:29:59.335  2648  3737 I ApsAppsTypeHandler: APS: APK: ApsAppsTypeHandler.getInstance, sInstance = com.huawei.android.hwaps.o@72c8c2b
05-16 01:29:59.335   731   731 D lights  : write_int open fd=6
05-16 01:29:59.335  2648  3737 I SceneReceiver: state type: 10010 eventType:1 pid:0 uid:0 pkg:com.huawei.android.launcher
05-16 01:29:59.335  1834  1859 I WindowManager: Animation done in AppWindowToken{78f3d1c token=Token{64f768f ActivityRecord{e34f1f0 u0 com.huawei.android.launcher/.unihome.UniHomeLauncher t1}}} isHidden:true hiddenRequested:false
05-16 01:29:59.337  1094  1176 D AAL     : onBacklightChanged: 261/1023 -> 272/1023(phy:544/4095)
05-16 01:29:59.337  1094  1176 D AAL     : LABC: LABC after setTarget isSmoothBacklight=0 
05-16 01:29:59.338  6831  7060 I HiDecision: OdmfCollectScheduler: OdmfCtrlMsgHandler receive msg type: 6
05-16 01:29:59.338  2648  4990 I PGServer: checkPkgType. calling pkg: android
05-16 01:29:59.338  1834  2987 I HwBastetService: current len less then 0, need return!
05-16 01:29:59.339  1834  2987 I DE J DES: [effect] Pg pkg:com.huawei.android.launcher
05-16 01:29:59.338  1834  2987 I HwBastetService: current len less then 0, need return!
05-16 01:29:59.340  2648  5154 W ThermalTraceTool: IOException:java.io.IOException: read failed: EIO (I/O error)
05-16 01:29:59.341   746   967 D AudioPolicyService: getUidState(10358) cacheIter->second.first, return cacheIter->second.second(2)
05-16 01:29:59.341   746   967 D AudioPolicyService: getUidState(10358) !cacheIter->second.first, return PROCESS_STATE_UNKNOWN
05-16 01:29:59.341  1834  1856 D StatusBarManagerService: win:Window{8c63ef1 u0 com.huawei.android.launcher/com.huawei.android.launcher.unihome.UniHomeLauncher}mIsColorEnable:truelight:false
05-16 01:29:59.341  1834  1856 I StatusBarDisable: setFlags what=0 which=1 pkg=Window{8c63ef1 u0 com.huawei.android.launcher/com.huawei.android.launcher.unihome.UniHomeLauncher}
05-16 01:29:59.341  1834  1859 I WindowManager: Checking 1 opening apps (frozen=false timeout=false)...
05-16 01:29:59.341  1834  1859 I WindowManager: Check opening app=AppWindowToken{78f3d1c token=Token{64f768f ActivityRecord{e34f1f0 u0 com.huawei.android.launcher/.unihome.UniHomeLauncher t1}}}: allDrawn=true startingDisplayed=false startingMoved=false isRelaunching()=false startingWindow=null
05-16 01:29:59.341  1834  1859 I WindowManager: Checking 0 opening apps (frozen=false timeout=false)...
05-16 01:29:59.341  2256 20441 D HwCommandQueue: CommandQueue, set Launcher StatusBar Color
05-16 01:29:59.341  1834  1859 I WindowManager: send SET_LAUNCHER_VISIBLE_IN_FINGER_BOOST visible: true,delay:0, handle:true, userId:0, callingPid: 1834
05-16 01:29:59.342  1834  1859 I HwWindowManagerServiceEx: closing apps count = 1
05-16 01:29:59.342  1834  1859 D HwWindowManagerServiceEx: is app exit to launcher info: transit = 26, app = AppWindowToken{565b05c token=Token{f6aecf ActivityRecord{45e41a9 u0 com.mars.infra.trace/com.mars.infra.fusion.MainActivity t308}}} mIsExiting=, window = null, mClosingApps = {AppWindowToken{565b05c token=Token{f6aecf ActivityRecord{45e41a9 u0 com.mars.infra.trace/com.mars.infra.fusion.MainActivity t308}}} mIsExiting=}, topOpeningApp = AppWindowToken{78f3d1c token=Token{64f768f ActivityRecord{e34f1f0 u0 com.huawei.android.launcher/.unihome.UniHomeLauncher t1}}}, mExitIconBitmap = android.graphics.Bitmap@429c889, mExitIconHeight = 180, mExitIconWidth = 180
05-16 01:29:59.342  1834  1859 V WindowManager: commitVisibility: AppWindowToken{565b05c token=Token{f6aecf ActivityRecord{45e41a9 u0 com.mars.infra.trace/com.mars.infra.fusion.MainActivity t308}}} mIsExiting=: hidden=true hiddenRequested=true
05-16 01:29:59.342  1834  1859 I WindowManager: Animation done in AppWindowToken{565b05c token=Token{f6aecf ActivityRecord{45e41a9 u0 com.mars.infra.trace/com.mars.infra.fusion.MainActivity t308}}} mIsExiting= isHidden:true hiddenRequested:true
05-16 01:29:59.342  1834  1859 D HwWindowManagerServiceEx: is app exit to launcher info: transit = 26, app = AppWindowToken{78f3d1c token=Token{64f768f ActivityRecord{e34f1f0 u0 com.huawei.android.launcher/.unihome.UniHomeLauncher t1}}}, window = Window{8c63ef1 u0 com.huawei.android.launcher/com.huawei.android.launcher.unihome.UniHomeLauncher}, mClosingApps = {AppWindowToken{565b05c token=Token{f6aecf ActivityRecord{45e41a9 u0 com.mars.infra.trace/com.mars.infra.fusion.MainActivity t308}}} mIsExiting=}, topOpeningApp = AppWindowToken{78f3d1c token=Token{64f768f ActivityRecord{e34f1f0 u0 com.huawei.android.launcher/.unihome.UniHomeLauncher t1}}}, mExitIconBitmap = android.graphics.Bitmap@429c889, mExitIconHeight = 180, mExitIconWidth = 180
05-16 01:29:59.342  1834  1859 E WindowManager: icon is null!!
05-16 01:29:59.343  1834  1859 V WindowManager: commitVisibility: AppWindowToken{78f3d1c token=Token{64f768f ActivityRecord{e34f1f0 u0 com.huawei.android.launcher/.unihome.UniHomeLauncher t1}}}: hidden=false hiddenRequested=false
05-16 01:29:59.343  1834  1859 I WindowManager: Animation done in AppWindowToken{78f3d1c token=Token{64f768f ActivityRecord{e34f1f0 u0 com.huawei.android.launcher/.unihome.UniHomeLauncher t1}}} isHidden:false hiddenRequested:false
05-16 01:29:59.344  1834  1859 W WindowManager: Failed to take screenshot. No visible windows for {taskId=308 appTokens=[AppWindowToken{565b05c token=Token{f6aecf ActivityRecord{45e41a9 u0 com.mars.infra.trace/com.mars.infra.fusion.MainActivity t308}}} mIsExiting=] mdr=true}
05-16 01:29:59.345  1834  1859 V WindowManager: commitVisibility: AppWindowToken{565b05c token=Token{f6aecf ActivityRecord{45e41a9 u0 com.mars.infra.trace/com.mars.infra.fusion.MainActivity t308}}} mIsExiting=: hidden=true hiddenRequested=true
05-16 01:29:59.345  1834  1859 I WindowManager: Animation done in AppWindowToken{565b05c token=Token{f6aecf ActivityRecord{45e41a9 u0 com.mars.infra.trace/com.mars.infra.fusion.MainActivity t308}}} mIsExiting= isHidden:true hiddenRequested:true
05-16 01:29:59.345  1834  1859 W WindowManager: Failed to take screenshot. No visible windows for {taskId=308 appTokens=[AppWindowToken{565b05c token=Token{f6aecf ActivityRecord{45e41a9 u0 com.mars.infra.trace/com.mars.infra.fusion.MainActivity t308}}} mIsExiting=] mdr=false}
05-16 01:29:59.345  1834  1859 V WindowManager: removeAppToken: AppWindowToken{565b05c token=Token{f6aecf ActivityRecord{45e41a9 u0 com.mars.infra.trace/com.mars.infra.fusion.MainActivity t308}}} mIsExiting= delayed=false Callers=com.android.server.wm.AppWindowToken.removeImmediately:1193 com.android.server.wm.WindowContainer.removeImmediately:370 com.android.server.wm.Task.removeImmediately:277 com.android.server.wm.WindowContainer.removeImmediately:370 com.android.server.wm.TaskStack.removeImmediately:1063 com.android.server.wm.TaskStack.checkCompleteDeferredRemoval:2060 com.android.server.wm.WindowContainer.checkCompleteDeferredRemoval:743 com.android.server.wm.WindowContainer.checkCompleteDeferredRemoval:743 com.android.server.wm.DisplayContent.checkCompleteDeferredRemoval:3287 
05-16 01:29:59.346  1834  1859 I WindowManager: removeWindowToken: displayid:0 binder:Token{f6aecf ActivityRecord{45e41a9 u0 com.mars.infra.trace/com.mars.infra.fusion.MainActivity t-1 f}} token:null
05-16 01:29:59.347   719   719 E DE H =DE: setAmoled:522: can not support this mode: MODE_AMOLED!
05-16 01:29:59.348   731   731 D lights  : write_int open fd=6
05-16 01:29:59.349   530   530 I hwservicemanager: getTransport: Cannot find entry vendor.huawei.hardware.graphics.hwcinterface@1.1::IHwcInterface/default in either framework or device manifest.
05-16 01:29:59.346  1834  1859 I WindowManager: removeWindowToken: displayid:0 binder:Token{f6aecf ActivityRecord{45e41a9 u0 com.mars.infra.trace/com.mars.infra.fusion.MainActivity t-1 f}} token:null
05-16 01:29:59.349  1834  2977 V ActivityTaskManager: Activity idle: Token{64f768f ActivityRecord{e34f1f0 u0 com.huawei.android.launcher/.unihome.UniHomeLauncher t1}}
05-16 01:29:59.350   704 17882 W hwcomposer: [HWCTURBOMANAGER] init: IHwcInterface::tryGetService failed!  
