--------- beginning of main
05-16 01:29:50.420  1094  6920 D AALLightSensor: oldLux=57 [SA:49 LA:48] newLux=57 (oriLux: 49)
05-16 01:29:50.486  1834  2066 I WificondControl: Noise: 0, Snr: 0, Chload: 0, rssi: -79, txBitrate: 19, rxBitrate: 27, frequency: 2452, UlDelay: 0, currentTxBytes: 444306787, currentTxPackets: 4538238, currentTxFailed: 0, currentRxBytes: 312862547, currentRxPackets: 7054985
05-16 01:29:50.495  1834  2164 D HuaweiWifiWatchdogStateMachine: nothing to do
05-16 01:29:50.495  1834  2065 I WiFi_PRO: MSG_RETURN_AP_CURRY_RSSI rssi = -79
05-16 01:29:50.496  1834  2065 I QosMonitor: queryRtt: rttType = 3
05-16 01:29:50.496  1834  2164 I HuaweiWifiWatchdogStateMachine: POta txb txg rxg:0, 197, 0. Lr =0% Totpkt=197
05-16 01:29:50.496  1834  2166 I HwDualBandManager: handle2gApStrongWifiRssiChange
05-16 01:29:50.496  1834  2065 I HwWifiProServiceProxy: ctrlHwWifiNetwork pkgName: WIFIPRO_SERVICE interfaceId: 8
05-16 01:29:50.496  1834  2065 I QosMonitor: postEventFromNative: msg=100,arg1=4,arg2=10
05-16 01:29:50.496  1834  2065 I HwWifiProServiceProxy: ctrlHwWifiNetwork pkgName: WIFIPRO_SERVICE interfaceId: 8
05-16 01:29:50.497  1834  2065 I QosMonitor: postEventFromNative: msg=100,arg1=0,arg2=10
05-16 01:29:50.497  1834  2065 I MQoS    : rtt=116,tcpTxPkts=4207667,tcpRxPkts=6329385
05-16 01:29:50.498  1834 11540 I MQoS    : QOS_level:0(0),DataDisable;use level-0
05-16 01:29:50.498  1834 11540 I MQoS    : skip-low-Level:0(0),DataDisable;use level-0
05-16 01:29:50.498  1834  2164 I HuaweiWifiWatchdogStateMachine: PTcp RTT:0, rtt pkt=0, tcp_rx=3, tcp_tx=3, tcp_reTran=0, rtRate=0
05-16 01:29:50.498  1834  2164 I HuaweiWifiWatchdogStateMachine: rssi bad, mrssi=-77 < TargetRssi=-72
05-16 01:29:50.499  1834  2164 I HuaweiWifiWatchdogStateMachine: start computeQosLevel tcpRtt = 0 ,rssi = -77 ,mBestSpeedInPeriod = 15
05-16 01:29:50.499  1834  2164 I HuaweiWifiWatchdogStateMachine: smoothConsecutiveQosResults, currentQosLevel = 2
05-16 01:29:50.511 23396 23404 E bms_file: file /sys/class/hw_power/charger/direct_charger/direct_charge_succ is invalid
05-16 01:29:50.516  1834  2065 I TrafficMonitor: update:rxPkts:3,txPkts:3,rxBytes:120,txBytes:120
05-16 01:29:50.516  1834  2065 I TrafficMonitor: gettimer:interval=2000
05-16 01:29:50.550 23396 23404 E bms_file: file /sys/class/hw_power/charger/direct_charger/direct_charge_succ is invalid
--------- beginning of system
05-16 01:29:50.590  2451  2748 I PositionFenceSignalCollect: position fence recognize by cell and serve ap fail, no cell datas
05-16 01:29:50.603 23396 23404 I chatty  : uid=1000(system) /vendor/bin/bms_behavior identical 1 line
05-16 01:29:50.652 23396 23404 E bms_file: file /sys/class/hw_power/charger/direct_charger/direct_charge_succ is invalid
05-16 01:29:50.653 23396 23404 I bms_behavior: monitor interval count 365
05-16 01:29:51.842  1065  1065 I thermal_repeater: [recvMdThermalInfo] ret=35, strLen=127,  0, 32767, -127, 3404, 32767, 10539
05-16 01:29:52.432  2531  9919 I HwNaturalBase: [CommonHandler]: 40966Kb ram is used.
05-16 01:29:52.522  1834  2065 I TrafficMonitor: update:rxPkts:1,txPkts:0,rxBytes:32,txBytes:0
05-16 01:29:52.522  1834  2065 I TrafficMonitor: gettimer:interval=2000
05-16 01:29:52.585  1086  1179 I HfLooper: als lux = 50.000000 , rawdata1 =194.000000., rawdata1 = 12.000000
05-16 01:29:53.082  1834  2066 E WifiVendorHal: getWifiLinkLayerStats_1_3_Internal(l.957) failed {.code = ERROR_NOT_SUPPORTED, .description = }
05-16 01:29:53.096  1834  2066 I WificondControl: Noise: 0, Snr: 0, Chload: 0, rssi: -83, txBitrate: 19, rxBitrate: 1, frequency: 2452, UlDelay: 0, currentTxBytes: 444306787, currentTxPackets: 4538238, currentTxFailed: 0, currentRxBytes: 312862593, currentRxPackets: 7054986
05-16 01:29:53.101  1834  2079 I ConnectivityService: notifyType CALLBACK_CAP_CHANGED for NetworkAgentInfo [WIFI () - 142]
05-16 01:29:53.102  1834  2066 V HwWifiServiceFactory: get AllImpl object = com.android.server.wifi.HwWifiServiceFactoryImpl@5f30e40
05-16 01:29:53.103  1834  2077 D HwConnectivityServiceEx: set 10120 wlan0 value false
05-16 01:29:53.103  1834  2092 D HwConnectivityServiceEx: set 1000 wlan0 value false
05-16 01:29:53.105  1834  2077 D HwConnectivityServiceEx: set 10097 wlan0 value false
05-16 01:29:53.106  1834  2077 D HwConnectivityServiceEx: set 10026 wlan0 value true
05-16 01:29:53.106  1834  2077 I ConnectivityService: B uid 10026
05-16 01:29:53.106  1834  2077 D HwConnectivityServiceEx: set 10024 wlan0 value false
05-16 01:29:53.107  1834  2077 D HwConnectivityServiceEx: set 5514 wlan0 value false
05-16 01:29:53.108  1834  2077 D HwConnectivityServiceEx: set 5513 wlan0 value false
05-16 01:29:53.108  2451  3370 I Hicom_Monitor: notifyWifiRssiChanged, newRssi: -83
05-16 01:29:53.108  2451  2748 I OllieMsgCenter: publishEvt=2130903260
05-16 01:29:53.111  1834  2163 I HwWifiProServiceProxy: ctrlHwWifiNetwork pkgName: WIFIPRO_SERVICE interfaceId: 9
05-16 01:29:53.111  1834  2065 I QosMonitor: queryRtt: rttType = 3
05-16 01:29:53.111  1834  2065 I HwWifiProServiceProxy: ctrlHwWifiNetwork pkgName: WIFIPRO_SERVICE interfaceId: 8
05-16 01:29:53.112  1834  2065 I QosMonitor: postEventFromNative: msg=100,arg1=4,arg2=10
05-16 01:29:53.113  1834  2162 I HwWifiConnectivityMonitor: signal level changed: 2 --> 1, 802.11v = false
05-16 01:29:53.116  2569  2846 I HotspotComponent: onWifiBroadcastReceived :android.net.wifi.RSSI_CHANGED
05-16 01:29:53.116  2569  2846 I WifiStatController: not need report or sync
05-16 01:29:53.120  1834  2563 D HwConnectivityServiceEx: set 10166 wlan0 value false
05-16 01:29:53.122  1834  2163 I HwWifiProServiceProxy: ctrlHwWifiNetwork pkgName: WIFIPRO_SERVICE interfaceId: 9
05-16 01:29:53.126  2569  2812 I WifiProComponent: default event
05-16 01:29:53.126  2569  2812 I HotspotComponent: handleEvent
05-16 01:29:53.126  2569  2812 I HotspotComponent: handleEvent not handle the event:1128
05-16 01:29:53.128  1834  2563 E WifiPermissionsUtil: getUidPermission is DENIED and permissionType android.permission.ACCESS_COARSE_LOCATIONuid 10166
05-16 01:29:53.128  1834  2563 E WifiService: enforceCanAccessScanResults: hiding ssid and bssidUID 10166 has no location permission
05-16 01:29:53.131  1834  2563 E WifiPermissionsUtil: getUidPermission is DENIED and permissionType android.permission.ACCESS_FINE_LOCATIONuid 10024
05-16 01:29:53.131  1834  2563 E WifiService: enforceCanAccessScanResults: hiding ssid and bssidUID 10024 has no location permission
05-16 01:29:53.138  1834  2563 E WifiPermissionsUtil: getUidPermission is DENIED and permissionType android.permission.ACCESS_COARSE_LOCATIONuid 10166
05-16 01:29:53.139  1834  2563 E WifiService: enforceCanAccessScanResults: hiding ssid and bssidUID 10166 has no location permission
05-16 01:29:53.145  1834  2275 E WifiPermissionsUtil: getUidPermission is DENIED and permissionType android.permission.ACCESS_COARSE_LOCATIONuid 10166
05-16 01:29:53.146  1834  2275 E WifiService: enforceCanAccessScanResults: hiding ssid and bssidUID 10166 has no location permission
05-16 01:29:53.149   704 17882 I hwcomposer: [HWCDisplay] [Display_0 (type:1)] fps:0.661093,dur:3025.29,max:3009.04,min:16.25  
05-16 01:29:53.152  1834  2275 E WifiService: enforceCanAccessScanResults: hiding ssid and bssidUID 10166 has no location permission
05-16 01:29:53.156   530   530 I hwservicemanager: getTransport: Cannot find entry vendor.huawei.hardware.hwsched@1.0::ISched/hwsched in either framework or device manifest.
05-16 01:29:53.157   749  1219 E SurfaceFlingerEx: notifyRealVsyncPeriod could not find AISched service
05-16 01:29:53.245   530   530 I hwservicemanager: getTransport: Cannot find entry vendor.huawei.hardware.hwsched@1.0::ISched/hwsched in either framework or device manifest.
05-16 01:29:53.245   749  1219 E SurfaceFlingerEx: notifyRealVsyncPeriod could not find AISched service
05-16 01:29:53.152  1834  2275 E WifiPermissionsUtil: getUidPermission is DENIED and permissionType android.permission.ACCESS_COARSE_LOCATIONuid 10166
05-16 01:29:53.278  1834  2275 E WifiPermissionsUtil: getUidPermission is DENIED and permissionType android.permission.ACCESS_FINE_LOCATIONuid 10024
05-16 01:29:53.278  1834  2275 E WifiService: enforceCanAccessScanResults: hiding ssid and bssidUID 10024 has no location permission
05-16 01:29:53.282  1834  2563 E WifiPermissionsUtil: getUidPermission is DENIED and permissionType android.permission.ACCESS_FINE_LOCATIONuid 10024
05-16 01:29:53.282  1834  2563 E WifiService: enforceCanAccessScanResults: hiding ssid and bssidUID 10024 has no location permission
05-16 01:29:53.286  1834  2563 E WifiService: enforceCanAccessScanResults: hiding ssid and bssidUID 10024 has no location permission
05-16 01:29:53.696   704  1223 I hwcomposer: [DPY] receive refesh frquest from driver: type[4]  
05-16 01:29:53.696   704  1223 I hwcomposer: [HWC] fire a callback of refresh to SF  
05-16 01:29:53.717   530   530 I hwservicemanager: getTransport: Cannot find entry vendor.huawei.hardware.graphics.hwcinterface@1.1::IHwcInterface/default in either framework or device manifest.
05-16 01:29:53.718   704   786 W hwcomposer: [HWCTURBOMANAGER] init: IHwcInterface::tryGetService failed!  
05-16 01:29:53.735   530   530 I hwservicemanager: getTransport: Cannot find entry vendor.huawei.hardware.hwsched@1.0::ISched/hwsched in either framework or device manifest.
05-16 01:29:53.736   749  1219 E SurfaceFlingerEx: notifyRealVsyncPeriod could not find AISched service
05-16 01:29:53.824   530   530 I hwservicemanager: getTransport: Cannot find entry vendor.huawei.hardware.hwsched@1.0::ISched/hwsched in either framework or device manifest.
05-16 01:29:53.825   749  1219 E SurfaceFlingerEx: notifyRealVsyncPeriod could not find AISched service
05-16 01:29:54.247   675 26102 I netd    : trafficSwapActiveStatsMap() <1.60ms>
05-16 01:29:54.420  1094  6920 D AALLightSensor: oldLux=57 [SA:49 LA:48] newLux=57 (oriLux: 50)
05-16 01:29:54.494  1834  2066 I WificondControl: Noise: 0, Snr: 0, Chload: 0, rssi: -82, txBitrate: 19, rxBitrate: 1, frequency: 2452, UlDelay: 0, currentTxBytes: 444306787, currentTxPackets: 4538238, currentTxFailed: 0, currentRxBytes: 312862593, currentRxPackets: 7054986
05-16 01:29:53.286  1834  2563 E WifiPermissionsUtil: getUidPermission is DENIED and permissionType android.permission.ACCESS_FINE_LOCATIONuid 10024
05-16 01:29:54.499  1834  2079 I ConnectivityService: notifyType CALLBACK_CAP_CHANGED for NetworkAgentInfo [WIFI () - 142]
05-16 01:29:54.502  1834  2077 I ConnectivityService: B uid 10026
05-16 01:29:54.502  1834  2065 I QosMonitor: queryRtt: rttType = 3
05-16 01:29:54.502  1834  2065 I HwWifiProServiceProxy: ctrlHwWifiNetwork pkgName: WIFIPRO_SERVICE interfaceId: 8
05-16 01:29:54.503  1834  2162 I HwWifiConnectivityMonitor: signal level changed: 1 --> 2, 802.11v = false
05-16 01:29:54.503  1834  2065 I QosMonitor: postEventFromNative: msg=100,arg1=4,arg2=10
05-16 01:29:54.505  1834  2163 I HwWifiProServiceProxy: ctrlHwWifiNetwork pkgName: WIFIPRO_SERVICE interfaceId: 9
05-16 01:29:54.508  2451  2748 I OllieMsgCenter: publishEvt=2130903260
05-16 01:29:54.508  2451  3370 I Hicom_Monitor: notifyWifiRssiChanged, newRssi: -82
05-16 01:29:54.509  2569  2846 I HotspotComponent: onWifiBroadcastReceived :android.net.wifi.RSSI_CHANGED
05-16 01:29:54.509  2569  2846 I WifiStatController: not need report or sync
05-16 01:29:54.513  1834  2065 I WiFi_PRO: MSG_RETURN_AP_CURRY_RSSI rssi = -82
05-16 01:29:54.514  1834  2065 I QosMonitor: queryRtt: rttType = 3
05-16 01:29:54.514  1834  2166 I HwDualBandManager: handle2gApStrongWifiRssiChange
05-16 01:29:54.514  1834  2065 I HwWifiProServiceProxy: ctrlHwWifiNetwork pkgName: WIFIPRO_SERVICE interfaceId: 8
05-16 01:29:54.514  1834  2065 I QosMonitor: postEventFromNative: msg=100,arg1=4,arg2=10
05-16 01:29:54.516  1834  2163 I HwWifiProServiceProxy: ctrlHwWifiNetwork pkgName: WIFIPRO_SERVICE interfaceId: 9
05-16 01:29:54.525  1834  2065 I TrafficMonitor: update:rxPkts:0,txPkts:0,rxBytes:0,txBytes:0
05-16 01:29:54.525  1834  2065 I TrafficMonitor: gettimer:interval=2000
05-16 01:29:54.527  2569  2812 I WifiProComponent: default event
05-16 01:29:54.527  2569  2812 I HotspotComponent: handleEvent
05-16 01:29:54.528  2569  2812 I HotspotComponent: handleEvent not handle the event:1128
05-16 01:29:54.528  1834  2987 E WifiPermissionsUtil: getUidPermission is DENIED and permissionType android.permission.ACCESS_FINE_LOCATIONuid 10024
05-16 01:29:54.528  1834  2987 E WifiService: enforceCanAccessScanResults: hiding ssid and bssidUID 10024 has no location permission
05-16 01:29:54.533  1834  2987 E WifiPermissionsUtil: getUidPermission is DENIED and permissionType android.permission.ACCESS_COARSE_LOCATIONuid 10166
05-16 01:29:54.533  1834  2987 E WifiService: enforceCanAccessScanResults: hiding ssid and bssidUID 10166 has no location permission
05-16 01:29:54.540  1834  2987 E WifiService: enforceCanAccessScanResults: hiding ssid and bssidUID 10166 has no location permission
05-16 01:29:54.545   530   530 I hwservicemanager: getTransport: Cannot find entry vendor.huawei.hardware.hwsched@1.0::ISched/hwsched in either framework or device manifest.
05-16 01:29:54.546   749  1219 E SurfaceFlingerEx: notifyRealVsyncPeriod could not find AISched service
05-16 01:29:54.547  1834  2987 E WifiService: enforceCanAccessScanResults: hiding ssid and bssidUID 10166 has no location permission
05-16 01:29:54.554  1834  2987 E WifiService: enforceCanAccessScanResults: hiding ssid and bssidUID 10166 has no location permission
05-16 01:29:54.572   530   530 I hwservicemanager: getTransport: Cannot find entry vendor.huawei.hardware.graphics.hwcinterface@1.1::IHwcInterface/default in either framework or device manifest.
05-16 01:29:54.572   704 17882 W hwcomposer: [HWCTURBOMANAGER] init: IHwcInterface::tryGetService failed!  
05-16 01:29:54.575   704 17882 I hwcomposer: [HWCDisplay] [Display_0 (type:1)] fps:2.103994,dur:1425.86,max:840.66,min:16.22  
05-16 01:29:54.629   530   530 I hwservicemanager: getTransport: Cannot find entry vendor.huawei.hardware.hwsched@1.0::ISched/hwsched in either framework or device manifest.
05-16 01:29:54.629   749  1219 E SurfaceFlingerEx: notifyRealVsyncPeriod could not find AISched service
05-16 01:29:54.546  1834  2987 I chatty  : uid=1000(system) Binder:1834_1C identical 2 lines
05-16 01:29:54.553  1834  2987 E WifiPermissionsUtil: getUidPermission is DENIED and permissionType android.permission.ACCESS_COARSE_LOCATIONuid 10166
05-16 01:29:54.638  1834  2563 E WifiPermissionsUtil: getUidPermission is DENIED and permissionType android.permission.ACCESS_FINE_LOCATIONuid 10024
05-16 01:29:54.639  1834  2563 E WifiService: enforceCanAccessScanResults: hiding ssid and bssidUID 10024 has no location permission
05-16 01:29:54.642  1834  2563 E WifiPermissionsUtil: getUidPermission is DENIED and permissionType android.permission.ACCESS_FINE_LOCATIONuid 10024
05-16 01:29:54.646  1834  1985 E WifiPermissionsUtil: getUidPermission is DENIED and permissionType android.permission.ACCESS_FINE_LOCATIONuid 10024
05-16 01:29:54.643  1834  2563 E WifiService: enforceCanAccessScanResults: hiding ssid and bssidUID 10024 has no location permission
05-16 01:29:54.647  1834  1985 E WifiService: enforceCanAccessScanResults: hiding ssid and bssidUID 10024 has no location permission
05-16 01:29:55.196  2531 10191 I OPCollectLog: ARFromAwarenessImpl:handleMessage msg: 1
05-16 01:29:55.198  2531 10191 E CAWARENESS_CLIENT: sdk_b: checkApkExist false PackageManager.NameNotFoundException
05-16 01:29:55.198  2531 10191 E CAWARENESS_CLIENT: AwarenessManager: connectMsdpService() msdp do not install
05-16 01:29:55.251  1086  1179 I HfLooper: als lux = 50.000000 , rawdata1 =194.000000., rawdata1 = 12.000000
05-16 01:29:55.518  1834  2065 I TrafficMonitor: expired arrive. level:-1
05-16 01:29:55.518  1834  2065 I TrafficMonitor: during_ms:2004,period_ms:2000
05-16 01:29:55.519  1834  2065 I TrafficMonitor: count:18,rx_sum:0,tx_sum:0,rxBytes:0,during_ms:2004,rx_speed:0.0,tx_speed:0.0,rto:0.0
05-16 01:29:55.519  1834  2065 I HuaweiWifiWatchdogStateMachine: Get speed information rx_speed = 0 ,tx_speed = 0 ,isSpeedOk = false ,mBestSpeedInPeriod = 0
05-16 01:29:55.659 23396 23404 E bms_file: file /sys/class/hw_power/charger/direct_charger/direct_charge_succ is invalid
05-16 01:29:55.783 23396 23404 I chatty  : uid=1000(system) /vendor/bin/bms_behavior identical 1 line
05-16 01:29:55.941 23396 23404 E bms_file: file /sys/class/hw_power/charger/direct_charger/direct_charge_succ is invalid
05-16 01:29:56.109  1834  2066 E WifiVendorHal: getWifiLinkLayerStats_1_3_Internal(l.957) failed {.code = ERROR_NOT_SUPPORTED, .description = }
05-16 01:29:56.120 23396 23404 E bms_file: file /sys/class/hw_power/charger/direct_charger/direct_charge_succ is invalid
05-16 01:29:56.122 23396 23404 I bms_behavior: monitor interval count 366
05-16 01:29:56.123  1834  2066 I WificondControl: Noise: 0, Snr: 0, Chload: 0, rssi: -82, txBitrate: 19, rxBitrate: 1, frequency: 2452, UlDelay: 0, currentTxBytes: 444306787, currentTxPackets: 4538238, currentTxFailed: 0, currentRxBytes: 312862593, currentRxPackets: 7054986
05-16 01:29:56.127  1834  2066 V HwWifiServiceFactory: get AllImpl object = com.android.server.wifi.HwWifiServiceFactoryImpl@5f30e40
05-16 01:29:56.165   530   530 I hwservicemanager: getTransport: Cannot find entry vendor.huawei.hardware.hwsched@1.0::ISched/hwsched in either framework or device manifest.
05-16 01:29:56.166   749  1219 E SurfaceFlingerEx: notifyRealVsyncPeriod could not find AISched service
05-16 01:29:56.174   704   786 I hwcomposer: [HWCDisplay] [Display_0 (type:1)] fps:0.625369,dur:1599.06,max:1599.06,min:1599.06  
05-16 01:29:56.205  2451  2748 I SpeedTestNotifier: is low speed scene
05-16 01:29:56.249   530   530 I hwservicemanager: getTransport: Cannot find entry vendor.huawei.hardware.hwsched@1.0::ISched/hwsched in either framework or device manifest.
05-16 01:29:56.249   749  1219 E SurfaceFlingerEx: notifyRealVsyncPeriod could not find AISched service
05-16 01:29:56.477   675 26102 I netd    : trafficSwapActiveStatsMap() <0.90ms>
05-16 01:29:56.531  1834  2065 I TrafficMonitor: update:rxPkts:0,txPkts:0,rxBytes:0,txBytes:0
05-16 01:29:56.531  1834  2065 I TrafficMonitor: gettimer:interval=2000
05-16 01:29:57.918  1086  1179 I HfLooper: als lux = 49.000000 , rawdata1 =193.000000., rawdata1 = 10.000000
05-16 01:29:58.420  1094  6920 D AALLightSensor: oldLux=57 [SA:49 LA:48] newLux=57 (oriLux: 50)
05-16 01:29:58.498  1834  2066 I WificondControl: Noise: 0, Snr: 0, Chload: 0, rssi: -76, txBitrate: 19, rxBitrate: 1, frequency: 2452, UlDelay: 0, currentTxBytes: 444306787, currentTxPackets: 4538238, currentTxFailed: 0, currentRxBytes: 312862593, currentRxPackets: 7054986
05-16 01:29:58.507  1834  2065 I WiFi_PRO: MSG_RETURN_AP_CURRY_RSSI rssi = -76
05-16 01:29:58.508  1834  2065 I QosMonitor: queryRtt: rttType = 3
05-16 01:29:58.508  1834  2065 I HwWifiProServiceProxy: ctrlHwWifiNetwork pkgName: WIFIPRO_SERVICE interfaceId: 8
05-16 01:29:58.508  1834  2166 I HwDualBandManager: handle2gApStrongWifiRssiChange
05-16 01:29:58.509  1834  2065 I QosMonitor: postEventFromNative: msg=100,arg1=4,arg2=10
05-16 01:29:58.534  1834  2065 I TrafficMonitor: update:rxPkts:0,txPkts:0,rxBytes:0,txBytes:0
05-16 01:29:58.534  1834  2065 I TrafficMonitor: gettimer:interval=2000
05-16 01:29:58.938   833   833 I aptouch_daemon: check_idle_status, idle out.
05-16 01:29:58.948   833   833 I aptouch_daemon: print_log, touch:1, down:1 (+0)
05-16 01:29:58.949  1834  2037 D fingersense_manager: Calling fingersense_classify_touch()
05-16 01:29:58.949  1834  1888 I osfingersense: Acc read ok
05-16 01:29:58.949  1834  1888 I osfingersense: osf: wait tp event in
05-16 01:29:58.949  1834  2037 I osfingersense: fingersense_classify_touch: entrance, v2.5 with 1.0 bin
05-16 01:29:58.949  1834  2037 I osfingersense: touch down-id: 0
05-16 01:29:58.950  1834  2037 I osfingersense: fingersense_classify_touch: M F: 93.149284
05-16 01:29:58.950  1834  2037 I osfingersense: fingersense_classify_touch: P M F: 88.858032
05-16 01:29:58.950  1834  2037 I osfingersense: fingersense_classify_touch: P: 248.000000
05-16 01:29:58.950  1834  2037 I osfingersense: fingersense_classify_touch: N A: 0.916667
05-16 01:29:58.950  1834  2037 I osfingersense: fingersense_classify_touch: N S: 1.505287
05-16 01:29:58.950  1834  2037 I osfingersense: fingersense_classify_touch: M U: 7987.351562
05-16 01:29:58.950  1834  2037 I osfingersense: fingersense_classify_touch: G: 21.000000
05-16 01:29:58.950  1834  2037 I osfingersense: fingersense_classify_touch: B--N--A
05-16 01:29:58.950  1834  2037 I osfingersense: fingersense_classify_touch: B--N--S
05-16 01:29:58.950  1834  2037 I osfingersense: fingersense_classify_touch acc model off
05-16 01:29:58.950  1834  2037 I osfingersense: fingersense_classify_touch: Part IV
05-16 01:29:58.950  1834  2037 I osfingersense: Part IV B
05-16 01:29:58.950  1834  2037 I osfingersense: fingersense_classify_touch: inference = 0
05-16 01:29:58.950  1834  2037 D fingersense_manager: fingersense_classify_touch() finished
05-16 01:29:58.951  1834  2037 I HwFingersSnapshooter: handleMotionEvent first finger(0) touch down at (703.0,1874.0)
05-16 01:29:58.953  1834  2036 I InputDispatcher: stylus touch down, set lcd event 1
05-16 01:29:58.954  1834  2036 I chatty  : uid=1000(system) InputDispatcher identical 2 lines
05-16 01:29:58.954  1834  2036 I InputDispatcher: stylus touch down, set lcd event 1
05-16 01:29:58.955  2686  2686 I RMS.HwSysResManager: preloadAppForLauncher packageName com.mars.infra.trace preloadType 101
05-16 01:29:58.957  1834  1886 I DisplayPowerController: mPowerState.mScreenChangedReason: 65539 mPendingRequestLocked.mScreenChangeReason 65539
05-16 01:29:58.957  1834  2030 I BigFontUtils: adjustAppProcessConfiguration appInfo:com.mars.infra.trace
05-16 01:29:58.959  1834  1856 I HWRME LIBHWRME_CLIENT: ResMngMmEvent interface arg 1, 10065
05-16 01:29:58.959  1834  1886 I DisplayPowerController: Animating brightness: target=46, rate=180,brightnessTargetReal=46,AutoBrightness=true
05-16 01:29:58.960  1834  1856 I NavigationBarPolicy: pointY:1874.0realSize.y:2400HIT_REGION_TO_MAX:33
05-16 01:29:58.961  1834  1886 V DisplayPowerController: Brightness [46] reason changing to: 'automatic', previous reason: 'automatic [ dim ]'.
05-16 01:29:58.962   994  2016 I dubaid  : [DisplayPanel.cpp] HandleBrightnessNitChanged# Display brightness:46 reason:AUTO nit:102
05-16 01:29:58.962  1834  1886 I PowerManagerService: handleSandman: wakefulness: 1,startDreaming: false
05-16 01:29:58.964   743   779 I libPowerHal: [PE] scn:57 hdl:8 user:iawareperf@1.0- pid:728 tid:1000
05-16 01:29:58.966   743   779 I libPowerHal: iawareperf@1.0-: hard user limit set cpu freq: 1128000 -1 1534000 -1
05-16 01:29:58.966   743   779 I libPowerHal: [PE] iawareperf@1.0- update cmd:1400300, param:50
05-16 01:29:58.967   743   779 I libPowerHal: [PE] iawareperf@1.0- update cmd:1000000, param:4
05-16 01:29:58.967  1834  1886 I HwNormalizedRampAnimator: hbm_dimming target=1803 rate=180 duration=0.5
05-16 01:29:58.969   743   779 I libPowerHal: [PE] scn:64 hdl:15 user:iawareperf@1.0- pid:728 tid:1000
05-16 01:29:58.970   743   779 I libPowerHal: iawareperf@1.0-: hard user limit set cpu freq: 1650000 -1 1837000 -1
05-16 01:29:58.970   743   779 I libPowerHal: [PE] iawareperf@1.0- update cmd:1400100, param:100
05-16 01:29:58.972   746 26485 D AudioPolicyService: getUidState(10358) !cacheIter->second.first, return PROCESS_STATE_UNKNOWN
05-16 01:29:58.972   746 26485 D AudioPolicyService: getUidState(10358) !cacheIter->second.first, return PROCESS_STATE_UNKNOWN
05-16 01:29:58.972   719   719 E DE H =DE: setAmoled:522: can not support this mode: MODE_AMOLED!
05-16 01:29:58.973   731   731 D lights  : write_int open fd=6
05-16 01:29:58.973   743   779 I libPowerHal: [PE] iawareperf@1.0- update cmd:1400300, param:100
05-16 01:29:58.973   743   779 I libPowerHal: [PE] iawareperf@1.0- update cmd:1000000, param:3
05-16 01:29:58.974  1094  1176 D AAL     : onBacklightChanged: 24/1023 -> 32/1023(phy:64/4095)
05-16 01:29:58.974  1094  1176 D AAL     : LABC: LABC after setTarget isSmoothBacklight=0 
05-16 01:29:58.983   704 17882 I hwcomposer: [HWCDisplay] [Display_0 (type:1)] fps:0.356060,dur:2808.52,max:2808.52,min:2808.52  
05-16 01:29:58.984   719   719 E DE H =DE: setAmoled:522: can not support this mode: MODE_AMOLED!
05-16 01:29:58.984   731   731 D lights  : write_int open fd=6
05-16 01:29:58.986   676   676 D Zygote  : Forked child process 27810
05-16 01:29:58.987   833   833 I aptouch_daemon: print_log, touch:0, down:0 
05-16 01:29:58.988  1834  2037 I HwFingersSnapshooter: handleMotionEvent last finger(0) up.
05-16 01:29:58.989  1834  2036 I InputDispatcher: stylus touch up, set lcd event 0
05-16 01:29:58.989  1834  2036 I chatty  : uid=1000(system) InputDispatcher identical 2 lines
05-16 01:29:58.989  1834  2036 I InputDispatcher: stylus touch up, set lcd event 0
05-16 01:29:58.989   743   780 I mtkpower@impl: @Deprecated scnDisable hdl:8
05-16 01:29:58.990   743   779 I libPowerHal: [PD] scn:57 hdl:8 user:iawareperf@1.0- pid:728 tid:1000
05-16 01:29:58.990  1834 28333 D BehaviorCollectorService: data is not enough, invalid data
05-16 01:29:58.990  1094  1176 D AAL     : onBacklightChanged: 32/1023 -> 43/1023(phy:86/4095)
05-16 01:29:58.990  1094  1176 D AAL     : LABC: LABC after setTarget isSmoothBacklight=0 
05-16 01:29:58.991   530   530 I hwservicemanager: getTransport: Cannot find entry vendor.huawei.hardware.hwsched@1.0::ISched/hwsched in either framework or device manifest.
05-16 01:29:58.991  1834  1876 I ActivityManager: Start proc 27810:com.mars.infra.trace/u0a358 for start application com.mars.infra.trace
05-16 01:29:58.991   749  1219 E SurfaceFlingerEx: notifyRealVsyncPeriod could not find AISched service
05-16 01:29:58.992  2686  2686 V AudioManager: querySoundEffectsEnabled...
05-16 01:29:58.993 27810 27810 I ars.infra.trac: Late-enabling -Xcheck:jni
05-16 01:29:58.996   743   779 I libPowerHal: [PE] scn:58 hdl:9 user:iawareperf@1.0- pid:728 tid:1000
05-16 01:29:58.999   743   779 I libPowerHal: [PE] scn:61 hdl:12 user:iawareperf@1.0- pid:728 tid:1000
05-16 01:29:58.999   743   779 I libPowerHal: iawareperf@1.0-: set gpu opp level: 4
05-16 01:29:58.999   743   779 I libPowerHal: iawareperf@1.0-: set gpu opp level max: 0
05-16 01:29:59.000   743   779 I libPowerHal: iawareperf@1.0-: hard user limit set cpu freq: 1650000 -1 1837000 -1
05-16 01:29:59.001   719   719 E DE H =DE: setAmoled:522: can not support this mode: MODE_AMOLED!
05-16 01:29:59.001   731   731 D lights  : write_int open fd=6
05-16 01:29:59.004  1834  1985 I HwWindowManagerServiceEx: set app win exit info, bundle = Bundle[mParcelledData.dataSize=532], iconBitmap = android.graphics.Bitmap@b9a9e73
05-16 01:29:59.004  1834  1985 D HwWindowManagerServiceEx: support landscape open anim : true
05-16 01:29:59.004  1834  1985 I HwWindowManagerServiceEx: setLandAnimationInfo : true
05-16 01:29:59.004  1834  1985 I HwWindowManagerServiceEx: set launch origin and target for: com.mars.infra.trace with delay 3000
05-16 01:29:59.005  1834  1985 D HwWindowManagerServiceEx: AnimationTurbo wms set setIconToLayer enter icon
05-16 01:29:59.007  1094  1176 D AAL     : onBacklightChanged: 43/1023 -> 54/1023(phy:108/4095)
05-16 01:29:59.007  2686 27816 I HwLauncher: GestureUtil MOTION_NOTIFICATION app_start sendBroadcast extra= category: app_start
05-16 01:29:59.007  1094  1176 D AAL     : LABC: LABC after setTarget isSmoothBacklight=0 
05-16 01:29:59.007  1834  1985 I ActivityTaskManager: START u0 {act=android.intent.action.MAIN cat=[android.intent.category.LAUNCHER] flg=0x10200000 hwFlg=0x10 cmp=com.mars.infra.trace/com.mars.infra.fusion.MainActivity bnds=[542,1725][794,2032] (has extras)} from uid 10065
05-16 01:29:59.007  1834  1985 I HwActivityTaskManagerServiceEx: developer mode, not limit.
05-16 01:29:59.007  1834  1985 I HWRME LIBHWRME_CLIENT: ResMngMmEvent interface arg 0, 10358
05-16 01:29:59.008  1834  1834 I DE J DES: [effect] [MOTION_NOTIFICATION] extra:app_start
05-16 01:29:59.008  1834  1985 I ActivityTaskManager: Background activity start: don't abort if calling uid has any visible window or is persistent system process
05-16 01:29:59.008  1834  1985 D HwGameAssistantController: isGameForeground? false
05-16 01:29:59.008  1834  1985 I ActivityTaskManager: ActivityRecord info: ActivityInfo{d0eb130 com.mars.infra.fusion.MainActivity}
05-16 01:29:59.009  1834  1985 D ActivityTaskManager: TaskLaunchParamsModifier:task=null activity=ActivityRecord{45e41a9 u0 com.mars.infra.trace/com.mars.infra.fusion.MainActivity t-1} display-from-source=0 display-id=0 display-windowing-mode=1
05-16 01:29:59.009  1834  1985 D ActivityTaskManager: TaskLaunchParamsModifier:task=null activity=ActivityRecord{45e41a9 u0 com.mars.infra.trace/com.mars.infra.fusion.MainActivity t-1} display-from-source=0 display-id=0 display-windowing-mode=1 activity-options-fullscreen=Rect(0, 0 - 0, 0) non-freeform-display maximized-bounds
05-16 01:29:59.009  1834  1985 D ActivityTaskManager: pinned windowing mode is false  pad mirror cast is  false
05-16 01:29:59.010  1064  1088 D AwareLog: iawared: pause rcc and gpu compress
05-16 01:29:59.010  1064  1088 W AwareLog: iawared: ChangePropertyContent open /proc/gmc/device0/cancel fail errno(2)!
05-16 01:29:59.011   743   779 I libPowerHal: [PE] scn:54 hdl:5 user:iawareperf@1.0- pid:728 tid:1000
05-16 01:29:59.011   743   779 I libPowerHal: iawareperf@1.0-: set gpu opp level max: 0
05-16 01:29:59.011   743   779 I libPowerHal: iawareperf@1.0-: hard user limit set cpu freq: 1750000 -1 1993000 -1
05-16 01:29:59.011   743   779 I libPowerHal: [PE] iawareperf@1.0- update cmd:1000000, param:1
05-16 01:29:59.012  1834  1985 V ActivityTaskManager: addChild: attaching stackId=296 to displayId=0 position=1
05-16 01:29:59.012  1834  1985 V ActivityTaskManager: positionChild stackId=296 to top.
05-16 01:29:59.013  1834  1985 D ActivityTaskManager: TaskLaunchParamsModifier:task=TaskRecord{5d9a32e #308 A=10358:com.mars.infra.trace U=0 StackId=296 sz=0} activity=ActivityRecord{45e41a9 u0 com.mars.infra.trace/com.mars.infra.fusion.MainActivity t-1} display-from-task=0 display-id=0 display-windowing-mode=1 activity-options-fullscreen=Rect(0, 0 - 0, 0) non-freeform-display maximized-bounds
05-16 01:29:59.015  1834  1985 V ActivityTaskManager: positionChild stackId=296 to top.
05-16 01:29:59.016 27810 27810 E libc    : Access denied finding property "persist.device_config.runtime_native.use_app_image_startup_cache"
05-16 01:29:59.016 27810 27810 E ars.infra.trac: LoadAppImageStartupCache enabled : 1
05-16 01:29:59.016 27810 27810 E ars.infra.trac: Unknown bits set in runtime_flags: 0x8000
05-16 01:29:59.012 27810 27810 W ars.infra.trac: type=1400 audit(0.0:221243): avc: denied { read } for pid=27810 name="u:object_r:device_config_runtime_native_prop:s0" dev="tmpfs" ino=16090 scontext=u:r:untrusted_app:s0:c102,c257,c512,c768 tcontext=u:object_r:device_config_runtime_native_prop:s0 tclass=file permissive=0
05-16 01:29:59.017 27810 27810 I ars.infra.trac: Reinit property: dalvik.vm.checkjni= false
05-16 01:29:59.017 27810 27810 I ars.infra.trac: ReInitProperties: persist.vm.debug.dumpapi= false
05-16 01:29:59.017  1064  1088 D AwareLog: iawared: WorkingsetProcessCommand subCmd = 350, userId=10358, pid=27810, com.mars.infra.trace/com.mars.infra.fusion.MainActivity
05-16 01:29:59.017  1064  1088 D AwareLog: iawared: WorkingsetAdjustAppIoPrio SYS_ioprio_get successfully! which=1, class=0, prio=4, pid=27810
05-16 01:29:59.017  1064  1088 D AwareLog: iawared: WorkingsetAdjustAppIoPrio SYS_ioprio_set successfully! which=1, class=1, prio=4, pid=27810
05-16 01:29:59.017   743   779 I libPowerHal: [PE] scn:8 hint:LAUNCH
05-16 01:29:59.017  1064  1088 D AwareLog: iawared: WorkingsetSendPrereadMsg com.mars.infra.trace/com.mars.infra.fusion.MainActivity
05-16 01:29:59.018   743   779 I libPowerHal: LAUNCH: cpu_ctrl set cpu freq: 2000000 -1 2000000 -1
05-16 01:29:59.018   743   779 I libPowerHal: [PE] LAUNCH update cmd:1000000, param:0
05-16 01:29:59.018   719   719 E DE H =DE: setAmoled:522: can not support this mode: MODE_AMOLED!
05-16 01:29:59.018   743   779 I libPowerHal: [PE] LAUNCH update cmd:1408300, param:100
05-16 01:29:59.018  1064  1088 D AwareLog: iawared: WorkingsetStart com.mars.infra.trace/com.mars.infra.fusion.MainActivity in monitor0
05-16 01:29:59.018   731   731 D lights  : write_int open fd=6
05-16 01:29:59.018  1834  1985 I WindowManager: addWindowToken: displayid:0 binder:Token{f6aecf ActivityRecord{45e41a9 u0 com.mars.infra.trace/com.mars.infra.fusion.MainActivity t308}} token:AppWindowToken{565b05c token=Token{f6aecf ActivityRecord{45e41a9 u0 com.mars.infra.trace/com.mars.infra.fusion.MainActivity t308}}}
05-16 01:29:59.019  1834  1985 V ActivityTaskManager: addAppToken: AppWindowToken{565b05c token=Token{f6aecf ActivityRecord{45e41a9 u0 com.mars.infra.trace/com.mars.infra.fusion.MainActivity t308}}} task={taskId=308 appTokens=[] mdr=false} at 2147483647
05-16 01:29:59.020  2648  4990 I PGServer: android calls fast HApps
05-16 01:29:59.020  2648  4990 I AppFastHibernation: fast H duration: 1500 reason: start activity
05-16 01:29:59.020  1834  1985 I ActivityTaskManager: setAppStartingWindow: token=Token{f6aecf ActivityRecord{45e41a9 u0 com.mars.infra.trace/com.mars.infra.fusion.MainActivity t308}} pkg=com.mars.infra.trace transferFrom=null newTask=true taskSwitch=true processRunning=false allowTaskSnapshot=true activityCreated=false LowRamTaskSnapshots=false
05-16 01:29:59.020  1834  1985 I WindowManager: Get card startingwindow flag: -1
05-16 01:29:59.020  1064  8783 I Pged-IPgedBinderService: ****action is 1, pid num is 3***
05-16 01:29:59.020  1064  8783 I Pged-Freezer: freezePids
05-16 01:29:59.021  1064  8783 I Pged-Freezer: Freeze process: 23410
05-16 01:29:59.022  1834  1868 I HwAudioServiceEx: ComponentInfo : className = com.mars.infra.fusion.MainActivity, flag = showStartingWindow, isHomeActivity = , isTop = false
05-16 01:29:59.022  1834  1868 I HwAudioServiceEx: not onResume or onPause
05-16 01:29:59.022  1064  8783 I Pged-Freezer: Freeze process: 2282
05-16 01:29:59.022  1834  1886 I PowerManagerService: handleSandman: wakefulness: 1,startDreaming: false
05-16 01:29:59.022  2648  3653 D PgedBinderAdapter: F_Z ok, pid: [23410, 2282]
05-16 01:29:59.022  2451 18197 E DollieActivityManagerAdapter: HwActivityNotifierEx null uid
05-16 01:29:59.023  9327 16283 W ContentSensor_FrameworkRegistry: Unknown state is : showStartingWindow
05-16 01:29:59.024  1094  1176 D AAL     : onBacklightChanged: 54/1023 -> 65/1023(phy:130/4095)
05-16 01:29:59.024  1094  1176 D AAL     : LABC: LABC after setTarget isSmoothBacklight=0 
05-16 01:29:59.029  1834  1859 D MouseWheelSynthesizer: mMoveStepInDp: 64, mMoveStepInPixel: 192, mUpTimeDelayed: 100
05-16 01:29:59.029  1834  1859 D ViewRootImpl: ViewRootImpl mIsInProductivePCDisplay: false
05-16 01:29:59.029  1834  1859 I HwPCUtils#HwRioViewManager: check if rio enable, displayId = 0， packageName = com.mars.infra.trace
05-16 01:29:59.032  2686  2686 I HwViewRootImpl: removeInvalidNode all the node in jank list is out of time
05-16 01:29:59.033  1834  1859 I WindowManager: addWindow: Window{745aef4 u0 Splash Screen com.mars.infra.trace} client:android.view.ViewRootImpl$W@8e3a8c7 currentDisplayId:0 requestDisplayId:0 token:Token{f6aecf ActivityRecord{45e41a9 u0 com.mars.infra.trace/com.mars.infra.fusion.MainActivity t308}}
05-16 01:29:59.034  1834  1859 D InputEventReceiver: dispatchInputInterval 1000000
05-16 01:29:59.034 27810 27810 D ActivityThread: Attach thread to application
05-16 01:29:59.034   719   719 E DE H =DE: setAmoled:522: can not support this mode: MODE_AMOLED!
05-16 01:29:59.035   731   731 D lights  : write_int open fd=6
05-16 01:29:59.036  1834 27835 I PackageManager: Returning preferred activity: com.huawei.android.launcher/com.huawei.android.launcher.unihome.UniHomeLauncher
05-16 01:29:59.036  1834 27835 I PackageManager: choose best activity: com.huawei.android.launcher, com.huawei.android.launcher.unihome.UniHomeLauncher
05-16 01:29:59.036  1834 27835 D HiTouch_PressGestureDetector: onAttached, package=com.mars.infra.trace, windowType=3, mIsHiTouchRestricted=false
05-16 01:29:59.038  1834  2987 I HwWindowManagerServiceEx: setLandAnimationInfo : false
05-16 01:29:59.038  1834  2987 I HwWindowManagerServiceEx: reset launch origin and target from non-message!
05-16 01:29:59.040  1094  1176 D AAL     : onBacklightChanged: 65/1023 -> 76/1023(phy:152/4095)
05-16 01:29:59.040  1094  1176 D AAL     : LABC: LABC after setTarget isSmoothBacklight=0 
05-16 01:29:59.040  1094  1176 D AAL     : 05-16 01:29:58.974 BL=  32,ESS= 256, 05-16 01:29:58.991 BL=  43,ESS= 256, 05-16 01:29:59.009 BL=  54,ESS= 256, 05-16 01:29:59.024 BL=  65,ESS= 256, 05-16 01:29:59.040 BL=  76,ESS= 256, 
05-16 01:29:59.043  1834  1868 I HwAudioServiceEx: ComponentInfo : className = com.huawei.android.launcher.unihome.UniHomeLauncher, flag = onPause, isHomeActivity = , isTop = false
05-16 01:29:59.043  1834  2094 W HwAudioServiceEx: SoundEffectState bundle get reserved is invalid
05-16 01:29:59.043  2451  2748 D DollieActivityManagerAdapter: [Paused] pid:2686 uid:10065 ComponentInfo{com.huawei.android.launcher/com.huawei.android.launcher.unihome.UniHomeLauncher} uidState:2
05-16 01:29:59.045   749   947 W RefBase : RefBase: Object at 0x7b744bace8 lost last weak reference before it had a strong reference
05-16 01:29:59.046   743   779 I libPowerHal: [PD] scn:58 hdl:9 user:iawareperf@1.0- pid:728 tid:1000
05-16 01:29:59.046  1834  1859 I WindowManager: Changing focus from Window{8c63ef1 u0 com.huawei.android.launcher/com.huawei.android.launcher.unihome.UniHomeLauncher} to null displayId=0 Callers=com.android.server.wm.RootWindowContainer.updateFocusedWindowLocked:209 com.android.server.wm.WindowManagerService.updateFocusedWindowLocked:6517 com.android.server.wm.WindowManagerService.relayoutWindow:2813 com.android.server.wm.Session.relayout:197 
05-16 01:29:59.047  1834  1859 I HwDisplayContentEx: currentFocus windowstate null
05-16 01:29:59.047  1834  1859 D ZrHung.AppEyeFocusWindow: FocusWindowErrorScene CheckFreezeScreen
05-16 01:29:59.048  1834  1985 I HwWindowManagerServiceEx: setLandAnimationInfo : false
05-16 01:29:59.050   743   779 I libPowerHal: [PD] scn:64 hdl:15 user:iawareperf@1.0- pid:728 tid:1000
05-16 01:29:59.051  1834  1985 I WindowManager: dispatchResized : win = Window{745aef4 u0 Splash Screen com.mars.infra.trace} drawState = DRAW_PENDING
05-16 01:29:59.053  1834  1985 W HwActivityTaskManagerServiceEx: appSwitch from: com.huawei.android.launcher to: com.mars.infra.trace
05-16 01:29:59.053 27810 27833 I HwActivityThreadImpl: mSocketName: 7925fd9d-94ac-42a5-8c71-a6560cc12de5
05-16 01:29:59.054 27810 27833 I HwActivityThreadImpl: initPreloadedSocked end mPreloadStatus 2
05-16 01:29:59.054  1834  2163 I WiFi_PRO_WifiProStateMachine: current app com.mars.infra.trace, has changed
05-16 01:29:59.054  1834  2163 I WiFi_PRO_WifiProStateMachine: not in RecommendWifi2CellState.
05-16 01:29:59.055  2451 18197 I Hicom_Monitor: mAppSwitchNotifierEx. uid: 10358, foreground app: com.mars.infra.trace, foreground activity: com.mars.infra.fusion.MainActivity
05-16 01:29:59.055  1834  1869 D HwGameAssistantController: UPDATE: mCurFgPkg=com.mars.infra.trace, mCurFgPid=27810, mIsCurGame=false
05-16 01:29:59.056   719   719 E DE H =DE: setAmoled:522: can not support this mode: MODE_AMOLED!
05-16 01:29:59.056  2451  3311 I AssistantService-11.2.1.200: registerHwActivityNotifier call fromPackage:com.huawei.android.launcher, toPackage:com.mars.infra.trace
05-16 01:29:59.056  2451 13434 D AssistantService-11.2.1.200: handleMessage app switch fromPackage:com.huawei.android.launcher, toPackage:com.mars.infra.trace
05-16 01:29:59.057   731   731 D lights  : write_int open fd=6
05-16 01:29:59.057  2451 18197 D SmartcareProc: onForegroundAppChanged, pkgName:com.mars.infra.trace, uid: 10358
05-16 01:29:59.057  2451  3370 I Hicom_XEngineProc: handleForegroundAppChanged pkgName = com.mars.infra.trace
05-16 01:29:59.057  2451 18197 D SmartcareProc: handlerAppForeground not match
05-16 01:29:59.057  2451 18197 W FiControl: Failed to find configuration for com.mars.infra.trace
05-16 01:29:59.057  2451  3370 W Hicom_XEngineProc: sendForegroundMessageToDaemon. daemonCommand is null
05-16 01:29:59.058 27810 27833 I HwActivityThreadImpl: before connect app.socketName:7925fd9d-94ac-42a5-8c71-a6560cc12de5
05-16 01:29:59.059 26597 27838 I HiAdKit.DC.PersistentMessageCenter:  notifyMessage com.huawei.hwid_app_switch_from_to_intent
05-16 01:29:59.060 26597 27838 I HiAdKit.DC.SystemUtil:  isDeviceProvisioned: true
05-16 01:29:59.060 26597 27838 I HiAdKit.DC.ACREntry:  oobe: false
05-16 01:29:59.061 26718 27842 I HiAdKit.KitStatisticsReport:  do not report kit daily active
05-16 01:29:59.063 26597 27844 I HiAdKit.DC.AppDataCollectionProvider:  execute cmd: 5
05-16 01:29:59.063 26718 27843 I HiAdKit.PpsCoreService:  isCmdAllowAccess crom: true permitRegion: 1
05-16 01:29:59.063 26718 27843 I HiAdKit.PpsCoreService:  call method: reportConsent
05-16 01:29:59.063 26718 27843 I HiAdKit.PpsCoreService:  callerPkg: com.huawei.hwid
05-16 01:29:59.064 26597 27845 I HiAdKit.DC.AppDataCollectionManager:  report third
05-16 01:29:59.065 26597 27845 W fwkit_kims: [W/fwkit/fwkit_kims 26597:23955 KIMSServiceController.java:1062] Can't find the specific package.
05-16 01:29:59.066  1834  1859 I WindowManager: performshow Window{745aef4 u0 Splash Screen com.mars.infra.trace} tok.waitingToShow=true isTransitionSet=true parentHidden=false vis=0 tok.hidden=true hasSurface=true policyVis=true destroying=false animating=true
05-16 01:29:59.066   719   719 E DE H =DE: setAmoled:522: can not support this mode: MODE_AMOLED!
05-16 01:29:59.068  1834  1859 I WindowManager: Checking 1 opening apps (frozen=false timeout=false)...
05-16 01:29:59.068  1834  1859 I WindowManager: Check opening app=AppWindowToken{565b05c token=Token{f6aecf ActivityRecord{45e41a9 u0 com.mars.infra.trace/com.mars.infra.fusion.MainActivity t308}}}: allDrawn=false startingDisplayed=true startingMoved=false isRelaunching()=false startingWindow=Window{745aef4 u0 Splash Screen com.mars.infra.trace}
05-16 01:29:59.068  1834  1859 I WindowManager: Checking 0 opening apps (frozen=false timeout=false)...
05-16 01:29:59.068   731   731 D lights  : write_int open fd=6
05-16 01:29:59.068  1834  1859 I WindowManager: send SET_LAUNCHER_VISIBLE_IN_FINGER_BOOST visible: true,delay:0, handle:true, userId:0, callingPid: 1834
05-16 01:29:59.068  1834  1859 I HwWindowManagerServiceEx: closing apps count = 1
05-16 01:29:59.068  1834  1859 D HwWindowManagerServiceEx: is app exit to launcher info: transit = 12, app = AppWindowToken{78f3d1c token=Token{64f768f ActivityRecord{e34f1f0 u0 com.huawei.android.launcher/.unihome.UniHomeLauncher t1}}}, window = Window{8c63ef1 u0 com.huawei.android.launcher/com.huawei.android.launcher.unihome.UniHomeLauncher}, mClosingApps = {AppWindowToken{78f3d1c token=Token{64f768f ActivityRecord{e34f1f0 u0 com.huawei.android.launcher/.unihome.UniHomeLauncher t1}}}}, topOpeningApp = AppWindowToken{565b05c token=Token{f6aecf ActivityRecord{45e41a9 u0 com.mars.infra.trace/com.mars.infra.fusion.MainActivity t308}}}, mExitIconBitmap = android.graphics.Bitmap@f68ee78, mExitIconHeight = 180, mExitIconWidth = 180
05-16 01:29:59.068  1834  1859 E WindowManager: icon is null!!
05-16 01:29:59.069 27810 27834 I ActivityThread: Init compatible state: true
05-16 01:29:59.069  1834  1859 E HwAnimationManagerImpl: wrong animation type
05-16 01:29:59.070 27810 27834 D HwFrameworkSecurityPartsFactory: HwFrameworkSecurityPartsFactory in.
05-16 01:29:59.070 27810 27834 I HwFrameworkSecurityPartsFactory: add HwFrameworkSecurityPartsFactory to memory.
05-16 01:29:59.070  2648  5153 I PGServer: getTopFrontApp. calling pkg: android
05-16 01:29:59.071 27810 27834 E BehaviorCollectManager: Fail to acquire dataAnalyzerService...
05-16 01:29:59.072  1834  1859 V WindowManager: commitVisibility: AppWindowToken{78f3d1c token=Token{64f768f ActivityRecord{e34f1f0 u0 com.huawei.android.launcher/.unihome.UniHomeLauncher t1}}}: hidden=true hiddenRequested=true
05-16 01:29:59.072 26597 27845 I HiAdKit.DC.AppDataCollectionManager:  currently in rest, not request config
05-16 01:29:59.072  1834  1859 E WindowManager: icon is null!!
05-16 01:29:59.072  1834  1859 D HwWindowManagerServiceEx: is app exit to launcher info: transit = 12, app = AppWindowToken{565b05c token=Token{f6aecf ActivityRecord{45e41a9 u0 com.mars.infra.trace/com.mars.infra.fusion.MainActivity t308}}}, window = null, mClosingApps = {AppWindowToken{78f3d1c token=Token{64f768f ActivityRecord{e34f1f0 u0 com.huawei.android.launcher/.unihome.UniHomeLauncher t1}}}}, topOpeningApp = AppWindowToken{565b05c token=Token{f6aecf ActivityRecord{45e41a9 u0 com.mars.infra.trace/com.mars.infra.fusion.MainActivity t308}}}, mExitIconBitmap = android.graphics.Bitmap@f68ee78, mExitIconHeight = 180, mExitIconWidth = 180
05-16 01:29:59.073  1834  1859 D HwWindowManagerServiceEx: getCrossAppTransitAnimRoundCornerRadius radius 93.0
05-16 01:29:59.073  1094  1176 D AAL     : onBacklightChanged: 76/1023 -> 97/1023(phy:194/4095)
05-16 01:29:59.073  1094  1176 D AAL     : LABC: LABC after setTarget isSmoothBacklight=0 
05-16 01:29:59.074   530   530 I hwservicemanager: getTransport: Cannot find entry vendor.huawei.hardware.hwsched@1.0::ISched/hwsched in either framework or device manifest.
05-16 01:29:59.074   749  1219 E SurfaceFlingerEx: notifyRealVsyncPeriod could not find AISched service
05-16 01:29:59.076  2648  3523 D ScenarioService: front pkg : com.mars.infra.trace launcher: false
05-16 01:29:59.076  2648  3523 D ScenarioService: new above launcher front pkgs: [com.mars.infra.trace]
05-16 01:29:59.076  1834  1859 V WindowManager: commitVisibility: AppWindowToken{565b05c token=Token{f6aecf ActivityRecord{45e41a9 u0 com.mars.infra.trace/com.mars.infra.fusion.MainActivity t308}}}: hidden=false hiddenRequested=false
05-16 01:29:59.076  2648  3658 I PG_ash  : front pkg : com.mars.infra.trace
05-16 01:29:59.077  2648  3737 I PGServer: report state:10010 event type:2 pid:0 uid:0 pkg:com.huawei.android.launcher to pid: 1834
05-16 01:29:59.077  2648  3737 I PGServer: report state:10010 event type:2 pid:0 uid:0 pkg:com.huawei.android.launcher to pid: 2648
05-16 01:29:59.077  2648  3737 I SceneReceiver: state type: 10010 eventType:2 pid:0 uid:0 pkg:com.huawei.android.launcher
05-16 01:29:59.077  2648  3737 I PGServer: report state:10000 event type:1 pid:0 uid:0 pkg:com.mars.infra.trace to pid: 1834
05-16 01:29:59.077  2648  3737 I PGServer: report state:10000 event type:1 pid:0 uid:0 pkg:com.mars.infra.trace to pid: 2648
05-16 01:29:59.077  2648  3737 I ApsAppsTypeHandler: APS: APK: ApsAppsTypeHandler.getInstance, sInstance = com.huawei.android.hwaps.o@72c8c2b
05-16 01:29:59.077  2648  4990 I PGServer: checkPkgType. calling pkg: android
05-16 01:29:59.077  1834  1985 I DE J DES: [effect] Pg pkg:com.mars.infra.trace
05-16 01:29:59.078  2648  3737 I SceneReceiver: state type: 10000 eventType:1 pid:0 uid:0 pkg:com.mars.infra.trace
05-16 01:29:59.080  1834  1856 D StatusBarManagerService: win:Window{745aef4 u0 Splash Screen com.mars.infra.trace}mIsColorEnable:truelight:false
05-16 01:29:59.080  1834  1856 I StatusBarDisable: setFlags what=0 which=1 pkg=Window{745aef4 u0 Splash Screen com.mars.infra.trace}
05-16 01:29:59.080  2256 20441 D HwCommandQueue: CommandQueue, set Launcher StatusBar Color
05-16 01:29:59.081 27810 27810 D ApplicationLoaders: createClassLoader zip: /data/app/com.mars.infra.trace-uH8zx25em82MsT13uN2ibA==/base.apk librarySearchPath: /data/app/com.mars.infra.trace-uH8zx25em82MsT13uN2ibA==/lib/arm64 libraryPermittedPath: /data/user/0/com.mars.infra.trace parent: java.lang.BootClassLoader@6b0349 targetSdkVersion: 32 isBundled: false classLoaderName: null sharedLibraries: null
05-16 01:29:59.082  2648  3523 I AppsUsage: scnOff:false FgAPP:com.mars.infra.trace BgAPP:com.huawei.android.launcher
05-16 01:29:59.082  2648  5154 W ThermalTraceTool: IOException:java.io.IOException: read failed: EIO (I/O error)
05-16 01:29:59.086   719   719 E DE H =DE: setAmoled:522: can not support this mode: MODE_AMOLED!
05-16 01:29:59.087  1834  1858 W         : Failed to UpdateQosForCgroupInner, tid=0, policy=10
05-16 01:29:59.088   731   731 D lights  : write_int open fd=6
05-16 01:29:59.090  1094  1176 D AAL     : onBacklightChanged: 97/1023 -> 108/1023(phy:216/4095)
05-16 01:29:59.090  1094  1176 D AAL     : LABC: LABC after setTarget isSmoothBacklight=0 
05-16 01:29:59.090  1834  2563 D HwNetworkManagementService: code == CODE_SET_CHR_REPORT_APP_LIST
05-16 01:29:59.090   675 26102 I OemNetd : setChrAppUid(10, 10358)
05-16 01:29:59.091  1834  2563 I HwNetworkManagementService: chr appuid set succeeded
05-16 01:29:59.092  2648  3523 I ScenarioService: app focus change from: com.huawei.android.launcher to:com.mars.infra.trace
05-16 01:29:59.092  2648  3523 I ScenarioService: add focus on app:com.mars.infra.trace to visiblePkgs
05-16 01:29:59.093  2451  3370 I Hicom_Monitor: notifyAppStarted: uid = 10358
05-16 01:29:59.093  2451  3370 I UctpAppMonitor: handleAppStarted: pkgName is com.mars.infra.trace mIsNeedToOpen is false
05-16 01:29:59.093  2451  3370 I AppStatisticProc: handleAppStarted: pkgName = com.mars.infra.trace is not apk supported in Smartcare
05-16 01:29:59.094  1834  1858 V ActivityManager: startProcess: name=com.mars.infra.trace app=ProcessRecord{f038cc4 27810:com.mars.infra.trace/u0a358} knownToBeDead=false thread=android.app.IApplicationThread$Stub$Proxy@523e88c pid=27810 preloadStatus=2
05-16 01:29:59.095   746 26485 D AudioPolicyService: getUidState(10358) !cacheIter->second.first, return PROCESS_STATE_UNKNOWN
