--------- beginning of system
05-16 01:33:58.168  1834  2563 E WifiPermissionsUtil: getUidPermission is DENIED and permissionType android.permission.ACCESS_FINE_LOCATIONuid 10024
--------- beginning of main
05-16 01:33:58.169  1834  2563 E WifiService: enforceCanAccessScanResults: hiding ssid and bssidUID 10024 has no location permission
05-16 01:33:58.174  1834  1985 E WifiPermissionsUtil: getUidPermission is DENIED and permissionType android.permission.ACCESS_COARSE_LOCATIONuid 10166
05-16 01:33:58.175  1834  1985 E WifiService: enforceCanAccessScanResults: hiding ssid and bssidUID 10166 has no location permission
05-16 01:33:58.183  1834  1985 E WifiService: enforceCanAccessScanResults: hiding ssid and bssidUID 10166 has no location permission
05-16 01:33:58.185   704 17882 I hwcomposer: [HWCDisplay] [Display_0 (type:1)] fps:9.366233,dur:2348.86,max:1472.79,min:16.32  
05-16 01:33:58.190  1834  1985 E WifiService: enforceCanAccessScanResults: hiding ssid and bssidUID 10166 has no location permission
05-16 01:33:58.197  1834  1985 E WifiService: enforceCanAccessScanResults: hiding ssid and bssidUID 10166 has no location permission
05-16 01:33:58.229   530   530 I hwservicemanager: getTransport: Cannot find entry vendor.huawei.hardware.hwsched@1.0::ISched/hwsched in either framework or device manifest.
05-16 01:33:58.229   749  1219 E SurfaceFlingerEx: notifyRealVsyncPeriod could not find AISched service
05-16 01:33:58.309   530   530 I hwservicemanager: getTransport: Cannot find entry vendor.huawei.hardware.hwsched@1.0::ISched/hwsched in either framework or device manifest.
05-16 01:33:58.309   749  1219 E SurfaceFlingerEx: notifyRealVsyncPeriod could not find AISched service
05-16 01:33:58.313 23396 23404 E bms_file: file /sys/class/hw_power/charger/direct_charger/direct_charge_succ is invalid
05-16 01:33:58.189  1834  1985 I chatty  : uid=1000(system) Binder:1834_3 identical 2 lines
05-16 01:33:58.196  1834  1985 E WifiPermissionsUtil: getUidPermission is DENIED and permissionType android.permission.ACCESS_COARSE_LOCATIONuid 10166
05-16 01:33:58.315  1834  2984 E WifiPermissionsUtil: getUidPermission is DENIED and permissionType android.permission.ACCESS_FINE_LOCATIONuid 10024
05-16 01:33:58.316  1834  2984 E WifiService: enforceCanAccessScanResults: hiding ssid and bssidUID 10024 has no location permission
05-16 01:33:58.320  1834  1985 E WifiPermissionsUtil: getUidPermission is DENIED and permissionType android.permission.ACCESS_FINE_LOCATIONuid 10024
05-16 01:33:58.320  1834  1985 E WifiService: enforceCanAccessScanResults: hiding ssid and bssidUID 10024 has no location permission
05-16 01:33:58.324  1834  2563 E WifiPermissionsUtil: getUidPermission is DENIED and permissionType android.permission.ACCESS_FINE_LOCATIONuid 10024
05-16 01:33:58.325  1834  2563 E WifiService: enforceCanAccessScanResults: hiding ssid and bssidUID 10024 has no location permission
05-16 01:33:58.351 23396 23404 E bms_file: file /sys/class/hw_power/charger/direct_charger/direct_charge_succ is invalid
05-16 01:33:58.406 23396 23404 I chatty  : uid=1000(system) /vendor/bin/bms_behavior identical 1 line
05-16 01:33:58.456 23396 23404 E bms_file: file /sys/class/hw_power/charger/direct_charger/direct_charge_succ is invalid
05-16 01:33:58.458 23396 23404 I bms_behavior: monitor interval count 413
05-16 01:33:58.614  2686 28468 W HwLauncher: getDownloadInfo return null!
05-16 01:33:58.696  2686 28468 I chatty  : uid=10065(com.huawei.android.launcher) identical 4 lines
05-16 01:33:58.717  2686 28468 W HwLauncher: getDownloadInfo return null!
05-16 01:33:58.719  1834  2066 I WificondControl: Noise: 0, Snr: 0, Chload: 0, rssi: -79, txBitrate: 52, rxBitrate: 1, frequency: 2452, UlDelay: 0, currentTxBytes: 444344312, currentTxPackets: 4538407, currentTxFailed: 0, currentRxBytes: 312935535, currentRxPackets: 7055225
05-16 01:33:58.726  1834  2164 D HuaweiWifiWatchdogStateMachine: nothing to do
05-16 01:33:58.726  1834  2065 I WiFi_PRO: MSG_RETURN_AP_CURRY_RSSI rssi = -79
05-16 01:33:58.727  1834  2065 I QosMonitor: queryRtt: rttType = 3
05-16 01:33:58.727  1834  2164 I HuaweiWifiWatchdogStateMachine: POta txb txg rxg:0, 44, 0. Lr =0% Totpkt=44
05-16 01:33:58.727  1834  2166 I HwDualBandManager: handle2gApStrongWifiRssiChange
05-16 01:33:58.727  1834  2065 I HwWifiProServiceProxy: ctrlHwWifiNetwork pkgName: WIFIPRO_SERVICE interfaceId: 8
05-16 01:33:58.728  1834  2065 I QosMonitor: postEventFromNative: msg=100,arg1=4,arg2=10
05-16 01:33:58.728  1834  2065 I HwWifiProServiceProxy: ctrlHwWifiNetwork pkgName: WIFIPRO_SERVICE interfaceId: 8
05-16 01:33:58.729  1834  2065 I QosMonitor: postEventFromNative: msg=100,arg1=0,arg2=10
05-16 01:33:58.729  1834  2065 I MQoS    : rtt=480,tcpTxPkts=4207813,tcpRxPkts=6329509
05-16 01:33:58.729  1834  2065 I QosMonitor: resetRtt: rttType = 3
05-16 01:33:58.729  1834  2065 I HwWifiProServiceProxy: ctrlHwWifiNetwork pkgName: WIFIPRO_SERVICE interfaceId: 8
05-16 01:33:58.730  1834 11540 I MQoS    : QOS_level:0(0),DataDisable;use level-0
05-16 01:33:58.731  1834  2164 I HuaweiWifiWatchdogStateMachine: PTcp RTT:480, rtt pkt=18, tcp_rx=37, tcp_tx=41, tcp_reTran=0, rtRate=0
05-16 01:33:58.732  1834  2164 I HuaweiWifiWatchdogStateMachine: rssi bad, mrssi=-77 < TargetRssi=-72
05-16 01:33:58.732  1834  2164 I HuaweiWifiWatchdogStateMachine: judge good link######, goodLinkLevel=3
05-16 01:33:58.732  1834  2164 I HuaweiWifiWatchdogStateMachine: sendResultMsgToQM bssid:d4:ee:**:**:b7:e8, qoslevel=2
05-16 01:33:58.732  1834  2164 I HuaweiWifiWatchdogStateMachine: link good reported, good base rssi:-72
05-16 01:33:58.732  1834  2164 I HuaweiWifiWatchdogStateMachine: start computeQosLevel tcpRtt = 480 ,rssi = -77 ,mBestSpeedInPeriod = 2778
05-16 01:33:58.732  1834  2164 I HuaweiWifiWatchdogStateMachine: smoothConsecutiveQosResults, currentQosLevel = 2
05-16 01:33:58.732  1834  2065 I WiFi_PRO_WifiProStateMachine: onNetworkQosChange, currentWifiLevel == 2, wifiNoInternet = false, updateUiOnly = true
05-16 01:33:58.732  1834  2163 I WiFi_PRO_WifiProStateMachine: isSwitching = false, isDialogDisplayed = false, isAllowWiFiHandoverMobile = true, level = 2
05-16 01:33:58.738  2686 28468 W HwLauncher: getDownloadInfo return null!
05-16 01:33:58.758  2686 28468 I chatty  : uid=10065(com.huawei.android.launcher) identical 1 line
05-16 01:33:58.779  2686 28468 W HwLauncher: getDownloadInfo return null!
05-16 01:33:58.787   530   530 I hwservicemanager: getTransport: Cannot find entry vendor.huawei.hardware.hwsched@1.0::ISched/hwsched in either framework or device manifest.
05-16 01:33:58.788   749  1219 E SurfaceFlingerEx: notifyRealVsyncPeriod could not find AISched service
05-16 01:33:58.799  2686 28468 W HwLauncher: getDownloadInfo return null!
05-16 01:33:58.902  2686 28468 I chatty  : uid=10065(com.huawei.android.launcher) identical 5 lines
05-16 01:33:58.922  2686 28468 W HwLauncher: getDownloadInfo return null!
05-16 01:33:58.929  1834  2065 I TrafficMonitor: update:rxPkts:1,txPkts:0,rxBytes:32,txBytes:0
05-16 01:33:58.930  1834  2065 I TrafficMonitor: gettimer:interval=2000
05-16 01:33:58.943  2686 28468 W HwLauncher: getDownloadInfo return null!
05-16 01:33:58.984  2686 28468 I chatty  : uid=10065(com.huawei.android.launcher) identical 2 lines
05-16 01:33:59.004  2686 28468 W HwLauncher: getDownloadInfo return null!
05-16 01:33:59.311  2648  3523 I AppTypeRecogManager: Update app type name:com.mars.infra.trace type:65535
05-16 01:33:59.311  2648  3523 I AppTypeRecogManager: Update app type by self. name:com.mars.infra.trace type:65535
05-16 01:33:59.371  1008 28470 D keymaster_worker: Keystore begin
05-16 01:33:59.372  1008 28470 D keymaster_worker: Keystore begin hidl
05-16 01:33:59.373   586   586 I HisiKeyMaster: HisiKmBegin start
05-16 01:33:59.373   586   586 I HisiKeyMaster: Disable the enhanced crypto!
05-16 01:33:59.386   586   586 I HisiKeyMaster: out_params_buffer_len = 32
05-16 01:33:59.386   586   586 I HisiKeyMaster: HisiKmBegin success
05-16 01:33:59.386  1008 28470 D keymaster_worker: Keystore begin hidl end
05-16 01:33:59.387  1008 28470 D keymaster_worker: Keystore begin end
05-16 01:33:59.396  1008 28471 D keymaster_worker: Keystore update
05-16 01:33:59.397  1008 28471 D keymaster_worker: Keystore update hidl
05-16 01:33:59.397   586   586 I HisiKeyMaster: HisiKmUpdate start
05-16 01:33:59.397   586   586 I HisiKeyMaster: Disable the enhanced crypto!
05-16 01:33:59.410   586   586 I HisiKeyMaster: HisiKmUpdate success
05-16 01:33:59.410  1008 28471 D keymaster_worker: Keystore update hidl end
05-16 01:33:59.410  1008 28471 D keymaster_worker: Keystore update end
05-16 01:33:59.412  1008 28472 D keymaster_worker: Keystore update
05-16 01:33:59.412  1008 28472 D keymaster_worker: Keystore update hidl
05-16 01:33:59.412   586   586 I HisiKeyMaster: HisiKmUpdate start
05-16 01:33:59.412   586   586 I HisiKeyMaster: Disable the enhanced crypto!
05-16 01:33:59.425   586   586 I HisiKeyMaster: HisiKmUpdate success
05-16 01:33:59.426  1008 28472 D keymaster_worker: Keystore update hidl end
05-16 01:33:59.427  1008 28472 D keymaster_worker: Keystore update end
05-16 01:33:59.429  1008 28473 D keymaster_worker: Keystore update
05-16 01:33:59.429  1008 28473 D keymaster_worker: Keystore update hidl
05-16 01:33:59.430   586   586 I HisiKeyMaster: HisiKmUpdate start
05-16 01:33:59.430   586   586 I HisiKeyMaster: Disable the enhanced crypto!
05-16 01:33:59.439 26597 26998 I HiAdKit.DC.AppDataCollectionManager:  report third
05-16 01:33:59.441   586   586 I HisiKeyMaster: HisiKmUpdate success
05-16 01:33:59.442  1008 28473 D keymaster_worker: Keystore update hidl end
05-16 01:33:59.442  1008 28473 D keymaster_worker: Keystore update end
05-16 01:33:59.444  2648  3523 D ApplistMgr: handle apps optimize changed
05-16 01:33:59.444  1008 28476 D keymaster_worker: Keystore update
05-16 01:33:59.444  1008 28476 D keymaster_worker: Keystore update hidl
05-16 01:33:59.444   586   586 I HisiKeyMaster: HisiKmUpdate start
05-16 01:33:59.445   586   586 I HisiKeyMaster: Disable the enhanced crypto!
05-16 01:33:59.445  1834  2411 W ActivityManager: Sending non-protected broadcast com.huawei.android.APPSTARTUP_CHANGED from system 1834:system/1000 pkg android
05-16 01:33:59.445  2648  3523 I ApplistMgr: mNeverOptimizeApps : [com.huawei.localBackup, com.huawei.appmarket]
05-16 01:33:59.447  2648  3523 I ApplistMgr: mNeverOptimizeHideApps: [com.huawei.hwid]
05-16 01:33:59.447 26597 26998 W fwkit_kims: [W/fwkit/fwkit_kims 26597:19713 KIMSServiceController.java:1062] Can't find the specific package.
05-16 01:33:59.447  4835  4835 I PushLog110108302: [main-1]action is com.huawei.android.APPSTARTUP_CHANGED
05-16 01:33:59.448  2648  3523 I ApplistMgr: mAlwaysOptimizeApps : []
05-16 01:33:59.449   586   586 I HisiKeyMaster: HisiKmUpdate success
05-16 01:33:59.450  1008 28476 D keymaster_worker: Keystore update hidl end
05-16 01:33:59.450  1008 28476 D keymaster_worker: Keystore update end
05-16 01:33:59.451  1834  1886 I PowerManagerService: handleSandman: wakefulness: 1,startDreaming: false
05-16 01:33:59.452  4835  4835 I PushLog110108302: [main-1]dispatchIntent over
05-16 01:33:59.452  2648  3523 I ApplistMgr: mSmartOptimizeApps : [com.huawei.hifolder, com.quark.browser, com.huawei.android.tips, cn.richinfo.automail, com.huawei.mirror, com.petal.litegames, com.rocketx, com.huawei.android.totemweather, com.huawei.videoeditor, com.bytedance.horae, com.xingin.xhs, com.huawei.smarthome, com.cmic.mmnes, com.bstar.intl, com.huawei.fans, com.huawei.tips, com.huawei.mycenter, com.huawei.calculator, com.wuba, a.bilibili.lib.router.example, com.mars.infra.mixin, com.huawei.gamebox, com.mars.infra.trace, com.huawei.email, com.huawei.lives, com.huawei.soundrecorder, com.bilibili.lib.faceless_sample, com.lwu.appbundledemo, com.microsoft.office.officehub, com.tencent.mtt, com.bytedance.demo, com.tencent.wework, com.hicloud.android.clone, com.kwai.koom.demo, com.huawei.educenter, com.ss.android.article.news, com.huawei.welinknow, com.mars.infra.relfect, com.ss.android.ugc.aweme, com.example.mydemo, com.tencent.mobileqq, com.android.localtransport, com.huawei.hwireader, com.iqiyi.qigsaw.sample, com.huawei.secoclient, com.huawei.himovie, com.huawei.meetime, com.huawei.compass, com.ximalaya.ting.android, com.larksuite.suite, cn.cj.pe, com.tencent.news, lab.galaxy.yahfa.demoApp, com.jingdong.app.mall, com.tmall.wireless, com.vmall.client, com.autonavi.minimap, com.huawei.ohos.health, com.bilibili.lib.spy.example, com.example.myapplication, com.af.audiodemo, com.mars.infra.lego, com.mars.infra.hacker, com.huawei.game.kitserver, com.taobao.taobao, com.bilibili.apm.sample, com.huawei.hbm, tv.danmaku.bili, com.eg.android.AlipayGphone, com.greenpoint.android.mc10086.activity, com.achievo.vipshop]
05-16 01:33:59.452 26597 26998 I NetworkKit_CountryCodeBean: pps-msg-queue|null|com.huawei.hms.framework.network.grs.local.model.CountryCodeBean|getVendorCountryCode|35|countryCode by ro.hw.country is: cn
05-16 01:33:59.452  1008 28477 D keymaster_worker: Keystore update
05-16 01:33:59.452  1008 28477 D keymaster_worker: Keystore update hidl
05-16 01:33:59.453   586   586 I HisiKeyMaster: HisiKmUpdate start
05-16 01:33:59.453   586   586 I HisiKeyMaster: Disable the enhanced crypto!
05-16 01:33:59.453 26597 26998 I NetworkKit_CountryCodeBean: pps-msg-queue|null|com.huawei.hms.framework.network.grs.local.model.CountryCodeBean|init|15|get issue_country code from VENDOR_COUNTRY
05-16 01:33:59.453  2648  3523 I AppFasManager: delay set fas when optimize changed , delay : 10000
05-16 01:33:59.454  2648  3658 I ash_r   : request wkp pkgs: [com.huawei.localBackup, com.huawei.appmarket, com.huawei.hwid] reason: nerver_opt_apps
05-16 01:33:59.459   586   586 I HisiKeyMaster: HisiKmUpdate success
05-16 01:33:59.459  1008 28477 D keymaster_worker: Keystore update hidl end
05-16 01:33:59.459  1008 28477 D keymaster_worker: Keystore update end
05-16 01:33:59.462  1008 28480 D keymaster_worker: Keystore update
05-16 01:33:59.462 26597 26998 I HiAdKit.DC.SystemUtil:  process: com.huawei.hwid.core
05-16 01:33:59.462  1008 28480 D keymaster_worker: Keystore update hidl
05-16 01:33:59.463   586   586 I HisiKeyMaster: HisiKmUpdate start
05-16 01:33:59.463   586   586 I HisiKeyMaster: Disable the enhanced crypto!
05-16 01:33:59.469   586   586 I HisiKeyMaster: HisiKmUpdate success
05-16 01:33:59.470  1008 28480 D keymaster_worker: Keystore update hidl end
05-16 01:33:59.470  1008 28480 D keymaster_worker: Keystore update end
05-16 01:33:59.472  1834  1985 I DeviceIdentifiers: udid has been read success, return!
05-16 01:33:59.473  1008 28481 D keymaster_worker: Keystore update
05-16 01:33:59.473  1008 28481 D keymaster_worker: Keystore update hidl
05-16 01:33:59.473   586   586 I HisiKeyMaster: HisiKmUpdate start
05-16 01:33:59.473   586   586 I HisiKeyMaster: Disable the enhanced crypto!
05-16 01:33:59.465  1834  1886 I PowerManagerService: handleSandman: wakefulness: 1,startDreaming: false
05-16 01:33:59.474  1834  1985 D HwConnectivityServiceEx: set 10060 wlan0 value false
05-16 01:33:59.475 26597 26998 I HiAdKit.DC.xl:  multicard device
05-16 01:33:59.476 26597 28090 W fwkit_kims: [W/fwkit/fwkit_kims 26597:23969 KIMSServiceController.java:1062] Can't find the specific package.
05-16 01:33:59.478   586   586 I HisiKeyMaster: HisiKmUpdate success
05-16 01:33:59.478  1008 28481 D keymaster_worker: Keystore update hidl end
05-16 01:33:59.478  1008 28481 D keymaster_worker: Keystore update end
05-16 01:33:59.481  1008 28482 D keymaster_worker: Keystore update
05-16 01:33:59.481  1008 28482 D keymaster_worker: Keystore update hidl
05-16 01:33:59.481   586   586 I HisiKeyMaster: HisiKmUpdate start
05-16 01:33:59.481   586   586 I HisiKeyMaster: Disable the enhanced crypto!
05-16 01:33:59.483 26597 28090 W fwkit_kims: [W/fwkit/fwkit_kims 26597:23969 KIMSServiceController.java:1062] Can't find the specific package.
05-16 01:33:59.485   586   586 I HisiKeyMaster: HisiKmUpdate success
05-16 01:33:59.486  1008 28482 D keymaster_worker: Keystore update hidl end
05-16 01:33:59.486  1008 28482 D keymaster_worker: Keystore update end
05-16 01:33:59.488  1008 28483 D keymaster_worker: Keystore update
05-16 01:33:59.488  1008 28483 D keymaster_worker: Keystore update hidl
05-16 01:33:59.488   586   586 I HisiKeyMaster: HisiKmUpdate start
05-16 01:33:59.489   586   586 I HisiKeyMaster: Disable the enhanced crypto!
05-16 01:33:59.492 26597 26998 I HiAdKit.DC.SystemUtil:  process: com.huawei.hwid.core
05-16 01:33:59.493 26597 28015 I HiAdKit.DC.ADCP:  addAppDataCollectionToCache - cache valide time: 7200 expireTime: 1652204039493
05-16 01:33:59.496   586   586 I HisiKeyMaster: HisiKmUpdate success
05-16 01:33:59.496   994  1184 I dubaid  : [DubaiStorage.cpp] DoFlushEntriesBuffer# Flush all entries into database: /data/system_ce/0/dubai/dubai.db
05-16 01:33:59.496  1008 28483 D keymaster_worker: Keystore update hidl end
05-16 01:33:59.496  1008 28483 D keymaster_worker: Keystore update end
05-16 01:33:59.499  1008 28484 D keymaster_worker: Keystore update
05-16 01:33:59.499  1008 28484 D keymaster_worker: Keystore update hidl
05-16 01:33:59.500   586   586 I HisiKeyMaster: HisiKmUpdate start
05-16 01:33:59.500   586   586 I HisiKeyMaster: Disable the enhanced crypto!
05-16 01:33:59.505   586   586 I HisiKeyMaster: HisiKmUpdate success
05-16 01:33:59.505  1008 28484 D keymaster_worker: Keystore update hidl end
05-16 01:33:59.505  1008 28484 D keymaster_worker: Keystore update end
05-16 01:33:59.507  1008 28485 D keymaster_worker: Keystore finish
05-16 01:33:59.508  1008 28485 D keymaster_worker: Keystore finish hidl
05-16 01:33:59.508   586   586 I HisiKeyMaster: HisiKmFinish start
05-16 01:33:59.508   586   586 I HisiKeyMaster: Disable the enhanced crypto!
05-16 01:33:59.510   994  1184 I dubaid  : [DubaiStorage.cpp] DoFlushEntriesBuffer# Flush all entries into database: /data/system_ce/0/dubai/dubai.db
05-16 01:33:59.513   586   586 I HisiKeyMaster: output data size=16
05-16 01:33:59.513   586   586 I HisiKeyMaster: HisiKmFinish success
05-16 01:33:59.513  1008 28485 D keymaster_worker: Keystore finish hidl end
05-16 01:33:59.513  1008 28485 D keymaster_worker: Keystore finish end
05-16 01:33:59.517  1834 27932 I SecurityProfileDB: Write database file end
05-16 01:33:59.677 28350 28378 I meassistant:br: Waiting for a blocking GC ProfileSaver
05-16 01:33:59.709 28350 28378 I meassistant:br: WaitForGcToComplete blocked ProfileSaver on AddRemoveAppImageSpace for 32.598ms
05-16 01:34:00.012  2256  2256 E DateView: DateView,mCurrentTime: 1652636040012
05-16 01:34:00.016  2686  2686 I HwLauncher: CalenderDynamicUpdater setHasUpdateSuccess, success: true
05-16 01:34:00.016  1834  1886 I PowerManagerService: handleSandman: wakefulness: 1,startDreaming: false
05-16 01:34:00.016  2686  2686 I HwLauncher: CalenderDynamicUpdater setHasUpdateSuccess, success: true
05-16 01:34:00.052   704   786 I hwcomposer: [HWCDisplay] [Display_0 (type:1)] fps:11.242929,dur:1867.84,max:1008.08,min:15.46  
05-16 01:34:00.065  2686  2686 E ndroid.launche: No package ID ff found for ID 0xffffffff.
05-16 01:34:00.108  2256  2256 E ndroid.systemu: No package ID ff found for ID 0xffffffff.
05-16 01:34:00.113  2256  2256 E ndroid.systemu: No package ID ff found for ID 0xffffffff.
05-16 01:34:00.165  1834  1872 D ZrHung.AppEyeTransparentWindow: handleMessage CHECK_TRANS_WINDOW_ERROR_MSG
05-16 01:34:00.341   675 26102 I netd    : trafficSwapActiveStatsMap() <1.23ms>
05-16 01:34:00.584  1086  1179 I HfLooper: als lux = 50.000000 , rawdata1 =197.000000., rawdata1 = 11.000000
05-16 01:34:00.723 26718 26718 I HiAdKit.ExSplashManager:  do not request exsplash config
05-16 01:34:00.932  1834  2065 I TrafficMonitor: update:rxPkts:1,txPkts:4,rxBytes:32,txBytes:160
05-16 01:34:00.932  1834  2065 I TrafficMonitor: gettimer:interval=2000
05-16 01:34:01.005  2686 28468 W HwLauncher: getDownloadInfo return null!
05-16 01:34:01.025  2686 28468 I chatty  : uid=10065(com.huawei.android.launcher) identical 1 line
05-16 01:34:01.046  2686 28468 W HwLauncher: getDownloadInfo return null!
05-16 01:34:01.060   704 17882 I hwcomposer: [HWCDisplay] [Display_0 (type:1)] fps:3.968886,dur:1007.84,max:925.59,min:16.17  
05-16 01:34:01.067  2686 28468 W HwLauncher: getDownloadInfo return null!
05-16 01:34:01.128  2686 28468 I chatty  : uid=10065(com.huawei.android.launcher) identical 3 lines
05-16 01:34:01.148  2686 28468 W HwLauncher: getDownloadInfo return null!
05-16 01:34:01.153  1834  2066 E WifiVendorHal: getWifiLinkLayerStats_1_3_Internal(l.957) failed {.code = ERROR_NOT_SUPPORTED, .description = }
05-16 01:34:01.164  1834  2066 I WificondControl: Noise: 0, Snr: 0, Chload: 0, rssi: -76, txBitrate: 26, rxBitrate: 1, frequency: 2452, UlDelay: 0, currentTxBytes: 444344570, currentTxPackets: 4538412, currentTxFailed: 0, currentRxBytes: 312935577, currentRxPackets: 7055226
05-16 01:34:01.167  1834  2066 V HwWifiServiceFactory: get AllImpl object = com.android.server.wifi.HwWifiServiceFactoryImpl@5f30e40
05-16 01:34:01.168  2686 28468 W HwLauncher: getDownloadInfo return null!
05-16 01:34:01.394  2686 28468 I chatty  : uid=10065(com.huawei.android.launcher) identical 11 lines
05-16 01:34:01.395  2686 28468 W HwLauncher: getDownloadInfo return null!
05-16 01:34:01.920  1094  6920 D AALLightSensor: oldLux=57 [SA:50 LA:48] newLux=57 (oriLux: 51)
05-16 01:34:01.927  1834  2065 I TrafficMonitor: expired arrive. level:-1
05-16 01:34:01.927  1834  2065 I TrafficMonitor: during_ms:2003,period_ms:2000
05-16 01:34:01.928  1834  2065 I TrafficMonitor: count:114,rx_sum:1,tx_sum:4,rxBytes:32,during_ms:2003,rx_speed:15.976035946080877,tx_speed:79.8801797304044,rto:0.25
05-16 01:34:01.928  1834  2065 I HuaweiWifiWatchdogStateMachine: Get speed information rx_speed = 15 ,tx_speed = 79 ,isSpeedOk = false ,mBestSpeedInPeriod = 15
05-16 01:34:02.303  1065  1065 I thermal_repeater: [recvMdThermalInfo] ret=35, strLen=127,  0, 32767, -127, 3404, 32767, 10539
05-16 01:34:02.722  1834  2066 I WificondControl: Noise: 0, Snr: 0, Chload: 0, rssi: -76, txBitrate: 26, rxBitrate: 1, frequency: 2452, UlDelay: 0, currentTxBytes: 444344987, currentTxPackets: 4538418, currentTxFailed: 0, currentRxBytes: 312935623, currentRxPackets: 7055227
05-16 01:34:02.729  1834  2164 D HuaweiWifiWatchdogStateMachine: nothing to do
05-16 01:34:02.730  1834  2065 I WiFi_PRO: MSG_RETURN_AP_CURRY_RSSI rssi = -76
05-16 01:34:02.730  1834  2065 I QosMonitor: queryRtt: rttType = 3
05-16 01:34:02.730  1834  2065 I HwWifiProServiceProxy: ctrlHwWifiNetwork pkgName: WIFIPRO_SERVICE interfaceId: 8
05-16 01:34:02.730  1834  2166 I HwDualBandManager: handle2gApStrongWifiRssiChange
05-16 01:34:02.731  1834  2164 I HuaweiWifiWatchdogStateMachine: high data flow: protection_counter = 0,  not_detect_counter = 18
05-16 01:34:02.731  1834  2164 I HuaweiWifiWatchdogStateMachine: high data flow scenario: 0 --> 0 rx bytes =13KB
05-16 01:34:02.731  1834  2065 I QosMonitor: postEventFromNative: msg=100,arg1=4,arg2=10
05-16 01:34:02.731  1834  2164 I HuaweiWifiWatchdogStateMachine: POta txb txg rxg:0, 11, 0. Lr =0% Totpkt=11
05-16 01:34:02.731  1834  2065 I HwWifiProServiceProxy: ctrlHwWifiNetwork pkgName: WIFIPRO_SERVICE interfaceId: 8
05-16 01:34:02.732  1834  2065 I QosMonitor: postEventFromNative: msg=100,arg1=0,arg2=10
05-16 01:34:02.732  1834  2065 I QosMonitor: resetRtt: rttType = 3
05-16 01:34:02.732  1834  2065 I HwWifiProServiceProxy: ctrlHwWifiNetwork pkgName: WIFIPRO_SERVICE interfaceId: 8
05-16 01:34:02.732  1834  2065 I MQoS    : rtt=480,tcpTxPkts=4207823,tcpRxPkts=6329509
05-16 01:34:00.017  1834  1886 I PowerManagerService: handleSandman: wakefulness: 1,startDreaming: false
05-16 01:34:02.733  1834 11540 D HwConnectivityServiceEx: set 1000 wlan0 value false
05-16 01:34:02.733  1834 11540 I MQoS    : QOS_level:0(0),DataDisable;use level-0
05-16 01:34:02.733  1834 11540 I MQoS    : skip-low-Level:0(0),DataDisable;use level-0
05-16 01:34:02.733  1834  2164 I HuaweiWifiWatchdogStateMachine: PTcp RTT:480, rtt pkt=18, tcp_rx=0, tcp_tx=10, tcp_reTran=0, rtRate=0
05-16 01:34:02.734  1834  2164 I HuaweiWifiWatchdogStateMachine: rssi bad, mrssi=-76 < TargetRssi=-72
05-16 01:34:02.734  1834  2164 I HuaweiWifiWatchdogStateMachine: start computeQosLevel tcpRtt = 480 ,rssi = -76 ,mBestSpeedInPeriod = 15
05-16 01:34:02.734  1834  2164 I HuaweiWifiWatchdogStateMachine: smoothConsecutiveQosResults, currentQosLevel = 2
05-16 01:34:02.936  1834  2065 I TrafficMonitor: update:rxPkts:0,txPkts:6,rxBytes:0,txBytes:333
05-16 01:34:02.937  1834  2065 I TrafficMonitor: gettimer:interval=2000
05-16 01:34:03.251  1086  1179 I HfLooper: als lux = 50.000000 , rawdata1 =197.000000., rawdata1 = 10.000000
05-16 01:34:03.465 23396 23404 E bms_file: file /sys/class/hw_power/charger/direct_charger/direct_charge_succ is invalid
05-16 01:34:03.556 23396 23404 I chatty  : uid=1000(system) /vendor/bin/bms_behavior identical 2 lines
05-16 01:34:03.606 23396 23404 E bms_file: file /sys/class/hw_power/charger/direct_charger/direct_charge_succ is invalid
05-16 01:34:03.608 23396 23404 I bms_behavior: monitor interval count 414
05-16 01:34:03.854  1037  1185 I storaged: storaged_t::event: storage_info refreshed.
05-16 01:34:04.096 28488 28488 D HiTraceC: entered HiTraceInit, Log Registered: 1
05-16 01:34:04.097 28488 28488 E         : storage_info: IsTimeForUpload path log/storage/ exist
05-16 01:34:04.097 28488 28488 I         : HwCustType is 0
05-16 01:34:04.092 28488 28488 W storage_info: type=1400 audit(0.0:221271): avc: denied { search } for pid=28488 name="cota" dev="sdc63" ino=220 scontext=u:r:storage_info:s0 tcontext=u:object_r:hw_cust_file:s0 tclass=dir permissive=0
05-16 01:34:04.097 28488 28488 E         : open file error
05-16 01:34:04.097 28488 28488 I         : no cota live update cust policy found
05-16 01:34:04.097 28488 28488 I         : GetCfgDirRealPolicyValue: custPolicyDirs: /system/emui/base:/system/emui/china:/system/emui/lite:/vendor/etc:/odm/etc:/hw_product/etc:/hw_product/region_comm/china:/preas/china:/hw_product/hw_oem/JSC-AN00A:/preload/JSC-AN00A/cmcc/cn:/cust/global:/cust/hw/cn:/version/cust/cmcc/cn:/version/special_cust/JSC-AN00A/cmcc/cn:/cust/cotalite:/cust/ecota
05-16 01:34:04.098 28488 28488 E         : storage_info: GetLifetimeConfigXML: xml file (null) not exists
05-16 01:34:04.098 28488 28488 I         : storage_info: LifetimeEnabled: lifetime disabled
05-16 01:34:04.098 28488 28488 E         : CatKernelIOLatencyCore Cat kernel file fail:/proc/iomt/io_latency_scatter
05-16 01:34:04.098 28488 28488 E         : storage_info: GetIOLatency:cat struct IOLatencyBigDataNode fail
05-16 01:34:04.098 28488 28488 E         : storage_info: UploadStorageInfo GetIOLatency fail:-1
05-16 01:34:04.173  1834  2066 E WifiVendorHal: getWifiLinkLayerStats_1_3_Internal(l.957) failed {.code = ERROR_NOT_SUPPORTED, .description = }
05-16 01:34:04.187  1834  2066 I WificondControl: Noise: 0, Snr: 0, Chload: 0, rssi: -77, txBitrate: 26, rxBitrate: 1, frequency: 2452, UlDelay: 0, currentTxBytes: 444345126, currentTxPackets: 4538420, currentTxFailed: 0, currentRxBytes: 312935623, currentRxPackets: 7055227
05-16 01:34:04.191  1834  2066 V HwWifiServiceFactory: get AllImpl object = com.android.server.wifi.HwWifiServiceFactoryImpl@5f30e40
05-16 01:34:04.320  2648  3525 I PGConfigUpdateManager: reParse Config file
05-16 01:34:04.327  2648  3525 I PGConfigUpdateManager: local file is crypted
05-16 01:34:04.337  2648  3525 I PGConfigUpdateManager: doParseConfigFileLocked, total use:9
05-16 01:34:04.337  2648  3525 I PGConfigUpdateManager: notifyClient
05-16 01:34:04.338  2648  3658 I AlarmAdapter: set alarm exemption for action, pkg:android actionList:[DeviceIdleController.deep] set:true
05-16 01:34:04.340  1834  1985 D SmartHeartBeat: setAlarmExemptionByActionInner ...
05-16 01:34:04.342  2648  3658 I PassThroughStats: report app type, msg: flag=0 count=1 name=com.eg.android.AlipayGphone
05-16 01:34:04.342  2648  3658 I AppTypeRecogManager: removeAppFromList pkg: com.eg.android.AlipayGphone
05-16 01:34:04.343  2648  3658 I PassThroughStats: report app type, msg: flag=1 count=1 name=com.eg.android.AlipayGphone type=19
05-16 01:34:04.349  2648  3523 I ApplistMgr: App Info database change !
05-16 01:34:04.349  2648  3658 I AppTypeRecogManager: Cloud push type pkgName : com.eg.android.AlipayGphone type: 19
05-16 01:34:04.350  2648  3658 I ApplistMgr: mNightRequestInteractionApps: null
05-16 01:34:04.350  2648  3658 I ApplistMgr: mIgnoreAudioApps: null
05-16 01:34:04.351  2648  3658 I AppResManager: No Power kit config, list is null!!! 
05-16 01:34:04.351  2648  3658 I PG_ash  : load default bc proxy actions, modify: false, sProxyActionList: [android.intent.action.ANY_DATA_STATE, android.intent.action.TIME_TICK, android.intent.action.BATTERY_CHANGED, android.intent.action.SCREEN_ON, android.intent.action.SCREEN_OFF, android.intent.action.SIG_STR, android.intent.action.CONFIGURATION_CHANGED, android.intent.action.SERVICE_STATE, android.intent.action.USER_PRESENT, android.intent.action.PACKAGE_RESTARTED, android.intent.action.CLOSE_SYSTEM_DIALOGS, android.intent.action.PACKAGE_ADDED, android.intent.action.PACKAGE_REMOVED, android.intent.action.PACKAGE_CHANGED, android.intent.action.PACKAGE_REPLACED, android.intent.action.PHONE_STATE, android.intent.action.SIM_STATE_CHANGED, android.intent.action.MEDIA_SCANNER_FINISHED, android.intent.action.MEDIA_SCANNER_STARTED, android.intent.action.HEADSET_PLUG, android.intent.action.ACTION_DSDS_SUB1_OPERATOR_CHANGED, android.media.VOLUME_CHANGED_ACTION, android.net.conn.CONNECTIVITY_CHANGE, android.net.wifi.supplicant.CONNECTION_CHANGE, android.net.wifi.supplicant.STATE_CHANGE, android.net.wifi.WIFI_STATE_CHANGED, android.net.wifi.SCAN_RESULTS, android.net.wifi.STATE_CHANGE, android.net.wifi.RSSI_CHANGED, android.location.GPS_ENABLED_CHANGE, org.agoo.android.intent.action.ELECTION_RESULT_V4, com.tencent.android.tpush.service.channel.heartbeatIntent, com.tencent.android.tpush.action.SDK, com.baidu.android.pushservice.action.METHOD, com.igexin.sdk.action.execute, com.igexin.sdk.action.pushmanager, com.tencent.mm.plugin.openapi.Intent.ACTION_REFRESH_WXAPP, com.tencent.mm.plugin.openapi.Intent.ACTION_HANDLE_APP_REGISTER, com.huawei.espace.pushcheck, com.baidu.sapi2.ACTION_HOUR_FREQUENCY, com.baidu.android.pushservice.action.BIND_SYNC, android.location.GPS_FIX_CHANGE, com.android.eguan.drivermonitor, android.bluetooth.device.action.ACL_CONNECTED, android.bluetooth.device.action.ACL_DISCONNECTED, android.bluetooth.headset.profile.action.CONNECTION_STATE_CHANGED, android.os.action.DEVICE_IDLE_MODE_CHANGED, android.net.wifi.CONFIGURED_NETWORKS_CHANGE, com.action.utdid, wx_global_action, com.jingdong.jdpush.MSG_CENTER]
05-16 01:34:04.372  1008 28489 D keymaster_worker: Keystore begin
05-16 01:34:04.373  1008 28489 D keymaster_worker: Keystore begin hidl
05-16 01:34:04.373   586   586 I HisiKeyMaster: HisiKmBegin start
05-16 01:34:04.374   586   586 I HisiKeyMaster: Disable the enhanced crypto!
05-16 01:34:04.376  2589  3074 D DeviceMonitorPowerKit: run, sCountNum is 1
05-16 01:34:04.376  2589  3074 D DeviceMonitorPowerKit: interval is 334737, ElapsedRealtime is 1838367487, isNeedRepeat: false
05-16 01:34:04.376  2589  3074 E DeviceMonitorPowerKit: not Satify ApplyResource
05-16 01:34:04.381   586   586 I HisiKeyMaster: out_params_buffer_len = 32
05-16 01:34:04.381   586   586 I HisiKeyMaster: HisiKmBegin success
05-16 01:34:04.381  1008 28489 D keymaster_worker: Keystore begin hidl end
05-16 01:34:04.382  1008 28489 D keymaster_worker: Keystore begin end
05-16 01:34:04.386  1008 28490 D keymaster_worker: Keystore update
05-16 01:34:04.386  1008 28490 D keymaster_worker: Keystore update hidl
05-16 01:34:04.387   586   586 I HisiKeyMaster: HisiKmUpdate start
05-16 01:34:04.387   586   586 I HisiKeyMaster: Disable the enhanced crypto!
05-16 01:34:04.393   586   586 I HisiKeyMaster: HisiKmUpdate success
05-16 01:34:04.393  1008 28490 D keymaster_worker: Keystore update hidl end
05-16 01:34:04.393  1008 28490 D keymaster_worker: Keystore update end
05-16 01:34:04.395  1008 28491 D keymaster_worker: Keystore update
05-16 01:34:04.395  1008 28491 D keymaster_worker: Keystore update hidl
05-16 01:34:04.395   586   586 I HisiKeyMaster: HisiKmUpdate start
05-16 01:34:04.395   586   586 I HisiKeyMaster: Disable the enhanced crypto!
05-16 01:34:04.400   586   586 I HisiKeyMaster: HisiKmUpdate success
05-16 01:34:04.401  1008 28491 D keymaster_worker: Keystore update hidl end
05-16 01:34:04.401  1008 28491 D keymaster_worker: Keystore update end
05-16 01:34:04.403  1008 28492 D keymaster_worker: Keystore finish
05-16 01:34:04.403  1008 28492 D keymaster_worker: Keystore finish hidl
05-16 01:34:04.404   586   586 I HisiKeyMaster: HisiKmFinish start
05-16 01:34:04.404   586   586 I HisiKeyMaster: Disable the enhanced crypto!
05-16 01:34:04.408   586   586 I HisiKeyMaster: output data size=16
05-16 01:34:04.408   586   586 I HisiKeyMaster: HisiKmFinish success
05-16 01:34:04.409  1008 28492 D keymaster_worker: Keystore finish hidl end
05-16 01:34:04.409  1008 28492 D keymaster_worker: Keystore finish end
05-16 01:34:04.413  1834 27932 I SecurityProfileDB: Write database file end
05-16 01:34:04.657  1064  1088 D AwareLog: iawared: WorkingsetProcessCommand subCmd = 353, userId=10359, pid=28380, com.mars.infra.trace
05-16 01:34:04.657  1064  1088 W AwareLog: iawared: WorkingsetRestoreAppIoPrioInternal SYS_ioprio_set failed! which=1, class=0, prio=4, pid=28380, errno=3
05-16 01:34:04.659  1064  1088 D AwareLog: iawared: WorkingsetAbort com.mars.infra.trace
05-16 01:34:04.691  2648  3523 I AppFasManager: set fas when standby protected app list changed : 
05-16 01:34:04.863 28350 28350 I HwGameAssistant-12.0.1.301-ReceiverController: excute System.exit
05-16 01:34:04.867 28350 28350 I meassistant:br: System.exit called, status: 0
05-16 01:34:04.867 28350 28350 I AndroidRuntime: VM exiting with result code 0, cleanup skipped.
05-16 01:34:04.921  1834  2984 I ActivityManager: Process com.huawei.gameassistant:brd (pid 28350) has died: cch+15 CEM 
05-16 01:34:04.921  1834  1877 I libprocessgroup: Successfully killed process cgroup uid 10093 pid 28350 in 0ms
05-16 01:34:04.921  1834  2094 W HwAudioServiceEx: SoundEffectState bundle get reserved is invalid
05-16 01:34:04.921  1834  2984 D ActivityManager: cleanUpApplicationRecord app: 28350:com.huawei.gameassistant:brd/u0a93, bad: false, restarting: false, allowRestart: true
05-16 01:34:04.922   676   676 I Zygote  : Process 28350 exited cleanly (0)
05-16 01:34:04.922  1834  1868 I HwPowerManagerService: appdie release wakelock, pid = 28350, uid = 10093
05-16 01:34:04.923  2451  3311 E HsmCoreServiceImpl: onTransact in code is: 102
05-16 01:34:04.923  2451  3311 I MediaProcessHandler: processOp opType: 1, uid: 10093, pid: 28350
05-16 01:34:04.923  2451  3311 W MediaProcessHandler: only the process it self can do this operation: 10093, 1000, 28350, 2752
05-16 01:34:04.923  2451  3311 I MediaProcessHandler: executedCallBack opType: 1 mMediaStatusObservers.size=1
05-16 01:34:04.924  1834  2030 W AwareLog: SchedLevelBoost: onProcessDied config not set!
05-16 01:34:04.940  1834  2065 I TrafficMonitor: update:rxPkts:1,txPkts:3,rxBytes:32,txBytes:182
05-16 01:34:04.940  1834  2065 I TrafficMonitor: gettimer:interval=2000
05-16 01:34:05.365   675 26102 I netd    : trafficSwapActiveStatsMap() <0.94ms>
05-16 01:34:05.424   690   690 D AudioALSAHardware: -getParameters()
05-16 01:34:05.428  1834  2094 I HwAudioServiceEx: HwAudioHandlerEx receive unknown msg
05-16 01:34:05.917  1086  1179 I HfLooper: als lux = 51.000000 , rawdata1 =200.000000., rawdata1 = 11.000000
05-16 01:34:06.032   833   833 I aptouch_daemon: check_idle_status, idle out.
05-16 01:34:06.035   833   833 I aptouch_daemon: print_log, touch:1, down:1 (+0)
05-16 01:34:06.036  1834  1888 I osfingersense: Acc read ok
05-16 01:34:06.036  1834  1888 I osfingersense: osf: wait tp event in
05-16 01:34:06.036  1834  2037 D fingersense_manager: Calling fingersense_classify_touch()
05-16 01:34:06.037  1834  2037 I osfingersense: fingersense_classify_touch: entrance, v2.5 with 1.0 bin
05-16 01:34:06.037  1834  2037 I osfingersense: touch down-id: 0
05-16 01:34:06.037  1834  2037 I osfingersense: fingersense_classify_touch: M F: 162.964447
05-16 01:34:06.037  1834  2037 I osfingersense: fingersense_classify_touch: P M F: 123.180855
05-16 01:34:06.037  1834  2037 I osfingersense: fingersense_classify_touch: P: 311.000000
05-16 01:34:06.037  1834  2037 I osfingersense: fingersense_classify_touch: N A: 0.344444
05-16 01:34:06.037  1834  2037 I osfingersense: fingersense_classify_touch: N S: 0.189489
05-16 01:34:06.037  1834  2037 I osfingersense: fingersense_classify_touch: M U: 8040.335938
05-16 01:34:06.037  1834  2037 I osfingersense: fingersense_classify_touch: G: 42.000000
05-16 01:34:06.037  1834  2037 I osfingersense: fingersense_classify_touch: B--N--A
05-16 01:34:06.037  1834  2037 I osfingersense: fingersense_classify_touch: B--N--S
05-16 01:34:06.037  1834  2037 I osfingersense: fingersense_classify_touch acc model off
05-16 01:34:06.037  1834  2037 I osfingersense: fingersense_classify_touch: Part IV
05-16 01:34:06.037  1834  2037 I osfingersense: Part IV B
05-16 01:34:06.037  1834  2037 I osfingersense: fingersense_classify_touch: inference = 0
05-16 01:34:06.037  1834  2037 D fingersense_manager: fingersense_classify_touch() finished
05-16 01:34:06.038  1834  2037 I HwFingersSnapshooter: handleMotionEvent first finger(0) touch down at (659.0,1876.0)
05-16 01:34:06.039  1834  2036 I InputDispatcher: stylus touch down, set lcd event 1
05-16 01:34:06.042  1834  1886 I DisplayPowerController: mPowerState.mScreenChangedReason: 65539 mPendingRequestLocked.mScreenChangeReason 65539
05-16 01:34:06.040  1834  2036 I chatty  : uid=1000(system) InputDispatcher identical 2 lines
05-16 01:34:06.040  1834  2036 I InputDispatcher: stylus touch down, set lcd event 1
05-16 01:34:06.043  2686  2686 I RMS.HwSysResManager: preloadAppForLauncher packageName com.mars.infra.trace preloadType 101
05-16 01:34:06.044  1834  1856 I HWRME LIBHWRME_CLIENT: ResMngMmEvent interface arg 1, 10065
05-16 01:34:06.045  1834  1886 I DisplayPowerController: Animating brightness: target=46, rate=180,brightnessTargetReal=46,AutoBrightness=true
05-16 01:34:06.045  1834  2030 I BigFontUtils: adjustAppProcessConfiguration appInfo:com.mars.infra.trace
05-16 01:34:06.045  1834  1856 I NavigationBarPolicy: pointY:1876.0realSize.y:2400HIT_REGION_TO_MAX:33
05-16 01:34:06.048  1834  1886 V DisplayPowerController: Brightness [46] reason changing to: 'automatic', previous reason: 'automatic [ dim ]'.
05-16 01:34:06.049  1834  1886 I PowerManagerService: handleSandman: wakefulness: 1,startDreaming: false
05-16 01:34:06.050   743   779 I libPowerHal: [PE] scn:57 hdl:8 user:iawareperf@1.0- pid:728 tid:1000
05-16 01:34:06.051   994  2016 I dubaid  : [DisplayPanel.cpp] HandleBrightnessNitChanged# Display brightness:46 reason:AUTO nit:102
05-16 01:34:06.051  1834  1886 I HwNormalizedRampAnimator: hbm_dimming target=1803 rate=180 duration=0.5
05-16 01:34:06.054   743   779 I libPowerHal: iawareperf@1.0-: hard user limit set cpu freq: 1128000 -1 1534000 -1
05-16 01:34:06.054   743   779 I libPowerHal: [PE] iawareperf@1.0- update cmd:1400300, param:50
05-16 01:34:06.055   743   779 I libPowerHal: [PE] iawareperf@1.0- update cmd:1000000, param:4
05-16 01:34:06.055   743   779 I libPowerHal: [PE] scn:64 hdl:15 user:iawareperf@1.0- pid:728 tid:1000
05-16 01:34:06.056   743   779 I libPowerHal: iawareperf@1.0-: hard user limit set cpu freq: 1650000 -1 1837000 -1
05-16 01:34:06.056   743   779 I libPowerHal: [PE] iawareperf@1.0- update cmd:1400100, param:100
05-16 01:34:06.056   743   779 I libPowerHal: [PE] iawareperf@1.0- update cmd:1400300, param:100
05-16 01:34:06.056   743   779 I libPowerHal: [PE] iawareperf@1.0- update cmd:1000000, param:3
05-16 01:34:06.058   746   967 D AudioPolicyService: getUidState(10359) !cacheIter->second.first, return PROCESS_STATE_UNKNOWN
05-16 01:34:06.058   746   967 D AudioPolicyService: getUidState(10359) !cacheIter->second.first, return PROCESS_STATE_UNKNOWN
05-16 01:34:06.060   719   719 E DE H =DE: setAmoled:522: can not support this mode: MODE_AMOLED!
05-16 01:34:06.060   731   731 D lights  : write_int open fd=6
05-16 01:34:06.068   704 17882 I hwcomposer: [HWCDisplay] [Display_0 (type:1)] fps:3.993578,dur:5008.04,max:4610.89,min:15.78  
05-16 01:34:06.070   719   719 E DE H =DE: setAmoled:522: can not support this mode: MODE_AMOLED!
05-16 01:34:06.071   731   731 D lights  : write_int open fd=6
05-16 01:34:06.072   676   676 D Zygote  : Forked child process 28499
05-16 01:34:06.074  1834  1876 I ActivityManager: Start proc 28499:com.mars.infra.trace/u0a359 for start application com.mars.infra.trace
05-16 01:34:06.076  1094  1176 D AAL     : onBacklightChanged: 24/1023 -> 43/1023(phy:86/4095)
05-16 01:34:06.076  1094  1176 D AAL     : LABC: LABC after setTarget isSmoothBacklight=0 
05-16 01:34:06.080 28499 28499 I ars.infra.trac: Late-enabling -Xcheck:jni
05-16 01:34:06.082   833   833 I aptouch_daemon: print_log, touch:0, down:0 
05-16 01:34:06.083  1834  2037 I HwFingersSnapshooter: handleMotionEvent last finger(0) up.
05-16 01:34:06.083  1834  2036 I InputDispatcher: stylus touch up, set lcd event 0
05-16 01:34:06.084  1834  2036 I chatty  : uid=1000(system) InputDispatcher identical 2 lines
05-16 01:34:06.084  1834  2036 I InputDispatcher: stylus touch up, set lcd event 0
05-16 01:34:06.084   743   780 I mtkpower@impl: @Deprecated scnDisable hdl:8
05-16 01:34:06.085  1094  6920 D AALLightSensor: oldLux=57 [SA:50 LA:48] newLux=57 (oriLux: 51)
05-16 01:34:06.085   743   779 I libPowerHal: [PD] scn:57 hdl:8 user:iawareperf@1.0- pid:728 tid:1000
05-16 01:34:06.087  1834 28333 D BehaviorCollectorService: data is not enough, invalid data
05-16 01:34:06.087  2686  2686 V AudioManager: querySoundEffectsEnabled...
05-16 01:34:06.089   743   779 I libPowerHal: [PE] scn:58 hdl:9 user:iawareperf@1.0- pid:728 tid:1000
05-16 01:34:06.089   719   719 E DE H =DE: setAmoled:522: can not support this mode: MODE_AMOLED!
05-16 01:34:06.090   731   731 D lights  : write_int open fd=6
05-16 01:34:06.092   743   779 I libPowerHal: [PE] scn:61 hdl:12 user:iawareperf@1.0- pid:728 tid:1000
05-16 01:34:06.092   743   779 I libPowerHal: iawareperf@1.0-: set gpu opp level: 4
05-16 01:34:06.092   743   779 I libPowerHal: iawareperf@1.0-: set gpu opp level max: 0
05-16 01:34:06.092   743   779 I libPowerHal: iawareperf@1.0-: hard user limit set cpu freq: 1650000 -1 1837000 -1
05-16 01:34:06.092  1094  1176 D AAL     : onBacklightChanged: 43/1023 -> 54/1023(phy:108/4095)
05-16 01:34:06.092  1094  1176 D AAL     : LABC: LABC after setTarget isSmoothBacklight=0 
05-16 01:34:06.100  1834  2984 I HwWindowManagerServiceEx: set app win exit info, bundle = Bundle[mParcelledData.dataSize=532], iconBitmap = android.graphics.Bitmap@667800a
05-16 01:34:06.100  1834  2984 D HwWindowManagerServiceEx: support landscape open anim : true
05-16 01:34:06.100  1834  2984 I HwWindowManagerServiceEx: setLandAnimationInfo : true
05-16 01:34:06.100  1834  2984 I HwWindowManagerServiceEx: set launch origin and target for: com.mars.infra.trace with delay 3000
05-16 01:34:06.100  1834  2984 D HwWindowManagerServiceEx: AnimationTurbo wms set setIconToLayer enter icon
05-16 01:34:06.096 28499 28499 W ars.infra.trac: type=1400 audit(0.0:221272): avc: denied { read } for pid=28499 name="u:object_r:device_config_runtime_native_prop:s0" dev="tmpfs" ino=16090 scontext=u:r:untrusted_app:s0:c103,c257,c512,c768 tcontext=u:object_r:device_config_runtime_native_prop:s0 tclass=file permissive=0
05-16 01:34:06.102 28499 28499 E libc    : Access denied finding property "persist.device_config.runtime_native.use_app_image_startup_cache"
05-16 01:34:06.102 28499 28499 E ars.infra.trac: LoadAppImageStartupCache enabled : 1
05-16 01:34:06.102 28499 28499 E ars.infra.trac: Unknown bits set in runtime_flags: 0x8000
05-16 01:34:06.103 28499 28499 I ars.infra.trac: Reinit property: dalvik.vm.checkjni= false
05-16 01:34:06.103 28499 28499 I ars.infra.trac: ReInitProperties: persist.vm.debug.dumpapi= false
05-16 01:34:06.103   719   719 E DE H =DE: setAmoled:522: can not support this mode: MODE_AMOLED!
05-16 01:34:06.104  2686 28505 I HwLauncher: GestureUtil MOTION_NOTIFICATION app_start sendBroadcast extra= category: app_start
05-16 01:34:06.104  1834  1834 I DE J DES: [effect] [MOTION_NOTIFICATION] extra:app_start
05-16 01:34:06.104  1834  2984 I ActivityTaskManager: START u0 {act=android.intent.action.MAIN cat=[android.intent.category.LAUNCHER] flg=0x10200000 hwFlg=0x10 cmp=com.mars.infra.trace/com.mars.infra.fusion.MainActivity bnds=[542,1726][794,2033] (has extras)} from uid 10065
05-16 01:34:06.104  1834  2984 I HwActivityTaskManagerServiceEx: developer mode, not limit.
05-16 01:34:06.104  1064  1088 D AwareLog: iawared: pause rcc and gpu compress
05-16 01:34:06.104  1834  2984 I HWRME LIBHWRME_CLIENT: ResMngMmEvent interface arg 0, 10359
05-16 01:34:06.105  1064  1088 W AwareLog: iawared: ChangePropertyContent open /proc/gmc/device0/cancel fail errno(2)!
05-16 01:34:06.105   731   731 D lights  : write_int open fd=6
05-16 01:34:06.105  1834  2984 I ActivityTaskManager: Background activity start: don't abort if calling uid has any visible window or is persistent system process
05-16 01:34:06.106  1834  2984 D HwGameAssistantController: isGameForeground? false
05-16 01:34:06.106  1834  2984 I ActivityTaskManager: ActivityRecord info: ActivityInfo{4d0c07b com.mars.infra.fusion.MainActivity}
05-16 01:34:06.107   743   779 I libPowerHal: [PE] scn:54 hdl:5 user:iawareperf@1.0- pid:728 tid:1000
05-16 01:34:06.107   743   779 I libPowerHal: iawareperf@1.0-: set gpu opp level max: 0
05-16 01:34:06.107  1834  2984 D ActivityTaskManager: TaskLaunchParamsModifier:task=null activity=ActivityRecord{1a99e98 u0 com.mars.infra.trace/com.mars.infra.fusion.MainActivity t-1} display-from-source=0 display-id=0 display-windowing-mode=1
05-16 01:34:06.107   743   779 I libPowerHal: iawareperf@1.0-: hard user limit set cpu freq: 1750000 -1 1993000 -1
05-16 01:34:06.107   743   779 I libPowerHal: [PE] iawareperf@1.0- update cmd:1000000, param:1
05-16 01:34:06.108  1834  2984 D ActivityTaskManager: TaskLaunchParamsModifier:task=null activity=ActivityRecord{1a99e98 u0 com.mars.infra.trace/com.mars.infra.fusion.MainActivity t-1} display-from-source=0 display-id=0 display-windowing-mode=1 activity-options-fullscreen=Rect(0, 0 - 0, 0) non-freeform-display maximized-bounds
05-16 01:34:06.108  1834  2984 D ActivityTaskManager: pinned windowing mode is false  pad mirror cast is  false
05-16 01:34:06.109  1094  1176 D AAL     : onBacklightChanged: 54/1023 -> 65/1023(phy:130/4095)
05-16 01:34:06.109  1094  1176 D AAL     : LABC: LABC after setTarget isSmoothBacklight=0 
05-16 01:34:06.111  1834  2984 V ActivityTaskManager: addChild: attaching stackId=299 to displayId=0 position=1
05-16 01:34:06.111  1834  2984 V ActivityTaskManager: positionChild stackId=299 to top.
05-16 01:34:06.113  1834  2984 D ActivityTaskManager: TaskLaunchParamsModifier:task=TaskRecord{51b06f1 #311 A=10359:com.mars.infra.trace U=0 StackId=299 sz=0} activity=ActivityRecord{1a99e98 u0 com.mars.infra.trace/com.mars.infra.fusion.MainActivity t-1} display-from-task=0 display-id=0 display-windowing-mode=1 activity-options-fullscreen=Rect(0, 0 - 0, 0) non-freeform-display maximized-bounds
05-16 01:34:06.114  1064  1088 D AwareLog: iawared: WorkingsetProcessCommand subCmd = 350, userId=10359, pid=28499, com.mars.infra.trace/com.mars.infra.fusion.MainActivity
05-16 01:34:06.115  1064  1088 D AwareLog: iawared: WorkingsetAdjustAppIoPrio SYS_ioprio_get successfully! which=1, class=0, prio=4, pid=28499
05-16 01:34:06.115  1064  1088 D AwareLog: iawared: WorkingsetAdjustAppIoPrio SYS_ioprio_set successfully! which=1, class=1, prio=4, pid=28499
05-16 01:34:06.115  1834  2984 V ActivityTaskManager: positionChild stackId=299 to top.
05-16 01:34:06.115  1064  1088 D AwareLog: iawared: WorkingsetSendPrereadMsg com.mars.infra.trace/com.mars.infra.fusion.MainActivity
05-16 01:34:06.116   743   779 I libPowerHal: [PE] scn:8 hint:LAUNCH
05-16 01:34:06.116  1064  1088 D AwareLog: iawared: WorkingsetStart com.mars.infra.trace/com.mars.infra.fusion.MainActivity in monitor0
05-16 01:34:06.116 28499 28499 D ActivityThread: Attach thread to application
05-16 01:34:06.116   743   779 I libPowerHal: LAUNCH: cpu_ctrl set cpu freq: 2000000 -1 2000000 -1
05-16 01:34:06.116   743   779 I libPowerHal: [PE] LAUNCH update cmd:1000000, param:0
05-16 01:34:06.117  1834  2984 I WindowManager: addWindowToken: displayid:0 binder:Token{80592d6 ActivityRecord{1a99e98 u0 com.mars.infra.trace/com.mars.infra.fusion.MainActivity t311}} token:AppWindowToken{4a0e957 token=Token{80592d6 ActivityRecord{1a99e98 u0 com.mars.infra.trace/com.mars.infra.fusion.MainActivity t311}}}
05-16 01:34:06.117  1834  2984 V ActivityTaskManager: addAppToken: AppWindowToken{4a0e957 token=Token{80592d6 ActivityRecord{1a99e98 u0 com.mars.infra.trace/com.mars.infra.fusion.MainActivity t311}}} task={taskId=311 appTokens=[] mdr=false} at 2147483647
05-16 01:34:06.117   743   779 I libPowerHal: [PE] LAUNCH update cmd:1408300, param:100
05-16 01:34:06.118  1834  2984 I ActivityTaskManager: setAppStartingWindow: token=Token{80592d6 ActivityRecord{1a99e98 u0 com.mars.infra.trace/com.mars.infra.fusion.MainActivity t311}} pkg=com.mars.infra.trace transferFrom=null newTask=true taskSwitch=true processRunning=false allowTaskSnapshot=true activityCreated=false LowRamTaskSnapshots=false
05-16 01:34:06.118  1834  2984 I WindowManager: Get card startingwindow flag: -1
05-16 01:34:06.118  2648 30280 I PGServer: android calls fast HApps
