05-16 01:34:06.118  2648 30280 I AppFastHibernation: fast H duration: 1500 reason: start activity
05-16 01:34:06.119  1834  1868 I HwAudioServiceEx: ComponentInfo : className = com.mars.infra.fusion.MainActivity, flag = showStartingWindow, isHomeActivity = , isTop = false
05-16 01:34:06.119  1834  1868 I HwAudioServiceEx: not onResume or onPause
05-16 01:34:06.120  1064  8783 I Pged-IPgedBinderService: ****action is 1, pid num is 3***
05-16 01:34:06.120  1064  8783 I Pged-Freezer: freezePids
05-16 01:34:06.120  1064  8783 I Pged-Freezer: Freeze process: 23410
05-16 01:34:06.120  1834  1886 I PowerManagerService: handleSandman: wakefulness: 1,startDreaming: false
05-16 01:34:06.121  2451  3311 E DollieActivityManagerAdapter: HwActivityNotifierEx null uid
05-16 01:34:06.121  9327 16283 W ContentSensor_FrameworkRegistry: Unknown state is : showStartingWindow
05-16 01:34:06.121  1064  8783 I Pged-Freezer: Freeze process: 2282
05-16 01:34:06.121   719   719 E DE H =DE: setAmoled:522: can not support this mode: MODE_AMOLED!
05-16 01:34:06.122  2648  3653 D PgedBinderAdapter: F_Z ok, pid: [23410, 2282]
05-16 01:34:06.122   731   731 D lights  : write_int open fd=6
05-16 01:34:06.125  1834  1859 D MouseWheelSynthesizer: mMoveStepInDp: 64, mMoveStepInPixel: 192, mUpTimeDelayed: 100
05-16 01:34:06.125  1834  1859 D ViewRootImpl: ViewRootImpl mIsInProductivePCDisplay: false
05-16 01:34:06.125  1834  1859 I HwPCUtils#HwRioViewManager: check if rio enable, displayId = 0 packageName = com.mars.infra.trace
05-16 01:34:06.125  1834  9349 D ActivityTaskManager: attachApplicationLocked add top running activity: ActivityRecord{1a99e98 u0 com.mars.infra.trace/com.mars.infra.fusion.MainActivity t311}
05-16 01:34:06.125  1094  1176 D AAL     : onBacklightChanged: 65/1023 -> 76/1023(phy:152/4095)
05-16 01:34:06.126  1094  1176 D AAL     : LABC: LABC after setTarget isSmoothBacklight=0 
05-16 01:34:06.127  1834  9349 I HwWindowManagerServiceEx: setLandAnimationInfo : false
05-16 01:34:06.128  1834  9349 I HwWindowManagerServiceEx: reset launch origin and target from non-message!
05-16 01:34:06.128  2686  2686 I HwViewRootImpl: removeInvalidNode all the node in jank list is out of time
05-16 01:34:06.130 28499 28518 I HwActivityThreadImpl: mSocketName: e3498ec6-6c51-487f-9cf8-2892c5db2171
05-16 01:34:06.131 28499 28518 I HwActivityThreadImpl: initPreloadedSocked end mPreloadStatus 2
05-16 01:34:06.132  1834  1859 I WindowManager: addWindow: Window{a39ac4f u0 Splash Screen com.mars.infra.trace} client:android.view.ViewRootImpl$W@d7c26ae currentDisplayId:0 requestDisplayId:0 token:Token{80592d6 ActivityRecord{1a99e98 u0 com.mars.infra.trace/com.mars.infra.fusion.MainActivity t311}}
05-16 01:34:06.132  1834  1859 D InputEventReceiver: dispatchInputInterval 1000000
05-16 01:34:06.133  1834  2984 I HwWindowManagerServiceEx: setLandAnimationInfo : false
05-16 01:34:06.135   719   719 E DE H =DE: setAmoled:522: can not support this mode: MODE_AMOLED!
05-16 01:34:06.135   743   779 I libPowerHal: [PD] scn:64 hdl:15 user:iawareperf@1.0- pid:728 tid:1000
05-16 01:34:06.136  1834  2984 W HwActivityTaskManagerServiceEx: appSwitch from: com.huawei.android.launcher to: com.mars.infra.trace
05-16 01:34:06.136   731   731 D lights  : write_int open fd=6
05-16 01:34:06.136  1834  2984 I WindowManager: Changing focus from Window{8c63ef1 u0 com.huawei.android.launcher/com.huawei.android.launcher.unihome.UniHomeLauncher} to null displayId=0 Callers=com.android.server.wm.RootWindowContainer.updateFocusedWindowLocked:209 com.android.server.wm.WindowManagerService.updateFocusedWindowLocked:6517 com.android.server.wm.ActivityDisplay.setFocusedApp:1593 com.android.server.wm.ActivityTaskManagerService.setResumedActivityUncheckLocked:6561 
05-16 01:34:06.136  1834  2984 I HwDisplayContentEx: currentFocus windowstate null
05-16 01:34:06.136  2451  3311 I AssistantService-11.2.1.200: registerHwActivityNotifier call fromPackage:com.huawei.android.launcher, toPackage:com.mars.infra.trace
05-16 01:34:06.137  2451 28718 I Hicom_Monitor: mAppSwitchNotifierEx. uid: 10359, foreground app: com.mars.infra.trace, foreground activity: com.mars.infra.fusion.MainActivity
05-16 01:34:06.137  1834  2984 D ZrHung.AppEyeFocusWindow: FocusWindowErrorScene CheckFreezeScreen
05-16 01:34:06.137  1834  2163 I WiFi_PRO_WifiProStateMachine: current app com.mars.infra.trace, has changed
05-16 01:34:06.137  1834  2163 I WiFi_PRO_WifiProStateMachine: not in RecommendWifi2CellState.
05-16 01:34:06.137  2451 13434 D AssistantService-11.2.1.200: handleMessage app switch fromPackage:com.huawei.android.launcher, toPackage:com.mars.infra.trace
05-16 01:34:06.137  1834  1869 D HwGameAssistantController: UPDATE: mCurFgPkg=com.mars.infra.trace, mCurFgPid=28499, mIsCurGame=false
05-16 01:34:06.137 28499 28518 I HwActivityThreadImpl: before connect app.socketName:e3498ec6-6c51-487f-9cf8-2892c5db2171
05-16 01:34:06.138  2451  3370 I Hicom_XEngineProc: handleForegroundAppChanged pkgName = com.mars.infra.trace
05-16 01:34:06.138  2451 28718 D SmartcareProc: onForegroundAppChanged, pkgName:com.mars.infra.trace, uid: 10359
05-16 01:34:06.138  2451 28718 D SmartcareProc: handlerAppForeground not match
05-16 01:34:06.138  2451 28718 W FiControl: Failed to find configuration for com.mars.infra.trace
05-16 01:34:06.139 26597 28014 I HiAdKit.DC.PersistentMessageCenter:  notifyMessage com.huawei.hwid_app_switch_from_to_intent
05-16 01:34:06.139   743   779 I libPowerHal: [PD] scn:58 hdl:9 user:iawareperf@1.0- pid:728 tid:1000
05-16 01:34:06.140  2451  3370 W Hicom_XEngineProc: sendForegroundMessageToDaemon. daemonCommand is null
05-16 01:34:06.140  1834  2984 I WindowManager: Checking 1 opening apps (frozen=false timeout=false)...
05-16 01:34:06.140  1834  2984 I WindowManager: Check opening app=AppWindowToken{4a0e957 token=Token{80592d6 ActivityRecord{1a99e98 u0 com.mars.infra.trace/com.mars.infra.fusion.MainActivity t311}}}: allDrawn=false startingDisplayed=false startingMoved=false isRelaunching()=false startingWindow=Window{a39ac4f u0 Splash Screen com.mars.infra.trace}
05-16 01:34:06.142  1834  1868 I HwAudioServiceEx: ComponentInfo : className = com.huawei.android.launcher.unihome.UniHomeLauncher, flag = onPause, isHomeActivity = , isTop = false
05-16 01:34:06.142  1094  1176 D AAL     : onBacklightChanged: 76/1023 -> 87/1023(phy:174/4095)
05-16 01:34:06.142  1094  1176 D AAL     : LABC: LABC after setTarget isSmoothBacklight=0 
05-16 01:34:06.142  1834  2094 W HwAudioServiceEx: SoundEffectState bundle get reserved is invalid
05-16 01:34:06.142  1094  1176 D AAL     : 05-16 01:34:06.076 BL=  43,ESS= 256, 05-16 01:34:06.093 BL=  54,ESS= 256, 05-16 01:34:06.110 BL=  65,ESS= 256, 05-16 01:34:06.126 BL=  76,ESS= 256, 05-16 01:34:06.142 BL=  87,ESS= 256, 
05-16 01:34:06.143  2451  2748 D DollieActivityManagerAdapter: [Paused] pid:2686 uid:10065 ComponentInfo{com.huawei.android.launcher/com.huawei.android.launcher.unihome.UniHomeLauncher} uidState:2
05-16 01:34:06.145 26718 27924 I HiAdKit.KitStatisticsReport:  do not report kit daily active
05-16 01:34:06.146  1834  1859 I WindowManager: Checking 1 opening apps (frozen=false timeout=false)...
05-16 01:34:06.146  1834  1859 I WindowManager: Check opening app=AppWindowToken{4a0e957 token=Token{80592d6 ActivityRecord{1a99e98 u0 com.mars.infra.trace/com.mars.infra.fusion.MainActivity t311}}}: allDrawn=false startingDisplayed=false startingMoved=false isRelaunching()=false startingWindow=Window{a39ac4f u0 Splash Screen com.mars.infra.trace}
05-16 01:34:06.146  1834 28525 I PackageManager: Returning preferred activity: com.huawei.android.launcher/com.huawei.android.launcher.unihome.UniHomeLauncher
05-16 01:34:06.146  1834 28525 I PackageManager: choose best activity: com.huawei.android.launcher, com.huawei.android.launcher.unihome.UniHomeLauncher
05-16 01:34:06.146  1834 28525 D HiTouch_PressGestureDetector: onAttached, package=com.mars.infra.trace, windowType=3, mIsHiTouchRestricted=false
05-16 01:34:06.147   749   946 W RefBase : RefBase: Object at 0x7b94c19ce8 lost last weak reference before it had a strong reference
05-16 01:34:06.148  2648  3523 D ScenarioService: front pkg : com.mars.infra.trace launcher: false
05-16 01:34:06.148  2648  3523 D ScenarioService: new above launcher front pkgs: [com.mars.infra.trace]
05-16 01:34:06.148  2648  3658 I PG_ash  : front pkg : com.mars.infra.trace
05-16 01:34:06.148  2648  3737 I PGServer: report state:10010 event type:2 pid:0 uid:0 pkg:com.huawei.android.launcher to pid: 1834
05-16 01:34:06.148  2648  3737 I PGServer: report state:10010 event type:2 pid:0 uid:0 pkg:com.huawei.android.launcher to pid: 2648
05-16 01:34:06.149  2648  3737 I SceneReceiver: state type: 10010 eventType:2 pid:0 uid:0 pkg:com.huawei.android.launcher
05-16 01:34:06.149  2648  3737 I PGServer: report state:10000 event type:1 pid:0 uid:0 pkg:com.mars.infra.trace to pid: 1834
05-16 01:34:06.149  2648  3737 I PGServer: report state:10000 event type:1 pid:0 uid:0 pkg:com.mars.infra.trace to pid: 2648
05-16 01:34:06.149  2648  3737 I ApsAppsTypeHandler: APS: APK: ApsAppsTypeHandler.getInstance, sInstance = com.huawei.android.hwaps.o@72c8c2b
05-16 01:34:06.149  2648 30280 I PGServer: checkPkgType. calling pkg: android
05-16 01:34:06.150  1834  1985 I DE J DES: [effect] Pg pkg:com.mars.infra.trace
05-16 01:34:06.151  2648  3523 I AppsUsage: scnOff:false FgAPP:com.mars.infra.trace BgAPP:com.huawei.android.launcher
05-16 01:34:06.151  2648  3737 I SceneReceiver: state type: 10000 eventType:1 pid:0 uid:0 pkg:com.mars.infra.trace
05-16 01:34:06.152   731   731 D lights  : write_int open fd=6
05-16 01:34:06.153   719   719 E DE H =DE: setAmoled:522: can not support this mode: MODE_AMOLED!
05-16 01:34:06.157  2648  5154 W ThermalTraceTool: IOException:java.io.IOException: read failed: EIO (I/O error)
05-16 01:34:06.159  1834  2030 W AwareLog: SchedLevelBoost: onFgActivitiesChanged config not set!
05-16 01:34:06.159  1094  1176 D AAL     : onBacklightChanged: 87/1023 -> 97/1023(phy:194/4095)
05-16 01:34:06.159  1094  1176 D AAL     : LABC: LABC after setTarget isSmoothBacklight=0 
05-16 01:34:06.158  1834  1985 D HwNetworkManagementService: code == CODE_SET_CHR_REPORT_APP_LIST
05-16 01:34:06.161  1834  1858 W         : Failed to UpdateQosForCgroupInner, tid=0, policy=10
05-16 01:34:06.161   675 26102 I OemNetd : setChrAppUid(10, 10359)
05-16 01:34:06.161  1834  1985 I HwNetworkManagementService: chr appuid set succeeded
05-16 01:34:06.163  1834  1985 I HwNetworkPolicy: onTransact, code = 203
05-16 01:34:06.164  2752  3526 I HwNetworkPolicyManager: getHwUidPolicy uid = 10359 policy = 0
05-16 01:34:06.167 28499 28519 I ActivityThread: Init compatible state: true
05-16 01:34:06.168 28499 28519 D HwFrameworkSecurityPartsFactory: HwFrameworkSecurityPartsFactory in.
05-16 01:34:06.168 28499 28519 I HwFrameworkSecurityPartsFactory: add HwFrameworkSecurityPartsFactory to memory.
05-16 01:34:06.170 28499 28519 E BehaviorCollectManager: Fail to acquire dataAnalyzerService...
05-16 01:34:06.171   719   719 E DE H =DE: setAmoled:522: can not support this mode: MODE_AMOLED!
05-16 01:34:06.171  1834  1858 V ActivityTaskManager: Activity idle: null
05-16 01:34:06.171  1834  1858 V ActivityTaskManager: Stopping ActivityRecord{e34f1f0 u0 com.huawei.android.launcher/.unihome.UniHomeLauncher t1}: nowVisible=false animating=true finishing=false
05-16 01:34:06.171   731   731 D lights  : write_int open fd=6
05-16 01:34:06.171 28499 28499 D ApplicationLoaders: createClassLoader zip: /data/app/com.mars.infra.trace-Hbdic5ZMRUR_SwT1JHZjgg==/base.apk librarySearchPath: /data/app/com.mars.infra.trace-Hbdic5ZMRUR_SwT1JHZjgg==/lib/arm64 libraryPermittedPath: /data/user/0/com.mars.infra.trace parent: java.lang.BootClassLoader@6b0349 targetSdkVersion: 32 isBundled: false classLoaderName: null sharedLibraries: null
05-16 01:34:06.172  2648  3523 I ScenarioService: app focus change from: com.huawei.android.launcher to:com.mars.infra.trace
05-16 01:34:06.172  2648  3523 I ScenarioService: add focus on app:com.mars.infra.trace to visiblePkgs
05-16 01:34:06.173  1834  1858 V ActivityTaskManager: Activity idle: null
05-16 01:34:06.173  2648  5153 I PGServer: getTopFrontApp. calling pkg: android
05-16 01:34:06.174  1834  1858 V ActivityTaskManager: Stopping ActivityRecord{e34f1f0 u0 com.huawei.android.launcher/.unihome.UniHomeLauncher t1}: nowVisible=false animating=true finishing=false
05-16 01:34:06.175  2686  2686 D DecorView: showOrHideHighlightView: hasFocus=false; winMode=1; isMrgNull=true
05-16 01:34:06.175  1094  1176 D AAL     : onBacklightChanged: 97/1023 -> 108/1023(phy:216/4095)
05-16 01:34:06.175  2451  3370 I Hicom_Monitor: notifyAppStarted: uid = 10359
05-16 01:34:06.175  1094  1176 D AAL     : LABC: LABC after setTarget isSmoothBacklight=0 
05-16 01:34:06.175  2451  3370 I UctpAppMonitor: handleAppStarted: pkgName is com.mars.infra.trace mIsNeedToOpen is false
05-16 01:34:06.175  2451  3370 I AppStatisticProc: handleAppStarted: pkgName = com.mars.infra.trace is not apk supported in Smartcare
05-16 01:34:06.180  1834  1859 I WindowManager: performshow Window{a39ac4f u0 Splash Screen com.mars.infra.trace} tok.waitingToShow=true isTransitionSet=true parentHidden=false vis=0 tok.hidden=true hasSurface=true policyVis=true destroying=false animating=true
05-16 01:34:06.182  1834  1859 I WindowManager: Checking 1 opening apps (frozen=false timeout=false)...
05-16 01:34:06.182  1834  1859 I WindowManager: Check opening app=AppWindowToken{4a0e957 token=Token{80592d6 ActivityRecord{1a99e98 u0 com.mars.infra.trace/com.mars.infra.fusion.MainActivity t311}}}: allDrawn=false startingDisplayed=true startingMoved=false isRelaunching()=false startingWindow=Window{a39ac4f u0 Splash Screen com.mars.infra.trace}
05-16 01:34:06.182  1834  1859 I WindowManager: Checking 0 opening apps (frozen=false timeout=false)...
05-16 01:34:06.182  1834  1859 I WindowManager: send SET_LAUNCHER_VISIBLE_IN_FINGER_BOOST visible: true,delay:0, handle:true, userId:0, callingPid: 1834
05-16 01:34:06.182  1834  1859 I HwWindowManagerServiceEx: closing apps count = 1
05-16 01:34:06.183  1834  1859 D HwWindowManagerServiceEx: is app exit to launcher info: transit = 12, app = AppWindowToken{78f3d1c token=Token{64f768f ActivityRecord{e34f1f0 u0 com.huawei.android.launcher/.unihome.UniHomeLauncher t1}}}, window = Window{8c63ef1 u0 com.huawei.android.launcher/com.huawei.android.launcher.unihome.UniHomeLauncher}, mClosingApps = {AppWindowToken{78f3d1c token=Token{64f768f ActivityRecord{e34f1f0 u0 com.huawei.android.launcher/.unihome.UniHomeLauncher t1}}}}, topOpeningApp = AppWindowToken{4a0e957 token=Token{80592d6 ActivityRecord{1a99e98 u0 com.mars.infra.trace/com.mars.infra.fusion.MainActivity t311}}}, mExitIconBitmap = android.graphics.Bitmap@264a6f, mExitIconHeight = 180, mExitIconWidth = 180
05-16 01:34:06.183  1834  1859 E WindowManager: icon is null!!
05-16 01:34:06.184  1834  1859 E HwAnimationManagerImpl: wrong animation type
05-16 01:34:06.184   719   719 E DE H =DE: setAmoled:522: can not support this mode: MODE_AMOLED!
05-16 01:34:06.185   731   731 D lights  : write_int open fd=6
05-16 01:34:06.185 28529 28529 D HiTraceC: entered HiTraceInit, Log Registered: 1
05-16 01:34:06.186  1834  1859 V WindowManager: commitVisibility: AppWindowToken{78f3d1c token=Token{64f768f ActivityRecord{e34f1f0 u0 com.huawei.android.launcher/.unihome.UniHomeLauncher t1}}}: hidden=true hiddenRequested=true
05-16 01:34:06.187  1834  1859 E WindowManager: icon is null!!
05-16 01:34:06.187  1834  1859 D HwWindowManagerServiceEx: is app exit to launcher info: transit = 12, app = AppWindowToken{4a0e957 token=Token{80592d6 ActivityRecord{1a99e98 u0 com.mars.infra.trace/com.mars.infra.fusion.MainActivity t311}}}, window = null, mClosingApps = {AppWindowToken{78f3d1c token=Token{64f768f ActivityRecord{e34f1f0 u0 com.huawei.android.launcher/.unihome.UniHomeLauncher t1}}}}, topOpeningApp = AppWindowToken{4a0e957 token=Token{80592d6 ActivityRecord{1a99e98 u0 com.mars.infra.trace/com.mars.infra.fusion.MainActivity t311}}}, mExitIconBitmap = android.graphics.Bitmap@264a6f, mExitIconHeight = 180, mExitIconWidth = 180
05-16 01:34:06.187  1834  1859 D HwWindowManagerServiceEx: getCrossAppTransitAnimRoundCornerRadius radius 93.0
05-16 01:34:06.188  1834  2984 I PackageManager: getInstalledPackages cost 2 ms, flags: 786432, userId: 0, callingUid: 2000, callingPid: 28529
05-16 01:34:06.189  1834  1859 V WindowManager: commitVisibility: AppWindowToken{4a0e957 token=Token{80592d6 ActivityRecord{1a99e98 u0 com.mars.infra.trace/com.mars.infra.fusion.MainActivity t311}}}: hidden=false hiddenRequested=false
05-16 01:34:06.190  1064  1088 E AwareLog: iawared: GetFileContent open /proc/28529/task/28531/cpuset fail errno(2)!
05-16 01:34:06.190  1064  1088 W         : Failed to SetQosByThread, ret=-1, tid=28531, desired=1
05-16 01:34:06.191  1834  1859 I WindowManager: dispatchResized : win = Window{a39ac4f u0 Splash Screen com.mars.infra.trace} drawState = HAS_DRAWN
05-16 01:34:06.192  1094  1176 D AAL     : onBacklightChanged: 108/1023 -> 119/1023(phy:238/4095)
05-16 01:34:06.192  1094  1176 D AAL     : LABC: LABC after setTarget isSmoothBacklight=0 
05-16 01:34:06.201 28532 28532 D HiTraceC: entered HiTraceInit, Log Registered: 1
05-16 01:34:06.201   719   719 E DE H =DE: setAmoled:522: can not support this mode: MODE_AMOLED!
05-16 01:34:06.202   731   731 D lights  : write_int open fd=6
05-16 01:34:06.207   982 11845 D ITouchService: itouch stylusCurrentPkgName = com.mars.infra.trace lastOneFramePkgName = 
05-16 01:34:06.207   982 11845 D ITouchService: itouch currentPackageName = com.mars.infra.trace
05-16 01:34:06.207   982 11845 D ITouchService: itouch appType=-1 appState=1 gameMode=2
05-16 01:34:06.207   982 11845 D ITouchService: itouchReaderMonitor empty
05-16 01:34:06.207   982 11845 D ITouchService: g_itouch_reader_monitor Monitor::IsReaderMonitorEnable()=0
05-16 01:34:06.207   982 11845 D ITouchService: itouch getCurrentParmID tempPkg=com.mars.infra.xxx
05-16 01:34:06.207  1834  1858 I WindowManager: handle SET_LAUNCHER_VISIBLE_IN_FINGER_BOOST visible:true handle:trueuserId:0, currentUserId:0
05-16 01:34:06.207   982 11845 D ITouchService: itouch:app com.mars.infra.trace is  not game app
05-16 01:34:06.207   982 11845 D ITouchService: itouch:app com.mars.infra.trace is  not in StylusPenList
05-16 01:34:06.208   982 11845 D ITouchService: itouch:styluspen_switch is disable
05-16 01:34:06.208   982 11845 D ITouchService: itouch:currentAppTypeName =|UNKNOWN|
05-16 01:34:06.208  1834  1858 D WindowManager: setLauncherVisibleInFingerBoost record=ActivityRecord{e34f1f0 u0 com.huawei.android.launcher/.unihome.UniHomeLauncher t1}
05-16 01:34:06.208  1834  1858 I WindowManager: setLauncherVisible setAlpha to 1.0
05-16 01:34:06.208  1834  1858 D WindowManager: setLauncherVisible wallpaperScale=false
05-16 01:34:06.208  1094  1176 D AAL     : onBacklightChanged: 119/1023 -> 130/1023(phy:260/4095)
05-16 01:34:06.208  1094  1176 D AAL     : LABC: LABC after setTarget isSmoothBacklight=0 
05-16 01:34:06.210  1834  1856 D StatusBarManagerService: win:Window{a39ac4f u0 Splash Screen com.mars.infra.trace}mIsColorEnable:truelight:false
05-16 01:34:06.210   746 26485 D AudioPolicyService: getUidState(10359) !cacheIter->second.first, return PROCESS_STATE_UNKNOWN
05-16 01:34:06.210  1834  1856 I StatusBarDisable: setFlags what=0 which=1 pkg=Window{a39ac4f u0 Splash Screen com.mars.infra.trace}
05-16 01:34:06.210  2256  8786 D HwCommandQueue: CommandQueue, set Launcher StatusBar Color
05-16 01:34:06.210   746 26485 D AudioPolicyService: getUidState(10359) cacheIter->second.first, return cacheIter->second.second(-1)
05-16 01:34:06.214  1834  9349 I HwAudioService: now type = -1,reportForegroundAppType = -1systemload = -1VOIP_OPTIMIZE_IN_GAMEMODEfalse
05-16 01:34:06.218   719   719 E DE H =DE: setAmoled:522: can not support this mode: MODE_AMOLED!
05-16 01:34:06.219   731   731 D lights  : write_int open fd=6
05-16 01:34:06.219   530   530 I hwservicemanager: getTransport: Cannot find entry vendor.huawei.hardware.graphics.hwcinterface@1.1::IHwcInterface/default in either framework or device manifest.
05-16 01:34:06.219   704 17882 W hwcomposer: [HWCTURBOMANAGER] init: IHwcInterface::tryGetService failed!  
05-16 01:34:06.225  1094  1176 D AAL     : onBacklightChanged: 130/1023 -> 141/1023(phy:282/4095)
05-16 01:34:06.225  1094  1176 D AAL     : LABC: LABC after setTarget isSmoothBacklight=0 
05-16 01:34:06.225  1094  1176 D AAL     : 05-16 01:34:06.160 BL=  97,ESS= 256, 05-16 01:34:06.175 BL= 108,ESS= 256, 05-16 01:34:06.192 BL= 119,ESS= 256, 05-16 01:34:06.209 BL= 130,ESS= 256, 05-16 01:34:06.225 BL= 141,ESS= 256, 
05-16 01:34:06.227  1834  2170 I HwWifiProServiceProxy: ctrlHwWifiNetwork pkgName: WIFIPRO_SERVICE interfaceId: 52
05-16 01:34:06.227  1834  2170 I HwWifiProServiceProxy: ctrlHwWifiNetwork pkgName: WIFIPRO_SERVICE interfaceId: 68
05-16 01:34:06.227  1834  2170 D wifiserviceimpl: netmask =16777215
05-16 01:34:06.234   719   719 E DE H =DE: setAmoled:522: can not support this mode: MODE_AMOLED!
05-16 01:34:06.234   731   731 D lights  : write_int open fd=6
05-16 01:34:06.235   530   530 I hwservicemanager: getTransport: Cannot find entry vendor.huawei.hardware.graphics.hwcinterface@1.1::IHwcInterface/default in either framework or device manifest.
05-16 01:34:06.235   704 17882 W hwcomposer: [HWCTURBOMANAGER] init: IHwcInterface::tryGetService failed!  
05-16 01:34:06.241  1094  1176 D AAL     : onBacklightChanged: 141/1023 -> 152/1023(phy:304/4095)
05-16 01:34:06.241  1094  1176 D AAL     : LABC: LABC after setTarget isSmoothBacklight=0 
05-16 01:34:06.241  2686  3030 I HwLauncher: LocalTaskList loadTasksInBackground:1 numTasks:3 currentUserId:0
05-16 01:34:06.250   719   719 E DE H =DE: setAmoled:522: can not support this mode: MODE_AMOLED!
05-16 01:34:06.250   731   731 D lights  : write_int open fd=6
05-16 01:34:06.251   530   530 I hwservicemanager: getTransport: Cannot find entry vendor.huawei.hardware.graphics.hwcinterface@1.1::IHwcInterface/default in either framework or device manifest.
05-16 01:34:06.251   704 17882 W hwcomposer: [HWCTURBOMANAGER] init: IHwcInterface::tryGetService failed!  
05-16 01:34:06.258  1094  1176 D AAL     : onBacklightChanged: 152/1023 -> 163/1023(phy:326/4095)
05-16 01:34:06.258  1094  1176 D AAL     : LABC: LABC after setTarget isSmoothBacklight=0 
05-16 01:34:06.267   719   719 E DE H =DE: setAmoled:522: can not support this mode: MODE_AMOLED!
05-16 01:34:06.267   731   731 D lights  : write_int open fd=6
05-16 01:34:06.268   530   530 I hwservicemanager: getTransport: Cannot find entry vendor.huawei.hardware.graphics.hwcinterface@1.1::IHwcInterface/default in either framework or device manifest.
05-16 01:34:06.268   704 17882 W hwcomposer: [HWCTURBOMANAGER] init: IHwcInterface::tryGetService failed!  
05-16 01:34:06.274  2648  3523 I ScenarioService: refresh visibleApp:[com.mars.infra.trace]
05-16 01:34:06.274  2648  3523 I PGServer: report state:14 event type:1 pid:-1 uid:-1 pkg:com.mars.infra.trace to pid: 2648
05-16 01:34:06.274  2648  3523 I ApsAppsTypeHandler: APS: APK: ApsAppsTypeHandler.getInstance, sInstance = com.huawei.android.hwaps.o@72c8c2b
05-16 01:34:06.274  2648  3523 I ApsAccKitAdapter: APS: APK: ApsAccKitAdapter: not setNotifyInfo
05-16 01:34:06.274  2648  3658 I PG_ash  : com.huawei.android.launcher become invisible
05-16 01:34:06.274  1094  1176 D AAL     : onBacklightChanged: 163/1023 -> 174/1023(phy:348/4095)
05-16 01:34:06.274  1094  1176 D AAL     : LABC: LABC after setTarget isSmoothBacklight=0 
05-16 01:34:06.283   719   719 E DE H =DE: setAmoled:522: can not support this mode: MODE_AMOLED!
05-16 01:34:06.283   731   731 D lights  : write_int open fd=6
05-16 01:34:06.284   530   530 I hwservicemanager: getTransport: Cannot find entry vendor.huawei.hardware.graphics.hwcinterface@1.1::IHwcInterface/default in either framework or device manifest.
05-16 01:34:06.284   704 17882 W hwcomposer: [HWCTURBOMANAGER] init: IHwcInterface::tryGetService failed!  
05-16 01:34:06.291  1094  1176 D AAL     : onBacklightChanged: 174/1023 -> 185/1023(phy:370/4095)
05-16 01:34:06.291  1094  1176 D AAL     : LABC: LABC after setTarget isSmoothBacklight=0 
05-16 01:34:06.291   743   779 I libPowerHal: [PD] scn:61 hdl:12 user:iawareperf@1.0- pid:728 tid:1000
05-16 01:34:06.292   743   779 I libPowerHal: iawareperf@1.0-: hard user limit set cpu freq: 1750000 -1 1993000 -1
05-16 01:34:06.299  1834  2170 I HwWifiProServiceProxy: pair = Pair{true 70}, Bundle = Bundle[{time=70, arpResult=true}]
05-16 01:34:06.299  1834  2170 I HwWifiProServiceProxy: ctrlHwWifiNetwork pkgName: WIFIPRO_SERVICE interfaceId: 63
05-16 01:34:06.299  1834  2170 I HwWifiProServiceProxy: ctrlHwWifiNetwork pkgName: WIFIPRO_SERVICE interfaceId: 2
05-16 01:34:06.299  1834  2170 V HwWifiServiceFactory: get AllImpl object = com.android.server.wifi.HwWifiServiceFactoryImpl@5f30e40
05-16 01:34:06.300  2569  2812 I HotspotComponent: handleEvent
05-16 01:34:06.300  2569  2812 I HotspotComponent: handleEvent not handle the event:1121
05-16 01:34:06.300  2569  2812 I WifiProComponent: default event
05-16 01:34:06.300  2569  2812 I HotspotComponent: handleEvent
05-16 01:34:06.301  2569  2812 I HotspotComponent: handleEvent not handle the event:1128
05-16 01:34:06.301  2569  2846 D HwCHRWifiRSSIGroupSummery: updatArpSummery rssi:-1 HwCHRWifiRSSIGroup [mRssiIndex=4, mRttTcpPackets=0, mRttTcpDuration=0, mRttLanDuration=113604, mRttLanFailures=132, mRttLanSucc=3632, mRttLanMax=949, mRttLanMin=2,mSameFrequency=0,mAdjacentFrequency=0]
05-16 01:34:06.301   530   530 I hwservicemanager: getTransport: Cannot find entry vendor.huawei.hardware.graphics.hwcinterface@1.1::IHwcInterface/default in either framework or device manifest.
05-16 01:34:06.301   704 17882 W hwcomposer: [HWCTURBOMANAGER] init: IHwcInterface::tryGetService failed!  
05-16 01:34:06.301   719   719 E DE H =DE: setAmoled:522: can not support this mode: MODE_AMOLED!
05-16 01:34:06.301   731   731 D lights  : write_int open fd=6
05-16 01:34:06.307  1094  1176 D AAL     : onBacklightChanged: 185/1023 -> 196/1023(phy:392/4095)
05-16 01:34:06.307  1094  1176 D AAL     : LABC: LABC after setTarget isSmoothBacklight=0 
05-16 01:34:06.308  1094  1176 D AAL     : 05-16 01:34:06.242 BL= 152,ESS= 256, 05-16 01:34:06.258 BL= 163,ESS= 256, 05-16 01:34:06.275 BL= 174,ESS= 256, 05-16 01:34:06.291 BL= 185,ESS= 256, 05-16 01:34:06.308 BL= 196,ESS= 256, 
05-16 01:34:06.316   719   719 E DE H =DE: setAmoled:522: can not support this mode: MODE_AMOLED!
05-16 01:34:06.317   731   731 D lights  : write_int open fd=6
05-16 01:34:06.317   530   530 I hwservicemanager: getTransport: Cannot find entry vendor.huawei.hardware.graphics.hwcinterface@1.1::IHwcInterface/default in either framework or device manifest.
05-16 01:34:06.317   704 17882 W hwcomposer: [HWCTURBOMANAGER] init: IHwcInterface::tryGetService failed!  
05-16 01:34:06.324  1094  1176 D AAL     : onBacklightChanged: 196/1023 -> 207/1023(phy:414/4095)
05-16 01:34:06.324  1094  1176 D AAL     : LABC: LABC after setTarget isSmoothBacklight=0 
05-16 01:34:06.330 28499 28519 I HwApiCacheMangerEx: apicache path=/storage/emulated/0 state=mounted key=com.mars.infra.trace#10359#256
05-16 01:34:06.331 28499 28519 I HwApiCacheMangerEx: need clear apicache,because volumes changed,oldCnt=0 newCnt=1
05-16 01:34:06.331 28499 28499 I HwActivityThreadImpl: accept socket mSocketName: e3498ec6-6c51-487f-9cf8-2892c5db2171
05-16 01:34:06.331 28499 28499 I HwActivityThreadImpl: accept socket end
05-16 01:34:06.331 28499 28499 W HwActivityThreadImpl: closeStream error.
05-16 01:34:06.332 28499 28499 I HwActivityThreadImpl: acceptPreloadedApplication end mPreloadStatus 3
05-16 01:34:06.332 28499 28518 W HwActivityThreadImpl: closeStream error.
05-16 01:34:06.332 28499 28518 I HwActivityThreadImpl: connectContinuePreload end mPreloadStatus 3
05-16 01:34:06.332 28499 28519 I HwApiCacheMangerEx: apicache path=/storage/emulated/0 state=mounted key=com.mars.infra.trace#10359#0
05-16 01:34:06.332 28499 28519 I HwApiCacheMangerEx: need clear apicache,because volumes changed,oldCnt=1 newCnt=1
05-16 01:34:06.333 28499 28499 I HwTypeface: updateFont: scale=1.0
05-16 01:34:06.334 28499 28499 D SystemFonts: areFontsVariable: script=Hans
05-16 01:34:06.334   719   719 E DE H =DE: setAmoled:522: can not support this mode: MODE_AMOLED!
05-16 01:34:06.334   731   731 D lights  : write_int open fd=6
05-16 01:34:06.334   530   530 I hwservicemanager: getTransport: Cannot find entry vendor.huawei.hardware.graphics.hwcinterface@1.1::IHwcInterface/default in either framework or device manifest.
05-16 01:34:06.335   704 17882 W hwcomposer: [HWCTURBOMANAGER] init: IHwcInterface::tryGetService failed!  
05-16 01:34:06.335 28499 28499 I ActivityThread: finishPreloaded preloadStatus 3
05-16 01:34:06.335  1834  2984 D ActivityManager: finishBindApplication callingPid 28499
05-16 01:34:06.335  1834  2984 D ActivityManager: finishBindApplication preloadStatus: 0 app: ProcessRecord{47d41fe 28499:com.mars.infra.trace/u0a359} uidRec.isPreload: false
05-16 01:34:06.336 28499 28499 I ActivityThread: finishPreloaded end preloadStatus 3
05-16 01:34:06.339 28499 28519 I HwPartIawareFactory: add android.common.HwPartIawareFactoryImpl to memory.
05-16 01:34:06.339 28499 28519 I AwareBitmapCacher: init processName:com.mars.infra.trace pid=28499 uid=10359
05-16 01:34:06.339 28499 28537 E AwareLog: AtomicFileUtils: readFileLines file not exist: android.util.AtomicFile@7610ed
05-16 01:34:06.341  1094  1176 D AAL     : onBacklightChanged: 207/1023 -> 217/1023(phy:434/4095)
05-16 01:34:06.341  1094  1176 D AAL     : LABC: LABC after setTarget isSmoothBacklight=0 
05-16 01:34:06.341 28499 28499 D OpenGLRenderer: disableOutlineDraw is true
05-16 01:34:06.343 28499 28540 I OpenGLRenderer: RenderThread: progress name = [com.mars.infra.trace], viewCornerType = 0
05-16 01:34:06.343 28499 28542 D libMEOW : meow reload base cfg path: na
05-16 01:34:06.343 28499 28542 D libMEOW : meow reload overlay cfg path: na
05-16 01:34:06.343 28499 28542 D libMEOW : applied 0 plugin for [com.mars.infra.trace].
05-16 01:34:06.344 28499 28542 I iGraphics: [0020080c] pn: com.mars.infra.trace, p: 28499
05-16 01:34:06.344 28499 28542 I iGraphics: [0030080c] no spt app: com.mars.infra.trace
05-16 01:34:06.349   719   719 E DE H =DE: setAmoled:522: can not support this mode: MODE_AMOLED!
05-16 01:34:06.349   731   731 D lights  : write_int open fd=6
05-16 01:34:06.350   530   530 I hwservicemanager: getTransport: Cannot find entry vendor.huawei.hardware.graphics.hwcinterface@1.1::IHwcInterface/default in either framework or device manifest.
05-16 01:34:06.351   704 17882 W hwcomposer: [HWCTURBOMANAGER] init: IHwcInterface::tryGetService failed!  
05-16 01:34:06.353 28499 28499 W ars.infra.trac: Rejecting class com.mars.infra.fusion.MainActivity that attempts to sub-type erroneous class com.mars.infra.generate.Fusion_androidx_appcompat_app_AppCompatActivity in /data/app/com.mars.infra.trace-Hbdic5ZMRUR_SwT1JHZjgg==/base.apk
05-16 01:34:06.353 28499 28499 D AndroidRuntime: Shutting down VM
05-16 01:34:06.353 28499 28499 I QarthLog: [PatchStore] createDisableExceptionQarthFile
05-16 01:34:06.353 28499 28499 I QarthLog: [PatchStore] create disable file for com.mars.infra.trace uid is 10359
--------- beginning of crash
05-16 01:34:06.355 28499 28499 E AndroidRuntime: FATAL EXCEPTION: main
05-16 01:34:06.355 28499 28499 E AndroidRuntime: Process: com.mars.infra.trace, PID: 28499
05-16 01:34:06.355 28499 28499 E AndroidRuntime: java.lang.VerifyError: Rejecting class com.mars.infra.fusion.MainActivity that attempts to sub-type erroneous class com.mars.infra.generate.Fusion_androidx_appcompat_app_AppCompatActivity (declaration of 'com.mars.infra.fusion.MainActivity' appears in /data/app/com.mars.infra.trace-Hbdic5ZMRUR_SwT1JHZjgg==/base.apk)
05-16 01:34:06.355 28499 28499 E AndroidRuntime: 	at java.lang.Class.newInstance(Native Method)
05-16 01:34:06.355 28499 28499 E AndroidRuntime: 	at android.app.AppComponentFactory.instantiateActivity(AppComponentFactory.java:95)
05-16 01:34:06.355 28499 28499 E AndroidRuntime: 	at androidx.core.app.CoreComponentFactory.instantiateActivity(Unknown Source:45)
05-16 01:34:06.355 28499 28499 E AndroidRuntime: 	at android.app.Instrumentation.newActivity(Instrumentation.java:1264)
05-16 01:34:06.355 28499 28499 E AndroidRuntime: 	at android.app.ActivityThread.performLaunchActivity(ActivityThread.java:3963)
05-16 01:34:06.355 28499 28499 E AndroidRuntime: 	at android.app.ActivityThread.handleLaunchActivity(ActivityThread.java:4247)
05-16 01:34:06.355 28499 28499 E AndroidRuntime: 	at android.app.servertransaction.LaunchActivityItem.execute(LaunchActivityItem.java:91)
05-16 01:34:06.355 28499 28499 E AndroidRuntime: 	at android.app.servertransaction.TransactionExecutor.executeCallbacks(TransactionExecutor.java:149)
05-16 01:34:06.355 28499 28499 E AndroidRuntime: 	at android.app.servertransaction.TransactionExecutor.execute(TransactionExecutor.java:103)
05-16 01:34:06.355 28499 28499 E AndroidRuntime: 	at android.app.ActivityThread$H.handleMessage(ActivityThread.java:2613)
05-16 01:34:06.355 28499 28499 E AndroidRuntime: 	at android.os.Handler.dispatchMessage(Handler.java:110)
05-16 01:34:06.355 28499 28499 E AndroidRuntime: 	at android.os.Looper.loop(Looper.java:219)
05-16 01:34:06.355 28499 28499 E AndroidRuntime: 	at android.app.ActivityThread.main(ActivityThread.java:8668)
05-16 01:34:06.355 28499 28499 E AndroidRuntime: 	at java.lang.reflect.Method.invoke(Native Method)
05-16 01:34:06.355 28499 28499 E AndroidRuntime: 	at com.android.internal.os.RuntimeInit$MethodAndArgsCaller.run(RuntimeInit.java:513)
05-16 01:34:06.355 28499 28499 E AndroidRuntime: 	at com.android.internal.os.ZygoteInit.main(ZygoteInit.java:1109)
05-16 01:34:06.355 28499 28499 E AndroidRuntime: Caused by: java.lang.VerifyError: Verifier rejected class com.mars.infra.generate.Fusion_androidx_appcompat_app_AppCompatActivity: void com.mars.infra.generate.Fusion_androidx_appcompat_app_AppCompatActivity.onCreate(android.os.Bundle) failed to verify: void com.mars.infra.generate.Fusion_androidx_appcompat_app_AppCompatActivity.onCreate(android.os.Bundle): [0xA] 'this' argument 'Reference: com.mars.infra.generate.Fusion_androidx_appcompat_app_AppCompatActivity' not instance of 'Unresolved Reference: com.mars.infra.lib.FusionLogActivity' (declaration of 'com.mars.infra.generate.Fusion_androidx_appcompat_app_AppCompatActivity' appears in /data/app/com.mars.infra.trace-Hbdic5ZMRUR_SwT1JHZjgg==/base.apk)
05-16 01:34:06.355 28499 28499 E AndroidRuntime: 	... 16 more
05-16 01:34:06.357  1834  1985 W ActivityManager: Process com.mars.infra.trace has crashed too many times: killing!
05-16 01:34:06.357  1094  1176 D AAL     : onBacklightChanged: 217/1023 -> 228/1023(phy:456/4095)
05-16 01:34:06.357  1094  1176 D AAL     : LABC: LABC after setTarget isSmoothBacklight=0 
05-16 01:34:06.357  1834  1985 W ActivityTaskManager:   handleAppCrashLocked Force finishing activity com.mars.infra.trace/com.mars.infra.fusion.MainActivity
05-16 01:34:06.357  1834  1985 E HwActivityTaskManagerServiceEx: invalid ActivityRecord, error.
05-16 01:34:06.357  1834  1985 E HwActivityTaskManagerServiceEx: parse activity info error.
05-16 01:34:06.357  1834  1985 I WindowManager: removeWindowToken: displayid:0 binder:Token{80592d6 ActivityRecord{1a99e98 u0 com.mars.infra.trace/com.mars.infra.fusion.MainActivity t311 f}} token:AppWindowToken{4a0e957 token=Token{80592d6 ActivityRecord{1a99e98 u0 com.mars.infra.trace/com.mars.infra.fusion.MainActivity t311}}}
05-16 01:34:06.357  1834  1985 V WindowManager: commitVisibility: AppWindowToken{4a0e957 token=Token{80592d6 ActivityRecord{1a99e98 u0 com.mars.infra.trace/com.mars.infra.fusion.MainActivity t311}}}: hidden=true hiddenRequested=true
05-16 01:34:06.357  1834  1985 W WindowManager: Failed to take screenshot. App is animating AppWindowToken{4a0e957 token=Token{80592d6 ActivityRecord{1a99e98 u0 com.mars.infra.trace/com.mars.infra.fusion.MainActivity t311}}}
05-16 01:34:06.357  1834 28544 I DropBoxManagerService: add tag=data_app_crash isTagEnabled=true flags=0x2
05-16 01:34:06.358  1834  1985 V WindowManager: removeAppToken: AppWindowToken{4a0e957 token=Token{80592d6 ActivityRecord{1a99e98 u0 com.mars.infra.trace/com.mars.infra.fusion.MainActivity t311}}} delayed=true Callers=com.android.server.wm.DisplayContent.removeAppToken:1320 com.android.server.wm.ActivityRecord.removeWindowContainer:1446 com.android.server.wm.ActivityStack.removeActivityFromHistoryLocked:5542 com.android.server.wm.ActivityStack.destroyActivityLocked:5799 com.android.server.wm.ActivityStack.finishCurrentActivityLocked:5225 com.android.server.wm.ActivityStack.handleAppCrash:6557 com.android.server.wm.RootActivityContainer.handleAppCrash:1926 com.android.server.wm.ActivityTaskManagerService$LocalService.onHandleAppCrash:8427 com.android.server.am.AppErrors.handleAppCrashLocked:775 
05-16 01:34:06.358  1834  1985 V WindowManager: removeAppToken make exiting: AppWindowToken{4a0e957 token=Token{80592d6 ActivityRecord{1a99e98 u0 com.mars.infra.trace/com.mars.infra.fusion.MainActivity t311}}}
05-16 01:34:06.358  1834  1985 I TaskSnapshot: taskId:311 Callers=com.android.server.wm.TaskSnapshotCache.removeRunningEntry:196 com.android.server.wm.TaskSnapshotCache.onTaskRemoved:176 com.android.server.wm.TaskSnapshotController.notifyTaskRemovedFromRecents:749 com.android.server.wm.WindowManagerService.notifyTaskRemovedFromRecents:7189 com.android.server.wm.TaskRecord.removedFromRecents:1202 com.android.server.wm.ActivityStackSupervisor.onRecentTaskRemoved:2283 com.android.server.wm.RecentTasks.notifyTaskRemoved:452 com.android.server.wm.RecentTasks.remove:1251 
05-16 01:34:06.358  1834  1985 V ActivityTaskManager: positionChild stackId=0 to top.
05-16 01:34:06.359  1834 28543 I QarthDisFileCreator: pattern not match
05-16 01:34:06.359  9635 25914 I CAWARENESS_AppUsageManager: Repeat info, don't need publish
05-16 01:34:06.363  1834  1985 V ActivityTaskManager: removeChild: detaching stackId=299 from displayId=0
05-16 01:34:06.364  1834  1985 W HwActivityTaskManagerServiceEx: setResumedActivityUncheckLocked start call, from: ActivityRecord{1a99e98 u0 com.mars.infra.trace/com.mars.infra.fusion.MainActivity t-1 f}, to: ActivityRecord{e34f1f0 u0 com.huawei.android.launcher/.unihome.UniHomeLauncher t1}
05-16 01:34:06.364  1834  1985 W HwActivityTaskManagerServiceEx: appSwitch from: com.mars.infra.trace to: com.huawei.android.launcher
05-16 01:34:06.364  2686  2686 D ActivityThread: Won't deliver top position change in state=4
05-16 01:34:06.364  1834  1985 I WindowManager: Changing focus from null to Window{8c63ef1 u0 com.huawei.android.launcher/com.huawei.android.launcher.unihome.UniHomeLauncher} displayId=0 Callers=com.android.server.wm.RootWindowContainer.updateFocusedWindowLocked:209 com.android.server.wm.WindowManagerService.updateFocusedWindowLocked:6517 com.android.server.wm.ActivityDisplay.setFocusedApp:1593 com.android.server.wm.ActivityTaskManagerService.setResumedActivityUncheckLocked:6561 
05-16 01:34:06.364  2451 28718 I AssistantService-11.2.1.200: registerHwActivityNotifier call fromPackage:com.mars.infra.trace, toPackage:com.huawei.android.launcher
05-16 01:34:06.365  2451 13434 D AssistantService-11.2.1.200: handleMessage app switch fromPackage:com.mars.infra.trace, toPackage:com.huawei.android.launcher
05-16 01:34:06.365  2451  3311 I Hicom_Monitor: mAppSwitchNotifierEx. uid: 10065, foreground app: com.huawei.android.launcher, foreground activity: com.huawei.android.launcher.unihome.UniHomeLauncher
05-16 01:34:06.365  1834  1985 I HwDisplayContentEx: currentFocus windowstate not null
05-16 01:34:06.365  1834  1869 D HwGameAssistantController: UPDATE: mCurFgPkg=com.huawei.android.launcher, mCurFgPid=2686, mIsCurGame=false
05-16 01:34:06.365  1834  1985 D ZrHung.AppEyeFocusWindow: FocusWindowErrorScene cancelCheckFreezeScreen
05-16 01:34:06.365  1834  1985 I HwDisplayContentEx: trans currentFocus windowstate not null
05-16 01:34:06.365  1834  1985 D ZrHung.AppEyeTransparentWindow: TransparentWindow mHungConfigStatus = 0,mHungConfigEnable = 1
05-16 01:34:06.365  1834  2163 I WiFi_PRO_WifiProStateMachine: current app com.huawei.android.launcher, has changed
05-16 01:34:06.365  1834  2163 I WiFi_PRO_WifiProStateMachine: not in RecommendWifi2CellState.
05-16 01:34:06.366  1834  1985 I ActivityTaskManager: Making visible and scheduling visibility: ActivityRecord{e34f1f0 u0 com.huawei.android.launcher/.unihome.UniHomeLauncher t1}
05-16 01:34:06.366 26597 28014 I HiAdKit.DC.PersistentMessageCenter:  notifyMessage com.huawei.hwid_app_switch_from_to_intent
05-16 01:34:06.366  1834  1985 I HwWindowManagerServiceEx: setLandAnimationInfo : false
05-16 01:34:06.367  1834  1856 D StatusBarManagerService: win:Window{8c63ef1 u0 com.huawei.android.launcher/com.huawei.android.launcher.unihome.UniHomeLauncher}mIsColorEnable:truelight:false
05-16 01:34:06.367  2451  3311 D SmartcareProc: onForegroundAppChanged, pkgName:com.huawei.android.launcher, uid: 10065
05-16 01:34:06.367  2451  3311 D SmartcareProc: handlerAppForeground not match
05-16 01:34:06.367  2451  3311 W FiControl: Failed to find configuration for com.huawei.android.launcher
05-16 01:34:06.367  2256  8786 D HwCommandQueue: CommandQueue, set Launcher StatusBar Color
05-16 01:34:06.367  1834  1856 I StatusBarDisable: setFlags what=0 which=1 pkg=Window{8c63ef1 u0 com.huawei.android.launcher/com.huawei.android.launcher.unihome.UniHomeLauncher}
05-16 01:34:06.367  2686  2213 W HwLauncher: ExitAppAnimationManager getAnimationInfoMyself, mAnimationInfo = com.huawei.android.launcher.exitapp.ExitAppAnimationManager$AnimationInfo@f2c2cdf
05-16 01:34:06.367  2686  2686 W HwLauncher: RotationHelper hideAdjacentScreen, launcher is not transposed. RotationMode = com.huawei.android.launcher.graphics.RotationMode$1{b5d00b0 surfaceRotation = 0.0,isTransposed = false}
05-16 01:34:06.368   530   530 I hwservicemanager: getTransport: Cannot find entry vendor.huawei.hardware.graphics.hwcinterface@1.1::IHwcInterface/default in either framework or device manifest.
05-16 01:34:06.368   704 17882 W hwcomposer: [HWCTURBOMANAGER] init: IHwcInterface::tryGetService failed!  
05-16 01:34:06.368  2451  3370 I Hicom_XEngineProc: handleForegroundAppChanged pkgName = com.huawei.android.launcher
05-16 01:34:06.369  2451  3370 W Hicom_XEngineProc: sendForegroundMessageToDaemon. daemonCommand is null
05-16 01:34:06.369  1834  2984 I HwWindowManagerServiceEx: set app win exit info, bundle = Bundle[mParcelledData.dataSize=288], iconBitmap = android.graphics.Bitmap@61ddf37
05-16 01:34:06.370  1834  2984 D HwWindowManagerServiceEx: AnimationTurbo wms set setIconToLayer exit icon
05-16 01:34:06.370  1834  1985 I WindowManager: dispatchResized : win = Window{8c63ef1 u0 com.huawei.android.launcher/com.huawei.android.launcher.unihome.UniHomeLauncher} drawState = DRAW_PENDING
05-16 01:34:06.370  1834  2984 D HwWindowManagerServiceEx: set app win icon info, bundle = Bundle[{isLandscape=false, launcherPkgName=com.huawei.android.launcher, iconWidth=180, pivotX=666.0, pivotY=1832.0, iconHeight=180, flag=0}], iconBitmap = android.graphics.Bitmap@61ddf37mExitPivotX =666.0mExitPivotY =1832.0floatBallSize = 0.0mExitIconWidth =180mExitIconHeight =180mExitFlag =0callingUid10065
05-16 01:34:06.370   719   719 E DE H =DE: setAmoled:522: can not support this mode: MODE_AMOLED!
05-16 01:34:06.370  2686  2686 I ActivityThread: Handle window ActivityRecord{a769a39 token=android.os.BinderProxy@8a2ab2c {com.huawei.android.launcher/com.huawei.android.launcher.unihome.UniHomeLauncher}} visibility: true
05-16 01:34:06.370  1834  1985 V WindowManager: notifyAppResumed: wasStopped=false AppWindowToken{78f3d1c token=Token{64f768f ActivityRecord{e34f1f0 u0 com.huawei.android.launcher/.unihome.UniHomeLauncher t1}}}
05-16 01:34:06.371   731   731 D lights  : write_int open fd=6
05-16 01:34:06.373  1094  1176 D AAL     : onBacklightChanged: 228/1023 -> 239/1023(phy:478/4095)
05-16 01:34:06.373  1094  1176 D AAL     : LABC: LABC after setTarget isSmoothBacklight=0 
05-16 01:34:06.374  1834  1859 I ViewRootImpl: dispatchDetachedFromWindow in doDie
05-16 01:34:06.374  1834  1985 I ActivityManager: Killing 28499:com.mars.infra.trace/u0a359 (adj 0): crash
05-16 01:34:06.374  1834  1985 D ActivityManager: cleanUpApplicationRecord app: 28499:com.mars.infra.trace/u0a359, bad: true, restarting: false, allowRestart: false
05-16 01:34:06.375  1834  1868 I HwPowerManagerService: appdie release wakelock, pid = 28499, uid = 10359
05-16 01:34:06.375  1834  2094 W HwAudioServiceEx: SoundEffectState bundle get reserved is invalid
05-16 01:34:06.375  1834  1877 I libprocessgroup: Successfully killed process cgroup uid 10359 pid 28499 in 0ms
05-16 01:34:06.376   675 26102 I netd    : trafficSwapActiveStatsMap() <0.61ms>
05-16 01:34:06.376  1834  1859 I WindowManager: removeIfPossible: Window{a39ac4f u0 Splash Screen com.mars.infra.trace EXITING} callers=com.android.server.wm.WindowState.removeIfPossible:2602 com.android.server.wm.WindowManagerService.removeWindow:2282 com.android.server.wm.Session.remove:179 android.view.ViewRootImpl.dispatchDetachedFromWindow:4910 android.view.ViewRootImpl.doDie:8254 
05-16 01:34:06.376  1834  1859 I WindowManager: Not removing Window{a39ac4f u0 Splash Screen com.mars.infra.trace EXITING} due to exit animation 
05-16 01:34:06.376   746   967 D AudioPolicyService: getUidState(10359) cacheIter->second.first, return cacheIter->second.second(2)
05-16 01:34:06.377   746   967 D AudioPolicyService: getUidState(10359) !cacheIter->second.first, return PROCESS_STATE_UNKNOWN
05-16 01:34:06.377  1834  2030 W AwareLog: SchedLevelBoost: onProcessDied config not set!
05-16 01:34:06.377  2451  4281 E HsmCoreServiceImpl: onTransact in code is: 102
05-16 01:34:06.378  2451  3370 I Hicom_Monitor: notifyAppDied: uid = 10359
05-16 01:34:06.378  2451  4281 I MediaProcessHandler: processOp opType: 1, uid: 10359, pid: 28499
05-16 01:34:06.378  2451  4281 W MediaProcessHandler: only the process it self can do this operation: 10359, 1000, 28499, 2752
05-16 01:34:06.380   994   994 W BatteryHandler: type=1400 audit(0.0:221273): avc: denied { read } for pid=994 name="temp" dev="sysfs" ino=41501 scontext=u:r:dubaid:s0 tcontext=u:object_r:sysfs_pg:s0 tclass=lnk_file permissive=0
05-16 01:34:06.378  2451  4281 I MediaProcessHandler: executedCallBack opType: 1 mMediaStatusObservers.size=1
05-16 01:34:06.378  2451  3370 I UctpAppMonitor: handleAppDied: pkgName is com.mars.infra.trace mIsNeedToOpen is false
05-16 01:34:06.378  2451  3370 I AppStatisticProc: handleAppDied: pkgName = com.mars.infra.trace is not apk supported in Smartcare
05-16 01:34:06.379   743   779 I libPowerHal: [PE] scn:61 hdl:12 user:iawareperf@1.0- pid:728 tid:1000
05-16 01:34:06.379   743   779 I libPowerHal: iawareperf@1.0-: set gpu opp level max: 0
05-16 01:34:06.379   743   779 I libPowerHal: iawareperf@1.0-: hard user limit set cpu freq: 1750000 -1 1993000 -1
05-16 01:34:06.380   994   994 W BatteryHandler: type=1400 audit(0.0:221274): avc: denied { read } for pid=994 name="temp" dev="sysfs" ino=41501 scontext=u:r:dubaid:s0 tcontext=u:object_r:sysfs_pg:s0 tclass=lnk_file permissive=0
05-16 01:34:06.380  1834  1859 I WindowManager: Checking 1 opening apps (frozen=false timeout=false)...
05-16 01:34:06.380  1834  1859 I WindowManager: Check opening app=AppWindowToken{78f3d1c token=Token{64f768f ActivityRecord{e34f1f0 u0 com.huawei.android.launcher/.unihome.UniHomeLauncher t1}}}: allDrawn=false startingDisplayed=false startingMoved=false isRelaunching()=false startingWindow=null
05-16 01:34:06.380   675 26102 I netd    : trafficSwapActiveStatsMap() <2.36ms>
05-16 01:34:06.381   982 11845 D ITouchService: itouch stylusCurrentPkgName = com.mars.infra.trace lastOneFramePkgName = 
05-16 01:34:06.381   982 11845 D ITouchService: itouch currentPackageName = com.mars.infra.trace
05-16 01:34:06.381   982 11845 D ITouchService: itouch appType=-1 appState=0 gameMode=2
05-16 01:34:06.381   982 11845 D ITouchService: itouchReaderMonitor empty
05-16 01:34:06.381   982 11845 D ITouchService: g_itouch_reader_monitor Monitor::IsReaderMonitorEnable()=0
05-16 01:34:06.381   982 11845 D ITouchService: itouch getCurrentParmID tempPkg=com.mars.infra.xxx
05-16 01:34:06.381   982 11845 D ITouchService: itouch:app com.mars.infra.trace is  not game app
05-16 01:34:06.381   982 11845 D ITouchService: itouch:app com.mars.infra.trace is  not in StylusPenList
05-16 01:34:06.381   982 11845 D ITouchService: itouch:styluspen_switch is disable
05-16 01:34:06.381   982 11845 D ITouchService: itouch:currentAppTypeName =|UNKNOWN|
05-16 01:34:06.384   731   731 D lights  : write_int open fd=6
05-16 01:34:06.384   719   719 E DE H =DE: setAmoled:522: can not support this mode: MODE_AMOLED!
05-16 01:34:06.385   530   530 I hwservicemanager: getTransport: Cannot find entry vendor.huawei.hardware.graphics.hwcinterface@1.1::IHwcInterface/default in either framework or device manifest.
05-16 01:34:06.385   704 17882 W hwcomposer: [HWCTURBOMANAGER] init: IHwcInterface::tryGetService failed!  
05-16 01:34:06.390  1094  1176 D AAL     : onBacklightChanged: 239/1023 -> 250/1023(phy:500/4095)
05-16 01:34:06.390  1094  1176 D AAL     : LABC: LABC after setTarget isSmoothBacklight=0 
05-16 01:34:06.390  1094  1176 D AAL     : 05-16 01:34:06.324 BL= 207,ESS= 256, 05-16 01:34:06.341 BL= 217,ESS= 256, 05-16 01:34:06.357 BL= 228,ESS= 256, 05-16 01:34:06.374 BL= 239,ESS= 256, 05-16 01:34:06.390 BL= 250,ESS= 256, 
05-16 01:34:06.391   676   676 I Zygote  : Process 28499 exited due to signal 9 (Killed)
05-16 01:34:06.392  2686  2686 I HwLauncher: Model loadWidgetsAfterUserUnlockIfNeeded, sLoadWidgetOnResume is false!
