05-16 01:34:06.394   743   779 I libPowerHal: [PE] scn:62 hdl:13 user:iawareperf@1.0- pid:728 tid:1000
05-16 01:34:06.394   743   779 I libPowerHal: iawareperf@1.0-: set gpu opp level max: 0
05-16 01:34:06.395  1834  1859 I WindowManager: Checking 1 opening apps (frozen=false timeout=false)...
05-16 01:34:06.395  1834  1859 I WindowManager: Check opening app=AppWindowToken{78f3d1c token=Token{64f768f ActivityRecord{e34f1f0 u0 com.huawei.android.launcher/.unihome.UniHomeLauncher t1}}}: allDrawn=true startingDisplayed=false startingMoved=false isRelaunching()=false startingWindow=null
05-16 01:34:06.395  1834  1859 I WindowManager: Checking 0 opening apps (frozen=false timeout=false)...
05-16 01:34:06.395  1834  1859 I WindowManager: send SET_LAUNCHER_VISIBLE_IN_FINGER_BOOST visible: true,delay:0, handle:true, userId:0, callingPid: 1834
05-16 01:34:06.395  1834  1859 I HwWindowManagerServiceEx: closing apps count = 1
05-16 01:34:06.395  1834  1859 D HwWindowManagerServiceEx: is app exit to launcher info: transit = 26, app = AppWindowToken{4a0e957 token=Token{80592d6 ActivityRecord{1a99e98 u0 com.mars.infra.trace/com.mars.infra.fusion.MainActivity t311}}} mIsExiting=, window = null, mClosingApps = {AppWindowToken{4a0e957 token=Token{80592d6 ActivityRecord{1a99e98 u0 com.mars.infra.trace/com.mars.infra.fusion.MainActivity t311}}} mIsExiting=}, topOpeningApp = AppWindowToken{78f3d1c token=Token{64f768f ActivityRecord{e34f1f0 u0 com.huawei.android.launcher/.unihome.UniHomeLauncher t1}}}, mExitIconBitmap = android.graphics.Bitmap@61ddf37, mExitIconHeight = 180, mExitIconWidth = 180
05-16 01:34:06.395  1834  1859 V WindowManager: commitVisibility: AppWindowToken{4a0e957 token=Token{80592d6 ActivityRecord{1a99e98 u0 com.mars.infra.trace/com.mars.infra.fusion.MainActivity t311}}} mIsExiting=: hidden=true hiddenRequested=true
05-16 01:34:06.396  1834  1859 D HwWindowManagerServiceEx: is app exit to launcher info: transit = 26, app = AppWindowToken{78f3d1c token=Token{64f768f ActivityRecord{e34f1f0 u0 com.huawei.android.launcher/.unihome.UniHomeLauncher t1}}}, window = Window{8c63ef1 u0 com.huawei.android.launcher/com.huawei.android.launcher.unihome.UniHomeLauncher}, mClosingApps = {AppWindowToken{4a0e957 token=Token{80592d6 ActivityRecord{1a99e98 u0 com.mars.infra.trace/com.mars.infra.fusion.MainActivity t311}}} mIsExiting=}, topOpeningApp = AppWindowToken{78f3d1c token=Token{64f768f ActivityRecord{e34f1f0 u0 com.huawei.android.launcher/.unihome.UniHomeLauncher t1}}}, mExitIconBitmap = android.graphics.Bitmap@61ddf37, mExitIconHeight = 180, mExitIconWidth = 180
05-16 01:34:06.396  1834  1859 E WindowManager: icon is null!!
05-16 01:34:06.396  1834  1859 V WindowManager: commitVisibility: AppWindowToken{78f3d1c token=Token{64f768f ActivityRecord{e34f1f0 u0 com.huawei.android.launcher/.unihome.UniHomeLauncher t1}}}: hidden=false hiddenRequested=false
05-16 01:34:06.396  1834  1859 W WindowManager: Failed to take screenshot. No visible windows for {taskId=311 appTokens=[AppWindowToken{4a0e957 token=Token{80592d6 ActivityRecord{1a99e98 u0 com.mars.infra.trace/com.mars.infra.fusion.MainActivity t311}}} mIsExiting=] mdr=true}
05-16 01:34:06.399   719   719 E DE H =DE: setAmoled:522: can not support this mode: MODE_AMOLED!
05-16 01:34:06.399  1834  2563 I ActivityTaskManager: Stop interception for recently back-home app when launcher resumed
05-16 01:34:06.399   731   731 D lights  : write_int open fd=6
05-16 01:34:06.400  2648  3523 I ScenarioService: app focus change from: com.mars.infra.trace to:com.huawei.android.launcher
05-16 01:34:06.400  2648  3523 I ScenarioService: add focus on app:com.huawei.android.launcher to visiblePkgs
05-16 01:34:06.400  2686  2686 D DecorView: showOrHideHighlightView: hasFocus=true; winMode=1; isMrgNull=true
05-16 01:34:06.400  2648  3523 D ScenarioService: front pkg : com.huawei.android.launcher launcher: true
05-16 01:34:06.400  2648  3523 I AppsUsage: scnOff:false FgAPP:com.huawei.android.launcher BgAPP:com.mars.infra.trace
05-16 01:34:06.400  1834  1868 I HwAudioServiceEx: ComponentInfo : className = com.huawei.android.launcher.unihome.UniHomeLauncher, flag = onResume, isHomeActivity = , isTop = true
05-16 01:34:06.401  1834  2094 W HwAudioServiceEx: SoundEffectState bundle get reserved is invalid
05-16 01:34:06.401   530   530 I hwservicemanager: getTransport: Cannot find entry vendor.huawei.hardware.graphics.hwcinterface@1.1::IHwcInterface/default in either framework or device manifest.
05-16 01:34:06.401   704 17882 W hwcomposer: [HWCTURBOMANAGER] init: IHwcInterface::tryGetService failed!  
05-16 01:34:06.400  2648  3658 I PG_ash  : front pkg : com.huawei.android.launcher
05-16 01:34:06.402  2648  3737 I PGServer: report state:10000 event type:2 pid:0 uid:0 pkg:com.mars.infra.trace to pid: 1834
05-16 01:34:06.402  2648  3737 I PGServer: report state:10000 event type:2 pid:0 uid:0 pkg:com.mars.infra.trace to pid: 2648
05-16 01:34:06.402  2648  3737 I SceneReceiver: state type: 10000 eventType:2 pid:0 uid:0 pkg:com.mars.infra.trace
05-16 01:34:06.402  2648  3737 I PGServer: report state:10010 event type:1 pid:0 uid:0 pkg:com.huawei.android.launcher to pid: 1834
05-16 01:34:06.402  2648  3737 I PGServer: report state:10010 event type:1 pid:0 uid:0 pkg:com.huawei.android.launcher to pid: 2648
05-16 01:34:06.402  2648  3737 I ApsAppsTypeHandler: APS: APK: ApsAppsTypeHandler.getInstance, sInstance = com.huawei.android.hwaps.o@72c8c2b
05-16 01:34:06.402  2686  2686 W HwRemoteInputMethodManager: isCasting false because IHwDistributedWindowManager is invalid.
05-16 01:34:06.403  2648  3737 I SceneReceiver: state type: 10010 eventType:1 pid:0 uid:0 pkg:com.huawei.android.launcher
05-16 01:34:06.403  2648  4990 I PGServer: checkPkgType. calling pkg: android
05-16 01:34:06.404  1834  2984 I HwBastetService: current len less then 0, need return!
05-16 01:34:06.404  1834  2984 I DE J DES: [effect] Pg pkg:com.huawei.android.launcher
05-16 01:34:06.404  1834  2563 D HwInputMethodManagerService: isSecMethodUsing = false
05-16 01:34:06.404  1834  2984 I HwBastetService: current len less then 0, need return!
05-16 01:34:06.406  2451  4281 I Hicom_Monitor: mActivityNotifierEx, className = com.huawei.android.launcher.unihome.UniHomeLauncher, uid = 10065
05-16 01:34:06.406  1094  1176 D AAL     : onBacklightChanged: 250/1023 -> 261/1023(phy:522/4095)
05-16 01:34:06.406  1094  1176 D AAL     : LABC: LABC after setTarget isSmoothBacklight=0 
05-16 01:34:06.407  2451  2748 D DollieActivityManagerAdapter: [Resumed] bg:false pid:2686 uid:10065 ComponentInfo{com.huawei.android.launcher/com.huawei.android.launcher.unihome.UniHomeLauncher}
05-16 01:34:06.407  2531  9967 I OPCollectLog: AppChangeImpl:call onAppChange.
05-16 01:34:06.407  2451  2748 E DollieAdapterService: notifyActivityState pkg:com.huawei.android.launcher/com.huawei.android.launcher.unihome.UniHomeLauncher state:2 fg:true mUid:10065
05-16 01:34:06.407  2648  5154 W ThermalTraceTool: IOException:java.io.IOException: read failed: EIO (I/O error)
05-16 01:34:06.407  2531 10191 I OPCollectLog: HwForegroundAppAction:handleMessage 
05-16 01:34:06.407  2531 10191 D OPCollectLog: HwForegroundAppAction:FG executeWithArgs
05-16 01:34:06.407  2531 10191 I OPCollectLog: OPCollectUtils:ODMF Api Version:2.16.3
05-16 01:34:06.407  2451  2748 I OllieMsgCenter: publishEvt=2130771985
05-16 01:34:06.407  2531 10191 I OPCollectLog: Action:HwForegroundAppAction executed successfully
05-16 01:34:06.407  9635 25914 I CAWARENESS_AppUsageManager: Repeat info, don't need publish
05-16 01:34:06.407  2531 10191 D OPCollectLog: OdmfCollectScheduler:handleMessage msg: 4
05-16 01:34:06.407  2531 10191 I OPCollectLog: OdmfHelper:opcollectCache 1
05-16 01:34:06.407  2531 10191 I OPCollectLog: OdmfHelper:opcollectCache curTime: 1838704255, interval: 11216
05-16 01:34:06.408  2451  2748 D ForegroundDataOpt: is APK changed:false uid:10065 mBgLimitLevel:0
05-16 01:34:06.410  1834  1858 W         : Failed to UpdateQosForCgroupInner, tid=0, policy=10
05-16 01:34:06.411  1834  2984 V ActivityTaskManager: Activity idle: Token{64f768f ActivityRecord{e34f1f0 u0 com.huawei.android.launcher/.unihome.UniHomeLauncher t1}}
05-16 01:34:06.410  1834  1858 W         : Failed to UpdateQosForCgroupInner, tid=0, policy=10
05-16 01:34:06.411  2531 10191 I OPCollectLog: OdmfHelper:isCharging: true
05-16 01:34:06.412   743   779 I libPowerHal: [PD] scn:8 hint:LAUNCH
05-16 01:34:06.413  1834  1858 I WindowManager: handle SET_LAUNCHER_VISIBLE_IN_FINGER_BOOST visible:true handle:trueuserId:0, currentUserId:0
05-16 01:34:06.413  1834  1858 D WindowManager: setLauncherVisibleInFingerBoost record=ActivityRecord{e34f1f0 u0 com.huawei.android.launcher/.unihome.UniHomeLauncher t1}
05-16 01:34:06.413  2531 10191 I OPCollectLog: OdmfHelper:insert database success 
05-16 01:34:06.413  2531 10191 I OPCollectLog: OdmfHelper:opcollectCache size: 1
05-16 01:34:06.413  1834  1858 I WindowManager: setLauncherVisible setAlpha to 1.0
05-16 01:34:06.413  2531 10191 I OPCollectLog: OdmfHelper:opcollectCache lastTime: 1838704261
05-16 01:34:06.413  1834  1886 I PowerManagerService: handleSandman: wakefulness: 1,startDreaming: false
05-16 01:34:06.413   743   779 I libPowerHal: LAUNCH: cpu_ctrl set cpu freq: -1 -1 -1 -1
05-16 01:34:06.413   743   779 I libPowerHal: [PD] LAUNCH update cmd:1000000, param:1
05-16 01:34:06.414   743   779 I libPowerHal: [PD] LAUNCH update cmd:1408300 param:0
05-16 01:34:06.414  1834  1858 D WindowManager: setLauncherVisible wallpaperScale=false
05-16 01:34:06.415  1834  2407 W AwareLog: SysLoadManager: check status do nothing
05-16 01:34:06.416  6831  7060 I HiDecision: OdmfCollectScheduler: OdmfCtrlMsgHandler receive msg type: 6
05-16 01:34:06.417   719   719 E DE H =DE: setAmoled:522: can not support this mode: MODE_AMOLED!
05-16 01:34:06.418   530   530 I hwservicemanager: getTransport: Cannot find entry vendor.huawei.hardware.graphics.hwcinterface@1.1::IHwcInterface/default in either framework or device manifest.
05-16 01:34:06.418   704 17882 W hwcomposer: [HWCTURBOMANAGER] init: IHwcInterface::tryGetService failed!  
05-16 01:34:06.420   731   731 D lights  : write_int open fd=6
05-16 01:34:06.423  1094  1176 D AAL     : onBacklightChanged: 261/1023 -> 272/1023(phy:544/4095)
05-16 01:34:06.423  1094  1176 D AAL     : LABC: LABC after setTarget isSmoothBacklight=0 
05-16 01:34:06.432   719   719 E DE H =DE: setAmoled:522: can not support this mode: MODE_AMOLED!
05-16 01:34:06.432   731   731 D lights  : write_int open fd=6
05-16 01:34:06.434   530   530 I hwservicemanager: getTransport: Cannot find entry vendor.huawei.hardware.graphics.hwcinterface@1.1::IHwcInterface/default in either framework or device manifest.
05-16 01:34:06.434   704 17882 W hwcomposer: [HWCTURBOMANAGER] init: IHwcInterface::tryGetService failed!  
05-16 01:34:06.436  1105  1303 E Parcel  : Reading a NULL string not supported here.
05-16 01:34:06.436  1105  1303 I chatty  : uid=0(root) smart_parser identical 1 line
05-16 01:34:06.436  1105  1303 E Parcel  : Reading a NULL string not supported here.
05-16 01:34:06.440  1094  1176 D AAL     : onBacklightChanged: 272/1023 -> 283/1023(phy:566/4095)
05-16 01:34:06.440  1094  1176 D AAL     : LABC: LABC after setTarget isSmoothBacklight=0 
05-16 01:34:06.448  1834  1859 I WindowManager: Animation done in AppWindowToken{78f3d1c token=Token{64f768f ActivityRecord{e34f1f0 u0 com.huawei.android.launcher/.unihome.UniHomeLauncher t1}}} isHidden:false hiddenRequested:false
05-16 01:34:06.448  1834  1859 I WindowManager: Animation done in AppWindowToken{4a0e957 token=Token{80592d6 ActivityRecord{1a99e98 u0 com.mars.infra.trace/com.mars.infra.fusion.MainActivity t311}}} mIsExiting= isHidden:true hiddenRequested:true
05-16 01:34:06.448  1834  1859 I WindowManager: Exit animation finished in Window{a39ac4f u0 Splash Screen com.mars.infra.trace EXITING}: remove=true
05-16 01:34:06.448  1834  1859 E WindowManager: win=Window{a39ac4f u0 Splash Screen com.mars.infra.trace EXITING} destroySurfaces: appStopped=false win.mWindowRemovalAllowed=true win.mRemoveOnExit=true
05-16 01:34:06.449   719   719 E DE H =DE: setAmoled:522: can not support this mode: MODE_AMOLED!
05-16 01:34:06.449   731   731 D lights  : write_int open fd=6
05-16 01:34:06.449  1834  1859 I WindowManager: postWindowRemoveCleanupLocked: Window{a39ac4f u0 Splash Screen com.mars.infra.trace}
05-16 01:34:06.449  1834  1859 I WindowManager: Removing Window{a39ac4f u0 Splash Screen com.mars.infra.trace} from AppWindowToken{4a0e957 token=Token{80592d6 ActivityRecord{1a99e98 u0 com.mars.infra.trace/com.mars.infra.fusion.MainActivity t311}}} mIsExiting=
05-16 01:34:06.450   530   530 I hwservicemanager: getTransport: Cannot find entry vendor.huawei.hardware.graphics.hwcinterface@1.1::IHwcInterface/default in either framework or device manifest.
05-16 01:34:06.450   704 17882 W hwcomposer: [HWCTURBOMANAGER] init: IHwcInterface::tryGetService failed!  
05-16 01:34:06.452  1834  1859 V WindowManager: commitVisibility: AppWindowToken{4a0e957 token=Token{80592d6 ActivityRecord{1a99e98 u0 com.mars.infra.trace/com.mars.infra.fusion.MainActivity t311}}} mIsExiting=: hidden=true hiddenRequested=true
05-16 01:34:06.452  1834  1859 I WindowManager: Animation done in AppWindowToken{4a0e957 token=Token{80592d6 ActivityRecord{1a99e98 u0 com.mars.infra.trace/com.mars.infra.fusion.MainActivity t311}}} mIsExiting= isHidden:true hiddenRequested:true
05-16 01:34:06.452  1834  1859 W WindowManager: Failed to take screenshot. No visible windows for {taskId=311 appTokens=[AppWindowToken{4a0e957 token=Token{80592d6 ActivityRecord{1a99e98 u0 com.mars.infra.trace/com.mars.infra.fusion.MainActivity t311}}} mIsExiting=] mdr=false}
05-16 01:34:06.453  1834  1859 V WindowManager: removeAppToken: AppWindowToken{4a0e957 token=Token{80592d6 ActivityRecord{1a99e98 u0 com.mars.infra.trace/com.mars.infra.fusion.MainActivity t311}}} mIsExiting= delayed=false Callers=com.android.server.wm.AppWindowToken.removeImmediately:1193 com.android.server.wm.WindowContainer.removeImmediately:370 com.android.server.wm.Task.removeImmediately:277 com.android.server.wm.WindowContainer.removeImmediately:370 com.android.server.wm.TaskStack.removeImmediately:1063 com.android.server.wm.TaskStack.checkCompleteDeferredRemoval:2060 com.android.server.wm.WindowContainer.checkCompleteDeferredRemoval:743 com.android.server.wm.WindowContainer.checkCompleteDeferredRemoval:743 com.android.server.wm.DisplayContent.checkCompleteDeferredRemoval:3287 
05-16 01:34:06.453  1834  1859 I WindowManager: removeWindowToken: displayid:0 binder:Token{80592d6 ActivityRecord{1a99e98 u0 com.mars.infra.trace/com.mars.infra.fusion.MainActivity t-1 f}} token:null
05-16 01:34:06.456  1094  1176 D AAL     : onBacklightChanged: 283/1023 -> 294/1023(phy:588/4095)
05-16 01:34:06.456  1094  1176 D AAL     : LABC: LABC after setTarget isSmoothBacklight=0 
05-16 01:34:06.458  2686  3030 I HwLauncher: LocalTaskList loadTasksInBackground:0 numTasks:3 currentUserId:0
05-16 01:34:06.465   719   719 E DE H =DE: setAmoled:522: can not support this mode: MODE_AMOLED!
05-16 01:34:06.466   731   731 D lights  : write_int open fd=6
05-16 01:34:06.467   530   530 I hwservicemanager: getTransport: Cannot find entry vendor.huawei.hardware.graphics.hwcinterface@1.1::IHwcInterface/default in either framework or device manifest.
05-16 01:34:06.467   704 17882 W hwcomposer: [HWCTURBOMANAGER] init: IHwcInterface::tryGetService failed!  
05-16 01:34:06.472  1105  1305 I HiView  : Begin report 901001004
05-16 01:34:06.472  1105  1305 I HiEvent : Flatten done: 901001004
05-16 01:34:06.473  1094  1176 D AAL     : onBacklightChanged: 294/1023 -> 305/1023(phy:610/4095)
05-16 01:34:06.473  1094  1176 D AAL     : LABC: LABC after setTarget isSmoothBacklight=0 
05-16 01:34:06.473  1094  1176 D AAL     : 05-16 01:34:06.407 BL= 261,ESS= 256, 05-16 01:34:06.423 BL= 272,ESS= 256, 05-16 01:34:06.440 BL= 283,ESS= 256, 05-16 01:34:06.456 BL= 294,ESS= 256, 05-16 01:34:06.473 BL= 305,ESS= 256, 
05-16 01:34:06.482   719   719 E DE H =DE: setAmoled:522: can not support this mode: MODE_AMOLED!
05-16 01:34:06.482   731   731 D lights  : write_int open fd=6
05-16 01:34:06.489  1094  1176 D AAL     : onBacklightChanged: 305/1023 -> 316/1023(phy:632/4095)
05-16 01:34:06.489  1094  1176 D AAL     : LABC: LABC after setTarget isSmoothBacklight=0 
05-16 01:34:06.498   719   719 E DE H =DE: setAmoled:522: can not support this mode: MODE_AMOLED!
05-16 01:34:06.499   731   731 D lights  : write_int open fd=6
05-16 01:34:06.500  2648  3523 I ScenarioService: refresh visibleApp:[com.huawei.android.launcher]
05-16 01:34:06.500  2648  3523 I PGServer: report state:14 event type:1 pid:-1 uid:-1 pkg:com.huawei.android.launcher to pid: 2648
05-16 01:34:06.500  2648  3523 I ApsAppsTypeHandler: APS: APK: ApsAppsTypeHandler.getInstance, sInstance = com.huawei.android.hwaps.o@72c8c2b
05-16 01:34:06.500  2648  3523 I ApsAccKitAdapter: APS: APK: ApsAccKitAdapter: not setNotifyInfo
05-16 01:34:06.500   982 11845 I AGPService: aps-info: focus pkgName - com.huawei.android.launcher, with 0 more apps
05-16 01:34:06.500   982 11845 I AGPService: FrameRateManager: aps-info: new pkgName - com.huawei.android.launcher, type - 28
05-16 01:34:06.500  2648  3658 I PG_ash  : com.mars.infra.trace become invisible
05-16 01:34:06.501   982 11845 I AGPService: GpuPolicyManager: m_currentPkgName - com.huawei.android.launcher
05-16 01:34:06.506  1094  1176 D AAL     : onBacklightChanged: 316/1023 -> 327/1023(phy:654/4095)
05-16 01:34:06.506  1094  1176 D AAL     : LABC: LABC after setTarget isSmoothBacklight=0 
05-16 01:34:06.515   719   719 E DE H =DE: setAmoled:522: can not support this mode: MODE_AMOLED!
05-16 01:34:06.515   731   731 D lights  : write_int open fd=6
05-16 01:34:06.522  1094  1176 D AAL     : onBacklightChanged: 327/1023 -> 337/1023(phy:674/4095)
05-16 01:34:06.522  1094  1176 D AAL     : LABC: LABC after setTarget isSmoothBacklight=0 
05-16 01:34:06.453  1834  1859 I WindowManager: removeWindowToken: displayid:0 binder:Token{80592d6 ActivityRecord{1a99e98 u0 com.mars.infra.trace/com.mars.infra.fusion.MainActivity t-1 f}} token:null
05-16 01:34:06.531  1834  1886 I DisplayPowerController: mPowerState.mScreenChangedReason: 65539 mPendingRequestLocked.mScreenChangeReason 65539
05-16 01:34:06.531  1834  1886 I DisplayPowerController: Animating brightness: target=46, rate=60,brightnessTargetReal=46,AutoBrightness=true
05-16 01:34:06.532   731   731 D lights  : write_int open fd=6
05-16 01:34:06.532   719   719 E DE H =DE: setAmoled:522: can not support this mode: MODE_AMOLED!
05-16 01:34:06.533  1834  1886 D FpDataCollector: case xxx, not a fingerprint unlock 
05-16 01:34:06.539  1094  1176 D AAL     : onBacklightChanged: 337/1023 -> 348/1023(phy:696/4095)
05-16 01:34:06.539  1094  1176 D AAL     : LABC: LABC after setTarget isSmoothBacklight=0 
05-16 01:34:06.555  1094  1176 D AAL     : 05-16 01:34:06.490 BL= 316,ESS= 256, 05-16 01:34:06.506 BL= 327,ESS= 256, 05-16 01:34:06.523 BL= 337,ESS= 256, 05-16 01:34:06.539 BL= 348,ESS= 256, 
05-16 01:34:06.579   743   779 I libPowerHal: [PD] scn:61 hdl:12 user:iawareperf@1.0- pid:728 tid:1000
05-16 01:34:06.580   743   779 I libPowerHal: iawareperf@1.0-: hard user limit set cpu freq: 1750000 -1 1993000 -1
05-16 01:34:06.594   743   779 I libPowerHal: [PD] scn:62 hdl:13 user:iawareperf@1.0- pid:728 tid:1000
05-16 01:34:06.595   675 26102 I netd    : trafficSwapActiveStatsMap() <0.26ms>
05-16 01:34:06.592   994   994 W BatteryHandler: type=1400 audit(0.0:221275): avc: denied { read } for pid=994 name="temp" dev="sysfs" ino=41501 scontext=u:r:dubaid:s0 tcontext=u:object_r:sysfs_pg:s0 tclass=lnk_file permissive=0
05-16 01:34:06.592   994   994 W BatteryHandler: type=1400 audit(0.0:221276): avc: denied { read } for pid=994 name="temp" dev="sysfs" ino=41501 scontext=u:r:dubaid:s0 tcontext=u:object_r:sysfs_pg:s0 tclass=lnk_file permissive=0
05-16 01:34:06.597   675 26102 I netd    : trafficSwapActiveStatsMap() <0.15ms>
05-16 01:34:06.663   833   833 E afehal  : Write FW command: A0 03 02
05-16 01:34:06.678   833   833 I aptouch_daemon: check_idle_status, idle in. 100
05-16 01:34:06.710   675 26102 I netd    : trafficSwapActiveStatsMap() <0.20ms>
05-16 01:34:06.723  1834  2066 I WificondControl: Noise: 0, Snr: 0, Chload: 0, rssi: -79, txBitrate: 26, rxBitrate: 2, frequency: 2452, UlDelay: 0, currentTxBytes: 444345211, currentTxPackets: 4538421, currentTxFailed: 0, currentRxBytes: 312935669, currentRxPackets: 7055228
05-16 01:34:06.727  1834  2164 D HuaweiWifiWatchdogStateMachine: nothing to do
05-16 01:34:06.727  1834  2065 I WiFi_PRO: MSG_RETURN_AP_CURRY_RSSI rssi = -79
05-16 01:34:06.727  1834  2065 I QosMonitor: queryRtt: rttType = 3
05-16 01:34:06.727  1834  2164 I HuaweiWifiWatchdogStateMachine: POta txb txg rxg:0, 3, 0. Lr =0% Totpkt=3
05-16 01:34:06.727  1834  2166 I HwDualBandManager: handle2gApStrongWifiRssiChange
05-16 01:34:06.727  1834  2065 I HwWifiProServiceProxy: ctrlHwWifiNetwork pkgName: WIFIPRO_SERVICE interfaceId: 8
05-16 01:34:06.728  1834  2065 I QosMonitor: postEventFromNative: msg=100,arg1=4,arg2=10
05-16 01:34:06.728  1834  2065 I HwWifiProServiceProxy: ctrlHwWifiNetwork pkgName: WIFIPRO_SERVICE interfaceId: 8
05-16 01:34:06.728  1834  2065 I QosMonitor: postEventFromNative: msg=100,arg1=0,arg2=10
05-16 01:34:06.728  1834  2065 I MQoS    : rtt=480,tcpTxPkts=4207827,tcpRxPkts=6329509
05-16 01:34:06.728  1834 11540 D HwConnectivityServiceEx: set 1000 wlan0 value false
05-16 01:34:06.728  1834 11540 I MQoS    : QOS_level:0(0),DataDisable;use level-0
05-16 01:34:06.728  1834 11540 I MQoS    : skip-low-Level:0(0),DataDisable;use level-0
05-16 01:34:06.729  1834  2164 I HuaweiWifiWatchdogStateMachine: PTcp RTT:0, rtt pkt=0, tcp_rx=0, tcp_tx=4, tcp_reTran=0, rtRate=0
05-16 01:34:06.729  1834  2164 I HuaweiWifiWatchdogStateMachine: rssi bad, mrssi=-77 < TargetRssi=-72
05-16 01:34:06.730  1834  2164 I HuaweiWifiWatchdogStateMachine: detectNetworkAvailable: mNetworkDisableCount = 2
05-16 01:34:06.730  1834  2164 I HuaweiWifiWatchdogStateMachine: maybe no internet REQUEST_WIFI_INET_CHECK.
05-16 01:34:06.730  1834  2164 D HuaweiWifiWatchdogStateMachine: nothing to do.
05-16 01:34:06.730  1834  2164 I HuaweiWifiWatchdogStateMachine: sendResultMsgToQM bssid:d4:ee:**:**:b7:e8, qoslevel=-104
05-16 01:34:06.730  1834  2065 I WiFi_PRO_WifiProStateMachine: onNetworkQosChange, currentWifiLevel == -104, wifiNoInternet = false, updateUiOnly = true
05-16 01:34:06.730  1834  2163 I WiFi_PRO_WifiProStateMachine: isSwitching = false, isDialogDisplayed = false, isAllowWiFiHandoverMobile = true, level = -104
05-16 01:34:06.730  1834  2163 I WiFi_PRO_WifiProStateMachine: WiFiLinkMonitorState receive wifi Qos currWifiPoorlevel = -104, dialog = false, updateSettings = false
05-16 01:34:06.730  1834  2163 I WiFi_PRO_WifiProStateMachine: REQUEST_POOR_RSSI_INET_CHECK, no HTTP GET, wait APPs to report poor link.
05-16 01:34:06.774   982 11845 I AGPService: aps-info: focus pkgName - com.mars.infra.trace, with 0 more apps
05-16 01:34:06.774   982 11845 E AGPService: FrameRateManager: iaware strange app type: -1
05-16 01:34:06.774   982 11845 I AGPService: FrameRateManager: aps-info: new pkgName - com.mars.infra.trace, type - -1
05-16 01:34:06.775   982 11845 I AGPService: GpuPolicyManager: m_currentPkgName - com.mars.infra.trace
05-16 01:34:06.876   690   690 D AudioALSAHardware: -getParameters()
05-16 01:34:06.877  1834  2094 I HwAudioServiceEx: HwAudioHandlerEx receive unknown msg
05-16 01:34:06.895  2451  2748 I SpeedTestNotifier: is low speed scene
05-16 01:34:06.904  8500 28088 I NetworkKit_CountryCodeBean: pool-5-thread-528|null|com.huawei.hms.framework.network.grs.local.model.CountryCodeBean|init|2|countryCode by ro.hw.country is: cn
05-16 01:34:06.905  8500 28088 I NetworkKit_CountryCodeBean: pool-5-thread-528|null|com.huawei.hms.framework.network.grs.local.model.CountryCodeBean|<init>|9|get issue_country code from VENDOR_COUNTRY
05-16 01:34:06.911  8500 28046 I HwMSDPMovementManager: getCurrentMovement type 0
05-16 01:34:06.911  8500 28046 E HwMSDPMovementManager: mService is null.
05-16 01:34:06.922   994  2015 D dubaid  : [CpuAppStats.cpp] FindUidEntry# Uid(10357) has not package, maybe it's already uninstalled
05-16 01:34:06.922   994  2015 E dubaid  : [CpuAppStats.cpp] UpdateUidCpuTime# Failed to find uid entry
05-16 01:34:06.927   994  1230 D dubaid  : [BufferedLogServer.cpp] ReceiveMessage# Received buffered log from dubai_driver-0
05-16 01:34:06.928   994  1230 D dubaid  : [BufferedLogServer.cpp] ReceiveMessage# Received buffered log from dubai_driver-0
05-16 01:34:06.941  1834  2065 I TrafficMonitor: update:rxPkts:0,txPkts:1,rxBytes:0,txBytes:40
05-16 01:34:06.941  1834  2065 I TrafficMonitor: gettimer:interval=2000
05-16 01:34:07.145  9327  9838 I ContentSensor_PackageUtil: pkgName : com.huawei.android.launcher
05-16 01:34:07.195  1834  2066 E WifiVendorHal: getWifiLinkLayerStats_1_3_Internal(l.957) failed {.code = ERROR_NOT_SUPPORTED, .description = }
05-16 01:34:07.203  1834  2066 I WificondControl: Noise: 0, Snr: 0, Chload: 0, rssi: -79, txBitrate: 26, rxBitrate: 2, frequency: 2452, UlDelay: 0, currentTxBytes: 444345307, currentTxPackets: 4538423, currentTxFailed: 0, currentRxBytes: 312935753, currentRxPackets: 7055230
05-16 01:34:07.205  1834  2066 V HwWifiServiceFactory: get AllImpl object = com.android.server.wifi.HwWifiServiceFactoryImpl@5f30e40
05-16 01:34:07.225   704   786 I hwcomposer: [HWCDisplay] [Display_0 (type:1)] fps:25.928692,dur:1157.02,max:677.82,min:13.83  
05-16 01:34:07.402  9327  9838 I ContentSensor_PackageUtil: pkgName : com.huawei.android.launcher
05-16 01:34:07.624  1064  8783 I Pged-IPgedBinderService: ****action is 2, pid num is 3***
05-16 01:34:07.624  1064  8783 I Pged-Freezer: thawPids
05-16 01:34:07.625  2648  3653 D PgedBinderAdapter: unF_Z ok, pid: [23410, 2282]
05-16 01:34:07.914  1834  2563 V ActivityManager: Successfully start provider ContentProviderRecord{c52873f u0 com.huawei.android.totemweather/.provider.SharedPreferenceProvider} launchingApp=null caller pid= 2686
05-16 01:34:07.938  1834  2065 I TrafficMonitor: expired arrive. level:-1
05-16 01:34:07.938  1834  2065 I TrafficMonitor: during_ms:2001,period_ms:2000
05-16 01:34:07.938  1834  2065 I TrafficMonitor: count:117,rx_sum:0,tx_sum:1,rxBytes:0,during_ms:2001,rx_speed:0.0,tx_speed:19.990004997501252,rto:0.0
05-16 01:34:07.938  1834  2065 I HuaweiWifiWatchdogStateMachine: Get speed information rx_speed = 0 ,tx_speed = 19 ,isSpeedOk = false ,mBestSpeedInPeriod = 0
05-16 01:34:08.112  1040  1040 E Thermal-daemon:hw_thermal: [mtk 4G pa] tempNew :28  tempOld :27
05-16 01:34:08.113  1040  1040 E Thermal-daemon:hw_thermal: Report temperature: [mtk 4G pa] temp :28  reportThreshold:1
