05-16 01:43:03.248  1834  2166 I HwDualBandManager: handle2gApStrongWifiRssiChange
05-16 01:43:03.249  1834  2065 I QosMonitor: postEventFromNative: msg=100,arg1=4,arg2=10
05-16 01:43:03.250  1834  2065 I HwWifiProServiceProxy: ctrlHwWifiNetwork pkgName: WIFIPRO_SERVICE interfaceId: 8
05-16 01:43:03.250  1834  2065 I QosMonitor: postEventFromNative: msg=100,arg1=0,arg2=10
05-16 01:43:03.250  1834  2065 D HuaweiWifiWatchdogStateMachine: nothing to do
05-16 01:43:03.251  1834  2065 I MQoS    : rtt=304,tcpTxPkts=4208015,tcpRxPkts=6329614
05-16 01:43:03.251  1834  2164 I HuaweiWifiWatchdogStateMachine: PTcp RTT:304, rtt pkt=4, tcp_rx=7, tcp_tx=9, tcp_reTran=0, rtRate=0
05-16 01:43:03.251  1834  2065 I QosMonitor: resetRtt: rttType = 3
05-16 01:43:03.251  1834  2164 I HuaweiWifiWatchdogStateMachine: rssi bad, mrssi=-82 < TargetRssi=-72
05-16 01:43:03.251  1834  2065 I HwWifiProServiceProxy: ctrlHwWifiNetwork pkgName: WIFIPRO_SERVICE interfaceId: 8
05-16 01:43:03.251  1834  2164 I HuaweiWifiWatchdogStateMachine: start computeQosLevel tcpRtt = 304 ,rssi = -82 ,mBestSpeedInPeriod = 0
05-16 01:43:03.251  1834  2164 I HuaweiWifiWatchdogStateMachine: smoothConsecutiveQosResults, currentQosLevel = 2
05-16 01:43:03.252  1834 11540 D HwConnectivityServiceEx: set 1000 wlan0 value false
05-16 01:43:03.252  1834 11540 I MQoS    : QOS_level:0(0),DataDisable;use level-0
05-16 01:43:03.252  1834 11540 I MQoS    : skip-low-Level:0(0),DataDisable;use level-0
05-16 01:43:03.299  1040  1040 E Thermal-daemon:hw_thermal: [mtk 4G pa] tempNew :27  tempOld :28
05-16 01:43:03.301  1040  1040 E Thermal-daemon:hw_thermal: Report temperature: [mtk 4G pa] temp :27  reportThreshold:1
05-16 01:43:03.336  1065  1065 I thermal_repeater: [recvMdThermalInfo] ret=35, strLen=127,  0, 32767, -127, 3404, 32767, 10539
05-16 01:43:03.875  1037  1185 I storaged: storaged_t::event: storage_info refreshed.
05-16 01:43:04.377  2589  3074 D DeviceMonitorPowerKit: run, sCountNum is 1
05-16 01:43:04.377  2589  3074 D DeviceMonitorPowerKit: interval is 874738, ElapsedRealtime is 1838367487, isNeedRepeat: false
05-16 01:43:04.377  2589  3074 E DeviceMonitorPowerKit: not Satify ApplyResource
05-16 01:43:04.584  1086  1179 I HfLooper: als lux = 51.000000 , rawdata1 =199.000000., rawdata1 = 11.000000
05-16 01:43:04.804   704  1223 I hwcomposer: [DPY] receive refesh frquest from driver: type[4]  
05-16 01:43:04.804   704  1223 I hwcomposer: [HWC] fire a callback of refresh to SF  
05-16 01:43:04.810   530   530 I hwservicemanager: getTransport: Cannot find entry vendor.huawei.hardware.graphics.hwcinterface@1.1::IHwcInterface/default in either framework or device manifest.
05-16 01:43:04.810   704   786 W hwcomposer: [HWCTURBOMANAGER] init: IHwcInterface::tryGetService failed!  
05-16 01:43:04.826   704   786 I hwcomposer: [HWCDisplay] [Display_0 (type:1)] fps:0.454481,dur:2200.31,max:2200.31,min:2200.31  
05-16 01:43:04.832   530   530 I hwservicemanager: getTransport: Cannot find entry vendor.huawei.hardware.hwsched@1.0::ISched/hwsched in either framework or device manifest.
05-16 01:43:04.833   749  1219 E SurfaceFlingerEx: notifyRealVsyncPeriod could not find AISched service
05-16 01:43:04.904  1834  2065 I TrafficMonitor: update:rxPkts:1,txPkts:0,rxBytes:76,txBytes:0
05-16 01:43:04.904  1834  2065 I TrafficMonitor: gettimer:interval=2000
05-16 01:43:04.915   530   530 I hwservicemanager: getTransport: Cannot find entry vendor.huawei.hardware.hwsched@1.0::ISched/hwsched in either framework or device manifest.
05-16 01:43:04.916   749  1219 E SurfaceFlingerEx: notifyRealVsyncPeriod could not find AISched service
05-16 01:43:05.220 23396 23404 E bms_file: file /sys/class/hw_power/charger/direct_charger/direct_charge_succ is invalid
05-16 01:43:05.317 23396 23404 I chatty  : uid=1000(system) /vendor/bin/bms_behavior identical 2 lines
05-16 01:43:05.362 23396 23404 E bms_file: file /sys/class/hw_power/charger/direct_charger/direct_charge_succ is invalid
05-16 01:43:05.364 23396 23404 I bms_behavior: monitor interval count 519
05-16 01:43:05.597  1834  2066 E WifiVendorHal: getWifiLinkLayerStats_1_3_Internal(l.957) failed {.code = ERROR_NOT_SUPPORTED, .description = }
05-16 01:43:05.605  1834  2066 I WificondControl: Noise: 0, Snr: 0, Chload: 0, rssi: -79, txBitrate: 26, rxBitrate: 13, frequency: 2452, UlDelay: 0, currentTxBytes: 444381038, currentTxPackets: 4538655, currentTxFailed: 0, currentRxBytes: 313015531, currentRxPackets: 7055493
05-16 01:43:05.609  1834  2066 V HwWifiServiceFactory: get AllImpl object = com.android.server.wifi.HwWifiServiceFactoryImpl@5f30e40
05-16 01:43:05.639   833   833 I aptouch_daemon: check_idle_status, idle out.
05-16 01:43:05.642   833   833 I aptouch_daemon: print_log, touch:1, down:1 (+0)
05-16 01:43:05.642   530   530 I hwservicemanager: getTransport: Cannot find entry vendor.huawei.hardware.hwsched@1.0::ISched/hwsched in either framework or device manifest.
05-16 01:43:05.643   749  1219 E SurfaceFlingerEx: notifyRealVsyncPeriod could not find AISched service
05-16 01:43:05.643  1834  2037 D fingersense_manager: Calling fingersense_classify_touch()
05-16 01:43:05.643  1834  1888 I osfingersense: Acc read ok
05-16 01:43:05.643  1834  1888 I osfingersense: osf: wait tp event in
05-16 01:43:05.643  1834  2037 I osfingersense: fingersense_classify_touch: entrance, v2.5 with 1.0 bin
05-16 01:43:05.643  1834  2037 I osfingersense: touch down-id: 0
05-16 01:43:05.643  1834  2037 I osfingersense: fingersense_classify_touch: M F: 180.441849
05-16 01:43:05.643  1834  2037 I osfingersense: fingersense_classify_touch: P M F: 126.575348
05-16 01:43:05.643  1834  2037 I osfingersense: fingersense_classify_touch: P: 368.000000
05-16 01:43:05.643  1834  2037 I osfingersense: fingersense_classify_touch: N A: 0.309278
05-16 01:43:05.643  1834  2037 I osfingersense: fingersense_classify_touch: N S: 0.088501
05-16 01:43:05.643  1834  2037 I osfingersense: fingersense_classify_touch: M U: 8056.875000
05-16 01:43:05.644  1834  2037 I osfingersense: fingersense_classify_touch: G: 45.000000
05-16 01:43:05.644  1834  2037 I osfingersense: fingersense_classify_touch: B--N--A
05-16 01:43:05.644  1834  2037 I osfingersense: fingersense_classify_touch: B--N--S
05-16 01:43:05.644  1834  2037 I osfingersense: fingersense_classify_touch acc model off
05-16 01:43:05.644  1834  2037 I osfingersense: fingersense_classify_touch: Part IV
05-16 01:43:05.644  1834  2037 I osfingersense: Part IV B
05-16 01:43:05.644  1834  2037 I osfingersense: fingersense_classify_touch: inference = 0
05-16 01:43:05.644  1834  2037 D fingersense_manager: fingersense_classify_touch() finished
05-16 01:43:05.645  1834  2037 I HwFingersSnapshooter: handleMotionEvent first finger(0) touch down at (614.0,1899.0)
05-16 01:43:05.646  1834  2036 I InputDispatcher: stylus touch down, set lcd event 1
05-16 01:43:05.647  1834  2036 I chatty  : uid=1000(system) InputDispatcher identical 2 lines
05-16 01:43:05.647  1834  2036 I InputDispatcher: stylus touch down, set lcd event 1
05-16 01:43:05.648  2686  2686 I RMS.HwSysResManager: preloadAppForLauncher packageName com.mars.infra.trace preloadType 101
05-16 01:43:05.650  1834  2030 I BigFontUtils: adjustAppProcessConfiguration appInfo:com.mars.infra.trace
05-16 01:43:05.649  1834  1856 I HWRME LIBHWRME_CLIENT: ResMngMmEvent interface arg 1, 10065
05-16 01:43:05.651  1834  1856 I NavigationBarPolicy: pointY:1899.0realSize.y:2400HIT_REGION_TO_MAX:33
05-16 01:43:05.652  1834  1886 I DisplayPowerController: mPowerState.mScreenChangedReason: 65539 mPendingRequestLocked.mScreenChangeReason 65539
05-16 01:43:05.655  1834  1886 I DisplayPowerController: Animating brightness: target=46, rate=180,brightnessTargetReal=46,AutoBrightness=true
05-16 01:43:05.658   530   530 I hwservicemanager: getTransport: Cannot find entry vendor.huawei.hardware.graphics.hwcinterface@1.1::IHwcInterface/default in either framework or device manifest.
05-16 01:43:05.658   704 17882 W hwcomposer: [HWCTURBOMANAGER] init: IHwcInterface::tryGetService failed!  
05-16 01:43:05.659   743   779 I libPowerHal: [PE] scn:64 hdl:15 user:iawareperf@1.0- pid:728 tid:1000
05-16 01:43:05.660  1834  1886 V DisplayPowerController: Brightness [46] reason changing to: 'automatic', previous reason: 'automatic [ dim ]'.
05-16 01:43:05.661   743   779 I libPowerHal: iawareperf@1.0-: hard user limit set cpu freq: 1650000 -1 1837000 -1
05-16 01:43:05.661   743   779 I libPowerHal: [PE] iawareperf@1.0- update cmd:1400100, param:100
05-16 01:43:05.662  1834  1886 I PowerManagerService: handleSandman: wakefulness: 1,startDreaming: false
05-16 01:43:05.663   994  2016 I dubaid  : [DisplayPanel.cpp] HandleBrightnessNitChanged# Display brightness:46 reason:AUTO nit:102
05-16 01:43:05.663   743   779 I libPowerHal: [PE] iawareperf@1.0- update cmd:1400300, param:100
05-16 01:43:05.663   743   779 I libPowerHal: [PE] iawareperf@1.0- update cmd:1000000, param:3
05-16 01:43:05.664   743   779 I libPowerHal: [PE] scn:57 hdl:8 user:iawareperf@1.0- pid:728 tid:1000
05-16 01:43:05.665  1834  1886 I HwNormalizedRampAnimator: hbm_dimming target=1803 rate=180 duration=0.5
05-16 01:43:05.666   746 15352 D AudioPolicyService: getUidState(10360) !cacheIter->second.first, return PROCESS_STATE_UNKNOWN
05-16 01:43:05.666   746 15352 D AudioPolicyService: getUidState(10360) !cacheIter->second.first, return PROCESS_STATE_UNKNOWN
05-16 01:43:05.668   719   719 E DE H =DE: setAmoled:522: can not support this mode: MODE_AMOLED!
05-16 01:43:05.668   731   731 D lights  : write_int open fd=6
05-16 01:43:05.674  1094  1176 D AAL     : onBacklightChanged: 24/1023 -> 32/1023(phy:64/4095)
05-16 01:43:05.674  1094  1176 D AAL     : LABC: LABC after setTarget isSmoothBacklight=0 
05-16 01:43:05.678   676   676 D Zygote  : Forked child process 29199
05-16 01:43:05.680  1834  1876 I ActivityManager: Start proc 29199:com.mars.infra.trace/u0a360 for start application com.mars.infra.trace
05-16 01:43:05.684   719   719 E DE H =DE: setAmoled:522: can not support this mode: MODE_AMOLED!
05-16 01:43:05.684   731   731 D lights  : write_int open fd=6
05-16 01:43:05.685 29199 29199 I ars.infra.trac: Late-enabling -Xcheck:jni
05-16 01:43:05.690  1094  1176 D AAL     : onBacklightChanged: 32/1023 -> 43/1023(phy:86/4095)
05-16 01:43:05.690  1094  1176 D AAL     : LABC: LABC after setTarget isSmoothBacklight=0 
05-16 01:43:05.699   719   719 E DE H =DE: setAmoled:522: can not support this mode: MODE_AMOLED!
05-16 01:43:05.700   731   731 D lights  : write_int open fd=6
05-16 01:43:05.705   833   833 I aptouch_daemon: print_log, touch:0, down:0 
05-16 01:43:05.706  1834  2037 I HwFingersSnapshooter: handleMotionEvent last finger(0) up.
05-16 01:43:05.706  1834  2036 I InputDispatcher: stylus touch up, set lcd event 0
05-16 01:43:05.706 29199 29199 E libc    : Access denied finding property "persist.device_config.runtime_native.use_app_image_startup_cache"
05-16 01:43:05.706 29199 29199 E ars.infra.trac: LoadAppImageStartupCache enabled : 1
05-16 01:43:05.706 29199 29199 E ars.infra.trac: Unknown bits set in runtime_flags: 0x8000
05-16 01:43:05.707  1834  2036 I InputDispatcher: stylus touch up, set lcd event 0
05-16 01:43:05.707  1834  2036 I chatty  : uid=1000(system) InputDispatcher identical 1 line
05-16 01:43:05.707  1834  2036 I InputDispatcher: stylus touch up, set lcd event 0
05-16 01:43:05.704 29199 29199 W ars.infra.trac: type=1400 audit(0.0:221308): avc: denied { read } for pid=29199 name="u:object_r:device_config_runtime_native_prop:s0" dev="tmpfs" ino=16090 scontext=u:r:untrusted_app:s0:c104,c257,c512,c768 tcontext=u:object_r:device_config_runtime_native_prop:s0 tclass=file permissive=0
05-16 01:43:05.707  2686  2686 V AudioManager: querySoundEffectsEnabled...
05-16 01:43:05.708 29199 29199 I ars.infra.trac: Reinit property: dalvik.vm.checkjni= false
05-16 01:43:05.708 29199 29199 I ars.infra.trac: ReInitProperties: persist.vm.debug.dumpapi= false
05-16 01:43:05.707   743   780 I mtkpower@impl: @Deprecated scnDisable hdl:8
05-16 01:43:05.709   743   779 I libPowerHal: [PD] scn:57 hdl:8 user:iawareperf@1.0- pid:728 tid:1000
05-16 01:43:05.709  1094  1176 D AAL     : onBacklightChanged: 43/1023 -> 54/1023(phy:108/4095)
05-16 01:43:05.709  1094  1176 D AAL     : LABC: LABC after setTarget isSmoothBacklight=0 
05-16 01:43:05.710  1834 28333 D BehaviorCollectorService: data is not enough, invalid data
05-16 01:43:05.711   743   779 I libPowerHal: [PE] scn:58 hdl:9 user:iawareperf@1.0- pid:728 tid:1000
05-16 01:43:05.713   743   779 I libPowerHal: [PE] scn:61 hdl:12 user:iawareperf@1.0- pid:728 tid:1000
05-16 01:43:05.713   743   779 I libPowerHal: iawareperf@1.0-: set gpu opp level: 4
05-16 01:43:05.713   743   779 I libPowerHal: iawareperf@1.0-: set gpu opp level max: 0
05-16 01:43:05.714  1834  1985 I HwWindowManagerServiceEx: set app win exit info, bundle = Bundle[mParcelledData.dataSize=532], iconBitmap = android.graphics.Bitmap@78bda18
05-16 01:43:05.714  1834  1985 D HwWindowManagerServiceEx: support landscape open anim : true
05-16 01:43:05.714  1834  1985 I HwWindowManagerServiceEx: setLandAnimationInfo : true
05-16 01:43:05.714  1834  1985 I HwWindowManagerServiceEx: set launch origin and target for: com.mars.infra.trace with delay 3000
05-16 01:43:05.714   743   779 I libPowerHal: iawareperf@1.0-: hard user limit set cpu freq: 1650000 -1 1837000 -1
05-16 01:43:05.714  1834  1985 D HwWindowManagerServiceEx: AnimationTurbo wms set setIconToLayer enter icon
05-16 01:43:05.717   719   719 E DE H =DE: setAmoled:522: can not support this mode: MODE_AMOLED!
05-16 01:43:05.717   731   731 D lights  : write_int open fd=6
05-16 01:43:05.718  1834  1834 I DE J DES: [effect] [MOTION_NOTIFICATION] extra:app_start
05-16 01:43:05.719  2686 29218 I HwLauncher: GestureUtil MOTION_NOTIFICATION app_start sendBroadcast extra= category: app_start
05-16 01:43:05.719 29199 29199 D ActivityThread: Attach thread to application
05-16 01:43:05.720  1834  1985 I ActivityTaskManager: START u0 {act=android.intent.action.MAIN cat=[android.intent.category.LAUNCHER] flg=0x10200000 hwFlg=0x10 cmp=com.mars.infra.trace/com.mars.infra.fusion.MainActivity bnds=[546,1730][798,2037] (has extras)} from uid 10065
05-16 01:43:05.720  1834  1985 I HwActivityTaskManagerServiceEx: developer mode, not limit.
05-16 01:43:05.720  1064  1088 D AwareLog: iawared: pause rcc and gpu compress
05-16 01:43:05.720  1834  1985 I HWRME LIBHWRME_CLIENT: ResMngMmEvent interface arg 0, 10360
05-16 01:43:05.720  1064  1088 W AwareLog: iawared: ChangePropertyContent open /proc/gmc/device0/cancel fail errno(2)!
05-16 01:43:05.721  1834  1985 I ActivityTaskManager: Background activity start: don't abort if calling uid has any visible window or is persistent system process
05-16 01:43:05.722  1834  1985 D HwGameAssistantController: isGameForeground? false
05-16 01:43:05.722  1834  1985 I ActivityTaskManager: ActivityRecord info: ActivityInfo{98f5c71 com.mars.infra.fusion.MainActivity}
05-16 01:43:05.722  1834  1985 D ActivityTaskManager: TaskLaunchParamsModifier:task=null activity=ActivityRecord{9afa56 u0 com.mars.infra.trace/com.mars.infra.fusion.MainActivity t-1} display-from-source=0 display-id=0 display-windowing-mode=1
05-16 01:43:05.723  1834  1985 D ActivityTaskManager: TaskLaunchParamsModifier:task=null activity=ActivityRecord{9afa56 u0 com.mars.infra.trace/com.mars.infra.fusion.MainActivity t-1} display-from-source=0 display-id=0 display-windowing-mode=1 activity-options-fullscreen=Rect(0, 0 - 0, 0) non-freeform-display maximized-bounds
05-16 01:43:05.723   743   779 I libPowerHal: [PE] scn:54 hdl:5 user:iawareperf@1.0- pid:728 tid:1000
05-16 01:43:05.723   743   779 I libPowerHal: iawareperf@1.0-: set gpu opp level max: 0
05-16 01:43:05.723  1834  1985 D ActivityTaskManager: pinned windowing mode is false  pad mirror cast is  false
05-16 01:43:05.723   743   779 I libPowerHal: iawareperf@1.0-: hard user limit set cpu freq: 1750000 -1 1993000 -1
05-16 01:43:05.723   743   779 I libPowerHal: [PE] iawareperf@1.0- update cmd:1000000, param:1
05-16 01:43:05.723  1094  1176 D AAL     : onBacklightChanged: 54/1023 -> 65/1023(phy:130/4095)
05-16 01:43:05.723  1094  1176 D AAL     : LABC: LABC after setTarget isSmoothBacklight=0 
05-16 01:43:05.724   530   530 I hwservicemanager: getTransport: Cannot find entry vendor.huawei.hardware.hwsched@1.0::ISched/hwsched in either framework or device manifest.
05-16 01:43:05.724   749  1219 E SurfaceFlingerEx: notifyRealVsyncPeriod could not find AISched service
05-16 01:43:05.726  1834  1985 V ActivityTaskManager: addChild: attaching stackId=301 to displayId=0 position=1
05-16 01:43:05.726  1834  1985 V ActivityTaskManager: positionChild stackId=301 to top.
05-16 01:43:05.727  1834  1985 D ActivityTaskManager: TaskLaunchParamsModifier:task=TaskRecord{ec6fad7 #313 A=10360:com.mars.infra.trace U=0 StackId=301 sz=0} activity=ActivityRecord{9afa56 u0 com.mars.infra.trace/com.mars.infra.fusion.MainActivity t-1} display-from-task=0 display-id=0 display-windowing-mode=1 activity-options-fullscreen=Rect(0, 0 - 0, 0) non-freeform-display maximized-bounds
05-16 01:43:05.728  1834  1985 V ActivityTaskManager: positionChild stackId=301 to top.
05-16 01:43:05.729   743   779 I libPowerHal: [PE] scn:8 hint:LAUNCH
05-16 01:43:05.729   743   779 I libPowerHal: LAUNCH: cpu_ctrl set cpu freq: 2000000 -1 2000000 -1
05-16 01:43:05.729   743   779 I libPowerHal: [PE] LAUNCH update cmd:1000000, param:0
05-16 01:43:05.729  1834  1985 I WindowManager: addWindowToken: displayid:0 binder:Token{4707fc4 ActivityRecord{9afa56 u0 com.mars.infra.trace/com.mars.infra.fusion.MainActivity t313}} token:AppWindowToken{6c4ead token=Token{4707fc4 ActivityRecord{9afa56 u0 com.mars.infra.trace/com.mars.infra.fusion.MainActivity t313}}}
05-16 01:43:05.729  1064  1088 D AwareLog: iawared: WorkingsetProcessCommand subCmd = 350, userId=10360, pid=29199, com.mars.infra.trace/com.mars.infra.fusion.MainActivity
05-16 01:43:05.730  1064  1088 D AwareLog: iawared: WorkingsetAdjustAppIoPrio SYS_ioprio_get successfully! which=1, class=0, prio=4, pid=29199
05-16 01:43:05.730  1064  1088 D AwareLog: iawared: WorkingsetAdjustAppIoPrio SYS_ioprio_set successfully! which=1, class=1, prio=4, pid=29199
05-16 01:43:05.730  1834  1985 V ActivityTaskManager: addAppToken: AppWindowToken{6c4ead token=Token{4707fc4 ActivityRecord{9afa56 u0 com.mars.infra.trace/com.mars.infra.fusion.MainActivity t313}}} task={taskId=313 appTokens=[] mdr=false} at 2147483647
05-16 01:43:05.730  1064  1088 D AwareLog: iawared: WorkingsetSendPrereadMsg com.mars.infra.trace/com.mars.infra.fusion.MainActivity
05-16 01:43:05.731  1834  1985 I ActivityTaskManager: setAppStartingWindow: token=Token{4707fc4 ActivityRecord{9afa56 u0 com.mars.infra.trace/com.mars.infra.fusion.MainActivity t313}} pkg=com.mars.infra.trace transferFrom=null newTask=true taskSwitch=true processRunning=false allowTaskSnapshot=true activityCreated=false LowRamTaskSnapshots=false
05-16 01:43:05.731  1834  1985 I WindowManager: Get card startingwindow flag: -1
05-16 01:43:05.731  1064  1088 D AwareLog: iawared: WorkingsetStart com.mars.infra.trace/com.mars.infra.fusion.MainActivity in monitor0
05-16 01:43:05.732   743   779 I libPowerHal: [PE] LAUNCH update cmd:1408300, param:100
05-16 01:43:05.732  1834  1868 I HwAudioServiceEx: ComponentInfo : className = com.mars.infra.fusion.MainActivity, flag = showStartingWindow, isHomeActivity = , isTop = false
05-16 01:43:05.732  1834  1868 I HwAudioServiceEx: not onResume or onPause
05-16 01:43:05.733  2648 30920 I PGServer: android calls fast HApps
05-16 01:43:05.734  2648 30920 I AppFastHibernation: fast H duration: 1500 reason: start activity
05-16 01:43:05.734  2451  3311 E DollieActivityManagerAdapter: HwActivityNotifierEx null uid
05-16 01:43:05.734  1064  8783 I Pged-IPgedBinderService: ****action is 1, pid num is 3***
05-16 01:43:05.734  1064  8783 I Pged-Freezer: freezePids
05-16 01:43:05.734  1064  8783 I Pged-Freezer: Freeze process: 23410
05-16 01:43:05.734  1834  1886 I PowerManagerService: handleSandman: wakefulness: 1,startDreaming: false
05-16 01:43:05.735  1064  8783 I Pged-Freezer: Freeze process: 2282
05-16 01:43:05.735  9327 16283 W ContentSensor_FrameworkRegistry: Unknown state is : showStartingWindow
05-16 01:43:05.735  2648  3653 D PgedBinderAdapter: F_Z ok, pid: [23410, 2282]
05-16 01:43:05.736   719   719 E DE H =DE: setAmoled:522: can not support this mode: MODE_AMOLED!
05-16 01:43:05.736  1834  1859 D MouseWheelSynthesizer: mMoveStepInDp: 64, mMoveStepInPixel: 192, mUpTimeDelayed: 100
05-16 01:43:05.736  1834  1859 D ViewRootImpl: ViewRootImpl mIsInProductivePCDisplay: false
05-16 01:43:05.736  1834  1859 I HwPCUtils#HwRioViewManager: check if rio enable, displayId = 0 packageName = com.mars.infra.trace
05-16 01:43:05.738  1834  1859 I WindowManager: addWindow: Window{1f5a665 u0 Splash Screen com.mars.infra.trace} client:android.view.ViewRootImpl$W@71e035c currentDisplayId:0 requestDisplayId:0 token:Token{4707fc4 ActivityRecord{9afa56 u0 com.mars.infra.trace/com.mars.infra.fusion.MainActivity t313}}
05-16 01:43:05.738   731   731 D lights  : write_int open fd=6
05-16 01:43:05.739  1834  1859 D InputEventReceiver: dispatchInputInterval 1000000
05-16 01:43:05.739   743   779 I libPowerHal: [PD] scn:64 hdl:15 user:iawareperf@1.0- pid:728 tid:1000
05-16 01:43:05.740  1094  1176 D AAL     : onBacklightChanged: 65/1023 -> 76/1023(phy:152/4095)
05-16 01:43:05.740  1094  1176 D AAL     : LABC: LABC after setTarget isSmoothBacklight=0 
05-16 01:43:05.740  1094  1176 D AAL     : 05-16 01:43:05.674 BL=  32,ESS= 256, 05-16 01:43:05.690 BL=  43,ESS= 256, 05-16 01:43:05.709 BL=  54,ESS= 256, 05-16 01:43:05.724 BL=  65,ESS= 256, 05-16 01:43:05.740 BL=  76,ESS= 256, 
05-16 01:43:05.741  1834  9349 I HwWindowManagerServiceEx: setLandAnimationInfo : false
05-16 01:43:05.741  1834  9349 I HwWindowManagerServiceEx: reset launch origin and target from non-message!
05-16 01:43:05.741 29199 29217 I HwActivityThreadImpl: mSocketName: bb91e324-7fa9-4790-b797-08bc5398846e
05-16 01:43:05.742 29199 29217 I HwActivityThreadImpl: initPreloadedSocked end mPreloadStatus 2
05-16 01:43:05.744  2686  2686 I HwViewRootImpl: removeInvalidNode all the node in jank list is out of time
05-16 01:43:05.746  1834  1858 V ActivityTaskManager: Activity idle: null
05-16 01:43:05.746  1834  1858 V ActivityTaskManager: Stopping ActivityRecord{e34f1f0 u0 com.huawei.android.launcher/.unihome.UniHomeLauncher t1}: nowVisible=false animating=true finishing=false
05-16 01:43:05.749  1834 29225 I PackageManager: Returning preferred activity: com.huawei.android.launcher/com.huawei.android.launcher.unihome.UniHomeLauncher
05-16 01:43:05.749  1834 29225 I PackageManager: choose best activity: com.huawei.android.launcher, com.huawei.android.launcher.unihome.UniHomeLauncher
05-16 01:43:05.749  1834 29225 D HiTouch_PressGestureDetector: onAttached, package=com.mars.infra.trace, windowType=3, mIsHiTouchRestricted=false
05-16 01:43:05.750   719   719 E DE H =DE: setAmoled:522: can not support this mode: MODE_AMOLED!
05-16 01:43:05.750   731   731 D lights  : write_int open fd=6
05-16 01:43:05.751   749  1520 W RefBase : RefBase: Object at 0x7b74177ce8 lost last weak reference before it had a strong reference
05-16 01:43:05.754  1834  1859 I WindowManager: Changing focus from Window{8c63ef1 u0 com.huawei.android.launcher/com.huawei.android.launcher.unihome.UniHomeLauncher} to null displayId=0 Callers=com.android.server.wm.RootWindowContainer.updateFocusedWindowLocked:209 com.android.server.wm.WindowManagerService.updateFocusedWindowLocked:6517 com.android.server.wm.WindowManagerService.relayoutWindow:2813 com.android.server.wm.Session.relayout:197 
05-16 01:43:05.754  1834  1859 I HwDisplayContentEx: currentFocus windowstate null
05-16 01:43:05.755 29199 29219 I ActivityThread: Init compatible state: true
05-16 01:43:05.755  1834  1859 D ZrHung.AppEyeFocusWindow: FocusWindowErrorScene CheckFreezeScreen
05-16 01:43:05.756 29199 29219 D HwFrameworkSecurityPartsFactory: HwFrameworkSecurityPartsFactory in.
05-16 01:43:05.757 29199 29219 I HwFrameworkSecurityPartsFactory: add HwFrameworkSecurityPartsFactory to memory.
05-16 01:43:05.757  1094  1176 D AAL     : onBacklightChanged: 76/1023 -> 87/1023(phy:174/4095)
05-16 01:43:05.757  1094  1176 D AAL     : LABC: LABC after setTarget isSmoothBacklight=0 
05-16 01:43:05.757 29199 29219 E BehaviorCollectManager: Fail to acquire dataAnalyzerService...
05-16 01:43:05.760  1834  2975 I HwWindowManagerServiceEx: setLandAnimationInfo : false
05-16 01:43:05.761   743   779 I libPowerHal: [PD] scn:58 hdl:9 user:iawareperf@1.0- pid:728 tid:1000
05-16 01:43:05.763  1834  2975 W HwActivityTaskManagerServiceEx: appSwitch from: com.huawei.android.launcher to: com.mars.infra.trace
05-16 01:43:05.766 29199 29217 I HwActivityThreadImpl: before connect app.socketName:bb91e324-7fa9-4790-b797-08bc5398846e
05-16 01:43:05.766  1834  1869 D HwGameAssistantController: UPDATE: mCurFgPkg=com.mars.infra.trace, mCurFgPid=29199, mIsCurGame=false
05-16 01:43:05.766  1834  2163 I WiFi_PRO_WifiProStateMachine: current app com.mars.infra.trace, has changed
05-16 01:43:05.767  1834  2163 I WiFi_PRO_WifiProStateMachine: not in RecommendWifi2CellState.
05-16 01:43:05.767  2451 28718 I Hicom_Monitor: mAppSwitchNotifierEx. uid: 10360, foreground app: com.mars.infra.trace, foreground activity: com.mars.infra.fusion.MainActivity
05-16 01:43:05.765  2451  3311 I AssistantService-11.2.1.200: registerHwActivityNotifier call fromPackage:com.huawei.android.launcher, toPackage:com.mars.infra.trace
05-16 01:43:05.767   719   719 E DE H =DE: setAmoled:522: can not support this mode: MODE_AMOLED!
05-16 01:43:05.767 26597 29050 I HiAdKit.DC.PersistentMessageCenter:  notifyMessage com.huawei.hwid_app_switch_from_to_intent
05-16 01:43:05.767  2451 13434 D AssistantService-11.2.1.200: handleMessage app switch fromPackage:com.huawei.android.launcher, toPackage:com.mars.infra.trace
05-16 01:43:05.768  2451 28718 D SmartcareProc: onForegroundAppChanged, pkgName:com.mars.infra.trace, uid: 10360
05-16 01:43:05.768  2451  3370 I Hicom_XEngineProc: handleForegroundAppChanged pkgName = com.mars.infra.trace
05-16 01:43:05.768  2451 28718 D SmartcareProc: handlerAppForeground not match
05-16 01:43:05.768  2451 28718 W FiControl: Failed to find configuration for com.mars.infra.trace
05-16 01:43:05.768  2451  3370 W Hicom_XEngineProc: sendForegroundMessageToDaemon. daemonCommand is null
05-16 01:43:05.768 29199 29199 D ApplicationLoaders: createClassLoader zip: /data/app/com.mars.infra.trace-5qYcUG2DKs09UvosGGDsmA==/base.apk librarySearchPath: /data/app/com.mars.infra.trace-5qYcUG2DKs09UvosGGDsmA==/lib/arm64 libraryPermittedPath: /data/user/0/com.mars.infra.trace parent: java.lang.BootClassLoader@6b0349 targetSdkVersion: 32 isBundled: false classLoaderName: null sharedLibraries: null
05-16 01:43:05.768  1834  2975 I WindowManager: Checking 1 opening apps (frozen=false timeout=false)...
05-16 01:43:05.768  1834  2975 I WindowManager: Check opening app=AppWindowToken{6c4ead token=Token{4707fc4 ActivityRecord{9afa56 u0 com.mars.infra.trace/com.mars.infra.fusion.MainActivity t313}}}: allDrawn=false startingDisplayed=false startingMoved=false isRelaunching()=false startingWindow=Window{1f5a665 u0 Splash Screen com.mars.infra.trace}
05-16 01:43:05.769  1834  2975 I WindowManager: dispatchResized : win = Window{1f5a665 u0 Splash Screen com.mars.infra.trace} drawState = DRAW_PENDING
05-16 01:43:05.769  1834  1858 V ActivityTaskManager: Activity idle: null
05-16 01:43:05.769  1834  1858 V ActivityTaskManager: Stopping ActivityRecord{e34f1f0 u0 com.huawei.android.launcher/.unihome.UniHomeLauncher t1}: nowVisible=false animating=true finishing=false
05-16 01:43:05.770  1834  1868 I HwAudioServiceEx: ComponentInfo : className = com.huawei.android.launcher.unihome.UniHomeLauncher, flag = onPause, isHomeActivity = , isTop = false
05-16 01:43:05.770  1834  2094 W HwAudioServiceEx: SoundEffectState bundle get reserved is invalid
05-16 01:43:05.770  2686  2686 D DecorView: showOrHideHighlightView: hasFocus=false; winMode=1; isMrgNull=true
05-16 01:43:05.771   731   731 D lights  : write_int open fd=6
05-16 01:43:05.772 26718 28875 I HiAdKit.KitStatisticsReport:  do not report kit daily active
05-16 01:43:05.772  2451  2748 D DollieActivityManagerAdapter: [Paused] pid:2686 uid:10065 ComponentInfo{com.huawei.android.launcher/com.huawei.android.launcher.unihome.UniHomeLauncher} uidState:2
05-16 01:43:05.773  1094  1176 D AAL     : onBacklightChanged: 87/1023 -> 97/1023(phy:194/4095)
05-16 01:43:05.773  1094  1176 D AAL     : LABC: LABC after setTarget isSmoothBacklight=0 
05-16 01:43:05.774  1834  1859 I WindowManager: performshow Window{1f5a665 u0 Splash Screen com.mars.infra.trace} tok.waitingToShow=true isTransitionSet=true parentHidden=false vis=0 tok.hidden=true hasSurface=true policyVis=true destroying=false animating=true
05-16 01:43:05.774  2648  3523 D ScenarioService: front pkg : com.mars.infra.trace launcher: false
05-16 01:43:05.775  2648  3523 D ScenarioService: new above launcher front pkgs: [com.mars.infra.trace]
05-16 01:43:05.775  2648  3658 I PG_ash  : front pkg : com.mars.infra.trace
05-16 01:43:05.775  2648  3523 I AppsUsage: scnOff:false FgAPP:com.mars.infra.trace BgAPP:com.huawei.android.launcher
05-16 01:43:05.775  1834  1859 I WindowManager: Checking 1 opening apps (frozen=false timeout=false)...
05-16 01:43:05.775  2648  3737 I PGServer: report state:10010 event type:2 pid:0 uid:0 pkg:com.huawei.android.launcher to pid: 1834
05-16 01:43:05.775  1834  1859 I WindowManager: Check opening app=AppWindowToken{6c4ead token=Token{4707fc4 ActivityRecord{9afa56 u0 com.mars.infra.trace/com.mars.infra.fusion.MainActivity t313}}}: allDrawn=false startingDisplayed=true startingMoved=false isRelaunching()=false startingWindow=Window{1f5a665 u0 Splash Screen com.mars.infra.trace}
05-16 01:43:05.775  1834  1859 I WindowManager: Checking 0 opening apps (frozen=false timeout=false)...
05-16 01:43:05.775  2648  3737 I PGServer: report state:10010 event type:2 pid:0 uid:0 pkg:com.huawei.android.launcher to pid: 2648
05-16 01:43:05.775  2648  3737 I SceneReceiver: state type: 10010 eventType:2 pid:0 uid:0 pkg:com.huawei.android.launcher
05-16 01:43:05.775  2648  3737 I PGServer: report state:10000 event type:1 pid:0 uid:0 pkg:com.mars.infra.trace to pid: 1834
05-16 01:43:05.775  2648  3737 I PGServer: report state:10000 event type:1 pid:0 uid:0 pkg:com.mars.infra.trace to pid: 2648
05-16 01:43:05.775  1834  1859 I WindowManager: send SET_LAUNCHER_VISIBLE_IN_FINGER_BOOST visible: true,delay:0, handle:true, userId:0, callingPid: 1834
05-16 01:43:05.775  2648  3737 I ApsAppsTypeHandler: APS: APK: ApsAppsTypeHandler.getInstance, sInstance = com.huawei.android.hwaps.o@72c8c2b
05-16 01:43:05.775  1834  1859 I HwWindowManagerServiceEx: closing apps count = 1
05-16 01:43:05.776  1834  1859 D HwWindowManagerServiceEx: is app exit to launcher info: transit = 12, app = AppWindowToken{78f3d1c token=Token{64f768f ActivityRecord{e34f1f0 u0 com.huawei.android.launcher/.unihome.UniHomeLauncher t1}}}, window = Window{8c63ef1 u0 com.huawei.android.launcher/com.huawei.android.launcher.unihome.UniHomeLauncher}, mClosingApps = {AppWindowToken{78f3d1c token=Token{64f768f ActivityRecord{e34f1f0 u0 com.huawei.android.launcher/.unihome.UniHomeLauncher t1}}}}, topOpeningApp = AppWindowToken{6c4ead token=Token{4707fc4 ActivityRecord{9afa56 u0 com.mars.infra.trace/com.mars.infra.fusion.MainActivity t313}}}, mExitIconBitmap = android.graphics.Bitmap@aae4bef, mExitIconHeight = 180, mExitIconWidth = 180
05-16 01:43:05.776  2648 30280 I PGServer: checkPkgType. calling pkg: android
05-16 01:43:05.776  1834  1859 E WindowManager: icon is null!!
05-16 01:43:05.776  1834  1985 I DE J DES: [effect] Pg pkg:com.mars.infra.trace
05-16 01:43:05.776  2648  3737 I SceneReceiver: state type: 10000 eventType:1 pid:0 uid:0 pkg:com.mars.infra.trace
05-16 01:43:05.776  1834  1859 E HwAnimationManagerImpl: wrong animation type
05-16 01:43:05.778  1834  1859 V WindowManager: commitVisibility: AppWindowToken{78f3d1c token=Token{64f768f ActivityRecord{e34f1f0 u0 com.huawei.android.launcher/.unihome.UniHomeLauncher t1}}}: hidden=true hiddenRequested=true
05-16 01:43:05.779  1834  1859 E WindowManager: icon is null!!
05-16 01:43:05.779  1834  1859 D HwWindowManagerServiceEx: is app exit to launcher info: transit = 12, app = AppWindowToken{6c4ead token=Token{4707fc4 ActivityRecord{9afa56 u0 com.mars.infra.trace/com.mars.infra.fusion.MainActivity t313}}}, window = null, mClosingApps = {AppWindowToken{78f3d1c token=Token{64f768f ActivityRecord{e34f1f0 u0 com.huawei.android.launcher/.unihome.UniHomeLauncher t1}}}}, topOpeningApp = AppWindowToken{6c4ead token=Token{4707fc4 ActivityRecord{9afa56 u0 com.mars.infra.trace/com.mars.infra.fusion.MainActivity t313}}}, mExitIconBitmap = android.graphics.Bitmap@aae4bef, mExitIconHeight = 180, mExitIconWidth = 180
05-16 01:43:05.780  1834  1859 D HwWindowManagerServiceEx: getCrossAppTransitAnimRoundCornerRadius radius 93.0
05-16 01:43:05.780  2648  5154 W ThermalTraceTool: IOException:java.io.IOException: read failed: EIO (I/O error)
05-16 01:43:05.783  1834  1859 V WindowManager: commitVisibility: AppWindowToken{6c4ead token=Token{4707fc4 ActivityRecord{9afa56 u0 com.mars.infra.trace/com.mars.infra.fusion.MainActivity t313}}}: hidden=false hiddenRequested=false
05-16 01:43:05.783   719   719 E DE H =DE: setAmoled:522: can not support this mode: MODE_AMOLED!
05-16 01:43:05.783   731   731 D lights  : write_int open fd=6
05-16 01:43:05.787  1834  1856 D StatusBarManagerService: win:Window{1f5a665 u0 Splash Screen com.mars.infra.trace}mIsColorEnable:truelight:false
05-16 01:43:05.787  2256  8786 D HwCommandQueue: CommandQueue, set Launcher StatusBar Color
05-16 01:43:05.787  1834  1856 I StatusBarDisable: setFlags what=0 which=1 pkg=Window{1f5a665 u0 Splash Screen com.mars.infra.trace}
05-16 01:43:05.790  1094  1176 D AAL     : onBacklightChanged: 97/1023 -> 108/1023(phy:216/4095)
05-16 01:43:05.790  1094  1176 D AAL     : LABC: LABC after setTarget isSmoothBacklight=0 
05-16 01:43:05.791  1834  1858 W         : Failed to UpdateQosForCgroupInner, tid=0, policy=10
05-16 01:43:05.795  1834  1858 I WindowManager: handle SET_LAUNCHER_VISIBLE_IN_FINGER_BOOST visible:true handle:trueuserId:0, currentUserId:0
05-16 01:43:05.796  1834  1858 D WindowManager: setLauncherVisibleInFingerBoost record=ActivityRecord{e34f1f0 u0 com.huawei.android.launcher/.unihome.UniHomeLauncher t1}
05-16 01:43:05.796  1834  1858 I WindowManager: setLauncherVisible setAlpha to 1.0
05-16 01:43:05.796  1834  1858 D WindowManager: setLauncherVisible wallpaperScale=false
05-16 01:43:05.797  1834  2975 D HwNetworkManagementService: code == CODE_SET_CHR_REPORT_APP_LIST
05-16 01:43:05.797  1834  2030 W AwareLog: SchedLevelBoost: onFgActivitiesChanged config not set!
05-16 01:43:05.797   675 26102 I OemNetd : setChrAppUid(10, 10360)
05-16 01:43:05.797  1834  2975 I HwNetworkManagementService: chr appuid set succeeded
05-16 01:43:05.798  2451  3370 I Hicom_Monitor: notifyAppStarted: uid = 10360
05-16 01:43:05.798  2451  3370 I UctpAppMonitor: handleAppStarted: pkgName is com.mars.infra.trace mIsNeedToOpen is false
05-16 01:43:05.798  2451  3370 I AppStatisticProc: handleAppStarted: pkgName = com.mars.infra.trace is not apk supported in Smartcare
05-16 01:43:05.799 29228 29228 D HiTraceC: entered HiTraceInit, Log Registered: 1
05-16 01:43:05.799   731   731 D lights  : write_int open fd=6
05-16 01:43:05.801   719   719 E DE H =DE: setAmoled:522: can not support this mode: MODE_AMOLED!
05-16 01:43:05.801   746 15352 D AudioPolicyService: getUidState(10360) !cacheIter->second.first, return PROCESS_STATE_UNKNOWN
05-16 01:43:05.801   746 15352 D AudioPolicyService: getUidState(10360) cacheIter->second.first, return cacheIter->second.second(-1)
05-16 01:43:05.803  1834  1985 I HwNetworkPolicy: onTransact, code = 203
05-16 01:43:05.804  2752  3526 I HwNetworkPolicyManager: getHwUidPolicy uid = 10360 policy = 0
05-16 01:43:05.805  1834  2975 I PackageManager: getInstalledPackages cost 3 ms, flags: 786432, userId: 0, callingUid: 2000, callingPid: 29228
05-16 01:43:05.806  2648  3523 I ScenarioService: app focus change from: com.huawei.android.launcher to:com.mars.infra.trace
05-16 01:43:05.806  2648  3523 I ScenarioService: add focus on app:com.mars.infra.trace to visiblePkgs
05-16 01:43:05.806  1094  1176 D AAL     : onBacklightChanged: 108/1023 -> 119/1023(phy:238/4095)
05-16 01:43:05.806  1094  1176 D AAL     : LABC: LABC after setTarget isSmoothBacklight=0 
05-16 01:43:05.806   982 11845 D ITouchService: itouch stylusCurrentPkgName = com.mars.infra.trace lastOneFramePkgName = 
05-16 01:43:05.807   982 11845 D ITouchService: itouch currentPackageName = com.mars.infra.trace
05-16 01:43:05.807   982 11845 D ITouchService: itouch appType=-1 appState=1 gameMode=2
05-16 01:43:05.807   982 11845 D ITouchService: itouchReaderMonitor empty
05-16 01:43:05.807   982 11845 D ITouchService: g_itouch_reader_monitor Monitor::IsReaderMonitorEnable()=0
05-16 01:43:05.807   982 11845 D ITouchService: itouch getCurrentParmID tempPkg=com.mars.infra.xxx
05-16 01:43:05.807   982 11845 D ITouchService: itouch:app com.mars.infra.trace is  not game app
05-16 01:43:05.807   982 11845 D ITouchService: itouch:app com.mars.infra.trace is  not in StylusPenList
05-16 01:43:05.807   982 11845 D ITouchService: itouch:styluspen_switch is disable
05-16 01:43:05.807   982 11845 D ITouchService: itouch:currentAppTypeName =|UNKNOWN|
05-16 01:43:05.814  1834  2128 I HwAudioService: now type = -1,reportForegroundAppType = -1systemload = -1VOIP_OPTIMIZE_IN_GAMEMODEfalse
05-16 01:43:05.816   719   719 E DE H =DE: setAmoled:522: can not support this mode: MODE_AMOLED!
05-16 01:43:05.816   731   731 D lights  : write_int open fd=6
05-16 01:43:05.817   530   530 I hwservicemanager: getTransport: Cannot find entry vendor.huawei.hardware.graphics.hwcinterface@1.1::IHwcInterface/default in either framework or device manifest.
05-16 01:43:05.817   704 17882 W hwcomposer: [HWCTURBOMANAGER] init: IHwcInterface::tryGetService failed!  
05-16 01:43:05.822  2648  5153 I PGServer: getTopFrontApp. calling pkg: android
05-16 01:43:05.822  1094  1176 D AAL     : onBacklightChanged: 119/1023 -> 130/1023(phy:260/4095)
05-16 01:43:05.822  1094  1176 D AAL     : LABC: LABC after setTarget isSmoothBacklight=0 
05-16 01:43:05.823  1094  1176 D AAL     : 05-16 01:43:05.757 BL=  87,ESS= 256, 05-16 01:43:05.773 BL=  97,ESS= 256, 05-16 01:43:05.790 BL= 108,ESS= 256, 05-16 01:43:05.806 BL= 119,ESS= 256, 05-16 01:43:05.823 BL= 130,ESS= 256, 
05-16 01:43:05.829 29232 29232 D HiTraceC: entered HiTraceInit, Log Registered: 1
05-16 01:43:05.832   719   719 E DE H =DE: setAmoled:522: can not support this mode: MODE_AMOLED!
05-16 01:43:05.832   731   731 D lights  : write_int open fd=6
05-16 01:43:05.832  1064  1088 E AwareLog: iawared: GetFileContent open /proc/29232/task/29234/cpuset fail errno(2)!
05-16 01:43:05.832  1064  1088 W         : Failed to SetQosByThread, ret=-1, tid=29234, desired=1
05-16 01:43:05.833   530   530 I hwservicemanager: getTransport: Cannot find entry vendor.huawei.hardware.graphics.hwcinterface@1.1::IHwcInterface/default in either framework or device manifest.
05-16 01:43:05.833   704 17882 W hwcomposer: [HWCTURBOMANAGER] init: IHwcInterface::tryGetService failed!  
05-16 01:43:05.834  1064  1088 E AwareLog: iawared: GetFileContent open /proc/29232/task/29235/cpuset fail errno(2)!
05-16 01:43:05.834  1064  1088 W         : Failed to SetQosByThread, ret=-1, tid=29235, desired=1
05-16 01:43:05.837   704 17882 I hwcomposer: [HWCDisplay] [Display_0 (type:1)] fps:11.870766,dur:1010.89,max:833.77,min:7.94  
05-16 01:43:05.839  1094  1176 D AAL     : onBacklightChanged: 130/1023 -> 141/1023(phy:282/4095)
05-16 01:43:05.839  1094  1176 D AAL     : LABC: LABC after setTarget isSmoothBacklight=0 
05-16 01:43:05.848   719   719 E DE H =DE: setAmoled:522: can not support this mode: MODE_AMOLED!
05-16 01:43:05.848   731   731 D lights  : write_int open fd=6
05-16 01:43:05.849   530   530 I hwservicemanager: getTransport: Cannot find entry vendor.huawei.hardware.graphics.hwcinterface@1.1::IHwcInterface/default in either framework or device manifest.
05-16 01:43:05.849   704 17882 W hwcomposer: [HWCTURBOMANAGER] init: IHwcInterface::tryGetService failed!  
05-16 01:43:05.855  1094  1176 D AAL     : onBacklightChanged: 141/1023 -> 152/1023(phy:304/4095)
05-16 01:43:05.856  1094  1176 D AAL     : LABC: LABC after setTarget isSmoothBacklight=0 
05-16 01:43:05.864   719   719 E DE H =DE: setAmoled:522: can not support this mode: MODE_AMOLED!
05-16 01:43:05.865   731   731 D lights  : write_int open fd=6
05-16 01:43:05.865   530   530 I hwservicemanager: getTransport: Cannot find entry vendor.huawei.hardware.graphics.hwcinterface@1.1::IHwcInterface/default in either framework or device manifest.
05-16 01:43:05.865   704 17882 W hwcomposer: [HWCTURBOMANAGER] init: IHwcInterface::tryGetService failed!  
05-16 01:43:05.868  2686  3030 I HwLauncher: LocalTaskList loadTasksInBackground:1 numTasks:3 currentUserId:0
05-16 01:43:05.872  1094  1176 D AAL     : onBacklightChanged: 152/1023 -> 163/1023(phy:326/4095)
05-16 01:43:05.872  1094  1176 D AAL     : LABC: LABC after setTarget isSmoothBacklight=0 
05-16 01:43:05.881   719   719 E DE H =DE: setAmoled:522: can not support this mode: MODE_AMOLED!
05-16 01:43:05.881   731   731 D lights  : write_int open fd=6
05-16 01:43:05.882   530   530 I hwservicemanager: getTransport: Cannot find entry vendor.huawei.hardware.graphics.hwcinterface@1.1::IHwcInterface/default in either framework or device manifest.
05-16 01:43:05.882   704 17882 W hwcomposer: [HWCTURBOMANAGER] init: IHwcInterface::tryGetService failed!  
05-16 01:43:05.889  1094  1176 D AAL     : onBacklightChanged: 163/1023 -> 174/1023(phy:348/4095)
05-16 01:43:05.889  1094  1176 D AAL     : LABC: LABC after setTarget isSmoothBacklight=0 
05-16 01:43:05.894  1834  2065 I TrafficMonitor: expired arrive. level:-1
05-16 01:43:05.894  1834  2065 I TrafficMonitor: during_ms:2006,period_ms:2000
05-16 01:43:05.894  1834  2065 I TrafficMonitor: count:321,rx_sum:1,tx_sum:0,rxBytes:76,during_ms:2006,rx_speed:37.8863409770688,tx_speed:0.0,rto:0.0
05-16 01:43:05.894  1834  2065 I HuaweiWifiWatchdogStateMachine: Get speed information rx_speed = 37 ,tx_speed = 0 ,isSpeedOk = false ,mBestSpeedInPeriod = 37
05-16 01:43:05.898   719   719 E DE H =DE: setAmoled:522: can not support this mode: MODE_AMOLED!
05-16 01:43:05.898   731   731 D lights  : write_int open fd=6
05-16 01:43:05.898   530   530 I hwservicemanager: getTransport: Cannot find entry vendor.huawei.hardware.graphics.hwcinterface@1.1::IHwcInterface/default in either framework or device manifest.
05-16 01:43:05.898   704 17882 W hwcomposer: [HWCTURBOMANAGER] init: IHwcInterface::tryGetService failed!  
05-16 01:43:05.905  1094  1176 D AAL     : onBacklightChanged: 174/1023 -> 185/1023(phy:370/4095)
05-16 01:43:05.905  1094  1176 D AAL     : LABC: LABC after setTarget isSmoothBacklight=0 
05-16 01:43:05.905  1094  1176 D AAL     : 05-16 01:43:05.839 BL= 141,ESS= 256, 05-16 01:43:05.856 BL= 152,ESS= 256, 05-16 01:43:05.872 BL= 163,ESS= 256, 05-16 01:43:05.889 BL= 174,ESS= 256, 05-16 01:43:05.905 BL= 185,ESS= 256, 
05-16 01:43:05.907  2648  3523 I ScenarioService: refresh visibleApp:[com.mars.infra.trace]
05-16 01:43:05.907  2648  3523 I PGServer: report state:14 event type:1 pid:-1 uid:-1 pkg:com.mars.infra.trace to pid: 2648
05-16 01:43:05.907  2648  3523 I ApsAppsTypeHandler: APS: APK: ApsAppsTypeHandler.getInstance, sInstance = com.huawei.android.hwaps.o@72c8c2b
05-16 01:43:05.907  2648  3523 I ApsAccKitAdapter: APS: APK: ApsAccKitAdapter: not setNotifyInfo
05-16 01:43:05.907  2648  3658 I PG_ash  : com.huawei.android.launcher become invisible
05-16 01:43:05.914   743   779 I libPowerHal: [PD] scn:61 hdl:12 user:iawareperf@1.0- pid:728 tid:1000
05-16 01:43:05.914   731   731 D lights  : write_int open fd=6
05-16 01:43:05.914   743   779 I libPowerHal: iawareperf@1.0-: hard user limit set cpu freq: 1750000 -1 1993000 -1
05-16 01:43:05.915   719   719 E DE H =DE: setAmoled:522: can not support this mode: MODE_AMOLED!
05-16 01:43:05.915   530   530 I hwservicemanager: getTransport: Cannot find entry vendor.huawei.hardware.graphics.hwcinterface@1.1::IHwcInterface/default in either framework or device manifest.
05-16 01:43:05.915   704 17882 W hwcomposer: [HWCTURBOMANAGER] init: IHwcInterface::tryGetService failed!  
05-16 01:43:05.922  1094  1176 D AAL     : onBacklightChanged: 185/1023 -> 196/1023(phy:392/4095)
05-16 01:43:05.922  1094  1176 D AAL     : LABC: LABC after setTarget isSmoothBacklight=0 
05-16 01:43:05.931   719   719 E DE H =DE: setAmoled:522: can not support this mode: MODE_AMOLED!
05-16 01:43:05.931   731   731 D lights  : write_int open fd=6
05-16 01:43:05.932   530   530 I hwservicemanager: getTransport: Cannot find entry vendor.huawei.hardware.graphics.hwcinterface@1.1::IHwcInterface/default in either framework or device manifest.
05-16 01:43:05.932   704 17882 W hwcomposer: [HWCTURBOMANAGER] init: IHwcInterface::tryGetService failed!  
05-16 01:43:05.938  1094  1176 D AAL     : onBacklightChanged: 196/1023 -> 207/1023(phy:414/4095)
05-16 01:43:05.938  1094  1176 D AAL     : LABC: LABC after setTarget isSmoothBacklight=0 
05-16 01:43:05.945 29199 29219 I HwApiCacheMangerEx: apicache path=/storage/emulated/0 state=mounted key=com.mars.infra.trace#10360#256
05-16 01:43:05.945 29199 29219 I HwApiCacheMangerEx: need clear apicache,because volumes changed,oldCnt=0 newCnt=1
05-16 01:43:05.946 29199 29199 I HwActivityThreadImpl: accept socket mSocketName: bb91e324-7fa9-4790-b797-08bc5398846e
05-16 01:43:05.946 29199 29199 I HwActivityThreadImpl: accept socket end
05-16 01:43:05.946 29199 29199 W HwActivityThreadImpl: closeStream error.
05-16 01:43:05.946 29199 29217 W HwActivityThreadImpl: closeStream error.
05-16 01:43:05.946 29199 29199 I HwActivityThreadImpl: acceptPreloadedApplication end mPreloadStatus 3
05-16 01:43:05.946 29199 29217 I HwActivityThreadImpl: connectContinuePreload end mPreloadStatus 3
05-16 01:43:05.947 29199 29219 I HwApiCacheMangerEx: apicache path=/storage/emulated/0 state=mounted key=com.mars.infra.trace#10360#0
05-16 01:43:05.947 29199 29219 I HwApiCacheMangerEx: need clear apicache,because volumes changed,oldCnt=1 newCnt=1
05-16 01:43:05.948   719   719 E DE H =DE: setAmoled:522: can not support this mode: MODE_AMOLED!
05-16 01:43:05.948   731   731 D lights  : write_int open fd=6
05-16 01:43:05.948 29199 29199 I HwTypeface: updateFont: scale=1.0
05-16 01:43:05.948   530   530 I hwservicemanager: getTransport: Cannot find entry vendor.huawei.hardware.graphics.hwcinterface@1.1::IHwcInterface/default in either framework or device manifest.
05-16 01:43:05.948   704 17882 W hwcomposer: [HWCTURBOMANAGER] init: IHwcInterface::tryGetService failed!  
05-16 01:43:05.949 29199 29199 D SystemFonts: areFontsVariable: script=Hans
05-16 01:43:05.949 29199 29199 I ActivityThread: finishPreloaded preloadStatus 3
05-16 01:43:05.950  1834  2128 D ActivityManager: finishBindApplication callingPid 29199
05-16 01:43:05.950  1834  2128 D ActivityManager: finishBindApplication preloadStatus: 0 app: ProcessRecord{6a255f5 29199:com.mars.infra.trace/u0a360} uidRec.isPreload: false
05-16 01:43:05.950 29199 29199 I ActivityThread: finishPreloaded end preloadStatus 3
05-16 01:43:05.953 29199 29238 E AwareLog: AtomicFileUtils: readFileLines file not exist: android.util.AtomicFile@7610ed
05-16 01:43:05.954 29199 29219 I HwPartIawareFactory: add android.common.HwPartIawareFactoryImpl to memory.
05-16 01:43:05.954 29199 29219 I AwareBitmapCacher: init processName:com.mars.infra.trace pid=29199 uid=10360
05-16 01:43:05.955  1094  1176 D AAL     : onBacklightChanged: 207/1023 -> 217/1023(phy:434/4095)
05-16 01:43:05.955  1094  1176 D AAL     : LABC: LABC after setTarget isSmoothBacklight=0 
05-16 01:43:05.956 29199 29199 D OpenGLRenderer: disableOutlineDraw is true
05-16 01:43:05.958 29199 29240 I OpenGLRenderer: RenderThread: progress name = [com.mars.infra.trace], viewCornerType = 0
05-16 01:43:05.959 29199 29242 D libMEOW : meow reload base cfg path: na
05-16 01:43:05.959 29199 29242 D libMEOW : meow reload overlay cfg path: na
05-16 01:43:05.959 29199 29242 D libMEOW : applied 0 plugin for [com.mars.infra.trace].
05-16 01:43:05.959 29199 29242 I iGraphics: [0020080c] pn: com.mars.infra.trace, p: 29199
05-16 01:43:05.959 29199 29242 I iGraphics: [0030080c] no spt app: com.mars.infra.trace
05-16 01:43:05.964   719   719 E DE H =DE: setAmoled:522: can not support this mode: MODE_AMOLED!
05-16 01:43:05.964   731   731 D lights  : write_int open fd=6
05-16 01:43:05.965   530   530 I hwservicemanager: getTransport: Cannot find entry vendor.huawei.hardware.graphics.hwcinterface@1.1::IHwcInterface/default in either framework or device manifest.
05-16 01:43:05.965   704 17882 W hwcomposer: [HWCTURBOMANAGER] init: IHwcInterface::tryGetService failed!  
05-16 01:43:05.971  1094  1176 D AAL     : onBacklightChanged: 217/1023 -> 228/1023(phy:456/4095)
05-16 01:43:05.971  1094  1176 D AAL     : LABC: LABC after setTarget isSmoothBacklight=0 
05-16 01:43:05.981   719   719 E DE H =DE: setAmoled:522: can not support this mode: MODE_AMOLED!
05-16 01:43:05.981   731   731 D lights  : write_int open fd=6
05-16 01:43:05.982   530   530 I hwservicemanager: getTransport: Cannot find entry vendor.huawei.hardware.graphics.hwcinterface@1.1::IHwcInterface/default in either framework or device manifest.
05-16 01:43:05.982   704 17882 W hwcomposer: [HWCTURBOMANAGER] init: IHwcInterface::tryGetService failed!  
05-16 01:43:05.988  1094  1176 D AAL     : onBacklightChanged: 228/1023 -> 239/1023(phy:478/4095)
