--------- beginning of main
05-16 01:42:49.716  2686 29167 W HwLauncher: getDownloadInfo return null!
05-16 01:42:49.732  2686 29167 W HwLauncher: getDownloadInfo return null!
05-16 01:42:49.757   530   530 I hwservicemanager: getTransport: Cannot find entry vendor.huawei.hardware.hwsched@1.0::ISched/hwsched in either framework or device manifest.
05-16 01:42:49.757   749  1219 E SurfaceFlingerEx: notifyRealVsyncPeriod could not find AISched service
05-16 01:42:49.765  2686 29167 W HwLauncher: getDownloadInfo return null!
05-16 01:42:49.765   704   786 I hwcomposer: [HWCDisplay] [Display_0 (type:1)] fps:4.613957,dur:2167.34,max:2018.42,min:16.48  
05-16 01:42:49.777 23396 23404 E bms_file: file /sys/class/hw_power/charger/direct_charger/direct_charge_succ is invalid
05-16 01:42:49.782  2686 29167 W HwLauncher: getDownloadInfo return null!
05-16 01:42:49.798  2686 29167 W HwLauncher: getDownloadInfo return null!
05-16 01:42:49.812 23396 23404 E bms_file: file /sys/class/hw_power/charger/direct_charger/direct_charge_succ is invalid
05-16 01:42:49.815  2686 29167 W HwLauncher: getDownloadInfo return null!
05-16 01:42:49.839   530   530 I hwservicemanager: getTransport: Cannot find entry vendor.huawei.hardware.hwsched@1.0::ISched/hwsched in either framework or device manifest.
05-16 01:42:49.839   749  1219 E SurfaceFlingerEx: notifyRealVsyncPeriod could not find AISched service
05-16 01:42:49.847  2686 29167 W HwLauncher: getDownloadInfo return null!
05-16 01:42:49.864  2686 29167 W HwLauncher: getDownloadInfo return null!
05-16 01:42:49.867 23396 23404 E bms_file: file /sys/class/hw_power/charger/direct_charger/direct_charge_succ is invalid
05-16 01:42:49.880  2686 29167 W HwLauncher: getDownloadInfo return null!
05-16 01:42:49.897  2686 29167 I chatty  : uid=10065(com.huawei.android.launcher) identical 1 line
05-16 01:42:49.913  2686 29167 W HwLauncher: getDownloadInfo return null!
05-16 01:42:49.917 23396 23404 E bms_file: file /sys/class/hw_power/charger/direct_charger/direct_charge_succ is invalid
05-16 01:42:49.918 23396 23404 I bms_behavior: monitor interval count 516
05-16 01:42:49.930  2686 29167 W HwLauncher: getDownloadInfo return null!
05-16 01:42:49.979  2686 29167 I chatty  : uid=10065(com.huawei.android.launcher) identical 3 lines
05-16 01:42:50.011  2686 29167 W HwLauncher: getDownloadInfo return null!
05-16 01:42:50.042  2648  3523 I AppTypeRecogManager: Update app type name:com.mars.infra.trace type:65535
05-16 01:42:50.043  2648  3523 I AppTypeRecogManager: Update app type by self. name:com.mars.infra.trace type:65535
05-16 01:42:50.044  2686 29167 W HwLauncher: getDownloadInfo return null!
05-16 01:42:50.077  2686 29167 W HwLauncher: getDownloadInfo return null!
05-16 01:42:50.086  1008 29168 D keymaster_worker: Keystore begin
05-16 01:42:50.087  1008 29168 D keymaster_worker: Keystore begin hidl
05-16 01:42:50.087   586   586 I HisiKeyMaster: HisiKmBegin start
05-16 01:42:50.087   586   586 I HisiKeyMaster: Disable the enhanced crypto!
05-16 01:42:50.099   586   586 I HisiKeyMaster: out_params_buffer_len = 32
05-16 01:42:50.099   586   586 I HisiKeyMaster: HisiKmBegin success
05-16 01:42:50.099  1008 29168 D keymaster_worker: Keystore begin hidl end
05-16 01:42:50.100  1008 29168 D keymaster_worker: Keystore begin end
05-16 01:42:50.104  1008 29169 D keymaster_worker: Keystore update
05-16 01:42:50.104  1008 29169 D keymaster_worker: Keystore update hidl
05-16 01:42:50.105   586   586 I HisiKeyMaster: HisiKmUpdate start
05-16 01:42:50.105   586   586 I HisiKeyMaster: Disable the enhanced crypto!
05-16 01:42:50.110  2686 29167 W HwLauncher: getDownloadInfo return null!
05-16 01:42:50.114   586   586 I HisiKeyMaster: HisiKmUpdate success
05-16 01:42:50.114  1008 29169 D keymaster_worker: Keystore update hidl end
05-16 01:42:50.114  1008 29169 D keymaster_worker: Keystore update end
05-16 01:42:50.116  1008 29170 D keymaster_worker: Keystore update
05-16 01:42:50.117  1008 29170 D keymaster_worker: Keystore update hidl
05-16 01:42:50.117   586   586 I HisiKeyMaster: HisiKmUpdate start
05-16 01:42:50.117   586   586 I HisiKeyMaster: Disable the enhanced crypto!
05-16 01:42:50.122   586   586 I HisiKeyMaster: HisiKmUpdate success
05-16 01:42:50.122  1008 29170 D keymaster_worker: Keystore update hidl end
05-16 01:42:50.122  1008 29170 D keymaster_worker: Keystore update end
05-16 01:42:50.124  1008 29171 D keymaster_worker: Keystore finish
05-16 01:42:50.125  1008 29171 D keymaster_worker: Keystore finish hidl
05-16 01:42:50.125   586   586 I HisiKeyMaster: HisiKmFinish start
05-16 01:42:50.125   586   586 I HisiKeyMaster: Disable the enhanced crypto!
05-16 01:42:50.129   586   586 I HisiKeyMaster: output data size=16
05-16 01:42:50.129   586   586 I HisiKeyMaster: HisiKmFinish success
05-16 01:42:50.130  1008 29171 D keymaster_worker: Keystore finish hidl end
05-16 01:42:50.130  1008 29171 D keymaster_worker: Keystore finish end
05-16 01:42:50.133  1834 28844 I SecurityProfileDB: Write database file end
05-16 01:42:50.142  2686 29167 W HwLauncher: getDownloadInfo return null!
05-16 01:42:50.157 26597 26998 I HiAdKit.DC.AppDataCollectionManager:  report third
05-16 01:42:50.163 26597 26998 W fwkit_kims: [W/fwkit/fwkit_kims 26597:19713 KIMSServiceController.java:1062] Can't find the specific package.
05-16 01:42:50.167 26597 26998 I NetworkKit_CountryCodeBean: pps-msg-queue|null|com.huawei.hms.framework.network.grs.local.model.CountryCodeBean|getVendorCountryCode|35|countryCode by ro.hw.country is: cn
05-16 01:42:50.167 26597 26998 I NetworkKit_CountryCodeBean: pps-msg-queue|null|com.huawei.hms.framework.network.grs.local.model.CountryCodeBean|init|15|get issue_country code from VENDOR_COUNTRY
05-16 01:42:50.176 26597 26998 I HiAdKit.DC.SystemUtil:  process: com.huawei.hwid.core
05-16 01:42:50.184  1834  1985 I DeviceIdentifiers: udid has been read success, return!
--------- beginning of system
05-16 01:42:50.186  1834  1985 D HwConnectivityServiceEx: set 10060 wlan0 value false
05-16 01:42:50.187 26597 26998 I HiAdKit.DC.xl:  multicard device
05-16 01:42:50.197  2648  3523 D ApplistMgr: handle apps optimize changed
05-16 01:42:50.199  2648  3523 I ApplistMgr: mNeverOptimizeApps : [com.huawei.localBackup, com.huawei.appmarket]
05-16 01:42:50.199  1834  2411 W ActivityManager: Sending non-protected broadcast com.huawei.android.APPSTARTUP_CHANGED from system 1834:system/1000 pkg android
05-16 01:42:50.200  2648  3523 I ApplistMgr: mNeverOptimizeHideApps: [com.huawei.hwid]
05-16 01:42:50.200 26597 26998 I HiAdKit.DC.SystemUtil:  process: com.huawei.hwid.core
05-16 01:42:50.201  2648  3523 I ApplistMgr: mAlwaysOptimizeApps : []
05-16 01:42:50.202  4835  4835 I PushLog110108302: [main-1]action is com.huawei.android.APPSTARTUP_CHANGED
05-16 01:42:50.202  2648  3523 I ApplistMgr: mSmartOptimizeApps : [com.huawei.hifolder, com.quark.browser, com.huawei.android.tips, cn.richinfo.automail, com.huawei.mirror, com.petal.litegames, com.rocketx, com.huawei.android.totemweather, com.huawei.videoeditor, com.bytedance.horae, com.xingin.xhs, com.huawei.smarthome, com.cmic.mmnes, com.bstar.intl, com.huawei.fans, com.huawei.tips, com.huawei.mycenter, com.huawei.calculator, com.wuba, a.bilibili.lib.router.example, com.mars.infra.mixin, com.huawei.gamebox, com.mars.infra.trace, com.huawei.email, com.huawei.lives, com.huawei.soundrecorder, com.bilibili.lib.faceless_sample, com.lwu.appbundledemo, com.microsoft.office.officehub, com.tencent.mtt, com.bytedance.demo, com.tencent.wework, com.hicloud.android.clone, com.kwai.koom.demo, com.huawei.educenter, com.ss.android.article.news, com.huawei.welinknow, com.mars.infra.relfect, com.ss.android.ugc.aweme, com.example.mydemo, com.tencent.mobileqq, com.android.localtransport, com.huawei.hwireader, com.iqiyi.qigsaw.sample, com.huawei.secoclient, com.huawei.himovie, com.huawei.meetime, com.huawei.compass, com.ximalaya.ting.android, com.larksuite.suite, cn.cj.pe, com.tencent.news, lab.galaxy.yahfa.demoApp, com.jingdong.app.mall, com.tmall.wireless, com.vmall.client, com.autonavi.minimap, com.huawei.ohos.health, com.bilibili.lib.spy.example, com.example.myapplication, com.af.audiodemo, com.mars.infra.lego, com.mars.infra.hacker, com.huawei.game.kitserver, com.taobao.taobao, com.bilibili.apm.sample, com.huawei.hbm, tv.danmaku.bili, com.eg.android.AlipayGphone, com.greenpoint.android.mc10086.activity, com.achievo.vipshop]
05-16 01:42:50.203 26597 29079 I HiAdKit.DC.ADCP:  addAppDataCollectionToCache - cache valide time: 7200 expireTime: 1652204570203
05-16 01:42:50.203  2648  3523 I AppFasManager: delay set fas when optimize changed , delay : 10000
05-16 01:42:50.204  2648  3658 I ash_r   : request wkp pkgs: [com.huawei.localBackup, com.huawei.appmarket, com.huawei.hwid] reason: nerver_opt_apps
05-16 01:42:50.208  1834  1886 I PowerManagerService: handleSandman: wakefulness: 1,startDreaming: false
05-16 01:42:50.210  4835  4835 I PushLog110108302: [main-1]dispatchIntent over
05-16 01:42:50.239   994  1184 I dubaid  : [DubaiStorage.cpp] DoFlushEntriesBuffer# Flush all entries into database: /data/system_ce/0/dubai/dubai.db
05-16 01:42:50.252  1094  6920 D AALLightSensor: oldLux=57 [SA:50 LA:49] newLux=57 (oriLux: 50)
05-16 01:42:50.254   994  1184 I dubaid  : [DubaiStorage.cpp] DoFlushEntriesBuffer# Flush all entries into database: /data/system_ce/0/dubai/dubai.db
05-16 01:42:50.340 29038 29077 I meassistant:br: Waiting for a blocking GC ProfileSaver
05-16 01:42:50.372 29038 29077 I meassistant:br: WaitForGcToComplete blocked ProfileSaver on AddRemoveAppImageSpace for 32.165ms
05-16 01:42:50.429  1834  2066 E WifiVendorHal: getWifiLinkLayerStats_1_3_Internal(l.957) failed {.code = ERROR_NOT_SUPPORTED, .description = }
05-16 01:42:50.436  1834  2066 I WificondControl: Noise: 0, Snr: 0, Chload: 0, rssi: -78, txBitrate: 26, rxBitrate: 27, frequency: 2452, UlDelay: 0, currentTxBytes: 444379109, currentTxPackets: 4538642, currentTxFailed: 0, currentRxBytes: 313009942, currentRxPackets: 7055480
05-16 01:42:50.221  1834  1886 I PowerManagerService: handleSandman: wakefulness: 1,startDreaming: false
05-16 01:42:50.441  1834  2079 I ConnectivityService: notifyType CALLBACK_CAP_CHANGED for NetworkAgentInfo [WIFI () - 142]
05-16 01:42:50.442  1834  2066 V HwWifiServiceFactory: get AllImpl object = com.android.server.wifi.HwWifiServiceFactoryImpl@5f30e40
05-16 01:42:50.443  1834  2077 D HwConnectivityServiceEx: set 10120 wlan0 value false
05-16 01:42:50.443  1834  2092 D HwConnectivityServiceEx: set 1000 wlan0 value false
05-16 01:42:50.443  1834  2163 I HwWifiProServiceProxy: ctrlHwWifiNetwork pkgName: WIFIPRO_SERVICE interfaceId: 9
05-16 01:42:50.444  1834  2077 D HwConnectivityServiceEx: set 10097 wlan0 value false
05-16 01:42:50.444  1834  2077 D HwConnectivityServiceEx: set 10026 wlan0 value true
05-16 01:42:50.444  1834  2077 I ConnectivityService: B uid 10026
05-16 01:42:50.446  1834  2065 I QosMonitor: queryRtt: rttType = 3
05-16 01:42:50.446  1834  2077 D HwConnectivityServiceEx: set 10024 wlan0 value false
05-16 01:42:50.446  1834  2065 I HwWifiProServiceProxy: ctrlHwWifiNetwork pkgName: WIFIPRO_SERVICE interfaceId: 8
05-16 01:42:50.446  1834  2077 D HwConnectivityServiceEx: set 5514 wlan0 value false
05-16 01:42:50.447  1834  2065 I QosMonitor: postEventFromNative: msg=100,arg1=4,arg2=10
05-16 01:42:50.447  1834  2065 I QosMonitor: resetRtt: rttType = 3
05-16 01:42:50.447  1834  2065 I HwWifiProServiceProxy: ctrlHwWifiNetwork pkgName: WIFIPRO_SERVICE interfaceId: 8
05-16 01:42:50.447  1834  2077 D HwConnectivityServiceEx: set 5513 wlan0 value false
05-16 01:42:50.450  1834  2162 I HwWifiConnectivityMonitor: signal level changed: 3 --> 2, 802.11v = false
05-16 01:42:50.451  2451  2748 I OllieMsgCenter: publishEvt=2130903260
05-16 01:42:50.453  2451  3370 I Hicom_Monitor: notifyWifiRssiChanged, newRssi: -78
05-16 01:42:50.453  2569  2846 I HotspotComponent: onWifiBroadcastReceived :android.net.wifi.RSSI_CHANGED
05-16 01:42:50.454  2569  2846 I WifiStatController: not need report or sync
05-16 01:42:50.455  1834  2163 I HwWifiProServiceProxy: ctrlHwWifiNetwork pkgName: WIFIPRO_SERVICE interfaceId: 9
05-16 01:42:50.460  2451  2748 I PositionFence_PositionFenceManager: start position fence recognize! reason for 15
05-16 01:42:50.464  1834  1985 D HwConnectivityServiceEx: set 10166 wlan0 value false
05-16 01:42:50.470  2569  2812 I WifiProComponent: default event
05-16 01:42:50.470  2569  2812 I HotspotComponent: handleEvent
05-16 01:42:50.470  2569  2812 I HotspotComponent: handleEvent not handle the event:1128
05-16 01:42:50.471  1834  1985 E WifiPermissionsUtil: getUidPermission is DENIED and permissionType android.permission.ACCESS_COARSE_LOCATIONuid 10166
05-16 01:42:50.472  1834  1985 E WifiService: enforceCanAccessScanResults: hiding ssid and bssidUID 10166 has no location permission
05-16 01:42:50.474  1834  1985 E WifiPermissionsUtil: getUidPermission is DENIED and permissionType android.permission.ACCESS_FINE_LOCATIONuid 10024
05-16 01:42:50.474  1834  1985 E WifiService: enforceCanAccessScanResults: hiding ssid and bssidUID 10024 has no location permission
05-16 01:42:50.481  1834  1985 E WifiPermissionsUtil: getUidPermission is DENIED and permissionType android.permission.ACCESS_COARSE_LOCATIONuid 10166
05-16 01:42:50.481  1834  1985 E WifiService: enforceCanAccessScanResults: hiding ssid and bssidUID 10166 has no location permission
05-16 01:42:50.488  1834  1985 I chatty  : uid=1000(system) Binder:1834_3 identical 1 line
05-16 01:42:50.493  1834  1985 E WifiPermissionsUtil: getUidPermission is DENIED and permissionType android.permission.ACCESS_COARSE_LOCATIONuid 10166
05-16 01:42:50.621  1834  9349 E WifiPermissionsUtil: getUidPermission is DENIED and permissionType android.permission.ACCESS_FINE_LOCATIONuid 10024
05-16 01:42:50.488  1834  1985 I chatty  : uid=1000(system) Binder:1834_3 identical 1 line
05-16 01:42:50.493  1834  1985 E WifiService: enforceCanAccessScanResults: hiding ssid and bssidUID 10166 has no location permission
05-16 01:42:50.621  1834  9349 E WifiService: enforceCanAccessScanResults: hiding ssid and bssidUID 10024 has no location permission
05-16 01:42:50.625  1834  1985 E WifiPermissionsUtil: getUidPermission is DENIED and permissionType android.permission.ACCESS_FINE_LOCATIONuid 10024
05-16 01:42:50.625  1834  1985 E WifiService: enforceCanAccessScanResults: hiding ssid and bssidUID 10024 has no location permission
05-16 01:42:50.630  1834  1985 E WifiService: enforceCanAccessScanResults: hiding ssid and bssidUID 10024 has no location permission
05-16 01:42:50.871  1834  2065 I TrafficMonitor: update:rxPkts:0,txPkts:0,rxBytes:0,txBytes:0
05-16 01:42:50.871  1834  2065 I TrafficMonitor: gettimer:interval=2000
05-16 01:42:50.911  1834  1872 D ZrHung.AppEyeTransparentWindow: handleMessage CHECK_TRANS_WINDOW_ERROR_MSG
05-16 01:42:50.629  1834  1985 E WifiPermissionsUtil: getUidPermission is DENIED and permissionType android.permission.ACCESS_FINE_LOCATIONuid 10024
05-16 01:42:50.962  2451  2748 I PositionFenceSignalCollect: position fence recognize by cell and serve ap fail, no cell datas
05-16 01:42:51.223  1834  2066 I WificondControl: Noise: 0, Snr: 0, Chload: 0, rssi: -80, txBitrate: 26, rxBitrate: 27, frequency: 2452, UlDelay: 0, currentTxBytes: 444379109, currentTxPackets: 4538642, currentTxFailed: 0, currentRxBytes: 313009942, currentRxPackets: 7055480
05-16 01:42:51.232  1834  2164 D HuaweiWifiWatchdogStateMachine: nothing to do
05-16 01:42:51.232  1834  2065 I WiFi_PRO: MSG_RETURN_AP_CURRY_RSSI rssi = -80
05-16 01:42:51.233  1834  2065 I QosMonitor: queryRtt: rttType = 3
05-16 01:42:51.233  1834  2065 I HwWifiProServiceProxy: ctrlHwWifiNetwork pkgName: WIFIPRO_SERVICE interfaceId: 8
05-16 01:42:51.233  1834  2166 I HwDualBandManager: handle2gApStrongWifiRssiChange
05-16 01:42:51.233  1834  2065 I QosMonitor: postEventFromNative: msg=100,arg1=4,arg2=10
05-16 01:42:51.233  1834  2164 I HuaweiWifiWatchdogStateMachine: high data flow: protection_counter = 0,  not_detect_counter = 51
05-16 01:42:51.233  1834  2164 I HuaweiWifiWatchdogStateMachine: high data flow scenario: 0 --> 0 rx bytes =9KB
05-16 01:42:51.233  1834  2065 I QosMonitor: resetRtt: rttType = 3
05-16 01:42:51.234  1834  2164 I HuaweiWifiWatchdogStateMachine: POta txb txg rxg:0, 2, 0. Lr =0% Totpkt=2
05-16 01:42:51.234  1834  2065 I HwWifiProServiceProxy: ctrlHwWifiNetwork pkgName: WIFIPRO_SERVICE interfaceId: 8
05-16 01:42:51.234  1834  2065 I HwWifiProServiceProxy: ctrlHwWifiNetwork pkgName: WIFIPRO_SERVICE interfaceId: 8
05-16 01:42:51.234  1834  2065 I QosMonitor: postEventFromNative: msg=100,arg1=0,arg2=10
05-16 01:42:51.235  1834  2065 I MQoS    : rtt=368,tcpTxPkts=4208006,tcpRxPkts=6329607
05-16 01:42:51.235  1834 11540 I MQoS    : QOS_level:0(0),DataDisable;use level-0
05-16 01:42:51.236  1834  2164 I HuaweiWifiWatchdogStateMachine: PTcp RTT:368, rtt pkt=14, tcp_rx=0, tcp_tx=0, tcp_reTran=0, rtRate=0
05-16 01:42:51.236  1834  2164 I HuaweiWifiWatchdogStateMachine: rssi bad, mrssi=-78 < TargetRssi=-72
05-16 01:42:51.236  1834  2164 I HuaweiWifiWatchdogStateMachine: start computeQosLevel tcpRtt = 368 ,rssi = -78 ,mBestSpeedInPeriod = 0
05-16 01:42:51.236  1834  2164 I HuaweiWifiWatchdogStateMachine: smoothConsecutiveQosResults, currentQosLevel = 2
05-16 01:42:51.250  1086  1179 I HfLooper: als lux = 50.000000 , rawdata1 =197.000000., rawdata1 = 12.000000
05-16 01:42:51.695 25686 25702 W System  : A resource failed to call close. 
05-16 01:42:52.144  2686 29167 W HwLauncher: getDownloadInfo return null!
05-16 01:42:52.177  2686 29167 W HwLauncher: getDownloadInfo return null!
05-16 01:42:52.195   704   786 I hwcomposer: [HWCDisplay] [Display_0 (type:1)] fps:9.052724,dur:2430.21,max:1686.44,min:15.31  
05-16 01:42:52.210  2686 29167 W HwLauncher: getDownloadInfo return null!
05-16 01:42:52.236   530   530 I hwservicemanager: getTransport: Cannot find entry vendor.huawei.hardware.hwsched@1.0::ISched/hwsched in either framework or device manifest.
05-16 01:42:52.236   749  1219 E SurfaceFlingerEx: notifyRealVsyncPeriod could not find AISched service
05-16 01:42:52.243  2686 29167 W HwLauncher: getDownloadInfo return null!
05-16 01:42:52.276  2686 29167 I chatty  : uid=10065(com.huawei.android.launcher) identical 1 line
05-16 01:42:52.308  2686 29167 W HwLauncher: getDownloadInfo return null!
05-16 01:42:52.318   530   530 I hwservicemanager: getTransport: Cannot find entry vendor.huawei.hardware.hwsched@1.0::ISched/hwsched in either framework or device manifest.
05-16 01:42:52.319   749  1219 E SurfaceFlingerEx: notifyRealVsyncPeriod could not find AISched service
05-16 01:42:52.342  2686 29167 W HwLauncher: getDownloadInfo return null!
05-16 01:42:52.621  2686 29167 I chatty  : uid=10065(com.huawei.android.launcher) identical 9 lines
05-16 01:42:52.638  2686 29167 W HwLauncher: getDownloadInfo return null!
05-16 01:42:52.645   675 26102 I netd    : trafficSwapActiveStatsMap() <0.65ms>
05-16 01:42:52.654  2686 29167 W HwLauncher: getDownloadInfo return null!
05-16 01:42:52.687  2686 29167 I chatty  : uid=10065(com.huawei.android.launcher) identical 2 lines
05-16 01:42:52.688  2686 29167 W HwLauncher: getDownloadInfo return null!
05-16 01:42:52.875  1834  2065 I TrafficMonitor: update:rxPkts:0,txPkts:0,rxBytes:0,txBytes:0
05-16 01:42:52.875  1834  2065 I TrafficMonitor: gettimer:interval=2000
05-16 01:42:53.101  2451  2748 I SpeedTestNotifier: is low speed scene
05-16 01:42:53.212  2531  9919 I HwNaturalBase: [CommonHandler]: 40501Kb ram is used.
05-16 01:42:53.318  1065  1065 I thermal_repeater: [recvMdThermalInfo] ret=35, strLen=127,  0, 32767, -127, 3404, 32767, 10539
05-16 01:42:53.449  1834  2066 E WifiVendorHal: getWifiLinkLayerStats_1_3_Internal(l.957) failed {.code = ERROR_NOT_SUPPORTED, .description = }
05-16 01:42:53.528  1834  2066 I WificondControl: Noise: 0, Snr: 0, Chload: 0, rssi: -80, txBitrate: 26, rxBitrate: 2, frequency: 2452, UlDelay: 0, currentTxBytes: 444379193, currentTxPackets: 4538644, currentTxFailed: 0, currentRxBytes: 313010026, currentRxPackets: 7055482
05-16 01:42:53.532  1834  2066 V HwWifiServiceFactory: get AllImpl object = com.android.server.wifi.HwWifiServiceFactoryImpl@5f30e40
05-16 01:42:53.744   704  1223 I hwcomposer: [DPY] receive refesh frquest from driver: type[4]  
05-16 01:42:53.744   704  1223 I hwcomposer: [HWC] fire a callback of refresh to SF  
05-16 01:42:53.750   530   530 I hwservicemanager: getTransport: Cannot find entry vendor.huawei.hardware.graphics.hwcinterface@1.1::IHwcInterface/default in either framework or device manifest.
05-16 01:42:53.750   704 17882 W hwcomposer: [HWCTURBOMANAGER] init: IHwcInterface::tryGetService failed!  
05-16 01:42:53.767   704 17882 I hwcomposer: [HWCDisplay] [Display_0 (type:1)] fps:13.361814,dur:1571.64,max:1026.47,min:15.36  
05-16 01:42:53.790   530   530 I hwservicemanager: getTransport: Cannot find entry vendor.huawei.hardware.hwsched@1.0::ISched/hwsched in either framework or device manifest.
05-16 01:42:53.790   749  1219 E SurfaceFlingerEx: notifyRealVsyncPeriod could not find AISched service
05-16 01:42:53.869  1834  2065 I TrafficMonitor: expired arrive. level:-1
05-16 01:42:53.870  1834  2065 I TrafficMonitor: during_ms:2005,period_ms:2000
05-16 01:42:53.870  1834  2065 I TrafficMonitor: count:315,rx_sum:0,tx_sum:0,rxBytes:0,during_ms:2005,rx_speed:0.0,tx_speed:0.0,rto:0.0
05-16 01:42:53.870  1834  2065 I HuaweiWifiWatchdogStateMachine: Get speed information rx_speed = 0 ,tx_speed = 0 ,isSpeedOk = false ,mBestSpeedInPeriod = 0
05-16 01:42:53.873   530   530 I hwservicemanager: getTransport: Cannot find entry vendor.huawei.hardware.hwsched@1.0::ISched/hwsched in either framework or device manifest.
05-16 01:42:53.873   749  1219 E SurfaceFlingerEx: notifyRealVsyncPeriod could not find AISched service
05-16 01:42:53.919  1086  1179 I HfLooper: als lux = 51.000000 , rawdata1 =198.000000., rawdata1 = 10.000000
05-16 01:42:54.253  1094  6920 D AALLightSensor: oldLux=57 [SA:50 LA:49] newLux=57 (oriLux: 51)
05-16 01:42:54.881  1834  2065 I TrafficMonitor: update:rxPkts:0,txPkts:0,rxBytes:0,txBytes:0
05-16 01:42:54.881  1834  2065 I TrafficMonitor: gettimer:interval=2000
05-16 01:42:54.924 23396 23404 E bms_file: file /sys/class/hw_power/charger/direct_charger/direct_charge_succ is invalid
05-16 01:42:54.961 23396 23404 I chatty  : uid=1000(system) /vendor/bin/bms_behavior identical 1 line
05-16 01:42:55.019 23396 23404 E bms_file: file /sys/class/hw_power/charger/direct_charger/direct_charge_succ is invalid
05-16 01:42:55.051  2648  3525 I PGConfigUpdateManager: reParse Config file
05-16 01:42:55.056  2648  3525 I PGConfigUpdateManager: local file is crypted
05-16 01:42:55.065 23396 23404 E bms_file: file /sys/class/hw_power/charger/direct_charger/direct_charge_succ is invalid
05-16 01:42:55.067 23396 23404 I bms_behavior: monitor interval count 517
05-16 01:42:55.068  2648  3525 I PGConfigUpdateManager: doParseConfigFileLocked, total use:10
05-16 01:42:55.068  2648  3525 I PGConfigUpdateManager: notifyClient
05-16 01:42:55.069  2648  3658 I AlarmAdapter: set alarm exemption for action, pkg:android actionList:[DeviceIdleController.deep] set:true
05-16 01:42:55.071  1834  9349 D SmartHeartBeat: setAlarmExemptionByActionInner ...
05-16 01:42:55.073  2648  3658 I PassThroughStats: report app type, msg: flag=0 count=1 name=com.eg.android.AlipayGphone
05-16 01:42:55.073  2648  3658 I AppTypeRecogManager: removeAppFromList pkg: com.eg.android.AlipayGphone
05-16 01:42:55.074  2648  3658 I PassThroughStats: report app type, msg: flag=1 count=1 name=com.eg.android.AlipayGphone type=19
05-16 01:42:55.081  2648  3523 I ApplistMgr: App Info database change !
05-16 01:42:55.081  2648  3658 I AppTypeRecogManager: Cloud push type pkgName : com.eg.android.AlipayGphone type: 19
05-16 01:42:55.082  2648  3658 I ApplistMgr: mNightRequestInteractionApps: null
05-16 01:42:55.082  2648  3658 I ApplistMgr: mIgnoreAudioApps: null
05-16 01:42:55.083  2648  3658 I AppResManager: No Power kit config, list is null!!! 
05-16 01:42:55.084  2648  3658 I PG_ash  : load default bc proxy actions, modify: false, sProxyActionList: [android.intent.action.ANY_DATA_STATE, android.intent.action.TIME_TICK, android.intent.action.BATTERY_CHANGED, android.intent.action.SCREEN_ON, android.intent.action.SCREEN_OFF, android.intent.action.SIG_STR, android.intent.action.CONFIGURATION_CHANGED, android.intent.action.SERVICE_STATE, android.intent.action.USER_PRESENT, android.intent.action.PACKAGE_RESTARTED, android.intent.action.CLOSE_SYSTEM_DIALOGS, android.intent.action.PACKAGE_ADDED, android.intent.action.PACKAGE_REMOVED, android.intent.action.PACKAGE_CHANGED, android.intent.action.PACKAGE_REPLACED, android.intent.action.PHONE_STATE, android.intent.action.SIM_STATE_CHANGED, android.intent.action.MEDIA_SCANNER_FINISHED, android.intent.action.MEDIA_SCANNER_STARTED, android.intent.action.HEADSET_PLUG, android.intent.action.ACTION_DSDS_SUB1_OPERATOR_CHANGED, android.media.VOLUME_CHANGED_ACTION, android.net.conn.CONNECTIVITY_CHANGE, android.net.wifi.supplicant.CONNECTION_CHANGE, android.net.wifi.supplicant.STATE_CHANGE, android.net.wifi.WIFI_STATE_CHANGED, android.net.wifi.SCAN_RESULTS, android.net.wifi.STATE_CHANGE, android.net.wifi.RSSI_CHANGED, android.location.GPS_ENABLED_CHANGE, org.agoo.android.intent.action.ELECTION_RESULT_V4, com.tencent.android.tpush.service.channel.heartbeatIntent, com.tencent.android.tpush.action.SDK, com.baidu.android.pushservice.action.METHOD, com.igexin.sdk.action.execute, com.igexin.sdk.action.pushmanager, com.tencent.mm.plugin.openapi.Intent.ACTION_REFRESH_WXAPP, com.tencent.mm.plugin.openapi.Intent.ACTION_HANDLE_APP_REGISTER, com.huawei.espace.pushcheck, com.baidu.sapi2.ACTION_HOUR_FREQUENCY, com.baidu.android.pushservice.action.BIND_SYNC, android.location.GPS_FIX_CHANGE, com.android.eguan.drivermonitor, android.bluetooth.device.action.ACL_CONNECTED, android.bluetooth.device.action.ACL_DISCONNECTED, android.bluetooth.headset.profile.action.CONNECTION_STATE_CHANGED, android.os.action.DEVICE_IDLE_MODE_CHANGED, android.net.wifi.CONFIGURED_NETWORKS_CHANGE, com.action.utdid, wx_global_action, com.jingdong.jdpush.MSG_CENTER]
05-16 01:42:55.086  1008 29178 D keymaster_worker: Keystore begin
05-16 01:42:55.086  1008 29178 D keymaster_worker: Keystore begin hidl
05-16 01:42:55.086   586   586 I HisiKeyMaster: HisiKmBegin start
05-16 01:42:55.087   586   586 I HisiKeyMaster: Disable the enhanced crypto!
05-16 01:42:55.096   586   586 I HisiKeyMaster: out_params_buffer_len = 32
05-16 01:42:55.096   586   586 I HisiKeyMaster: HisiKmBegin success
05-16 01:42:55.096  1008 29178 D keymaster_worker: Keystore begin hidl end
05-16 01:42:55.097  1008 29178 D keymaster_worker: Keystore begin end
05-16 01:42:55.104  1008 29179 D keymaster_worker: Keystore update
05-16 01:42:55.105  1008 29179 D keymaster_worker: Keystore update hidl
05-16 01:42:55.105   586   586 I HisiKeyMaster: HisiKmUpdate start
05-16 01:42:55.105   586   586 I HisiKeyMaster: Disable the enhanced crypto!
05-16 01:42:55.118   586   586 I HisiKeyMaster: HisiKmUpdate success
05-16 01:42:55.119  1008 29179 D keymaster_worker: Keystore update hidl end
05-16 01:42:55.119  1008 29179 D keymaster_worker: Keystore update end
05-16 01:42:55.121  1008 29180 D keymaster_worker: Keystore update
05-16 01:42:55.121  1008 29180 D keymaster_worker: Keystore update hidl
05-16 01:42:55.122   586   586 I HisiKeyMaster: HisiKmUpdate start
05-16 01:42:55.122   586   586 I HisiKeyMaster: Disable the enhanced crypto!
05-16 01:42:55.132   586   586 I HisiKeyMaster: HisiKmUpdate success
05-16 01:42:55.133  1008 29180 D keymaster_worker: Keystore update hidl end
05-16 01:42:55.133  1008 29180 D keymaster_worker: Keystore update end
05-16 01:42:55.135  1008 29181 D keymaster_worker: Keystore update
05-16 01:42:55.135  1008 29181 D keymaster_worker: Keystore update hidl
05-16 01:42:55.135   586   586 I HisiKeyMaster: HisiKmUpdate start
05-16 01:42:55.135   586   586 I HisiKeyMaster: Disable the enhanced crypto!
05-16 01:42:55.141   586   586 I HisiKeyMaster: HisiKmUpdate success
05-16 01:42:55.142  1008 29181 D keymaster_worker: Keystore update hidl end
05-16 01:42:55.142  1008 29181 D keymaster_worker: Keystore update end
05-16 01:42:55.145  1008 29182 D keymaster_worker: Keystore update
05-16 01:42:55.145  1008 29182 D keymaster_worker: Keystore update hidl
05-16 01:42:55.145   586   586 I HisiKeyMaster: HisiKmUpdate start
05-16 01:42:55.145   586   586 I HisiKeyMaster: Disable the enhanced crypto!
05-16 01:42:55.151   586   586 I HisiKeyMaster: HisiKmUpdate success
05-16 01:42:55.152  1008 29182 D keymaster_worker: Keystore update hidl end
05-16 01:42:55.152  1008 29182 D keymaster_worker: Keystore update end
05-16 01:42:55.155  1008 29183 D keymaster_worker: Keystore update
05-16 01:42:55.155  1008 29183 D keymaster_worker: Keystore update hidl
05-16 01:42:55.155   586   586 I HisiKeyMaster: HisiKmUpdate start
05-16 01:42:55.155   586   586 I HisiKeyMaster: Disable the enhanced crypto!
05-16 01:42:55.161   586   586 I HisiKeyMaster: HisiKmUpdate success
05-16 01:42:55.161  1008 29183 D keymaster_worker: Keystore update hidl end
05-16 01:42:55.161  1008 29183 D keymaster_worker: Keystore update end
05-16 01:42:55.165  1008 29184 D keymaster_worker: Keystore update
05-16 01:42:55.165  1008 29184 D keymaster_worker: Keystore update hidl
05-16 01:42:55.165   586   586 I HisiKeyMaster: HisiKmUpdate start
05-16 01:42:55.165   586   586 I HisiKeyMaster: Disable the enhanced crypto!
05-16 01:42:55.171   586   586 I HisiKeyMaster: HisiKmUpdate success
05-16 01:42:55.171  1008 29184 D keymaster_worker: Keystore update hidl end
05-16 01:42:55.171  1008 29184 D keymaster_worker: Keystore update end
05-16 01:42:55.175  1008 29185 D keymaster_worker: Keystore update
05-16 01:42:55.175  1008 29185 D keymaster_worker: Keystore update hidl
05-16 01:42:55.175   586   586 I HisiKeyMaster: HisiKmUpdate start
05-16 01:42:55.175   586   586 I HisiKeyMaster: Disable the enhanced crypto!
05-16 01:42:55.181   586   586 I HisiKeyMaster: HisiKmUpdate success
05-16 01:42:55.181  1008 29185 D keymaster_worker: Keystore update hidl end
05-16 01:42:55.181  1008 29185 D keymaster_worker: Keystore update end
05-16 01:42:55.184  1008 29186 D keymaster_worker: Keystore update
05-16 01:42:55.185  1008 29186 D keymaster_worker: Keystore update hidl
05-16 01:42:55.185   586   586 I HisiKeyMaster: HisiKmUpdate start
05-16 01:42:55.185   586   586 I HisiKeyMaster: Disable the enhanced crypto!
05-16 01:42:55.191   586   586 I HisiKeyMaster: HisiKmUpdate success
05-16 01:42:55.191  1008 29186 D keymaster_worker: Keystore update hidl end
05-16 01:42:55.191  1008 29186 D keymaster_worker: Keystore update end
05-16 01:42:55.195  1008 29187 D keymaster_worker: Keystore update
05-16 01:42:55.195  1008 29187 D keymaster_worker: Keystore update hidl
05-16 01:42:55.195   586   586 I HisiKeyMaster: HisiKmUpdate start
05-16 01:42:55.195   586   586 I HisiKeyMaster: Disable the enhanced crypto!
05-16 01:42:55.202   586   586 I HisiKeyMaster: HisiKmUpdate success
05-16 01:42:55.202  1008 29187 D keymaster_worker: Keystore update hidl end
05-16 01:42:55.203  1008 29187 D keymaster_worker: Keystore update end
05-16 01:42:55.206  1008 29188 D keymaster_worker: Keystore update
05-16 01:42:55.206  1008 29188 D keymaster_worker: Keystore update hidl
05-16 01:42:55.207   586   586 I HisiKeyMaster: HisiKmUpdate start
05-16 01:42:55.207   586   586 I HisiKeyMaster: Disable the enhanced crypto!
05-16 01:42:55.212   586   586 I HisiKeyMaster: HisiKmUpdate success
05-16 01:42:55.212  1008 29188 D keymaster_worker: Keystore update hidl end
05-16 01:42:55.212  1008 29188 D keymaster_worker: Keystore update end
05-16 01:42:55.215  1008 29189 D keymaster_worker: Keystore finish
05-16 01:42:55.215  1008 29189 D keymaster_worker: Keystore finish hidl
05-16 01:42:55.215   586   586 I HisiKeyMaster: HisiKmFinish start
05-16 01:42:55.215   586   586 I HisiKeyMaster: Disable the enhanced crypto!
05-16 01:42:55.220   586   586 I HisiKeyMaster: output data size=16
05-16 01:42:55.220   586   586 I HisiKeyMaster: HisiKmFinish success
05-16 01:42:55.221  1008 29189 D keymaster_worker: Keystore finish hidl end
05-16 01:42:55.221  1008 29189 D keymaster_worker: Keystore finish end
05-16 01:42:55.226  1834  2066 I WificondControl: Noise: 0, Snr: 0, Chload: 0, rssi: -81, txBitrate: 26, rxBitrate: 2, frequency: 2452, UlDelay: 0, currentTxBytes: 444379193, currentTxPackets: 4538644, currentTxFailed: 0, currentRxBytes: 313010026, currentRxPackets: 7055482
05-16 01:42:55.226  1834 28844 I SecurityProfileDB: Write database file end
05-16 01:42:55.235  1834  2164 D HuaweiWifiWatchdogStateMachine: nothing to do
05-16 01:42:55.235  1834  2065 I WiFi_PRO: MSG_RETURN_AP_CURRY_RSSI rssi = -81
05-16 01:42:55.235  1834  2164 I HuaweiWifiWatchdogStateMachine: POta txb txg rxg:0, 4, 0. Lr =0% Totpkt=4
05-16 01:42:55.235  1834  2065 I QosMonitor: queryRtt: rttType = 3
05-16 01:42:55.235  1834  2065 I HwWifiProServiceProxy: ctrlHwWifiNetwork pkgName: WIFIPRO_SERVICE interfaceId: 8
05-16 01:42:55.235  1834  2166 I HwDualBandManager: handle2gApStrongWifiRssiChange
05-16 01:42:55.237  1834  2065 I QosMonitor: postEventFromNative: msg=100,arg1=4,arg2=10
05-16 01:42:55.237  1834  2065 I HwWifiProServiceProxy: ctrlHwWifiNetwork pkgName: WIFIPRO_SERVICE interfaceId: 8
05-16 01:42:55.237  1834  2065 I QosMonitor: postEventFromNative: msg=100,arg1=0,arg2=10
05-16 01:42:55.237  1834  2065 I MQoS    : rtt=368,tcpTxPkts=4208006,tcpRxPkts=6329607
05-16 01:42:55.238  1834  2065 I QosMonitor: resetRtt: rttType = 3
05-16 01:42:55.238  1834  2065 I HwWifiProServiceProxy: ctrlHwWifiNetwork pkgName: WIFIPRO_SERVICE interfaceId: 8
05-16 01:42:55.238  1834  2164 I HuaweiWifiWatchdogStateMachine: PTcp RTT:0, rtt pkt=0, tcp_rx=0, tcp_tx=0, tcp_reTran=0, rtRate=0
05-16 01:42:55.238  1834  2164 I HuaweiWifiWatchdogStateMachine: rssi bad, mrssi=-81 < TargetRssi=-72
05-16 01:42:55.238  1834  2164 I HuaweiWifiWatchdogStateMachine: start computeQosLevel tcpRtt = 0 ,rssi = -81 ,mBestSpeedInPeriod = 0
05-16 01:42:55.238  1834  2164 I HuaweiWifiWatchdogStateMachine: smoothConsecutiveQosResults, currentQosLevel = 2
05-16 01:42:55.238  1834 11540 D HwConnectivityServiceEx: set 1000 wlan0 value false
05-16 01:42:55.238  1834 11540 I MQoS    : QOS_level:0(0),DataDisable;use level-0
05-16 01:42:55.239  1834 11540 I MQoS    : skip-low-Level:0(0),DataDisable;use level-0
05-16 01:42:55.376  1064  1088 D AwareLog: iawared: WorkingsetProcessCommand subCmd = 353, userId=10360, pid=29081, com.mars.infra.trace
05-16 01:42:55.376  1064  1088 W AwareLog: iawared: WorkingsetRestoreAppIoPrioInternal SYS_ioprio_set failed! which=1, class=0, prio=4, pid=29081, errno=3
05-16 01:42:55.378  1064  1088 D AwareLog: iawared: WorkingsetAbort com.mars.infra.trace
05-16 01:42:55.431  2648  3523 I AppFasManager: set fas when standby protected app list changed : 
05-16 01:42:55.508 29038 29038 I HwGameAssistant-12.0.1.301-ReceiverController: excute System.exit
05-16 01:42:55.511 29038 29038 I meassistant:br: System.exit called, status: 0
05-16 01:42:55.511 29038 29038 I AndroidRuntime: VM exiting with result code 0, cleanup skipped.
05-16 01:42:55.578  1834  2975 I ActivityManager: Process com.huawei.gameassistant:brd (pid 29038) has died: cch+15 CEM 
05-16 01:42:55.579  1834  1877 I libprocessgroup: Successfully killed process cgroup uid 10093 pid 29038 in 0ms
05-16 01:42:55.579  1834  2094 W HwAudioServiceEx: SoundEffectState bundle get reserved is invalid
05-16 01:42:55.579   676   676 I Zygote  : Process 29038 exited cleanly (0)
05-16 01:42:55.579  1834  2975 D ActivityManager: cleanUpApplicationRecord app: 29038:com.huawei.gameassistant:brd/u0a93, bad: false, restarting: false, allowRestart: true
05-16 01:42:55.580  1834  1868 I HwPowerManagerService: appdie release wakelock, pid = 29038, uid = 10093
05-16 01:42:55.582  2451  3311 E HsmCoreServiceImpl: onTransact in code is: 102
05-16 01:42:55.582  2451  3311 I MediaProcessHandler: processOp opType: 1, uid: 10093, pid: 29038
05-16 01:42:55.582  1834  2030 W AwareLog: SchedLevelBoost: onProcessDied config not set!
05-16 01:42:55.582  2451  3311 W MediaProcessHandler: only the process it self can do this operation: 10093, 1000, 29038, 2752
05-16 01:42:55.582  2451  3311 I MediaProcessHandler: executedCallBack opType: 1 mMediaStatusObservers.size=1
05-16 01:42:55.964  2531 10191 I OPCollectLog: ARFromAwarenessImpl:handleMessage msg: 1
05-16 01:42:55.965  2531 10191 E CAWARENESS_CLIENT: sdk_b: checkApkExist false PackageManager.NameNotFoundException
05-16 01:42:55.965  2531 10191 E CAWARENESS_CLIENT: AwarenessManager: connectMsdpService() msdp do not install
05-16 01:42:56.081   690   690 D AudioALSAHardware: -getParameters()
05-16 01:42:56.085  1834  2094 I HwAudioServiceEx: HwAudioHandlerEx receive unknown msg
05-16 01:42:56.540  1834  2066 E WifiVendorHal: getWifiLinkLayerStats_1_3_Internal(l.957) failed {.code = ERROR_NOT_SUPPORTED, .description = }
05-16 01:42:56.549  1834  2066 I WificondControl: Noise: 0, Snr: 0, Chload: 0, rssi: -80, txBitrate: 26, rxBitrate: 2, frequency: 2452, UlDelay: 0, currentTxBytes: 444379193, currentTxPackets: 4538644, currentTxFailed: 0, currentRxBytes: 313010026, currentRxPackets: 7055482
05-16 01:42:56.553  1834  2066 V HwWifiServiceFactory: get AllImpl object = com.android.server.wifi.HwWifiServiceFactoryImpl@5f30e40
05-16 01:42:56.584  1086  1179 I HfLooper: als lux = 51.000000 , rawdata1 =199.000000., rawdata1 = 10.000000
05-16 01:42:56.883  1834  2065 I TrafficMonitor: update:rxPkts:0,txPkts:0,rxBytes:0,txBytes:0
05-16 01:42:56.883  1834  2065 I TrafficMonitor: gettimer:interval=2000
05-16 01:42:57.243   675 26102 I netd    : trafficSwapActiveStatsMap() <1.35ms>
05-16 01:42:57.357   833   833 I aptouch_daemon: check_afe_status, afe[242 120 X1] [ctrl:X40020 ftr:X140] dif[17 -15] raw[34044 32408] [exp:X0 aN:0 lo:0]
05-16 01:42:57.661   675 26102 I netd    : trafficSwapActiveStatsMap() <0.44ms>
05-16 01:42:58.295  1040  1040 E Thermal-daemon:hw_thermal: [mtk 4G pa] tempNew :28  tempOld :27
05-16 01:42:58.297  1040  1040 E Thermal-daemon:hw_thermal: Report temperature: [mtk 4G pa] temp :28  reportThreshold:1
05-16 01:42:58.420  1094  6920 D AALLightSensor: oldLux=57 [SA:50 LA:49] newLux=57 (oriLux: 51)
05-16 01:42:58.889  1834  2065 I TrafficMonitor: update:rxPkts:0,txPkts:0,rxBytes:0,txBytes:0
05-16 01:42:58.889  1834  2065 I TrafficMonitor: gettimer:interval=2000
05-16 01:42:59.235  1834  2066 I WificondControl: Noise: 0, Snr: 0, Chload: 0, rssi: -82, txBitrate: 26, rxBitrate: 2, frequency: 2452, UlDelay: 0, currentTxBytes: 444379193, currentTxPackets: 4538644, currentTxFailed: 0, currentRxBytes: 313010026, currentRxPackets: 7055482
05-16 01:42:59.247  1834  2164 I HuaweiWifiWatchdogStateMachine: POta txb txg rxg:0, 4, 0. Lr =0% Totpkt=4
05-16 01:42:59.247  1834  2065 I WiFi_PRO: MSG_RETURN_AP_CURRY_RSSI rssi = -82
05-16 01:42:59.247  1834  2065 I QosMonitor: queryRtt: rttType = 3
05-16 01:42:59.248  1834  2065 I HwWifiProServiceProxy: ctrlHwWifiNetwork pkgName: WIFIPRO_SERVICE interfaceId: 8
05-16 01:42:59.248  1834  2166 I HwDualBandManager: handle2gApStrongWifiRssiChange
05-16 01:42:59.249  1834  2065 I QosMonitor: postEventFromNative: msg=100,arg1=4,arg2=10
05-16 01:42:59.249  1834  2065 I HwWifiProServiceProxy: ctrlHwWifiNetwork pkgName: WIFIPRO_SERVICE interfaceId: 8
05-16 01:42:59.249  1834  2065 I QosMonitor: postEventFromNative: msg=100,arg1=0,arg2=10
05-16 01:42:59.249  1834  2065 I MQoS    : rtt=368,tcpTxPkts=4208006,tcpRxPkts=6329607
05-16 01:42:59.250  1834  2164 I HuaweiWifiWatchdogStateMachine: PTcp RTT:0, rtt pkt=0, tcp_rx=0, tcp_tx=0, tcp_reTran=0, rtRate=0
05-16 01:42:59.250  1834  2164 I HuaweiWifiWatchdogStateMachine: rssi bad, mrssi=-82 < TargetRssi=-72
05-16 01:42:59.250  1834 11540 D HwConnectivityServiceEx: set 1000 wlan0 value false
05-16 01:42:59.250  1834  2164 I HuaweiWifiWatchdogStateMachine: start computeQosLevel tcpRtt = 0 ,rssi = -82 ,mBestSpeedInPeriod = 0
05-16 01:42:59.250  1834  2164 I HuaweiWifiWatchdogStateMachine: smoothConsecutiveQosResults, currentQosLevel = 2
05-16 01:42:59.250  1086  1179 I HfLooper: als lux = 51.000000 , rawdata1 =199.000000., rawdata1 = 10.000000
05-16 01:42:59.250  1834 11540 I MQoS    : QOS_level:0(0),DataDisable;use level-0
05-16 01:42:59.558  1834  2066 E WifiVendorHal: getWifiLinkLayerStats_1_3_Internal(l.957) failed {.code = ERROR_NOT_SUPPORTED, .description = }
05-16 01:42:59.569  1834  2066 I WificondControl: Noise: 0, Snr: 0, Chload: 0, rssi: -82, txBitrate: 26, rxBitrate: 2, frequency: 2452, UlDelay: 0, currentTxBytes: 444379193, currentTxPackets: 4538644, currentTxFailed: 0, currentRxBytes: 313010026, currentRxPackets: 7055482
05-16 01:42:59.573  1834  2066 V HwWifiServiceFactory: get AllImpl object = com.android.server.wifi.HwWifiServiceFactoryImpl@5f30e40
05-16 01:42:59.657  1068  1068 I thermal_src: recvmsg_expect 4, but get 5 
05-16 01:42:59.658  1068  1068 V thermal_src: TA_DAEMON_CMD_SET_TTJ:ERROR ret=-1
05-16 01:42:59.658  1068  1068 E thermal_src: set_ttj_to_kernel 1:error -1
05-16 01:42:59.658  1068  1068 I thermal_src: recvmsg_expect 6, but get 4 
05-16 01:42:59.658  1068  1068 V thermal_src: TA_DAEMON_CMD_GET_TI:ERROR ret=-1
05-16 01:42:59.658  1068  1068 I thermal_src: recvmsg_expect 2, but get 6 
05-16 01:42:59.658  1068  1068 V thermal_src: waiting NOTIFY from kernel miss, -1
05-16 01:42:59.884  1834  2065 I TrafficMonitor: expired arrive. level:-1
05-16 01:42:59.884  1834  2065 I TrafficMonitor: during_ms:2005,period_ms:2000
05-16 01:42:59.884  1834  2065 I TrafficMonitor: count:318,rx_sum:0,tx_sum:0,rxBytes:0,during_ms:2005,rx_speed:0.0,tx_speed:0.0,rto:0.0
05-16 01:42:59.884  1834  2065 I HuaweiWifiWatchdogStateMachine: Get speed information rx_speed = 0 ,tx_speed = 0 ,isSpeedOk = false ,mBestSpeedInPeriod = 0
05-16 01:43:00.007  1834  1886 I PowerManagerService: handleSandman: wakefulness: 1,startDreaming: false
05-16 01:43:00.015  2256  2256 E DateView: DateView,mCurrentTime: 1652636580015
05-16 01:43:00.024  2686  2686 I HwLauncher: CalenderDynamicUpdater setHasUpdateSuccess, success: true
05-16 01:43:00.024  2686  2686 I HwLauncher: CalenderDynamicUpdater setHasUpdateSuccess, success: true
05-16 01:43:00.038   530   530 I hwservicemanager: getTransport: Cannot find entry vendor.huawei.hardware.hwsched@1.0::ISched/hwsched in either framework or device manifest.
05-16 01:43:00.039   749  1219 E SurfaceFlingerEx: notifyRealVsyncPeriod could not find AISched service
05-16 01:43:00.067  2686  2686 E ndroid.launche: No package ID ff found for ID 0xffffffff.
05-16 01:43:00.073 23396 23404 E bms_file: file /sys/class/hw_power/charger/direct_charger/direct_charge_succ is invalid
05-16 01:43:00.080   530   530 I hwservicemanager: getTransport: Cannot find entry vendor.huawei.hardware.graphics.hwcinterface@1.1::IHwcInterface/default in either framework or device manifest.
05-16 01:43:00.081   704 17882 W hwcomposer: [HWCTURBOMANAGER] init: IHwcInterface::tryGetService failed!  
05-16 01:43:00.084   704 17882 I hwcomposer: [HWCDisplay] [Display_0 (type:1)] fps:0.158299,dur:6317.15,max:6317.15,min:6317.15  
05-16 01:43:00.110 23396 23404 E bms_file: file /sys/class/hw_power/charger/direct_charger/direct_charge_succ is invalid
05-16 01:43:00.121   530   530 I hwservicemanager: getTransport: Cannot find entry vendor.huawei.hardware.hwsched@1.0::ISched/hwsched in either framework or device manifest.
05-16 01:43:00.121   749  1219 E SurfaceFlingerEx: notifyRealVsyncPeriod could not find AISched service
05-16 01:43:00.133  2256  2256 E ndroid.systemu: No package ID ff found for ID 0xffffffff.
05-16 01:43:00.136  2256  2256 E ndroid.systemu: No package ID ff found for ID 0xffffffff.
05-16 01:43:00.162 23396 23404 E bms_file: file /sys/class/hw_power/charger/direct_charger/direct_charge_succ is invalid
05-16 01:43:00.204  2648  3523 I AppFasManager: set fas when optimze changed : 
05-16 01:43:00.212 23396 23404 E bms_file: file /sys/class/hw_power/charger/direct_charger/direct_charge_succ is invalid
05-16 01:43:00.213 23396 23404 I bms_behavior: monitor interval count 518
05-16 01:43:00.235 25502 29193 D AdBlock_AbsAdRequest: doRequest
05-16 01:43:00.009  1834  1886 I PowerManagerService: handleSandman: wakefulness: 1,startDreaming: false
05-16 01:43:00.238  1834  1985 V ActivityManager: Successfully start provider ContentProviderRecord{9e64923 u0 com.huawei.systemmanager/.optimize.smcs.SMCSProvider} launchingApp=null caller pid= 25502
05-16 01:43:00.244 25502 29193 D AdBlock_AbsAdRequest: getPostRequestParam param: apps=%5B%7B%22pkgName%22%3A%22com.mars.infra.trace%22%2C%22versionCode%22%3A1%2C%22version%22%3A%221.0%22%7D%5D&buildNumber=JSC-AN00A+2.0.0.231%28C01E230R4P5%29&clientPackage=com.huawei.systemmanager&emuiVer=EmotionUI_12.0.0&firmwareVersion=10&locale=zh_CN&method=store.getControlStrategy&phoneType=JSC-AN00&resolution=1080x2400&sysBits=2&ts=1652636580236&version=11.1.1.440
05-16 01:43:00.244 25502 29193 D HsmJoinRequest: http request.
05-16 01:43:00.256 25502 29193 D HsmGzipRequest: setRequestProperty jsonObject already!
05-16 01:43:00.258   675  1214 W /system/bin/netd: A binder object at 0x71cff31ac0 is being transacted on, however, this object is in the same process as its proxy. Transacting with this binder is expensive compared to just calling the corresponding functionality in the same process.
05-16 01:43:00.894  1834  2065 I TrafficMonitor: update:rxPkts:0,txPkts:1,rxBytes:0,txBytes:64
05-16 01:43:00.894  1834  2065 I TrafficMonitor: gettimer:interval=2000
05-16 01:43:01.070  2648  3523 I CommonAdapter: setDeviceIdleIgnoreLocating ignoreLocating=true
05-16 01:43:01.071  2648  3523 I AlarmConfigUnifier: set doze ignore locating enable:true
05-16 01:43:01.072  2648  3523 I AlarmConfigUnifier: check doze ignore locating state=true
05-16 01:43:01.072  2648  3523 I AlarmAdapter: set alarm exemption for action, pkg:android actionList:[DeviceIdleController.deep] set:false
05-16 01:43:01.073  1834  2975 D SmartHeartBeat: setAlarmExemptionByActionInner ...
05-16 01:43:01.204   746 15352 D AudioPolicyService: getUidState(10037) cacheIter->second.first, return cacheIter->second.second(6)
05-16 01:43:01.217   746 15352 D AudioPolicyService: getUidState(10037) cacheIter->second.first, return cacheIter->second.second(11)
05-16 01:43:01.919  1086  1179 I HfLooper: als lux = 51.000000 , rawdata1 =199.000000., rawdata1 = 10.000000
05-16 01:43:02.290  1834  1834 D HwConnectivityManagerImpl: getNetworkPolicyFlag flagStr null
05-16 01:43:02.291   675  1218 I         : ApiCount[0, 0, 1, 617, 0, 0, 0, 175, 172, 0, 3457, 2122, 0, 126, 80, 0, 82, 0, 11505, 39075]
05-16 01:43:02.325 25502 29193 I SecureSSLSocketFactory: createSocket: s , host , port , autoClose
05-16 01:43:02.484 25502 29193 D HsmGzipRequest: Release connection
05-16 01:43:02.485 25502 29193 W HSM_UI-11.1.1.440: AdBlockResultHandle:handleAdView array is empty
05-16 01:43:02.487  1834  2975 V ActivityManager: Successfully start provider ContentProviderRecord{9e64923 u0 com.huawei.systemmanager/.optimize.smcs.SMCSProvider} launchingApp=null caller pid= 25502
05-16 01:43:02.508  1834  1875 I AlarmManager: remove alarm:Alarm{6a9ff39 type 1 when 1652704089763 PendingIntent{879e31a: PendingIntentRecord{f33ce4b com.huawei.systemmanager broadcastIntent}}com.huawei.systemmanager procName com.huawei.systemmanager:service} according to operation:879e31a
05-16 01:43:02.580  1834  2066 E WifiVendorHal: getWifiLinkLayerStats_1_3_Internal(l.957) failed {.code = ERROR_NOT_SUPPORTED, .description = }
05-16 01:43:02.584  1094  6920 D AALLightSensor: oldLux=57 [SA:50 LA:49] newLux=57 (oriLux: 51)
05-16 01:43:02.587  1834  2066 I WificondControl: Noise: 0, Snr: 0, Chload: 0, rssi: -82, txBitrate: 26, rxBitrate: 2, frequency: 2452, UlDelay: 0, currentTxBytes: 444379423, currentTxPackets: 4538647, currentTxFailed: 0, currentRxBytes: 313010603, currentRxPackets: 7055485
05-16 01:43:02.589  1834  2066 V HwWifiServiceFactory: get AllImpl object = com.android.server.wifi.HwWifiServiceFactoryImpl@5f30e40
05-16 01:43:02.617   530   530 I hwservicemanager: getTransport: Cannot find entry vendor.huawei.hardware.hwsched@1.0::ISched/hwsched in either framework or device manifest.
05-16 01:43:02.618   749  1219 E SurfaceFlingerEx: notifyRealVsyncPeriod could not find AISched service
05-16 01:43:02.626   704   786 I hwcomposer: [HWCDisplay] [Display_0 (type:1)] fps:0.786850,dur:2541.78,max:2512.12,min:29.66  
05-16 01:43:02.685   675 26102 I netd    : trafficSwapActiveStatsMap() <0.50ms>
05-16 01:43:02.700   530   530 I hwservicemanager: getTransport: Cannot find entry vendor.huawei.hardware.hwsched@1.0::ISched/hwsched in either framework or device manifest.
05-16 01:43:02.700   749  1219 E SurfaceFlingerEx: notifyRealVsyncPeriod could not find AISched service
05-16 01:43:02.898  1834  2065 I TrafficMonitor: update:rxPkts:8,txPkts:10,rxBytes:5219,txBytes:1627
05-16 01:43:02.898  1834  2065 I TrafficMonitor: gettimer:interval=2000
05-16 01:43:03.131  2451  2748 I SpeedTestNotifier: is low speed scene
05-16 01:43:03.237  1834  2066 I WificondControl: Noise: 0, Snr: 0, Chload: 0, rssi: -82, txBitrate: 26, rxBitrate: 1, frequency: 2452, UlDelay: 0, currentTxBytes: 444379423, currentTxPackets: 4538647, currentTxFailed: 0, currentRxBytes: 313010603, currentRxPackets: 7055485
05-16 01:43:03.248  1834  2164 D HuaweiWifiWatchdogStateMachine: nothing to do
05-16 01:43:03.248  1834  2065 I WiFi_PRO: MSG_RETURN_AP_CURRY_RSSI rssi = -82
05-16 01:43:03.248  1834  2164 I HuaweiWifiWatchdogStateMachine: POta txb txg rxg:0, 7, 0. Lr =0% Totpkt=7
05-16 01:43:03.248  1834  2065 I QosMonitor: queryRtt: rttType = 3
05-16 01:43:03.248  1834  2065 I HwWifiProServiceProxy: ctrlHwWifiNetwork pkgName: WIFIPRO_SERVICE interfaceId: 8
