05-16 01:43:05.988  1094  1176 D AAL     : LABC: LABC after setTarget isSmoothBacklight=0 
05-16 01:43:05.988  1094  1176 D AAL     : 05-16 01:43:05.922 BL= 196,ESS= 256, 05-16 01:43:05.938 BL= 207,ESS= 256, 05-16 01:43:05.955 BL= 217,ESS= 256, 05-16 01:43:05.971 BL= 228,ESS= 256, 05-16 01:43:05.988 BL= 239,ESS= 256, 
05-16 01:43:05.997   719   719 E DE H =DE: setAmoled:522: can not support this mode: MODE_AMOLED!
05-16 01:43:05.997   731   731 D lights  : write_int open fd=6
05-16 01:43:05.997  1834  2975 V ActivityManager: Successfully start provider ContentProviderRecord{ac6ac80 u0 com.android.providers.settings/.hwext.HwSettingsProvider} launchingApp=null caller pid= 29199
05-16 01:43:05.998   530   530 I hwservicemanager: getTransport: Cannot find entry vendor.huawei.hardware.graphics.hwcinterface@1.1::IHwcInterface/default in either framework or device manifest.
05-16 01:43:05.998   704 17882 W hwcomposer: [HWCTURBOMANAGER] init: IHwcInterface::tryGetService failed!  
05-16 01:43:06.003 29199 29199 V ActivityThread: callActivityOnCreate
05-16 01:43:06.004   675 26102 I netd    : trafficSwapActiveStatsMap() <0.63ms>
05-16 01:43:06.005  1094  1176 D AAL     : onBacklightChanged: 239/1023 -> 250/1023(phy:500/4095)
05-16 01:43:06.005  1094  1176 D AAL     : LABC: LABC after setTarget isSmoothBacklight=0 
05-16 01:43:06.000   994   994 W BatteryHandler: type=1400 audit(0.0:221309): avc: denied { read } for pid=994 name="temp" dev="sysfs" ino=41501 scontext=u:r:dubaid:s0 tcontext=u:object_r:sysfs_pg:s0 tclass=lnk_file permissive=0
05-16 01:43:06.006   675 26102 I netd    : trafficSwapActiveStatsMap() <0.20ms>
05-16 01:43:06.014   530   530 I hwservicemanager: getTransport: Cannot find entry vendor.huawei.hardware.graphics.hwcinterface@1.1::IHwcInterface/default in either framework or device manifest.
05-16 01:43:06.014   704 17882 W hwcomposer: [HWCTURBOMANAGER] init: IHwcInterface::tryGetService failed!  
05-16 01:43:06.014   719   719 E DE H =DE: setAmoled:522: can not support this mode: MODE_AMOLED!
05-16 01:43:06.014   731   731 D lights  : write_int open fd=6
05-16 01:43:06.015 29199 29199 E gy      : onCreate invoke
05-16 01:43:06.015 29199 29199 D AndroidRuntime: Shutting down VM
05-16 01:43:06.015 29199 29199 I QarthLog: [PatchStore] createDisableExceptionQarthFile
05-16 01:43:06.015 29199 29199 I QarthLog: [PatchStore] create disable file for com.mars.infra.trace uid is 10360
--------- beginning of crash
05-16 01:43:06.016 29199 29199 E AndroidRuntime: FATAL EXCEPTION: main
05-16 01:43:06.016 29199 29199 E AndroidRuntime: Process: com.mars.infra.trace, PID: 29199
05-16 01:43:06.016 29199 29199 E AndroidRuntime: java.lang.NoSuchMethodError: No super method execute()V in class Lcom/mars/infra/generate/Fusion_androidx_appcompat_app_AppCompatActivity; or its super classes (declaration of 'com.mars.infra.generate.Fusion_androidx_appcompat_app_AppCompatActivity' appears in /data/app/com.mars.infra.trace-5qYcUG2DKs09UvosGGDsmA==/base.apk)
05-16 01:43:06.016 29199 29199 E AndroidRuntime: 	at com.mars.infra.generate.Fusion_androidx_appcompat_app_AppCompatActivity.onCreate(Unknown Source:10)
05-16 01:43:06.016 29199 29199 E AndroidRuntime: 	at com.mars.infra.fusion.MainActivity.onCreate(Unknown Source:8)
05-16 01:43:06.016 29199 29199 E AndroidRuntime: 	at android.app.Activity.performCreate(Activity.java:8214)
05-16 01:43:06.016 29199 29199 E AndroidRuntime: 	at android.app.Activity.performCreate(Activity.java:8202)
05-16 01:43:06.016 29199 29199 E AndroidRuntime: 	at android.app.Instrumentation.callActivityOnCreate(Instrumentation.java:1320)
05-16 01:43:06.016 29199 29199 E AndroidRuntime: 	at android.app.ActivityThread.performLaunchActivity(ActivityThread.java:4033)
05-16 01:43:06.016 29199 29199 E AndroidRuntime: 	at android.app.ActivityThread.handleLaunchActivity(ActivityThread.java:4247)
05-16 01:43:06.016 29199 29199 E AndroidRuntime: 	at android.app.servertransaction.LaunchActivityItem.execute(LaunchActivityItem.java:91)
05-16 01:43:06.016 29199 29199 E AndroidRuntime: 	at android.app.servertransaction.TransactionExecutor.executeCallbacks(TransactionExecutor.java:149)
05-16 01:43:06.016 29199 29199 E AndroidRuntime: 	at android.app.servertransaction.TransactionExecutor.execute(TransactionExecutor.java:103)
05-16 01:43:06.016 29199 29199 E AndroidRuntime: 	at android.app.ActivityThread$H.handleMessage(ActivityThread.java:2613)
05-16 01:43:06.016 29199 29199 E AndroidRuntime: 	at android.os.Handler.dispatchMessage(Handler.java:110)
05-16 01:43:06.016 29199 29199 E AndroidRuntime: 	at android.os.Looper.loop(Looper.java:219)
05-16 01:43:06.016 29199 29199 E AndroidRuntime: 	at android.app.ActivityThread.main(ActivityThread.java:8668)
05-16 01:43:06.016 29199 29199 E AndroidRuntime: 	at java.lang.reflect.Method.invoke(Native Method)
05-16 01:43:06.016 29199 29199 E AndroidRuntime: 	at com.android.internal.os.RuntimeInit$MethodAndArgsCaller.run(RuntimeInit.java:513)
05-16 01:43:06.016 29199 29199 E AndroidRuntime: 	at com.android.internal.os.ZygoteInit.main(ZygoteInit.java:1109)
05-16 01:43:06.020  1834  2010 I ActivityManager: sendIntentSender target:PendingIntentRecord{ab86724 android broadcastIntent}, intent:flg=0x4 hwFlg=0x810
05-16 01:43:06.020  1834  2128 W ActivityManager: Process com.mars.infra.trace has crashed too many times: killing!
05-16 01:43:06.020  1834  2128 W ActivityTaskManager:   handleAppCrashLocked Force finishing activity com.mars.infra.trace/com.mars.infra.fusion.MainActivity
05-16 01:43:06.020  1834  2010 E HwActivityTaskManagerServiceEx: isNeedInterceptStart isNeedInterceptAlarm getPackageUid exception
05-16 01:43:06.020  1834 29244 I DropBoxManagerService: add tag=data_app_crash isTagEnabled=true flags=0x2
05-16 01:43:06.020  1834  2128 E HwActivityTaskManagerServiceEx: invalid ActivityRecord, error.
05-16 01:43:06.020  1834  2128 E HwActivityTaskManagerServiceEx: parse activity info error.
05-16 01:43:06.020  1834  2128 I WindowManager: removeWindowToken: displayid:0 binder:Token{4707fc4 ActivityRecord{9afa56 u0 com.mars.infra.trace/com.mars.infra.fusion.MainActivity t313 f}} token:AppWindowToken{6c4ead token=Token{4707fc4 ActivityRecord{9afa56 u0 com.mars.infra.trace/com.mars.infra.fusion.MainActivity t313}}}
05-16 01:43:06.020  1834  2128 V WindowManager: commitVisibility: AppWindowToken{6c4ead token=Token{4707fc4 ActivityRecord{9afa56 u0 com.mars.infra.trace/com.mars.infra.fusion.MainActivity t313}}}: hidden=true hiddenRequested=true
05-16 01:43:06.021  1834  2128 W WindowManager: Failed to take screenshot. App is animating AppWindowToken{6c4ead token=Token{4707fc4 ActivityRecord{9afa56 u0 com.mars.infra.trace/com.mars.infra.fusion.MainActivity t313}}}
05-16 01:43:06.021  1094  1176 D AAL     : onBacklightChanged: 250/1023 -> 261/1023(phy:522/4095)
05-16 01:43:06.021  1094  1176 D AAL     : LABC: LABC after setTarget isSmoothBacklight=0 
05-16 01:43:06.021  1834  2128 V WindowManager: removeAppToken: AppWindowToken{6c4ead token=Token{4707fc4 ActivityRecord{9afa56 u0 com.mars.infra.trace/com.mars.infra.fusion.MainActivity t313}}} delayed=true Callers=com.android.server.wm.DisplayContent.removeAppToken:1320 com.android.server.wm.ActivityRecord.removeWindowContainer:1446 com.android.server.wm.ActivityStack.removeActivityFromHistoryLocked:5542 com.android.server.wm.ActivityStack.destroyActivityLocked:5799 com.android.server.wm.ActivityStack.finishCurrentActivityLocked:5225 com.android.server.wm.ActivityStack.handleAppCrash:6557 com.android.server.wm.RootActivityContainer.handleAppCrash:1926 com.android.server.wm.ActivityTaskManagerService$LocalService.onHandleAppCrash:8427 com.android.server.am.AppErrors.handleAppCrashLocked:775 
05-16 01:43:06.021  1834  2128 V WindowManager: removeAppToken make exiting: AppWindowToken{6c4ead token=Token{4707fc4 ActivityRecord{9afa56 u0 com.mars.infra.trace/com.mars.infra.fusion.MainActivity t313}}}
05-16 01:43:06.022  1834  2128 I TaskSnapshot: taskId:313 Callers=com.android.server.wm.TaskSnapshotCache.removeRunningEntry:196 com.android.server.wm.TaskSnapshotCache.onTaskRemoved:176 com.android.server.wm.TaskSnapshotController.notifyTaskRemovedFromRecents:749 com.android.server.wm.WindowManagerService.notifyTaskRemovedFromRecents:7189 com.android.server.wm.TaskRecord.removedFromRecents:1202 com.android.server.wm.ActivityStackSupervisor.onRecentTaskRemoved:2283 com.android.server.wm.RecentTasks.notifyTaskRemoved:452 com.android.server.wm.RecentTasks.remove:1251 
05-16 01:43:06.022  1834  2128 V ActivityTaskManager: positionChild stackId=0 to top.
05-16 01:43:06.023  9635 25914 I CAWARENESS_AppUsageManager: Repeat info, don't need publish
05-16 01:43:06.024  1834 29243 I QarthDisFileCreator: pattern not match
05-16 01:43:06.030  1834  2128 V ActivityTaskManager: removeChild: detaching stackId=301 from displayId=0
05-16 01:43:06.031   530   530 I hwservicemanager: getTransport: Cannot find entry vendor.huawei.hardware.graphics.hwcinterface@1.1::IHwcInterface/default in either framework or device manifest.
05-16 01:43:06.031   704 17882 W hwcomposer: [HWCTURBOMANAGER] init: IHwcInterface::tryGetService failed!  
05-16 01:43:06.031   719   719 E DE H =DE: setAmoled:522: can not support this mode: MODE_AMOLED!
05-16 01:43:06.032   731   731 D lights  : write_int open fd=6
05-16 01:43:06.033  1834  2128 W HwActivityTaskManagerServiceEx: setResumedActivityUncheckLocked start call, from: ActivityRecord{9afa56 u0 com.mars.infra.trace/com.mars.infra.fusion.MainActivity t-1 f}, to: ActivityRecord{e34f1f0 u0 com.huawei.android.launcher/.unihome.UniHomeLauncher t1}
05-16 01:43:06.033  2686  2686 D ActivityThread: Won't deliver top position change in state=4
05-16 01:43:06.033  1834  2128 W HwActivityTaskManagerServiceEx: appSwitch from: com.mars.infra.trace to: com.huawei.android.launcher
05-16 01:43:06.034  2451 28718 I AssistantService-11.2.1.200: registerHwActivityNotifier call fromPackage:com.mars.infra.trace, toPackage:com.huawei.android.launcher
05-16 01:43:06.034  1834  2128 I WindowManager: Changing focus from null to Window{8c63ef1 u0 com.huawei.android.launcher/com.huawei.android.launcher.unihome.UniHomeLauncher} displayId=0 Callers=com.android.server.wm.RootWindowContainer.updateFocusedWindowLocked:209 com.android.server.wm.WindowManagerService.updateFocusedWindowLocked:6517 com.android.server.wm.ActivityDisplay.setFocusedApp:1593 com.android.server.wm.ActivityTaskManagerService.setResumedActivityUncheckLocked:6561 
05-16 01:43:06.034  2451  3311 I Hicom_Monitor: mAppSwitchNotifierEx. uid: 10065, foreground app: com.huawei.android.launcher, foreground activity: com.huawei.android.launcher.unihome.UniHomeLauncher
05-16 01:43:06.034  2451 13434 D AssistantService-11.2.1.200: handleMessage app switch fromPackage:com.mars.infra.trace, toPackage:com.huawei.android.launcher
05-16 01:43:06.034  2451  3311 D SmartcareProc: onForegroundAppChanged, pkgName:com.huawei.android.launcher, uid: 10065
05-16 01:43:06.034  2451  3311 D SmartcareProc: handlerAppForeground not match
05-16 01:43:06.035  2451  3311 W FiControl: Failed to find configuration for com.huawei.android.launcher
05-16 01:43:06.035  1834  2163 I WiFi_PRO_WifiProStateMachine: current app com.huawei.android.launcher, has changed
05-16 01:43:06.035  1834  2163 I WiFi_PRO_WifiProStateMachine: not in RecommendWifi2CellState.
05-16 01:43:06.035  2451  3370 I Hicom_XEngineProc: handleForegroundAppChanged pkgName = com.huawei.android.launcher
05-16 01:43:06.035  1834  1869 D HwGameAssistantController: UPDATE: mCurFgPkg=com.huawei.android.launcher, mCurFgPid=2686, mIsCurGame=false
05-16 01:43:06.035  2686 13840 W HwLauncher: ExitAppAnimationManager getAnimationInfoMyself, mAnimationInfo = com.huawei.android.launcher.exitapp.ExitAppAnimationManager$AnimationInfo@b88e233
05-16 01:43:06.035  2451  3370 W Hicom_XEngineProc: sendForegroundMessageToDaemon. daemonCommand is null
05-16 01:43:06.035  2686  2686 W HwLauncher: RotationHelper hideAdjacentScreen, launcher is not transposed. RotationMode = com.huawei.android.launcher.graphics.RotationMode$1{b5d00b0 surfaceRotation = 0.0,isTransposed = false}
05-16 01:43:06.036  1834  2128 I HwDisplayContentEx: currentFocus windowstate not null
05-16 01:43:06.036  1834  1856 D StatusBarManagerService: win:Window{8c63ef1 u0 com.huawei.android.launcher/com.huawei.android.launcher.unihome.UniHomeLauncher}mIsColorEnable:truelight:false
05-16 01:43:06.036  1834  2128 D ZrHung.AppEyeFocusWindow: FocusWindowErrorScene cancelCheckFreezeScreen
05-16 01:43:06.036  1834  2128 I HwDisplayContentEx: trans currentFocus windowstate not null
05-16 01:43:06.036  1834  2128 D ZrHung.AppEyeTransparentWindow: TransparentWindow mHungConfigStatus = 0,mHungConfigEnable = 1
05-16 01:43:06.036  1834  1856 I StatusBarDisable: setFlags what=0 which=1 pkg=Window{8c63ef1 u0 com.huawei.android.launcher/com.huawei.android.launcher.unihome.UniHomeLauncher}
05-16 01:43:06.036  2256  9001 D HwCommandQueue: CommandQueue, set Launcher StatusBar Color
05-16 01:43:06.036 26597 29079 I HiAdKit.DC.PersistentMessageCenter:  notifyMessage com.huawei.hwid_app_switch_from_to_intent
05-16 01:43:06.036  1834  1985 I HwWindowManagerServiceEx: set app win exit info, bundle = Bundle[mParcelledData.dataSize=288], iconBitmap = android.graphics.Bitmap@6afa153
05-16 01:43:06.036  1834  1985 D HwWindowManagerServiceEx: AnimationTurbo wms set setIconToLayer exit icon
05-16 01:43:06.036  1834  1985 D HwWindowManagerServiceEx: set app win icon info, bundle = Bundle[{isLandscape=false, launcherPkgName=com.huawei.android.launcher, iconWidth=180, pivotX=666.0, pivotY=1832.0, iconHeight=180, flag=0}], iconBitmap = android.graphics.Bitmap@6afa153mExitPivotX =666.0mExitPivotY =1832.0floatBallSize = 0.0mExitIconWidth =180mExitIconHeight =180mExitFlag =0callingUid10065
05-16 01:43:06.037  1834  2128 I ActivityTaskManager: Making visible and scheduling visibility: ActivityRecord{e34f1f0 u0 com.huawei.android.launcher/.unihome.UniHomeLauncher t1}
05-16 01:43:06.038  1834  2128 I HwWindowManagerServiceEx: setLandAnimationInfo : false
05-16 01:43:06.038  1094  1176 D AAL     : onBacklightChanged: 261/1023 -> 272/1023(phy:544/4095)
05-16 01:43:06.038  1094  1176 D AAL     : LABC: LABC after setTarget isSmoothBacklight=0 
05-16 01:43:06.041  2686  2686 I ActivityThread: Handle window ActivityRecord{a769a39 token=android.os.BinderProxy@8a2ab2c {com.huawei.android.launcher/com.huawei.android.launcher.unihome.UniHomeLauncher}} visibility: true
05-16 01:43:06.043  1834  2128 I WindowManager: dispatchResized : win = Window{8c63ef1 u0 com.huawei.android.launcher/com.huawei.android.launcher.unihome.UniHomeLauncher} drawState = DRAW_PENDING
05-16 01:43:06.044  1834  2128 V WindowManager: notifyAppResumed: wasStopped=false AppWindowToken{78f3d1c token=Token{64f768f ActivityRecord{e34f1f0 u0 com.huawei.android.launcher/.unihome.UniHomeLauncher t1}}}
05-16 01:43:06.046   743   779 I libPowerHal: [PE] scn:61 hdl:12 user:iawareperf@1.0- pid:728 tid:1000
05-16 01:43:06.046   743   779 I libPowerHal: iawareperf@1.0-: set gpu opp level max: 0
05-16 01:43:06.046   743   779 I libPowerHal: iawareperf@1.0-: hard user limit set cpu freq: 1750000 -1 1993000 -1
05-16 01:43:06.048   530   530 I hwservicemanager: getTransport: Cannot find entry vendor.huawei.hardware.graphics.hwcinterface@1.1::IHwcInterface/default in either framework or device manifest.
05-16 01:43:06.048  1834  1859 I ViewRootImpl: dispatchDetachedFromWindow in doDie
05-16 01:43:06.048   704 17882 W hwcomposer: [HWCTURBOMANAGER] init: IHwcInterface::tryGetService failed!  
05-16 01:43:06.048  1834  2128 I ActivityManager: Killing 29199:com.mars.infra.trace/u0a360 (adj 0): crash
05-16 01:43:06.049   731   731 D lights  : write_int open fd=6
05-16 01:43:06.049  1834  2128 D ActivityManager: cleanUpApplicationRecord app: 29199:com.mars.infra.trace/u0a360, bad: true, restarting: false, allowRestart: false
05-16 01:43:06.049  1834  2094 W HwAudioServiceEx: SoundEffectState bundle get reserved is invalid
05-16 01:43:06.049  1834  1868 I HwPowerManagerService: appdie release wakelock, pid = 29199, uid = 10360
05-16 01:43:06.049   719   719 E DE H =DE: setAmoled:522: can not support this mode: MODE_AMOLED!
05-16 01:43:06.050  1834  1859 I WindowManager: removeIfPossible: Window{1f5a665 u0 Splash Screen com.mars.infra.trace EXITING} callers=com.android.server.wm.WindowState.removeIfPossible:2602 com.android.server.wm.WindowManagerService.removeWindow:2282 com.android.server.wm.Session.remove:179 android.view.ViewRootImpl.dispatchDetachedFromWindow:4910 android.view.ViewRootImpl.doDie:8254 
05-16 01:43:06.051  1834  1859 I WindowManager: Not removing Window{1f5a665 u0 Splash Screen com.mars.infra.trace EXITING} due to exit animation 
05-16 01:43:06.051  1834  1877 I libprocessgroup: Successfully killed process cgroup uid 10360 pid 29199 in 0ms
05-16 01:43:06.053  1834  1859 I WindowManager: Checking 1 opening apps (frozen=false timeout=false)...
05-16 01:43:06.053  1834  1859 I WindowManager: Check opening app=AppWindowToken{78f3d1c token=Token{64f768f ActivityRecord{e34f1f0 u0 com.huawei.android.launcher/.unihome.UniHomeLauncher t1}}}: allDrawn=false startingDisplayed=false startingMoved=false isRelaunching()=false startingWindow=null
05-16 01:43:06.053  1834  1886 I PowerManagerService: handleSandman: wakefulness: 1,startDreaming: false
05-16 01:43:06.054  1094  1176 D AAL     : onBacklightChanged: 272/1023 -> 283/1023(phy:566/4095)
05-16 01:43:06.054  1094  1176 D AAL     : LABC: LABC after setTarget isSmoothBacklight=0 
05-16 01:43:06.055  1834  1859 I WindowManager: Animation done in AppWindowToken{78f3d1c token=Token{64f768f ActivityRecord{e34f1f0 u0 com.huawei.android.launcher/.unihome.UniHomeLauncher t1}}} isHidden:true hiddenRequested:false
05-16 01:43:06.055  1834  1859 I WindowManager: Animation done in AppWindowToken{6c4ead token=Token{4707fc4 ActivityRecord{9afa56 u0 com.mars.infra.trace/com.mars.infra.fusion.MainActivity t313}}} mIsExiting= isHidden:true hiddenRequested:true
05-16 01:43:06.055  1834  1859 I WindowManager: Exit animation finished in Window{1f5a665 u0 Splash Screen com.mars.infra.trace EXITING}: remove=true
05-16 01:43:06.055  1834  1859 E WindowManager: win=Window{1f5a665 u0 Splash Screen com.mars.infra.trace EXITING} destroySurfaces: appStopped=false win.mWindowRemovalAllowed=true win.mRemoveOnExit=true
05-16 01:43:06.056  2648  3523 I ScenarioService: app focus change from: com.mars.infra.trace to:com.huawei.android.launcher
05-16 01:43:06.056  2648  3523 I ScenarioService: add focus on app:com.huawei.android.launcher to visiblePkgs
05-16 01:43:06.056  2648  3523 D ScenarioService: front pkg : com.huawei.android.launcher launcher: true
05-16 01:43:06.056  2648  3658 I PG_ash  : front pkg : com.huawei.android.launcher
05-16 01:43:06.056  2648  3523 I AppsUsage: scnOff:false FgAPP:com.huawei.android.launcher BgAPP:com.mars.infra.trace
05-16 01:43:06.056  2648  3737 I PGServer: report state:10000 event type:2 pid:0 uid:0 pkg:com.mars.infra.trace to pid: 1834
05-16 01:43:06.057  2648  3737 I PGServer: report state:10000 event type:2 pid:0 uid:0 pkg:com.mars.infra.trace to pid: 2648
05-16 01:43:06.057  2648  3737 I SceneReceiver: state type: 10000 eventType:2 pid:0 uid:0 pkg:com.mars.infra.trace
05-16 01:43:06.057  2648  3737 I PGServer: report state:10010 event type:1 pid:0 uid:0 pkg:com.huawei.android.launcher to pid: 1834
05-16 01:43:06.057  2648  3737 I PGServer: report state:10010 event type:1 pid:0 uid:0 pkg:com.huawei.android.launcher to pid: 2648
05-16 01:43:06.057  2648  3737 I ApsAppsTypeHandler: APS: APK: ApsAppsTypeHandler.getInstance, sInstance = com.huawei.android.hwaps.o@72c8c2b
05-16 01:43:06.057  2648 30280 I PGServer: checkPkgType. calling pkg: android
05-16 01:43:06.057  1834  2975 I HwBastetService: current len less then 0, need return!
05-16 01:43:06.057  1834  2975 I DE J DES: [effect] Pg pkg:com.huawei.android.launcher
05-16 01:43:06.057  1834  1859 I WindowManager: postWindowRemoveCleanupLocked: Window{1f5a665 u0 Splash Screen com.mars.infra.trace}
05-16 01:43:06.057  1834  1859 I WindowManager: Removing Window{1f5a665 u0 Splash Screen com.mars.infra.trace} from AppWindowToken{6c4ead token=Token{4707fc4 ActivityRecord{9afa56 u0 com.mars.infra.trace/com.mars.infra.fusion.MainActivity t313}}} mIsExiting=
05-16 01:43:06.057  1834  2975 I HwBastetService: current len less then 0, need return!
05-16 01:43:06.057  2648  3737 I SceneReceiver: state type: 10010 eventType:1 pid:0 uid:0 pkg:com.huawei.android.launcher
05-16 01:43:06.060  2648  5154 W ThermalTraceTool: IOException:java.io.IOException: read failed: EIO (I/O error)
05-16 01:43:06.062  1834  1859 I WindowManager: Checking 1 opening apps (frozen=false timeout=false)...
05-16 01:43:06.062  1834  1859 I WindowManager: Check opening app=AppWindowToken{78f3d1c token=Token{64f768f ActivityRecord{e34f1f0 u0 com.huawei.android.launcher/.unihome.UniHomeLauncher t1}}}: allDrawn=false startingDisplayed=false startingMoved=false isRelaunching()=false startingWindow=null
05-16 01:43:06.063   719   719 E DE H =DE: setAmoled:522: can not support this mode: MODE_AMOLED!
05-16 01:43:06.064   731   731 D lights  : write_int open fd=6
05-16 01:43:06.065   530   530 I hwservicemanager: getTransport: Cannot find entry vendor.huawei.hardware.graphics.hwcinterface@1.1::IHwcInterface/default in either framework or device manifest.
05-16 01:43:06.065   704 17882 W hwcomposer: [HWCTURBOMANAGER] init: IHwcInterface::tryGetService failed!  
05-16 01:43:06.066  4835  4835 I PushLog110108302: [main-1]action is com.huawei.push.intent.NC_SWITCH_CHANGED
05-16 01:43:06.066   746 15352 D AudioPolicyService: getUidState(10360) cacheIter->second.first, return cacheIter->second.second(2)
05-16 01:43:06.067  1834  1886 I PowerManagerService: handleSandman: wakefulness: 1,startDreaming: false
05-16 01:43:06.068   746 15352 D AudioPolicyService: getUidState(10360) !cacheIter->second.first, return PROCESS_STATE_UNKNOWN
05-16 01:43:06.068  2686  2686 I HwLauncher: Model loadWidgetsAfterUserUnlockIfNeeded, sLoadWidgetOnResume is false!
05-16 01:43:06.068  4835  4835 I PushLog110108302: [main-1]dispatchIntent over
05-16 01:43:06.069  1834  2975 V BroadcastQueue: Finished with ordered broadcast BroadcastRecord{5772f89 u0 com.huawei.push.intent.NC_SWITCH_CHANGED}
05-16 01:43:06.069   676   676 I Zygote  : Process 29199 exited due to signal 9 (Killed)
05-16 01:43:06.070  1834  1859 I WindowManager: Checking 1 opening apps (frozen=false timeout=false)...
05-16 01:43:06.070  1834  1859 I WindowManager: Check opening app=AppWindowToken{78f3d1c token=Token{64f768f ActivityRecord{e34f1f0 u0 com.huawei.android.launcher/.unihome.UniHomeLauncher t1}}}: allDrawn=true startingDisplayed=false startingMoved=false isRelaunching()=false startingWindow=null
05-16 01:43:06.070  1834  1859 I WindowManager: Checking 0 opening apps (frozen=false timeout=false)...
05-16 01:43:06.070  1094  1176 D AAL     : onBacklightChanged: 283/1023 -> 294/1023(phy:588/4095)
05-16 01:43:06.070  1834  1859 I WindowManager: send SET_LAUNCHER_VISIBLE_IN_FINGER_BOOST visible: true,delay:0, handle:true, userId:0, callingPid: 1834
05-16 01:43:06.070  1094  1176 D AAL     : LABC: LABC after setTarget isSmoothBacklight=0 
05-16 01:43:06.070  1834  1859 I HwWindowManagerServiceEx: closing apps count = 1
05-16 01:43:06.071  1834  1859 D HwWindowManagerServiceEx: is app exit to launcher info: transit = 26, app = AppWindowToken{6c4ead token=Token{4707fc4 ActivityRecord{9afa56 u0 com.mars.infra.trace/com.mars.infra.fusion.MainActivity t313}}} mIsExiting=, window = null, mClosingApps = {AppWindowToken{6c4ead token=Token{4707fc4 ActivityRecord{9afa56 u0 com.mars.infra.trace/com.mars.infra.fusion.MainActivity t313}}} mIsExiting=}, topOpeningApp = AppWindowToken{78f3d1c token=Token{64f768f ActivityRecord{e34f1f0 u0 com.huawei.android.launcher/.unihome.UniHomeLauncher t1}}}, mExitIconBitmap = android.graphics.Bitmap@6afa153, mExitIconHeight = 180, mExitIconWidth = 180
05-16 01:43:06.071  1094  1176 D AAL     : 05-16 01:43:06.005 BL= 250,ESS= 256, 05-16 01:43:06.021 BL= 261,ESS= 256, 05-16 01:43:06.038 BL= 272,ESS= 256, 05-16 01:43:06.054 BL= 283,ESS= 256, 05-16 01:43:06.071 BL= 294,ESS= 256, 
05-16 01:43:06.071  1834  1859 V WindowManager: commitVisibility: AppWindowToken{6c4ead token=Token{4707fc4 ActivityRecord{9afa56 u0 com.mars.infra.trace/com.mars.infra.fusion.MainActivity t313}}} mIsExiting=: hidden=true hiddenRequested=true
05-16 01:43:06.071  1834  1859 I WindowManager: Animation done in AppWindowToken{6c4ead token=Token{4707fc4 ActivityRecord{9afa56 u0 com.mars.infra.trace/com.mars.infra.fusion.MainActivity t313}}} mIsExiting= isHidden:true hiddenRequested:true
05-16 01:43:06.071  1834  1859 D HwWindowManagerServiceEx: is app exit to launcher info: transit = 26, app = AppWindowToken{78f3d1c token=Token{64f768f ActivityRecord{e34f1f0 u0 com.huawei.android.launcher/.unihome.UniHomeLauncher t1}}}, window = Window{8c63ef1 u0 com.huawei.android.launcher/com.huawei.android.launcher.unihome.UniHomeLauncher}, mClosingApps = {AppWindowToken{6c4ead token=Token{4707fc4 ActivityRecord{9afa56 u0 com.mars.infra.trace/com.mars.infra.fusion.MainActivity t313}}} mIsExiting=}, topOpeningApp = AppWindowToken{78f3d1c token=Token{64f768f ActivityRecord{e34f1f0 u0 com.huawei.android.launcher/.unihome.UniHomeLauncher t1}}}, mExitIconBitmap = android.graphics.Bitmap@6afa153, mExitIconHeight = 180, mExitIconWidth = 180
05-16 01:43:06.071  1834  1859 E WindowManager: icon is null!!
05-16 01:43:06.071  4835  4910 I PushLog110108302: [ReceiverDispatcher-223]getSwitchStatus packageName: com.quark.browser, userId: 0
05-16 01:43:06.072  1834  1859 V WindowManager: commitVisibility: AppWindowToken{78f3d1c token=Token{64f768f ActivityRecord{e34f1f0 u0 com.huawei.android.launcher/.unihome.UniHomeLauncher t1}}}: hidden=false hiddenRequested=false
05-16 01:43:06.072  1834  1859 I WindowManager: Animation done in AppWindowToken{78f3d1c token=Token{64f768f ActivityRecord{e34f1f0 u0 com.huawei.android.launcher/.unihome.UniHomeLauncher t1}}} isHidden:false hiddenRequested:false
05-16 01:43:06.072  1834  1859 W WindowManager: Failed to take screenshot. No visible windows for {taskId=313 appTokens=[AppWindowToken{6c4ead token=Token{4707fc4 ActivityRecord{9afa56 u0 com.mars.infra.trace/com.mars.infra.fusion.MainActivity t313}}} mIsExiting=] mdr=true}
05-16 01:43:06.072  4835  4910 I PushLog110108302: [ReceiverDispatcher-223]areNotificationsEnabledForPackage:false
05-16 01:43:06.073  4835  4910 I PushLog110108302: [ReceiverDispatcher-223]com.quark.browser sys nc switch is: false, app nc siwtch is true, status is: 00
05-16 01:43:06.073  4835  4910 I PushLog110108302: [ReceiverDispatcher-223]getSwitchStatus packageName: com.huawei.browser, userId: 0
05-16 01:43:06.073  1834  1859 V WindowManager: commitVisibility: AppWindowToken{6c4ead token=Token{4707fc4 ActivityRecord{9afa56 u0 com.mars.infra.trace/com.mars.infra.fusion.MainActivity t313}}} mIsExiting=: hidden=true hiddenRequested=true
05-16 01:43:06.073  1834  1859 I WindowManager: Animation done in AppWindowToken{6c4ead token=Token{4707fc4 ActivityRecord{9afa56 u0 com.mars.infra.trace/com.mars.infra.fusion.MainActivity t313}}} mIsExiting= isHidden:true hiddenRequested:true
05-16 01:43:06.073  1834  1859 W WindowManager: Failed to take screenshot. No visible windows for {taskId=313 appTokens=[AppWindowToken{6c4ead token=Token{4707fc4 ActivityRecord{9afa56 u0 com.mars.infra.trace/com.mars.infra.fusion.MainActivity t313}}} mIsExiting=] mdr=false}
05-16 01:43:06.073  4835  4910 I PushLog110108302: [ReceiverDispatcher-223]areNotificationsEnabledForPackage:false
05-16 01:43:06.073  4835  4910 I PushLog110108302: [ReceiverDispatcher-223]com.huawei.browser sys nc switch is: false, app nc siwtch is true, status is: 00
05-16 01:43:06.073   743   779 I libPowerHal: [PE] scn:62 hdl:13 user:iawareperf@1.0- pid:728 tid:1000
05-16 01:43:06.073  4835  4910 I PushLog110108302: [ReceiverDispatcher-223]getSwitchStatus packageName: com.huawei.hwireader, userId: 0
05-16 01:43:06.073  1834  1859 V WindowManager: removeAppToken: AppWindowToken{6c4ead token=Token{4707fc4 ActivityRecord{9afa56 u0 com.mars.infra.trace/com.mars.infra.fusion.MainActivity t313}}} mIsExiting= delayed=false Callers=com.android.server.wm.AppWindowToken.removeImmediately:1193 com.android.server.wm.WindowContainer.removeImmediately:370 com.android.server.wm.Task.removeImmediately:277 com.android.server.wm.WindowContainer.removeImmediately:370 com.android.server.wm.TaskStack.removeImmediately:1063 com.android.server.wm.TaskStack.checkCompleteDeferredRemoval:2060 com.android.server.wm.WindowContainer.checkCompleteDeferredRemoval:743 com.android.server.wm.WindowContainer.checkCompleteDeferredRemoval:743 com.android.server.wm.DisplayContent.checkCompleteDeferredRemoval:3287 
05-16 01:43:06.073   743   779 I libPowerHal: iawareperf@1.0-: set gpu opp level max: 0
05-16 01:43:06.073  1834  1859 I WindowManager: removeWindowToken: displayid:0 binder:Token{4707fc4 ActivityRecord{9afa56 u0 com.mars.infra.trace/com.mars.infra.fusion.MainActivity t-1 f}} token:null
05-16 01:43:06.074  4835  4910 I PushLog110108302: [ReceiverDispatcher-223]areNotificationsEnabledForPackage:false
05-16 01:43:06.074  4835  4910 I PushLog110108302: [ReceiverDispatcher-223]com.huawei.hwireader sys nc switch is: false, app nc siwtch is true, status is: 00
05-16 01:43:06.074  4835  4910 I PushLog110108302: [ReceiverDispatcher-223]getSwitchStatus packageName: com.huawei.appmarket, userId: 0
05-16 01:43:06.075  4835  4910 I PushLog110108302: [ReceiverDispatcher-223]areNotificationsEnabledForPackage:false
05-16 01:43:06.075  4835  4910 I PushLog110108302: [ReceiverDispatcher-223]com.huawei.appmarket sys nc switch is: false, app nc siwtch is true, status is: 00
05-16 01:43:06.075  4835  4910 I PushLog110108302: [ReceiverDispatcher-223]getSwitchStatus packageName: com.autonavi.minimap, userId: 0
05-16 01:43:06.076  4835  4910 I PushLog110108302: [ReceiverDispatcher-223]areNotificationsEnabledForPackage:false
05-16 01:43:06.076  4835  4910 I PushLog110108302: [ReceiverDispatcher-223]com.autonavi.minimap sys nc switch is: false, app nc siwtch is true, status is: 00
05-16 01:43:06.076  4835  4910 I PushLog110108302: [ReceiverDispatcher-223]getSwitchStatus packageName: com.huawei.android.tips, userId: 0
05-16 01:43:06.073  1834  1859 I WindowManager: removeWindowToken: displayid:0 binder:Token{4707fc4 ActivityRecord{9afa56 u0 com.mars.infra.trace/com.mars.infra.fusion.MainActivity t-1 f}} token:null
05-16 01:43:06.077  1834  2955 I ActivityTaskManager: Stop interception for recently back-home app when launcher resumed
05-16 01:43:06.077  4835  4910 I PushLog110108302: [ReceiverDispatcher-223]areNotificationsEnabledForPackage:false
05-16 01:43:06.078  4835  4910 I PushLog110108302: [ReceiverDispatcher-223]com.huawei.android.tips sys nc switch is: false, app nc siwtch is true, status is: 00
05-16 01:43:06.078  4835  4910 I PushLog110108302: [ReceiverDispatcher-223]getSwitchStatus packageName: com.wuba, userId: 0
05-16 01:43:06.078  1834  1868 I HwAudioServiceEx: ComponentInfo : className = com.huawei.android.launcher.unihome.UniHomeLauncher, flag = onResume, isHomeActivity = , isTop = true
05-16 01:43:06.079  1834  2094 W HwAudioServiceEx: SoundEffectState bundle get reserved is invalid
05-16 01:43:06.080   719   719 E DE H =DE: setAmoled:522: can not support this mode: MODE_AMOLED!
05-16 01:43:06.081   731   731 D lights  : write_int open fd=6
05-16 01:43:06.081  1105  1303 E Parcel  : Reading a NULL string not supported here.
05-16 01:43:06.081  1105  1303 I chatty  : uid=0(root) smart_parser identical 1 line
05-16 01:43:06.081  1105  1303 E Parcel  : Reading a NULL string not supported here.
05-16 01:43:06.081  9635 25914 I CAWARENESS_AppUsageManager: Repeat info, don't need publish
05-16 01:43:06.081  2451  3311 I Hicom_Monitor: mActivityNotifierEx, className = com.huawei.android.launcher.unihome.UniHomeLauncher, uid = 10065
05-16 01:43:06.081  2531 21162 I OPCollectLog: AppChangeImpl:call onAppChange.
05-16 01:43:06.082  2531 10191 I OPCollectLog: HwForegroundAppAction:handleMessage 
05-16 01:43:06.082  2531 10191 D OPCollectLog: HwForegroundAppAction:FG executeWithArgs
05-16 01:43:06.082  2531 10191 I OPCollectLog: OPCollectUtils:ODMF Api Version:2.16.3
05-16 01:43:06.082   530   530 I hwservicemanager: getTransport: Cannot find entry vendor.huawei.hardware.graphics.hwcinterface@1.1::IHwcInterface/default in either framework or device manifest.
05-16 01:43:06.082  2451  2748 D DollieActivityManagerAdapter: [Resumed] bg:false pid:2686 uid:10065 ComponentInfo{com.huawei.android.launcher/com.huawei.android.launcher.unihome.UniHomeLauncher}
05-16 01:43:06.082   704 17882 W hwcomposer: [HWCTURBOMANAGER] init: IHwcInterface::tryGetService failed!  
05-16 01:43:06.082  2451  2748 E DollieAdapterService: notifyActivityState pkg:com.huawei.android.launcher/com.huawei.android.launcher.unihome.UniHomeLauncher state:2 fg:true mUid:10065
05-16 01:43:06.082  2531 10191 I OPCollectLog: Action:HwForegroundAppAction executed successfully
05-16 01:43:06.082  2451  2748 I OllieMsgCenter: publishEvt=2130771985
05-16 01:43:06.082  2531 10191 D OPCollectLog: OdmfCollectScheduler:handleMessage msg: 4
05-16 01:43:06.082  2531 10191 I OPCollectLog: OdmfHelper:opcollectCache 1
05-16 01:43:06.082  2531 10191 I OPCollectLog: OdmfHelper:opcollectCache curTime: 1839243931, interval: 19990
05-16 01:43:06.082  2451  2748 D ForegroundDataOpt: is APK changed:false uid:10065 mBgLimitLevel:0
05-16 01:43:06.083  4835  4910 I PushLog110108302: [ReceiverDispatcher-223]areNotificationsEnabledForPackage:false
05-16 01:43:06.083  4835  4910 I PushLog110108302: [ReceiverDispatcher-223]com.wuba sys nc switch is: false, app nc siwtch is true, status is: 00
05-16 01:43:06.083  4835  4910 I PushLog110108302: [ReceiverDispatcher-223]getSwitchStatus packageName: com.huawei.wallet, userId: 0
05-16 01:43:06.084  4835  4910 I PushLog110108302: [ReceiverDispatcher-223]areNotificationsEnabledForPackage:true
05-16 01:43:06.084  4835  4910 I PushLog110108302: [ReceiverDispatcher-223]com.huawei.wallet sys nc switch is: true, app nc siwtch is false, status is: 00
05-16 01:43:06.086  1834  2529 V ActivityTaskManager: Activity idle: Token{64f768f ActivityRecord{e34f1f0 u0 com.huawei.android.launcher/.unihome.UniHomeLauncher t1}}
05-16 01:43:06.087   743   779 I libPowerHal: [PD] scn:8 hint:LAUNCH
05-16 01:43:06.087  1094  1176 D AAL     : onBacklightChanged: 294/1023 -> 305/1023(phy:610/4095)
05-16 01:43:06.087  1094  1176 D AAL     : LABC: LABC after setTarget isSmoothBacklight=0 
05-16 01:43:06.087   743   779 I libPowerHal: LAUNCH: cpu_ctrl set cpu freq: -1 -1 -1 -1
05-16 01:43:06.087   743   779 I libPowerHal: [PD] LAUNCH update cmd:1000000, param:1
05-16 01:43:06.088   743   779 I libPowerHal: [PD] LAUNCH update cmd:1408300 param:0
05-16 01:43:06.088  1834  1886 I PowerManagerService: handleSandman: wakefulness: 1,startDreaming: false
05-16 01:43:06.088  1834  2407 W AwareLog: SysLoadManager: check status do nothing
05-16 01:43:06.090  1834  2975 W         : Failed to UpdateQosForCgroupInner, tid=0, policy=10
05-16 01:43:06.090  1834  2975 W         : Failed to UpdateQosForCgroupInner, tid=0, policy=10
05-16 01:43:06.092  2451  3311 E HsmCoreServiceImpl: onTransact in code is: 102
05-16 01:43:06.092  2451  3311 I MediaProcessHandler: processOp opType: 1, uid: 10360, pid: 29199
05-16 01:43:06.092  2451  3311 W MediaProcessHandler: only the process it self can do this operation: 10360, 1000, 29199, 2752
05-16 01:43:06.092  2451  3311 I MediaProcessHandler: executedCallBack opType: 1 mMediaStatusObservers.size=1
05-16 01:43:06.093  2451  3370 I Hicom_Monitor: notifyAppDied: uid = 10360
05-16 01:43:06.093  2451  3370 I UctpAppMonitor: handleAppDied: pkgName is com.mars.infra.trace mIsNeedToOpen is false
05-16 01:43:06.093  2451  3370 I AppStatisticProc: handleAppDied: pkgName = com.mars.infra.trace is not apk supported in Smartcare
05-16 01:43:06.093   746 15352 D AudioPolicyService: getUidState(10062) cacheIter->second.first, return cacheIter->second.second(20)
05-16 01:43:06.093   746 15352 D AudioPolicyService: getUidState(10062) !cacheIter->second.first, return PROCESS_STATE_UNKNOWN
05-16 01:43:06.094  2531 10191 I OPCollectLog: OdmfHelper:isCharging: true
05-16 01:43:06.094  2686  2686 D DecorView: showOrHideHighlightView: hasFocus=true; winMode=1; isMrgNull=true
05-16 01:43:06.094  1834  2030 W AwareLog: SchedLevelBoost: onProcessDied config not set!
05-16 01:43:06.096  2686  2686 W HwRemoteInputMethodManager: isCasting false because IHwDistributedWindowManager is invalid.
05-16 01:43:06.096  1834  2128 D HwInputMethodManagerService: isSecMethodUsing = false
05-16 01:43:06.098   982 11845 D ITouchService: itouch stylusCurrentPkgName = com.mars.infra.trace lastOneFramePkgName = 
05-16 01:43:06.098   982 11845 D ITouchService: itouch currentPackageName = com.mars.infra.trace
05-16 01:43:06.098   982 11845 D ITouchService: itouch appType=-1 appState=0 gameMode=2
05-16 01:43:06.098   982 11845 D ITouchService: itouchReaderMonitor empty
05-16 01:43:06.098   982 11845 D ITouchService: g_itouch_reader_monitor Monitor::IsReaderMonitorEnable()=0
05-16 01:43:06.098   982 11845 D ITouchService: itouch getCurrentParmID tempPkg=com.mars.infra.xxx
05-16 01:43:06.098   982 11845 D ITouchService: itouch:app com.mars.infra.trace is  not game app
05-16 01:43:06.098   982 11845 D ITouchService: itouch:app com.mars.infra.trace is  not in StylusPenList
05-16 01:43:06.098   982 11845 D ITouchService: itouch:styluspen_switch is disable
05-16 01:43:06.098   982 11845 D ITouchService: itouch:currentAppTypeName =|UNKNOWN|
05-16 01:43:06.100  2531 10191 I OPCollectLog: OdmfHelper:insert database success 
05-16 01:43:06.100  2531 10191 I OPCollectLog: OdmfHelper:opcollectCache size: 1
05-16 01:43:06.100  2531 10191 I OPCollectLog: OdmfHelper:opcollectCache lastTime: 1839243948
05-16 01:43:06.100  1834  1858 I WindowManager: handle SET_LAUNCHER_VISIBLE_IN_FINGER_BOOST visible:true handle:trueuserId:0, currentUserId:0
05-16 01:43:06.100  1834  1858 D WindowManager: setLauncherVisibleInFingerBoost record=ActivityRecord{e34f1f0 u0 com.huawei.android.launcher/.unihome.UniHomeLauncher t1}
05-16 01:43:06.100  1834  1858 I WindowManager: setLauncherVisible setAlpha to 1.0
05-16 01:43:06.101  1834  1858 D WindowManager: setLauncherVisible wallpaperScale=false
05-16 01:43:06.103  6831  7060 I HiDecision: OdmfCollectScheduler: OdmfCtrlMsgHandler receive msg type: 6
05-16 01:43:06.103   719   719 E DE H =DE: setAmoled:522: can not support this mode: MODE_AMOLED!
05-16 01:43:06.103  1094  1176 D AAL     : 05-16 01:43:06.087 BL= 305,ESS= 256, 
05-16 01:43:06.105   731   731 D lights  : write_int open fd=6
05-16 01:43:06.105  1834  1886 I PowerManagerService: handleSandman: wakefulness: 1,startDreaming: false
05-16 01:43:06.112   719   719 E DE H =DE: setAmoled:522: can not support this mode: MODE_AMOLED!
05-16 01:43:06.112   731   731 D lights  : write_int open fd=6
05-16 01:43:06.120  1094  1176 D AAL     : onBacklightChanged: 305/1023 -> 327/1023(phy:654/4095)
05-16 01:43:06.120  1094  1176 D AAL     : LABC: LABC after setTarget isSmoothBacklight=0 
05-16 01:43:06.121  2686  3030 I HwLauncher: LocalTaskList loadTasksInBackground:0 numTasks:3 currentUserId:0
05-16 01:43:06.122  1105  1305 I HiView  : Begin report 901001004
05-16 01:43:06.122  1105  1305 I HiEvent : Flatten done: 901001004
05-16 01:43:06.129   719   719 E DE H =DE: setAmoled:522: can not support this mode: MODE_AMOLED!
05-16 01:43:06.129   731   731 D lights  : write_int open fd=6
05-16 01:43:06.137  1094  1176 D AAL     : onBacklightChanged: 327/1023 -> 337/1023(phy:674/4095)
05-16 01:43:06.137  1094  1176 D AAL     : LABC: LABC after setTarget isSmoothBacklight=0 
05-16 01:43:06.145  1834  1886 I DisplayPowerController: mPowerState.mScreenChangedReason: 65539 mPendingRequestLocked.mScreenChangeReason 65539
05-16 01:43:06.145  1834  1886 I DisplayPowerController: Animating brightness: target=46, rate=60,brightnessTargetReal=46,AutoBrightness=true
05-16 01:43:06.145  1834  1886 D FpDataCollector: case xxx, not a fingerprint unlock 
05-16 01:43:06.146   719   719 E DE H =DE: setAmoled:522: can not support this mode: MODE_AMOLED!
05-16 01:43:06.146   731   731 D lights  : write_int open fd=6
05-16 01:43:06.153  1094  1176 D AAL     : onBacklightChanged: 337/1023 -> 348/1023(phy:696/4095)
05-16 01:43:06.153  1094  1176 D AAL     : LABC: LABC after setTarget isSmoothBacklight=0 
05-16 01:43:06.155  2648  3523 I ScenarioService: refresh visibleApp:[com.huawei.android.launcher]
05-16 01:43:06.156  2648  3523 I PGServer: report state:14 event type:1 pid:-1 uid:-1 pkg:com.huawei.android.launcher to pid: 2648
05-16 01:43:06.156  2648  3523 I ApsAppsTypeHandler: APS: APK: ApsAppsTypeHandler.getInstance, sInstance = com.huawei.android.hwaps.o@72c8c2b
05-16 01:43:06.156  2648  3523 I ApsAccKitAdapter: APS: APK: ApsAccKitAdapter: not setNotifyInfo
05-16 01:43:06.156   982 11845 I AGPService: aps-info: focus pkgName - com.huawei.android.launcher, with 0 more apps
05-16 01:43:06.156   982 11845 I AGPService: FrameRateManager: aps-info: new pkgName - com.huawei.android.launcher, type - 28
05-16 01:43:06.156  2648  3658 I PG_ash  : com.mars.infra.trace become invisible
05-16 01:43:06.156   982 11845 I AGPService: GpuPolicyManager: m_currentPkgName - com.huawei.android.launcher
05-16 01:43:06.246   743   779 I libPowerHal: [PD] scn:61 hdl:12 user:iawareperf@1.0- pid:728 tid:1000
05-16 01:43:06.246   743   779 I libPowerHal: iawareperf@1.0-: hard user limit set cpu freq: 1750000 -1 1993000 -1
05-16 01:43:06.247   675 26102 I netd    : trafficSwapActiveStatsMap() <0.36ms>
05-16 01:43:06.244   994   994 W BatteryHandler: type=1400 audit(0.0:221311): avc: denied { read } for pid=994 name="temp" dev="sysfs" ino=41501 scontext=u:r:dubaid:s0 tcontext=u:object_r:sysfs_pg:s0 tclass=lnk_file permissive=0
05-16 01:43:06.249   675 26102 I netd    : trafficSwapActiveStatsMap() <0.17ms>
05-16 01:43:06.274   743   779 I libPowerHal: [PD] scn:62 hdl:13 user:iawareperf@1.0- pid:728 tid:1000
05-16 01:43:06.287   833   833 E afehal  : Write FW command: A0 03 02
05-16 01:43:06.302   833   833 I aptouch_daemon: check_idle_status, idle in. 100
05-16 01:43:06.407   982 11845 I AGPService: aps-info: focus pkgName - com.mars.infra.trace, with 0 more apps
05-16 01:43:06.407   982 11845 E AGPService: FrameRateManager: iaware strange app type: -1
05-16 01:43:06.407   982 11845 I AGPService: FrameRateManager: aps-info: new pkgName - com.mars.infra.trace, type - -1
05-16 01:43:06.408   982 11845 I AGPService: GpuPolicyManager: m_currentPkgName - com.mars.infra.trace
05-16 01:43:06.550   690   690 D AudioALSAHardware: -getParameters()
05-16 01:43:06.551   994  2015 D dubaid  : [CpuAppStats.cpp] FindUidEntry# Uid(10357) has not package, maybe it's already uninstalled
05-16 01:43:06.551   994  2015 E dubaid  : [CpuAppStats.cpp] UpdateUidCpuTime# Failed to find uid entry
05-16 01:43:06.551  1834  2094 I HwAudioServiceEx: HwAudioHandlerEx receive unknown msg
05-16 01:43:06.551   994  2015 D dubaid  : [CpuAppStats.cpp] FindUidEntry# Uid(10358) has not package, maybe it's already uninstalled
05-16 01:43:06.551   994  2015 E dubaid  : [CpuAppStats.cpp] UpdateUidCpuTime# Failed to find uid entry
05-16 01:43:06.556   994  1230 D dubaid  : [BufferedLogServer.cpp] ReceiveMessage# Received buffered log from dubai_driver-0
05-16 01:43:06.557   994  1230 D dubaid  : [BufferedLogServer.cpp] ReceiveMessage# Received buffered log from dubai_driver-0
05-16 01:43:06.566  1094  1176 D AAL     : 05-16 01:43:06.120 BL= 327,ESS= 256, 05-16 01:43:06.137 BL= 337,ESS= 256, 05-16 01:43:06.153 BL= 348,ESS= 256, 
05-16 01:43:06.579  1834  2170 I HwWifiProServiceProxy: ctrlHwWifiNetwork pkgName: WIFIPRO_SERVICE interfaceId: 52
05-16 01:43:06.579  1834  2170 I HwWifiProServiceProxy: ctrlHwWifiNetwork pkgName: WIFIPRO_SERVICE interfaceId: 68
05-16 01:43:06.579  1834  2170 D wifiserviceimpl: netmask =16777215
05-16 01:43:06.584  1094  6920 D AALLightSensor: oldLux=57 [SA:50 LA:49] newLux=57 (oriLux: 51)
05-16 01:43:06.590  1834  2170 I HwWifiProServiceProxy: pair = Pair{true 10}, Bundle = Bundle[{time=10, arpResult=true}]
05-16 01:43:06.590  1834  2170 I HwWifiProServiceProxy: ctrlHwWifiNetwork pkgName: WIFIPRO_SERVICE interfaceId: 63
05-16 01:43:06.590  1834  2170 I HwWifiProServiceProxy: ctrlHwWifiNetwork pkgName: WIFIPRO_SERVICE interfaceId: 2
05-16 01:43:06.590  1834  2170 V HwWifiServiceFactory: get AllImpl object = com.android.server.wifi.HwWifiServiceFactoryImpl@5f30e40
05-16 01:43:06.591  2569  2812 I HotspotComponent: handleEvent
05-16 01:43:06.591  2569  2812 I HotspotComponent: handleEvent not handle the event:1121
05-16 01:43:06.591  2569  2812 I WifiProComponent: default event
05-16 01:43:06.591  2569  2812 I HotspotComponent: handleEvent
05-16 01:43:06.591  2569  2812 I HotspotComponent: handleEvent not handle the event:1128
05-16 01:43:06.591  2569  2846 D HwCHRWifiRSSIGroupSummery: updatArpSummery rssi:-1 HwCHRWifiRSSIGroup [mRssiIndex=4, mRttTcpPackets=0, mRttTcpDuration=0, mRttLanDuration=113780, mRttLanFailures=132, mRttLanSucc=3639, mRttLanMax=949, mRttLanMin=2,mSameFrequency=0,mAdjacentFrequency=0]
05-16 01:43:06.598  8500 28822 I NetworkKit_CountryCodeBean: pool-5-thread-529|null|com.huawei.hms.framework.network.grs.local.model.CountryCodeBean|init|2|countryCode by ro.hw.country is: cn
05-16 01:43:06.598  8500 28822 I NetworkKit_CountryCodeBean: pool-5-thread-529|null|com.huawei.hms.framework.network.grs.local.model.CountryCodeBean|<init>|9|get issue_country code from VENDOR_COUNTRY
05-16 01:43:06.602  8500 28831 I HwMSDPMovementManager: getCurrentMovement type 0
05-16 01:43:06.602  8500 28831 E HwMSDPMovementManager: mService is null.
05-16 01:43:06.771  9327  9838 I ContentSensor_PackageUtil: pkgName : com.huawei.android.launcher
05-16 01:43:06.906  1834  2065 I TrafficMonitor: update:rxPkts:2,txPkts:0,rxBytes:108,txBytes:0
05-16 01:43:06.906  1834  2065 I TrafficMonitor: gettimer:interval=2000
05-16 01:43:07.081  9327  9838 I ContentSensor_PackageUtil: pkgName : com.huawei.android.launcher
05-16 01:43:07.237  1064  8783 I Pged-IPgedBinderService: ****action is 2, pid num is 3***
05-16 01:43:07.237  1064  8783 I Pged-Freezer: thawPids
05-16 01:43:07.238  1834  2066 I WificondControl: Noise: 0, Snr: 0, Chload: 0, rssi: -81, txBitrate: 26, rxBitrate: 13, frequency: 2452, UlDelay: 0, currentTxBytes: 444381038, currentTxPackets: 4538655, currentTxFailed: 0, currentRxBytes: 313015667, currentRxPackets: 7055495
05-16 01:43:07.239  2648  3653 D PgedBinderAdapter: unF_Z ok, pid: [23410, 2282]
05-16 01:43:07.243  1834  2164 D HuaweiWifiWatchdogStateMachine: nothing to do
05-16 01:43:07.243  1834  2065 I WiFi_PRO: MSG_RETURN_AP_CURRY_RSSI rssi = -81
05-16 01:43:07.244  1834  2065 I QosMonitor: queryRtt: rttType = 3
05-16 01:43:07.244  1834  2166 I HwDualBandManager: handle2gApStrongWifiRssiChange
05-16 01:43:07.244  1834  2065 I HwWifiProServiceProxy: ctrlHwWifiNetwork pkgName: WIFIPRO_SERVICE interfaceId: 8
05-16 01:43:07.244  1834  2164 I HuaweiWifiWatchdogStateMachine: high data flow: protection_counter = 0,  not_detect_counter = 52
05-16 01:43:07.244  1834  2065 I QosMonitor: postEventFromNative: msg=100,arg1=4,arg2=10
05-16 01:43:07.244  1834  2164 I HuaweiWifiWatchdogStateMachine: high data flow scenario: 0 --> 0 rx bytes =5KB
05-16 01:43:07.244  1834  2065 I QosMonitor: resetRtt: rttType = 3
05-16 01:43:07.244  1834  2164 I HuaweiWifiWatchdogStateMachine: POta txb txg rxg:0, 8, 0. Lr =0% Totpkt=8
05-16 01:43:07.244  1834  2065 I HwWifiProServiceProxy: ctrlHwWifiNetwork pkgName: WIFIPRO_SERVICE interfaceId: 8
05-16 01:43:07.244  1834  2065 I HwWifiProServiceProxy: ctrlHwWifiNetwork pkgName: WIFIPRO_SERVICE interfaceId: 8
05-16 01:43:07.244  1834  2065 I QosMonitor: postEventFromNative: msg=100,arg1=0,arg2=10
05-16 01:43:07.244  1834  2065 I MQoS    : rtt=304,tcpTxPkts=4208015,tcpRxPkts=6329614
05-16 01:43:07.244  1834 11540 D HwConnectivityServiceEx: set 1000 wlan0 value false
05-16 01:43:07.245  1834 11540 I MQoS    : QOS_level:0(0),DataDisable;use level-0
05-16 01:43:07.245  1834 11540 I MQoS    : skip-low-Level:0(0),DataDisable;use level-0
05-16 01:43:07.246  1834  2164 I HuaweiWifiWatchdogStateMachine: PTcp RTT:304, rtt pkt=4, tcp_rx=0, tcp_tx=0, tcp_reTran=0, rtRate=0
05-16 01:43:07.246  1834  2164 I HuaweiWifiWatchdogStateMachine: rssi bad, mrssi=-81 < TargetRssi=-72
05-16 01:43:07.246  1834  2164 I HuaweiWifiWatchdogStateMachine: start computeQosLevel tcpRtt = 304 ,rssi = -81 ,mBestSpeedInPeriod = 37
05-16 01:43:07.246  1834  2164 I HuaweiWifiWatchdogStateMachine: smoothConsecutiveQosResults, currentQosLevel = 2
05-16 01:43:07.248   675 26102 I netd    : trafficSwapActiveStatsMap() <0.33ms>
05-16 01:43:07.250  1086  1179 I HfLooper: als lux = 51.000000 , rawdata1 =199.000000., rawdata1 = 11.000000
05-16 01:43:07.608  1834  9349 V ActivityManager: Successfully start provider ContentProviderRecord{c52873f u0 com.huawei.android.totemweather/.provider.SharedPreferenceProvider} launchingApp=null caller pid= 2686
05-16 01:43:07.633   704   786 I hwcomposer: [HWCDisplay] [Display_0 (type:1)] fps:11.692345,dur:1796.05,max:1471.33,min:12.45  
05-16 01:43:07.706   675 26102 I netd    : trafficSwapActiveStatsMap() <0.34ms>
