--------- beginning of main
05-16 02:43:49.919  1086  1179 I HfLooper: als lux = 51.000000 , rawdata1 =200.000000., rawdata1 = 11.000000
05-16 02:43:49.920  1094  6920 D AALLightSensor: oldLux=57 [SA:50 LA:49] newLux=57 (oriLux: 51)
05-16 02:43:50.122  1834  2065 I TrafficMonitor: expired arrive. level:-1
05-16 02:43:50.122  1834  2065 I TrafficMonitor: during_ms:2005,period_ms:2000
05-16 02:43:50.122  1834  2065 I TrafficMonitor: count:545,rx_sum:0,tx_sum:0,rxBytes:0,during_ms:2005,rx_speed:0.0,tx_speed:0.0,rto:0.0
05-16 02:43:50.122  1834  2065 I HuaweiWifiWatchdogStateMachine: Get speed information rx_speed = 0 ,tx_speed = 0 ,isSpeedOk = false ,mBestSpeedInPeriod = 55
05-16 02:43:50.221  1065  1065 I thermal_repeater: [recvMdThermalInfo] ret=35, strLen=127,  0, 32767, -127, 3404, 32767, 10539
05-16 02:43:50.314  1834  2066 E WifiVendorHal: getWifiLinkLayerStats_1_3_Internal(l.957) failed {.code = ERROR_NOT_SUPPORTED, .description = }
05-16 02:43:50.328  1834  2066 I WificondControl: Noise: 0, Snr: 0, Chload: 0, rssi: -79, txBitrate: 39, rxBitrate: 1, frequency: 2452, UlDelay: 0, currentTxBytes: 444630704, currentTxPackets: 4540256, currentTxFailed: 0, currentRxBytes: 313646740, currentRxPackets: 7057526
05-16 02:43:50.332  1834  2066 V HwWifiServiceFactory: get AllImpl object = com.android.server.wifi.HwWifiServiceFactoryImpl@5f30e40
05-16 02:43:50.868  1834  2066 I WificondControl: Noise: 0, Snr: 0, Chload: 0, rssi: -79, txBitrate: 39, rxBitrate: 1, frequency: 2452, UlDelay: 0, currentTxBytes: 444630704, currentTxPackets: 4540256, currentTxFailed: 0, currentRxBytes: 313646740, currentRxPackets: 7057526
05-16 02:43:50.880  1834  2065 I WiFi_PRO: MSG_RETURN_AP_CURRY_RSSI rssi = -79
05-16 02:43:50.880  1834  2164 I HuaweiWifiWatchdogStateMachine: POta txb txg rxg:0, 6, 0. Lr =0% Totpkt=6
05-16 02:43:50.881  1834  2065 I QosMonitor: queryRtt: rttType = 3
05-16 02:43:50.881  1834  2065 I HwWifiProServiceProxy: ctrlHwWifiNetwork pkgName: WIFIPRO_SERVICE interfaceId: 8
05-16 02:43:50.881  1834  2166 I HwDualBandManager: handle2gApStrongWifiRssiChange
05-16 02:43:50.882  1834  2065 I QosMonitor: postEventFromNative: msg=100,arg1=4,arg2=10
05-16 02:43:50.882  1834  2065 I HwWifiProServiceProxy: ctrlHwWifiNetwork pkgName: WIFIPRO_SERVICE interfaceId: 8
05-16 02:43:50.882  1834  2065 I QosMonitor: postEventFromNative: msg=100,arg1=0,arg2=10
05-16 02:43:50.883  1834  2065 I MQoS    : rtt=480,tcpTxPkts=4209395,tcpRxPkts=6330509
--------- beginning of system
05-16 02:43:50.883  1834 11540 D HwConnectivityServiceEx: set 1000 wlan0 value false
05-16 02:43:50.883  1834 11540 I MQoS    : QOS_level:0(0),DataDisable;use level-0
05-16 02:43:50.884  1834  2164 I HuaweiWifiWatchdogStateMachine: PTcp RTT:0, rtt pkt=0, tcp_rx=0, tcp_tx=0, tcp_reTran=0, rtRate=0
05-16 02:43:50.884  1834  2164 I HuaweiWifiWatchdogStateMachine: rssi bad, mrssi=-78 < TargetRssi=-72
05-16 02:43:50.884  1834  2164 I HuaweiWifiWatchdogStateMachine: start computeQosLevel tcpRtt = 0 ,rssi = -78 ,mBestSpeedInPeriod = 55
05-16 02:43:50.884  1834  2164 I HuaweiWifiWatchdogStateMachine: smoothConsecutiveQosResults, currentQosLevel = 2
05-16 02:43:51.130  1834  2065 I TrafficMonitor: update:rxPkts:0,txPkts:0,rxBytes:0,txBytes:0
05-16 02:43:51.131  1834  2065 I TrafficMonitor: gettimer:interval=2000
05-16 02:43:51.298   675 26102 I netd    : trafficSwapActiveStatsMap() <0.90ms>
05-16 02:43:51.748   704  1223 I hwcomposer: [DPY] receive refesh frquest from driver: type[4]  
05-16 02:43:51.748   704  1223 I hwcomposer: [HWC] fire a callback of refresh to SF  
05-16 02:43:51.758  2451  2748 I SpeedTestNotifier: is low speed scene
05-16 02:43:51.768   530   530 I hwservicemanager: getTransport: Cannot find entry vendor.huawei.hardware.graphics.hwcinterface@1.1::IHwcInterface/default in either framework or device manifest.
05-16 02:43:51.769   704   786 W hwcomposer: [HWCTURBOMANAGER] init: IHwcInterface::tryGetService failed!  
05-16 02:43:51.784   704   786 I hwcomposer: [HWCDisplay] [Display_0 (type:1)] fps:0.412482,dur:4848.70,max:4443.25,min:405.45  
05-16 02:43:51.787   530   530 I hwservicemanager: getTransport: Cannot find entry vendor.huawei.hardware.hwsched@1.0::ISched/hwsched in either framework or device manifest.
05-16 02:43:51.787   749  1219 E SurfaceFlingerEx: notifyRealVsyncPeriod could not find AISched service
05-16 02:43:51.875   530   530 I hwservicemanager: getTransport: Cannot find entry vendor.huawei.hardware.hwsched@1.0::ISched/hwsched in either framework or device manifest.
05-16 02:43:51.875   749  1219 E SurfaceFlingerEx: notifyRealVsyncPeriod could not find AISched service
05-16 02:43:52.210 23396 23404 E bms_file: file /sys/class/hw_power/charger/direct_charger/direct_charge_succ is invalid
05-16 02:43:52.302 23396 23404 I chatty  : uid=1000(system) /vendor/bin/bms_behavior identical 2 lines
05-16 02:43:52.349 23396 23404 E bms_file: file /sys/class/hw_power/charger/direct_charger/direct_charge_succ is invalid
05-16 02:43:52.351 23396 23404 I bms_behavior: monitor interval count 1226
05-16 02:43:52.585  1086  1179 I HfLooper: als lux = 51.000000 , rawdata1 =199.000000., rawdata1 = 11.000000
05-16 02:43:52.663  1068  1068 I thermal_src: recvmsg_expect 4, but get 5 
05-16 02:43:52.663  1068  1068 V thermal_src: TA_DAEMON_CMD_SET_TTJ:ERROR ret=-1
05-16 02:43:52.663  1068  1068 E thermal_src: set_ttj_to_kernel 1:error -1
05-16 02:43:52.663  1068  1068 I thermal_src: recvmsg_expect 6, but get 4 
05-16 02:43:52.663  1068  1068 V thermal_src: TA_DAEMON_CMD_GET_TI:ERROR ret=-1
05-16 02:43:52.663  1068  1068 I thermal_src: recvmsg_expect 2, but get 6 
05-16 02:43:52.663  1068  1068 V thermal_src: waiting NOTIFY from kernel miss, -1
05-16 02:43:53.137  1834  2065 I TrafficMonitor: update:rxPkts:0,txPkts:4,rxBytes:0,txBytes:160
05-16 02:43:53.137  1834  2065 I TrafficMonitor: gettimer:interval=2000
05-16 02:43:53.169  1834  2170 I HwWifiProServiceProxy: ctrlHwWifiNetwork pkgName: WIFIPRO_SERVICE interfaceId: 52
05-16 02:43:53.169  1834  2170 I HwWifiProServiceProxy: ctrlHwWifiNetwork pkgName: WIFIPRO_SERVICE interfaceId: 68
05-16 02:43:53.170  1834  2170 D wifiserviceimpl: netmask =16777215
05-16 02:43:53.178  1834  2170 I HwWifiProServiceProxy: pair = Pair{true 4}, Bundle = Bundle[{time=4, arpResult=true}]
05-16 02:43:53.178  1834  2170 I HwWifiProServiceProxy: ctrlHwWifiNetwork pkgName: WIFIPRO_SERVICE interfaceId: 63
05-16 02:43:53.178  1834  2170 I HwWifiProServiceProxy: ctrlHwWifiNetwork pkgName: WIFIPRO_SERVICE interfaceId: 2
05-16 02:43:53.178  1834  2170 V HwWifiServiceFactory: get AllImpl object = com.android.server.wifi.HwWifiServiceFactoryImpl@5f30e40
05-16 02:43:53.180  2569  2812 I HotspotComponent: handleEvent
05-16 02:43:53.180  2569  2812 I HotspotComponent: handleEvent not handle the event:1121
05-16 02:43:53.180  2569  2812 I WifiProComponent: default event
05-16 02:43:53.180  2569  2812 I HotspotComponent: handleEvent
05-16 02:43:53.180  2569  2812 I HotspotComponent: handleEvent not handle the event:1128
05-16 02:43:53.180  2569  2846 D HwCHRWifiRSSIGroupSummery: updatArpSummery rssi:-1 HwCHRWifiRSSIGroup [mRssiIndex=4, mRttTcpPackets=0, mRttTcpDuration=0, mRttLanDuration=114935, mRttLanFailures=136, mRttLanSucc=3682, mRttLanMax=949, mRttLanMin=2,mSameFrequency=0,mAdjacentFrequency=0]
05-16 02:43:53.341  1834  2066 E WifiVendorHal: getWifiLinkLayerStats_1_3_Internal(l.957) failed {.code = ERROR_NOT_SUPPORTED, .description = }
05-16 02:43:53.347  1834  2066 I WificondControl: Noise: 0, Snr: 0, Chload: 0, rssi: -80, txBitrate: 39, rxBitrate: 1, frequency: 2452, UlDelay: 0, currentTxBytes: 444630812, currentTxPackets: 4540258, currentTxFailed: 0, currentRxBytes: 313646740, currentRxPackets: 7057526
05-16 02:43:53.351  1834  2066 V HwWifiServiceFactory: get AllImpl object = com.android.server.wifi.HwWifiServiceFactoryImpl@5f30e40
05-16 02:43:53.391   530   530 I hwservicemanager: getTransport: Cannot find entry vendor.huawei.hardware.hwsched@1.0::ISched/hwsched in either framework or device manifest.
05-16 02:43:53.391   749  1219 E SurfaceFlingerEx: notifyRealVsyncPeriod could not find AISched service
05-16 02:43:53.400   530   530 I hwservicemanager: getTransport: Cannot find entry vendor.huawei.hardware.graphics.hwcinterface@1.1::IHwcInterface/default in either framework or device manifest.
05-16 02:43:53.401   704 17882 W hwcomposer: [HWCTURBOMANAGER] init: IHwcInterface::tryGetService failed!  
05-16 02:43:53.404   704 17882 I hwcomposer: [HWCDisplay] [Display_0 (type:1)] fps:0.617410,dur:1619.67,max:1619.67,min:1619.67  
05-16 02:43:53.482   530   530 I hwservicemanager: getTransport: Cannot find entry vendor.huawei.hardware.hwsched@1.0::ISched/hwsched in either framework or device manifest.
05-16 02:43:53.483   749  1219 E SurfaceFlingerEx: notifyRealVsyncPeriod could not find AISched service
05-16 02:43:53.920  1094  6920 D AALLightSensor: oldLux=57 [SA:50 LA:49] newLux=57 (oriLux: 51)
05-16 02:43:54.071   675 26102 I netd    : trafficSwapActiveStatsMap() <1.23ms>
05-16 02:43:54.874  1834  2066 I WificondControl: Noise: 0, Snr: 0, Chload: 0, rssi: -79, txBitrate: 26, rxBitrate: 1, frequency: 2452, UlDelay: 0, currentTxBytes: 444631016, currentTxPackets: 4540262, currentTxFailed: 0, currentRxBytes: 313646782, currentRxPackets: 7057527
05-16 02:43:54.886  1834  2164 D HuaweiWifiWatchdogStateMachine: nothing to do
05-16 02:43:54.887  1834  2065 I WiFi_PRO: MSG_RETURN_AP_CURRY_RSSI rssi = -79
05-16 02:43:54.887  1834  2164 I HuaweiWifiWatchdogStateMachine: POta txb txg rxg:0, 12, 0. Lr =0% Totpkt=12
05-16 02:43:54.887  1834  2065 I QosMonitor: queryRtt: rttType = 3
05-16 02:43:54.887  1834  2065 I HwWifiProServiceProxy: ctrlHwWifiNetwork pkgName: WIFIPRO_SERVICE interfaceId: 8
05-16 02:43:54.887  1834  2166 I HwDualBandManager: handle2gApStrongWifiRssiChange
05-16 02:43:54.888  1834  2065 I QosMonitor: postEventFromNative: msg=100,arg1=4,arg2=10
05-16 02:43:54.888  1834  2065 I HwWifiProServiceProxy: ctrlHwWifiNetwork pkgName: WIFIPRO_SERVICE interfaceId: 8
05-16 02:43:54.889  1834  2065 I QosMonitor: postEventFromNative: msg=100,arg1=0,arg2=10
05-16 02:43:54.889  1834  2065 I MQoS    : rtt=480,tcpTxPkts=4209400,tcpRxPkts=6330509
05-16 02:43:54.889  1834  2164 I HuaweiWifiWatchdogStateMachine: PTcp RTT:0, rtt pkt=0, tcp_rx=0, tcp_tx=5, tcp_reTran=0, rtRate=0
05-16 02:43:54.890  1834  2164 I HuaweiWifiWatchdogStateMachine: rssi bad, mrssi=-79 < TargetRssi=-72
05-16 02:43:54.890  1834  2164 I HuaweiWifiWatchdogStateMachine: start computeQosLevel tcpRtt = 0 ,rssi = -79 ,mBestSpeedInPeriod = 55
05-16 02:43:54.890  1834  2164 I HuaweiWifiWatchdogStateMachine: smoothConsecutiveQosResults, currentQosLevel = 2
05-16 02:43:54.890  1834 11540 I MQoS    : QOS_level:0(0),DataDisable;use level-0
05-16 02:43:54.890  1834 11540 I MQoS    : skip-low-Level:0(0),DataDisable;use level-0
05-16 02:43:55.141  1834  2065 I TrafficMonitor: update:rxPkts:0,txPkts:1,rxBytes:0,txBytes:40
05-16 02:43:55.141  1834  2065 I TrafficMonitor: gettimer:interval=2000
05-16 02:43:55.251  1086  1179 I HfLooper: als lux = 51.000000 , rawdata1 =198.000000., rawdata1 = 11.000000
05-16 02:43:56.132  1834  2065 I TrafficMonitor: expired arrive. level:-1
05-16 02:43:56.132  1834  2065 I TrafficMonitor: during_ms:2004,period_ms:2000
05-16 02:43:56.132  1834  2065 I TrafficMonitor: count:548,rx_sum:0,tx_sum:1,rxBytes:0,during_ms:2004,rx_speed:0.0,tx_speed:19.960079840319363,rto:0.0
05-16 02:43:56.132  1834  2065 I HuaweiWifiWatchdogStateMachine: Get speed information rx_speed = 0 ,tx_speed = 19 ,isSpeedOk = false ,mBestSpeedInPeriod = 0
05-16 02:43:56.359  1834  2066 E WifiVendorHal: getWifiLinkLayerStats_1_3_Internal(l.957) failed {.code = ERROR_NOT_SUPPORTED, .description = }
05-16 02:43:56.372  1834  2066 I WificondControl: Noise: 0, Snr: 0, Chload: 0, rssi: -79, txBitrate: 26, rxBitrate: 1, frequency: 2452, UlDelay: 0, currentTxBytes: 444631016, currentTxPackets: 4540262, currentTxFailed: 0, currentRxBytes: 313646782, currentRxPackets: 7057527
05-16 02:43:56.376  1834  2066 V HwWifiServiceFactory: get AllImpl object = com.android.server.wifi.HwWifiServiceFactoryImpl@5f30e40
05-16 02:43:57.145  1834  2065 I TrafficMonitor: update:rxPkts:0,txPkts:1,rxBytes:0,txBytes:40
05-16 02:43:57.145  1834  2065 I TrafficMonitor: gettimer:interval=2000
05-16 02:43:57.154  2531  9919 I HwNaturalBase: [CommonHandler]: 39560Kb ram is used.
05-16 02:43:57.356 23396 23404 E bms_file: file /sys/class/hw_power/charger/direct_charger/direct_charge_succ is invalid
05-16 02:43:57.450 23396 23404 I chatty  : uid=1000(system) /vendor/bin/bms_behavior identical 2 lines
05-16 02:43:57.498 23396 23404 E bms_file: file /sys/class/hw_power/charger/direct_charger/direct_charge_succ is invalid
05-16 02:43:57.500 23396 23404 I bms_behavior: monitor interval count 1227
05-16 02:43:57.666  1068  1068 I thermal_src: recvmsg_expect 6, but get 4 
05-16 02:43:57.666  1068  1068 V thermal_src: TA_DAEMON_CMD_GET_TI:ERROR ret=-1
05-16 02:43:57.666  1068  1068 I thermal_src: recvmsg_expect 2, but get 6 
05-16 02:43:57.666  1068  1068 V thermal_src: waiting NOTIFY from kernel miss, -1
05-16 02:43:57.919  1086  1179 I HfLooper: als lux = 51.000000 , rawdata1 =200.000000., rawdata1 = 11.000000
05-16 02:43:57.921  1094  6920 D AALLightSensor: oldLux=57 [SA:50 LA:49] newLux=57 (oriLux: 51)
05-16 02:43:58.880  1834  2066 I WificondControl: Noise: 0, Snr: 0, Chload: 0, rssi: -80, txBitrate: 26, rxBitrate: 1, frequency: 2452, UlDelay: 0, currentTxBytes: 444631070, currentTxPackets: 4540263, currentTxFailed: 0, currentRxBytes: 313646782, currentRxPackets: 7057527
05-16 02:43:58.892  1834  2164 D HuaweiWifiWatchdogStateMachine: nothing to do
05-16 02:43:58.892  1834  2065 I WiFi_PRO: MSG_RETURN_AP_CURRY_RSSI rssi = -80
05-16 02:43:58.893  1834  2065 I QosMonitor: queryRtt: rttType = 3
05-16 02:43:58.893  1834  2065 I HwWifiProServiceProxy: ctrlHwWifiNetwork pkgName: WIFIPRO_SERVICE interfaceId: 8
05-16 02:43:58.893  1834  2166 I HwDualBandManager: handle2gApStrongWifiRssiChange
05-16 02:43:58.893  1834  2164 I HuaweiWifiWatchdogStateMachine: high data flow: protection_counter = 0,  not_detect_counter = 280
05-16 02:43:58.893  1834  2164 I HuaweiWifiWatchdogStateMachine: high data flow scenario: 0 --> 0 rx bytes =0KB
05-16 02:43:58.894  1834  2164 I HuaweiWifiWatchdogStateMachine: POta txb txg rxg:0, 1, 0. Lr =0% Totpkt=1
05-16 02:43:58.894  1834  2065 I QosMonitor: postEventFromNative: msg=100,arg1=4,arg2=10
05-16 02:43:58.894  1834  2065 I HwWifiProServiceProxy: ctrlHwWifiNetwork pkgName: WIFIPRO_SERVICE interfaceId: 8
05-16 02:43:58.894  1834  2065 I QosMonitor: postEventFromNative: msg=100,arg1=0,arg2=10
05-16 02:43:58.895  1834  2065 I MQoS    : rtt=480,tcpTxPkts=4209401,tcpRxPkts=6330509
05-16 02:43:58.896  1834 11540 I MQoS    : QOS_level:0(0),DataDisable;use level-0
05-16 02:43:58.896  1834  2164 I HuaweiWifiWatchdogStateMachine: PTcp RTT:0, rtt pkt=0, tcp_rx=0, tcp_tx=1, tcp_reTran=0, rtRate=0
05-16 02:43:58.896  1834  2164 I HuaweiWifiWatchdogStateMachine: rssi bad, mrssi=-80 < TargetRssi=-72
05-16 02:43:58.896  1834  2164 I HuaweiWifiWatchdogStateMachine: start computeQosLevel tcpRtt = 0 ,rssi = -80 ,mBestSpeedInPeriod = 0
05-16 02:43:58.897  1834  2164 I HuaweiWifiWatchdogStateMachine: smoothConsecutiveQosResults, currentQosLevel = 2
05-16 02:43:59.096   675 26102 I netd    : trafficSwapActiveStatsMap() <0.87ms>
05-16 02:43:59.148  1834  2065 I TrafficMonitor: update:rxPkts:0,txPkts:0,rxBytes:0,txBytes:0
05-16 02:43:59.148  1834  2065 I TrafficMonitor: gettimer:interval=2000
05-16 02:43:59.383  1834  2066 E WifiVendorHal: getWifiLinkLayerStats_1_3_Internal(l.957) failed {.code = ERROR_NOT_SUPPORTED, .description = }
05-16 02:43:59.397  1834  2066 I WificondControl: Noise: 0, Snr: 0, Chload: 0, rssi: -79, txBitrate: 26, rxBitrate: 1, frequency: 2452, UlDelay: 0, currentTxBytes: 444631070, currentTxPackets: 4540263, currentTxFailed: 0, currentRxBytes: 313646782, currentRxPackets: 7057527
05-16 02:43:59.400  1834  2066 V HwWifiServiceFactory: get AllImpl object = com.android.server.wifi.HwWifiServiceFactoryImpl@5f30e40
05-16 02:43:59.441   530   530 I hwservicemanager: getTransport: Cannot find entry vendor.huawei.hardware.hwsched@1.0::ISched/hwsched in either framework or device manifest.
05-16 02:43:59.441   749  1219 E SurfaceFlingerEx: notifyRealVsyncPeriod could not find AISched service
05-16 02:43:59.450   704   786 I hwcomposer: [HWCDisplay] [Display_0 (type:1)] fps:0.165400,dur:6045.96,max:6045.96,min:6045.96  
05-16 02:43:59.525   530   530 I hwservicemanager: getTransport: Cannot find entry vendor.huawei.hardware.hwsched@1.0::ISched/hwsched in either framework or device manifest.
05-16 02:43:59.525   749  1219 E SurfaceFlingerEx: notifyRealVsyncPeriod could not find AISched service
05-16 02:43:59.561  2531 10191 I OPCollectLog: ARFromAwarenessImpl:handleMessage msg: 1
05-16 02:43:59.563  2531 10191 E CAWARENESS_CLIENT: sdk_b: checkApkExist false PackageManager.NameNotFoundException
05-16 02:43:59.563  2531 10191 E CAWARENESS_CLIENT: AwarenessManager: connectMsdpService() msdp do not install
05-16 02:43:54.890  1834 11540 I chatty  : uid=1000(system) MobileQosDetect identical 1 line
05-16 02:43:58.895  1834 11540 D HwConnectivityServiceEx: set 1000 wlan0 value false
05-16 02:44:00.007  1834  1886 I PowerManagerService: handleSandman: wakefulness: 1,startDreaming: false
05-16 02:44:00.010  2256  2256 E DateView: DateView,mCurrentTime: 1652640240010
05-16 02:44:00.016  2686  2686 I HwLauncher: CalenderDynamicUpdater setHasUpdateSuccess, success: true
05-16 02:44:00.016  2686  2686 I HwLauncher: CalenderDynamicUpdater setHasUpdateSuccess, success: true
05-16 02:44:00.036   530   530 I hwservicemanager: getTransport: Cannot find entry vendor.huawei.hardware.hwsched@1.0::ISched/hwsched in either framework or device manifest.
05-16 02:44:00.037   749  1219 E SurfaceFlingerEx: notifyRealVsyncPeriod could not find AISched service
05-16 02:44:00.063  2686  2686 E ndroid.launche: No package ID ff found for ID 0xffffffff.
05-16 02:44:00.100  2256  2256 E ndroid.systemu: No package ID ff found for ID 0xffffffff.
05-16 02:44:00.105  2256  2256 E ndroid.systemu: No package ID ff found for ID 0xffffffff.
05-16 02:44:00.118   530   530 I hwservicemanager: getTransport: Cannot find entry vendor.huawei.hardware.hwsched@1.0::ISched/hwsched in either framework or device manifest.
05-16 02:44:00.119   749  1219 E SurfaceFlingerEx: notifyRealVsyncPeriod could not find AISched service
05-16 02:44:00.124  1834  2010 W AlarmManager: WAKEUP alarm talarm.operation == null,package name is: android listenerTag is: WifiConnectivityManager Schedule Periodic Scan Timer creator uid is: 1000
05-16 02:44:00.124  1834  2066 I WifiConnectivityManager: periodicScanTimerHandler mScreenOn true
05-16 02:44:00.125  1834  2066 E WifiConnectivityManager: isWifiScanSpecialChannels is false,mWifiState : 1
05-16 02:44:00.125  1834  2066 I WifiConfigManager: retrieve sorted hiddenLists_SSID=
05-16 02:44:00.126  1834  2066 I WifiScanLog: Key#63: start new Scan by --SingleScanListener 
05-16 02:44:00.134 23380 23380 I wpa_supplicant: nl80211: Drv Event 33 (NL80211_CMD_TRIGGER_SCAN) received for wlan0
05-16 02:44:00.135 23380 23380 I wpa_supplicant: wlan0: External program started a scan
05-16 02:44:00.181  2648  3523 E AppInfoMgr: not find pkgs by uid: 1010
05-16 02:44:00.240  1065  1065 I thermal_repeater: [recvMdThermalInfo] ret=35, strLen=127,  0, 32767, -127, 3404, 32767, 10539
05-16 02:44:00.461  1834 14087 I WificondControl: Scan result ready event
05-16 02:44:00.461   675  1208 I         : ApiCount[0, 0, 1, 617, 0, 0, 0, 175, 172, 0, 3504, 2122, 0, 126, 80, 0, 82, 0, 11627, 39178]
05-16 02:44:00.461 23380 23380 I wpa_supplicant: nl80211: Drv Event 34 (NL80211_CMD_NEW_SCAN_RESULTS) received for wlan0
05-16 02:44:00.461 23380 23380 I wpa_supplicant: nl80211: Scan probed for SSID ''
05-16 02:44:00.461 23380 23380 I wpa_supplicant: nl80211: Scan included frequencies: 2412 2417 2422 2427 2432 2437 2442 2447 2452 2457 2462 2467 2472 5180 5200 5220 5240 5260 5280 5300 5320 5745 5765 5785 5805 5825
05-16 02:44:00.461  1834  1855 I EthernetTracker: interfaceLinkStateChanged, iface: wlan0, up: true
05-16 02:44:00.462 23380 23380 I wpa_supplicant: nl80211: Received scan results (4 BSSes)
05-16 02:44:00.462 23380 23380 I wpa_supplicant: nl80211: Scan results indicate BSS status with d4:**:**:**:b7:e8 as associated
05-16 02:44:00.462 23380 23380 I wpa_supplicant: BSS: last_scan_res_used=4/32
05-16 02:44:00.462 23380 23380 I wpa_supplicant: wlan0: New scan results available (own=0 ext=1)
05-16 02:44:00.462 23380 23380 I wpa_supplicant: p2p0: Updating scan results from sibling
05-16 02:44:00.463 23380 23380 I wpa_supplicant: nl80211: Received scan results (4 BSSes)
05-16 02:44:00.463 23380 23380 I wpa_supplicant: BSS: last_scan_res_used=4/32
05-16 02:44:00.463 23380 23380 I wpa_supplicant: p2p0: New scan results available (own=0 ext=1)
05-16 02:44:00.465   675 26102 I netd    : interfaceGetCfg("wlan0") <1.11ms>
05-16 02:44:00.477  1834  2074 W HwInformationElementUtilEx: the information elements's length is invalid
05-16 02:44:00.478  1834  2074 D ScanResultRecords: getHiLinkAp: bssid is not match
05-16 02:44:00.478  1834  2074 I chatty  : uid=1000(system) WifiScanningSer identical 1 line
05-16 02:44:00.479  1834  2074 D ScanResultRecords: getHiLinkAp: bssid is not match
05-16 02:44:00.480  1834  2074 W HwInformationElementUtilEx: the information elements's length is invalid
05-16 02:44:00.480  1834  2074 D ScanResultRecords: getHiLinkAp: bssid is not match
05-16 02:44:00.480  1834  2074 I WificondControl: get results:Add: +CUF8E79F51, Remove: -ChE386C8D5 -26788638F4
05-16 02:44:00.483  1834  2074 D WifiScanningService: shouldSendScanResultsBroadcast:true. Band is WIFI_BAND_BOTH_WITH_DFS
05-16 02:44:00.484  1834  2066 I ScanResultRecords: getWifiCategory: bssid is not match
05-16 02:44:00.488  1834  2163 I HwWifiProServiceProxy: ctrlHwWifiNetwork pkgName: WIFIPRO_SERVICE interfaceId: 87
05-16 02:44:00.490  1834  2065 I HwWifiProServiceProxy: ctrlHwWifiNetwork pkgName: WIFIPRO_SERVICE interfaceId: 18
05-16 02:44:00.493  2589  2589 I ChannelQualityMonitor: eventReceiver WifiManager SCAN_RESULTS_AVAILABLE_ACTION!
05-16 02:44:00.493  2451  2748 I OllieMsgCenter: publishEvt=2130903230
05-16 02:44:00.493  1834  2065 I HwWifiProServiceProxy: ctrlHwWifiNetwork pkgName: WIFIPRO_SERVICE interfaceId: 24
05-16 02:44:00.494  1834  2065 I HwWifiProServiceProxy: ctrlHwWifiNetwork pkgName: WIFIPRO_SERVICE interfaceId: 25
05-16 02:44:00.495  1834  2065 I HwDualBandManager: preferList = {}
05-16 02:44:00.495  1834  2065 I WiFi_PRO_WifiProStateMachine: isAppinWhitelists, currentAppName =  android.uid.system:1000
05-16 02:44:00.495  1834  2065 W WiFi_PRO_WifiProStateMachine: mIsVpnWorking = false, mIsUserHandoverWiFi = false, mIsWiFiNoInternet = false, mHiLinkUnconfig = false, isAppinWhitelists = false, isWifiRepeaterOn = false, mIsSwitchForbiddenFromApp = false
05-16 02:44:00.495  1834  2065 I WiFi_PRO_WifiProStateMachine: isAppinWhitelists, currentAppName =  android.uid.system:1000
05-16 02:44:00.496  1834  2065 I WiFi_PRO_WifiProStateMachine: EVENT_CHECK_AVAILABLE_AP_RESULT: targetBssid = null, exist = false, prefer = 0, freq = -1
05-16 02:44:00.497  2589  2841 D NetworkUtils: frequencyToChannel: frequency = 2417
05-16 02:44:00.497  2589  2841 D NetworkUtils: frequencyToChannel: frequency = 5745
05-16 02:44:00.497  2589  2841 D NetworkUtils: frequencyToChannel: frequency = 2462
05-16 02:44:00.497  2589  2841 D NetworkUtils: frequencyToChannel: frequency = 2452
05-16 02:44:00.498  1834  2163 E WiFi_PRO_WifiProStateMachine: isSatisfiedWifiHandoverCondition target ap is not exist
05-16 02:44:00.498  2589  2841 I nStackXDNet: DNetGetAllChannel:[186] :Call
05-16 02:44:00.499  2589  2841 E libchannel_measure: JNIGetAllChannel: DNetGetAllChannel fail, ret = -1!
05-16 02:44:00.499  2589  2841 E ChannelQualityMonitor: fail get all channel info by Dnet!
05-16 02:44:00.499  2589  2841 I SyncChannelInfo: onChannelBeanRevice from local, channelBeanList size=4
05-16 02:44:00.500  2589  2841 D CommonUtils: Current screen state isOn: true
05-16 02:44:00.500  2589  2841 I SyncChannelInfo: invalid chload, channelId=149, chload=-1
05-16 02:44:00.500  2589  2841 I SyncChannelInfo: lastOnlineChannelBeanList is null or size == 0
05-16 02:44:00.500 26597 28397 I LBSLog_HwNLPScanManager: [I/HwLocation/LBSLog_HwNLPScanManager 26597:19934 Method.java:-2] onWifiBroadcastReceived, type: 0, isWifiCredible: true
05-16 02:44:00.500  2589  2841 I SyncChannelInfo: isLocalUsableChanged=false, isNetworkingUsableChanged=true
05-16 02:44:00.500  2589  2841 I SyncChannelInfo: all usable infos for 5g is unchanged, no need to sync
05-16 02:44:00.126  1834  1886 I chatty  : uid=1000(system) PowerManagerSer identical 2 lines
05-16 02:44:00.130  1834  1886 I PowerManagerService: handleSandman: wakefulness: 1,startDreaming: false
05-16 02:44:00.501  2451  2748 I PositionFenceSignalCollect: wifiDatas size 4 for recognize
05-16 02:44:00.501  2451  2748 E PositionFenceRecognize: RecognizeByWifi fail, highPrecisionConfirmedFence is empty
05-16 02:44:00.501  2451  2748 E PositionFenceRecognize: RecognizeByCellAndServeAp fail, cellDatas is empty
05-16 02:44:00.501  2589  2841 I ChannelQualityMonitor: startMeasure: itemChannelBean ChannelId=2, ApNum=1, chload=-1, noise=0
05-16 02:44:00.502  2589  2841 I ChannelQualityMonitor: startMeasure: itemChannelBean ChannelId=149, ApNum=1, chload=-1, noise=0
05-16 02:44:00.502  2589  2841 I ChannelQualityMonitor: startMeasure: itemChannelBean ChannelId=11, ApNum=1, chload=-1, noise=0
05-16 02:44:00.502  2451  2748 I OllieMsgCenter: publishEvt=2135228419
05-16 02:44:00.502  2589  2841 I ChannelQualityMonitor: startMeasure: itemChannelBean ChannelId=9, ApNum=1, chload=-1, noise=0
05-16 02:44:00.502  2589 32026 I ChannelRating: onChannelBeanRevice size: 4
05-16 02:44:00.502  2589 32026 D ChannelRating: onChannelBeanRevice channel 2
05-16 02:44:00.502  2589 32026 D ChannelRating: onChannelBeanRevice channel 149
05-16 02:44:00.502  2589 32026 D ChannelRating: onChannelBeanRevice channel 11
05-16 02:44:00.502  2589 32026 D ChannelRating: onChannelBeanRevice channel 9
05-16 02:44:00.502  2589 32026 I ChannelRating: onChannelBeanRevice inputs 4channels
05-16 02:44:00.502  2589 32026 I ChannelRating: getApCountScore channel: 2, bestscore: 1000.0, count: 1
05-16 02:44:00.502  2589 32026 D ChannelRating: getRssiScore1 channel: 2, first score: 344.44446, largest rssi: -86
05-16 02:44:00.502  2589 32026 D ChannelRating: getRssiScore channel: 2, second score: 500.0, large signal count: 0
05-16 02:44:00.503  2589 32026 I ChannelRating: getRssiScore total: 844.44446
05-16 02:44:00.503  2589 32026 E ChannelRating: invalid input to get chload score
05-16 02:44:00.503  2589 32026 E ChannelRating: invalid input to get noise score
05-16 02:44:00.503  2589 32026 I ChannelRatingResult: conclusion is: channel: 2, score: 18.444445
05-16 02:44:00.503  2589 32026 I ChannelRating: getApCountScore channel: 149, bestscore: 1000.0, count: 1
05-16 02:44:00.503  2589 32026 D ChannelRating: getRssiScore1 channel: 149, first score: 333.33337, largest rssi: -85
05-16 02:44:00.503  2589 32026 D ChannelRating: getRssiScore channel: 149, second score: 500.0, large signal count: 0
05-16 02:44:00.503  2589 32026 I ChannelRating: getRssiScore total: 833.3334
05-16 02:44:00.503  2589 32026 E ChannelRating: invalid input to get chload score
05-16 02:44:00.503  2589 32026 E ChannelRating: invalid input to get noise score
05-16 02:44:00.503  2589 32026 I ChannelRatingResult: conclusion is: channel: 149, score: 18.333334
05-16 02:44:00.503  2589 32026 I ChannelRating: getApCountScore channel: 11, bestscore: 1000.0, count: 1
05-16 02:44:00.503  2589 32026 D ChannelRating: getRssiScore1 channel: 11, first score: 388.8889, largest rssi: -90
05-16 02:44:00.503  2589 32026 D ChannelRating: getRssiScore channel: 11, second score: 500.0, large signal count: 0
05-16 02:44:00.503  2589 32026 I ChannelRating: getRssiScore total: 888.8889
05-16 02:44:00.503  2589 32026 E ChannelRating: invalid input to get chload score
05-16 02:44:00.503  2589 32026 E ChannelRating: invalid input to get noise score
05-16 02:44:00.503  2589 32026 I ChannelRatingResult: conclusion is: channel: 11, score: 18.88889
05-16 02:44:00.503  2589 32026 I ChannelRating: getApCountScore channel: 9, bestscore: 1000.0, count: 1
05-16 02:44:00.503  2589 32026 D ChannelRating: getRssiScore1 channel: 9, first score: 333.33337, largest rssi: -85
05-16 02:44:00.503  2589 32026 D ChannelRating: getRssiScore channel: 9, second score: 500.0, large signal count: 0
05-16 02:44:00.503  2589 32026 I ChannelRating: getRssiScore total: 833.3334
05-16 02:44:00.503  2589 32026 E ChannelRating: invalid input to get chload score
05-16 02:44:00.503  2589 32026 E ChannelRating: invalid input to get noise score
05-16 02:44:00.503  2589 32026 I ChannelRatingResult: conclusion is: channel: 9, score: 18.333334
05-16 02:44:00.503  2589 32026 I ChannelRating: channel rating remote size: 4
05-16 02:44:00.584  1086  1179 I HfLooper: als lux = 51.000000 , rawdata1 =200.000000., rawdata1 = 11.000000
05-16 02:44:01.153  1834  2065 I TrafficMonitor: update:rxPkts:0,txPkts:1,rxBytes:0,txBytes:40
05-16 02:44:01.153  1834  2065 I TrafficMonitor: gettimer:interval=2000
05-16 02:44:01.313   675 26102 I netd    : trafficSwapActiveStatsMap() <0.51ms>
05-16 02:44:01.788  2451  2748 I SpeedTestNotifier: is low speed scene
05-16 02:44:02.086  1094  6920 D AALLightSensor: oldLux=57 [SA:50 LA:49] newLux=57 (oriLux: 51)
05-16 02:44:02.147  1834  2065 I TrafficMonitor: expired arrive. level:-1
05-16 02:44:02.147  1834  2065 I TrafficMonitor: during_ms:2005,period_ms:2000
05-16 02:44:02.147  1834  2065 I TrafficMonitor: count:551,rx_sum:0,tx_sum:1,rxBytes:0,during_ms:2005,rx_speed:0.0,tx_speed:19.950124688279303,rto:0.0
05-16 02:44:02.147  1834  2065 I HuaweiWifiWatchdogStateMachine: Get speed information rx_speed = 0 ,tx_speed = 19 ,isSpeedOk = false ,mBestSpeedInPeriod = 0
05-16 02:44:02.405  1834  2066 E WifiVendorHal: getWifiLinkLayerStats_1_3_Internal(l.957) failed {.code = ERROR_NOT_SUPPORTED, .description = }
05-16 02:44:02.412  1834  2066 I WificondControl: Noise: 0, Snr: 0, Chload: 0, rssi: -85, txBitrate: 26, rxBitrate: 1, frequency: 2452, UlDelay: 0, currentTxBytes: 444631232, currentTxPackets: 4540266, currentTxFailed: 0, currentRxBytes: 313646782, currentRxPackets: 7057527
05-16 02:44:02.416  1834  2079 I ConnectivityService: notifyType CALLBACK_CAP_CHANGED for NetworkAgentInfo [WIFI () - 142]
05-16 02:44:02.418  1834  2077 D HwConnectivityServiceEx: set 10120 wlan0 value false
05-16 02:44:02.418  1834  2092 D HwConnectivityServiceEx: set 1000 wlan0 value false
05-16 02:44:02.418  1834  2163 I HwWifiProServiceProxy: ctrlHwWifiNetwork pkgName: WIFIPRO_SERVICE interfaceId: 9
05-16 02:44:02.419  1834  2065 I QosMonitor: queryRtt: rttType = 3
05-16 02:44:02.419  1834  2065 I HwWifiProServiceProxy: ctrlHwWifiNetwork pkgName: WIFIPRO_SERVICE interfaceId: 8
05-16 02:44:02.420  1834  2077 D HwConnectivityServiceEx: set 10097 wlan0 value false
05-16 02:44:02.420  1834  2077 D HwConnectivityServiceEx: set 10026 wlan0 value true
05-16 02:44:02.420  1834  2077 I ConnectivityService: B uid 10026
05-16 02:44:02.420  1834  2065 I QosMonitor: postEventFromNative: msg=100,arg1=4,arg2=10
05-16 02:44:02.420  1834  2077 D HwConnectivityServiceEx: set 10024 wlan0 value false
05-16 02:44:02.418  1834  2066 V HwWifiServiceFactory: get AllImpl object = com.android.server.wifi.HwWifiServiceFactoryImpl@5f30e40
05-16 02:44:02.424  1834  2077 D HwConnectivityServiceEx: set 5514 wlan0 value false
05-16 02:44:02.427  2451  2748 I OllieMsgCenter: publishEvt=2130903260
05-16 02:44:02.429  1834  2077 D HwConnectivityServiceEx: set 5513 wlan0 value false
05-16 02:44:02.433  1834  2162 I HwWifiConnectivityMonitor: signal level changed: 2 --> 1, 802.11v = false
05-16 02:44:02.434  2451  3370 I Hicom_Monitor: notifyWifiRssiChanged, newRssi: -85
05-16 02:44:02.437  2569  2846 I HotspotComponent: onWifiBroadcastReceived :android.net.wifi.RSSI_CHANGED
05-16 02:44:02.437  2569  2846 I WifiStatController: not need report or sync
05-16 02:44:02.437  1834  2955 D HwConnectivityServiceEx: set 10166 wlan0 value false
05-16 02:44:02.437  2569  2812 I WifiProComponent: default event
05-16 02:44:02.438  1834  2163 I HwWifiProServiceProxy: ctrlHwWifiNetwork pkgName: WIFIPRO_SERVICE interfaceId: 9
05-16 02:44:02.438  2569  2812 I HotspotComponent: handleEvent
05-16 02:44:02.438  2569  2812 I HotspotComponent: handleEvent not handle the event:1128
05-16 02:44:02.446  1834  2969 E WifiPermissionsUtil: getUidPermission is DENIED and permissionType android.permission.ACCESS_FINE_LOCATIONuid 10024
05-16 02:44:02.446  1834  2969 E WifiService: enforceCanAccessScanResults: hiding ssid and bssidUID 10024 has no location permission
05-16 02:44:02.446  1834 14087 E WifiPermissionsUtil: getUidPermission is DENIED and permissionType android.permission.ACCESS_COARSE_LOCATIONuid 10166
05-16 02:44:02.447  1834 14087 E WifiService: enforceCanAccessScanResults: hiding ssid and bssidUID 10166 has no location permission
05-16 02:44:02.459  1834 14087 I chatty  : uid=1000(system) Binder:1834_1F identical 2 lines
05-16 02:44:02.464  1834 14087 E WifiService: enforceCanAccessScanResults: hiding ssid and bssidUID 10166 has no location permission
05-16 02:44:02.475   704   786 I hwcomposer: [HWCDisplay] [Display_0 (type:1)] fps:0.991732,dur:3025.01,max:2364.55,min:49.27  
05-16 02:44:02.489   833   833 I aptouch_daemon: check_idle_status, idle out.
05-16 02:44:02.492   833   833 I aptouch_daemon: print_log, touch:1, down:1 (+0)
05-16 02:44:02.494  1834  1888 I osfingersense: Acc read ok
05-16 02:44:02.494  1834  1888 I osfingersense: osf: wait tp event in
05-16 02:44:02.495  1834  2037 D fingersense_manager: Calling fingersense_classify_touch()
05-16 02:44:02.495  1834  2037 I osfingersense: fingersense_classify_touch: entrance, v2.5 with 1.0 bin
05-16 02:44:02.495  1834  2037 I osfingersense: touch down-id: 0
05-16 02:44:02.495  1834  2037 I osfingersense: fingersense_classify_touch: M F: 359.149231
05-16 02:44:02.495  1834  2037 I osfingersense: fingersense_classify_touch: P M F: 344.068481
05-16 02:44:02.495  1834  2037 I osfingersense: fingersense_classify_touch: P: 194.000000
05-16 02:44:02.495  1834  2037 I osfingersense: fingersense_classify_touch: N A: 0.105516
05-16 02:44:02.495  1834  2037 I osfingersense: fingersense_classify_touch: N S: 0.017189
05-16 02:44:02.495  1834  2037 I osfingersense: fingersense_classify_touch: M U: 8202.242188
05-16 02:44:02.495  1834  2037 I osfingersense: fingersense_classify_touch: G: 106.000000
05-16 02:44:02.496  1834  2037 I osfingersense: fingersense_classify_touch: B--G
05-16 02:44:02.496  1834  2037 I osfingersense: fingersense_classify_touch acc model off
05-16 02:44:02.496  1834  2037 I osfingersense: fingersense_classify_touch: Part IV
05-16 02:44:02.496  1834  2037 I osfingersense: Part IV B
05-16 02:44:02.496  1834  2037 I osfingersense: fingersense_classify_touch: inference = 0
05-16 02:44:02.496  1834  2037 D fingersense_manager: fingersense_classify_touch() finished
05-16 02:44:02.497  1834  2037 I HwFingersSnapshooter: handleMotionEvent first finger(0) touch down at (642.0,1870.0)
05-16 02:44:02.500  1834  2036 I InputDispatcher: stylus touch down, set lcd event 1
05-16 02:44:02.500  1834  2036 I chatty  : uid=1000(system) InputDispatcher identical 2 lines
05-16 02:44:02.501  1834  2036 I InputDispatcher: stylus touch down, set lcd event 1
05-16 02:44:02.503  2686  2686 I RMS.HwSysResManager: preloadAppForLauncher packageName com.mars.infra.trace preloadType 101
05-16 02:44:02.459  1834 14087 I chatty  : uid=1000(system) Binder:1834_1F identical 2 lines
05-16 02:44:02.464  1834 14087 E WifiPermissionsUtil: getUidPermission is DENIED and permissionType android.permission.ACCESS_COARSE_LOCATIONuid 10166
05-16 02:44:02.503  1834  1886 I DisplayPowerController: mPowerState.mScreenChangedReason: 65539 mPendingRequestLocked.mScreenChangeReason 65539
05-16 02:44:02.504  1834  1856 I HWRME LIBHWRME_CLIENT: ResMngMmEvent interface arg 1, 10360
05-16 02:44:02.505  1834  1856 I NavigationBarPolicy: pointY:1870.0realSize.y:2400HIT_REGION_TO_MAX:33
05-16 02:44:02.506  1834  2030 I BigFontUtils: adjustAppProcessConfiguration appInfo:com.mars.infra.trace
05-16 02:44:02.507 23396 23404 E bms_file: file /sys/class/hw_power/charger/direct_charger/direct_charge_succ is invalid
05-16 02:44:02.509   743   779 I libPowerHal: [PE] scn:57 hdl:8 user:iawareperf@1.0- pid:728 tid:1000
05-16 02:44:02.510   743   779 I libPowerHal: iawareperf@1.0-: hard user limit set cpu freq: 1128000 -1 1534000 -1
05-16 02:44:02.510   743   779 I libPowerHal: [PE] iawareperf@1.0- update cmd:1400300, param:50
05-16 02:44:02.511   743   779 I libPowerHal: [PE] iawareperf@1.0- update cmd:1000000, param:4
05-16 02:44:02.513  1834  1886 I DisplayPowerController: Animating brightness: target=46, rate=180,brightnessTargetReal=46,AutoBrightness=true
05-16 02:44:02.513   743   779 I libPowerHal: [PE] scn:64 hdl:15 user:iawareperf@1.0- pid:728 tid:1000
05-16 02:44:02.514  1834  1886 V DisplayPowerController: Brightness [46] reason changing to: 'automatic', previous reason: 'automatic [ dim ]'.
05-16 02:44:02.514   743   779 I libPowerHal: iawareperf@1.0-: hard user limit set cpu freq: 1650000 -1 1837000 -1
05-16 02:44:02.514   743   779 I libPowerHal: [PE] iawareperf@1.0- update cmd:1400100, param:100
05-16 02:44:02.514   994  2016 I dubaid  : [DisplayPanel.cpp] HandleBrightnessNitChanged# Display brightness:46 reason:AUTO nit:102
05-16 02:44:02.514   743   779 I libPowerHal: [PE] iawareperf@1.0- update cmd:1400300, param:100
05-16 02:44:02.515   743   779 I libPowerHal: [PE] iawareperf@1.0- update cmd:1000000, param:3
05-16 02:44:02.515  1834  1886 I PowerManagerService: handleSandman: wakefulness: 1,startDreaming: false
05-16 02:44:02.517   746 15352 D AudioPolicyService: getUidState(10360) !cacheIter->second.first, return PROCESS_STATE_UNKNOWN
05-16 02:44:02.522  1834  1886 I HwNormalizedRampAnimator: hbm_dimming target=1803 rate=180 duration=0.5
05-16 02:44:02.518   746 15352 D AudioPolicyService: getUidState(10360) !cacheIter->second.first, return PROCESS_STATE_UNKNOWN
05-16 02:44:02.525   719   719 E DE H =DE: setAmoled:522: can not support this mode: MODE_AMOLED!
05-16 02:44:02.525   676   676 D Zygote  : Forked child process 32030
05-16 02:44:02.525   731   731 D lights  : write_int open fd=6
05-16 02:44:02.527  1834  1876 I ActivityManager: Start proc 32030:com.mars.infra.trace/u0a360 for start application com.mars.infra.trace
05-16 02:44:02.530  1094  1176 D AAL     : onBacklightChanged: 24/1023 -> 32/1023(phy:64/4095)
05-16 02:44:02.530  1094  1176 D AAL     : LABC: LABC after setTarget isSmoothBacklight=0 
05-16 02:44:02.532 32030 32030 I ars.infra.trac: Late-enabling -Xcheck:jni
05-16 02:44:02.540   719   719 E DE H =DE: setAmoled:522: can not support this mode: MODE_AMOLED!
05-16 02:44:02.541   731   731 D lights  : write_int open fd=6
05-16 02:44:02.542 23396 23404 E bms_file: file /sys/class/hw_power/charger/direct_charger/direct_charge_succ is invalid
05-16 02:44:02.547  1094  1176 D AAL     : onBacklightChanged: 32/1023 -> 43/1023(phy:86/4095)
05-16 02:44:02.547  1094  1176 D AAL     : LABC: LABC after setTarget isSmoothBacklight=0 
05-16 02:44:02.553 32030 32030 E libc    : Access denied finding property "persist.device_config.runtime_native.use_app_image_startup_cache"
05-16 02:44:02.553 32030 32030 E ars.infra.trac: LoadAppImageStartupCache enabled : 1
05-16 02:44:02.553 32030 32030 E ars.infra.trac: Unknown bits set in runtime_flags: 0x8000
05-16 02:44:02.548 32030 32030 W ars.infra.trac: type=1400 audit(0.0:221504): avc: denied { read } for pid=32030 name="u:object_r:device_config_runtime_native_prop:s0" dev="tmpfs" ino=16090 scontext=u:r:untrusted_app:s0:c104,c257,c512,c768 tcontext=u:object_r:device_config_runtime_native_prop:s0 tclass=file permissive=0
05-16 02:44:02.554 32030 32030 I ars.infra.trac: Reinit property: dalvik.vm.checkjni= false
05-16 02:44:02.554 32030 32030 I ars.infra.trac: ReInitProperties: persist.vm.debug.dumpapi= false
05-16 02:44:02.557   719   719 E DE H =DE: setAmoled:522: can not support this mode: MODE_AMOLED!
05-16 02:44:02.557   731   731 D lights  : write_int open fd=6
05-16 02:44:02.563  1094  1176 D AAL     : onBacklightChanged: 43/1023 -> 54/1023(phy:108/4095)
05-16 02:44:02.563  1094  1176 D AAL     : LABC: LABC after setTarget isSmoothBacklight=0 
05-16 02:44:02.564 32030 32030 D ActivityThread: Attach thread to application
05-16 02:44:02.570 32030 32049 I HwActivityThreadImpl: mSocketName: a14d8b7c-ba1b-4abd-9656-fbe2d5854143
05-16 02:44:02.571 32030 32049 I HwActivityThreadImpl: initPreloadedSocked end mPreloadStatus 2
05-16 02:44:02.572   731   731 D lights  : write_int open fd=6
05-16 02:44:02.573   833   833 I aptouch_daemon: print_log, touch:0, down:0 
05-16 02:44:02.573   719   719 E DE H =DE: setAmoled:522: can not support this mode: MODE_AMOLED!
05-16 02:44:02.574  1834  2037 I HwFingersSnapshooter: handleMotionEvent last finger(0) up.
05-16 02:44:02.575  1834  2036 I InputDispatcher: stylus touch up, set lcd event 0
05-16 02:44:02.575  1834  2036 I chatty  : uid=1000(system) InputDispatcher identical 2 lines
05-16 02:44:02.575  1834  2036 I InputDispatcher: stylus touch up, set lcd event 0
05-16 02:44:02.575   743   780 I mtkpower@impl: @Deprecated scnDisable hdl:8
05-16 02:44:02.575   743   779 I libPowerHal: [PD] scn:57 hdl:8 user:iawareperf@1.0- pid:728 tid:1000
05-16 02:44:02.576  2686  2686 V AudioManager: querySoundEffectsEnabled...
05-16 02:44:02.577  1834 28333 D BehaviorCollectorService: isTapEvent, invalid data
05-16 02:44:02.577   743   779 I libPowerHal: [PE] scn:58 hdl:9 user:iawareperf@1.0- pid:728 tid:1000
05-16 02:44:02.578 32030 32050 I ActivityThread: Init compatible state: true
05-16 02:44:02.578  1834  2987 I HwWindowManagerServiceEx: set app win exit info, bundle = Bundle[mParcelledData.dataSize=532], iconBitmap = android.graphics.Bitmap@23bab01
05-16 02:44:02.578  1834  2987 D HwWindowManagerServiceEx: support landscape open anim : true
05-16 02:44:02.578  1834  2987 I HwWindowManagerServiceEx: setLandAnimationInfo : true
05-16 02:44:02.578  1834  2987 I HwWindowManagerServiceEx: set launch origin and target for: com.mars.infra.trace with delay 3000
05-16 02:44:02.579   743   779 I libPowerHal: [PE] scn:61 hdl:12 user:iawareperf@1.0- pid:728 tid:1000
05-16 02:44:02.579   743   779 I libPowerHal: iawareperf@1.0-: set gpu opp level: 4
05-16 02:44:02.579  1834  2987 D HwWindowManagerServiceEx: AnimationTurbo wms set setIconToLayer enter icon
05-16 02:44:02.579   743   779 I libPowerHal: iawareperf@1.0-: set gpu opp level max: 0
05-16 02:44:02.579   743   779 I libPowerHal: iawareperf@1.0-: hard user limit set cpu freq: 1650000 -1 1837000 -1
05-16 02:44:02.579 32030 32050 D HwFrameworkSecurityPartsFactory: HwFrameworkSecurityPartsFactory in.
05-16 02:44:02.579 32030 32050 I HwFrameworkSecurityPartsFactory: add HwFrameworkSecurityPartsFactory to memory.
05-16 02:44:02.580  1094  1176 D AAL     : onBacklightChanged: 54/1023 -> 65/1023(phy:130/4095)
05-16 02:44:02.580  1094  1176 D AAL     : LABC: LABC after setTarget isSmoothBacklight=0 
05-16 02:44:02.580 32030 32050 E BehaviorCollectManager: Fail to acquire dataAnalyzerService...
05-16 02:44:02.581  2686 32052 I HwLauncher: GestureUtil MOTION_NOTIFICATION app_start sendBroadcast extra= category: app_start
05-16 02:44:02.581  1834  1834 I DE J DES: [effect] [MOTION_NOTIFICATION] extra:app_start
05-16 02:44:02.583  1834 14087 I ActivityTaskManager: START u0 {act=android.intent.action.MAIN cat=[android.intent.category.LAUNCHER] flg=0x10200000 hwFlg=0x10 cmp=com.mars.infra.trace/com.mars.infra.fusion.MainActivity bnds=[547,1732][799,2039] (has extras)} from uid 10065
05-16 02:44:02.583  1834 14087 I HwActivityTaskManagerServiceEx: developer mode, not limit.
05-16 02:44:02.583  1834 14087 I HWRME LIBHWRME_CLIENT: ResMngMmEvent interface arg 0, 10360
05-16 02:44:02.583  1064  1088 D AwareLog: iawared: pause rcc and gpu compress
05-16 02:44:02.584  1064  1088 W AwareLog: iawared: ChangePropertyContent open /proc/gmc/device0/cancel fail errno(2)!
05-16 02:44:02.584  1834 14087 I ActivityTaskManager: Background activity start: don't abort if calling uid has any visible window or is persistent system process
05-16 02:44:02.585  1834 14087 D HwGameAssistantController: isGameForeground? false
05-16 02:44:02.585  1834 14087 I ActivityTaskManager: ActivityRecord info: ActivityInfo{5484da6 com.mars.infra.fusion.MainActivity}
05-16 02:44:02.585  1834 14087 D ActivityTaskManager: TaskLaunchParamsModifier:task=null activity=ActivityRecord{bd5d3e7 u0 com.mars.infra.trace/com.mars.infra.fusion.MainActivity t-1} display-from-source=0 display-id=0 display-windowing-mode=1
05-16 02:44:02.586  1834 14087 D ActivityTaskManager: TaskLaunchParamsModifier:task=null activity=ActivityRecord{bd5d3e7 u0 com.mars.infra.trace/com.mars.infra.fusion.MainActivity t-1} display-from-source=0 display-id=0 display-windowing-mode=1 activity-options-fullscreen=Rect(0, 0 - 0, 0) non-freeform-display maximized-bounds
05-16 02:44:02.586  1834 14087 D ActivityTaskManager: pinned windowing mode is false  pad mirror cast is  false
05-16 02:44:02.587   743   779 I libPowerHal: [PE] scn:54 hdl:5 user:iawareperf@1.0- pid:728 tid:1000
05-16 02:44:02.587   743   779 I libPowerHal: iawareperf@1.0-: set gpu opp level max: 0
05-16 02:44:02.587   743   779 I libPowerHal: iawareperf@1.0-: hard user limit set cpu freq: 1750000 -1 1993000 -1
05-16 02:44:02.587   743   779 I libPowerHal: [PE] iawareperf@1.0- update cmd:1000000, param:1
05-16 02:44:02.587  1834  2987 E WifiPermissionsUtil: getUidPermission is DENIED and permissionType android.permission.ACCESS_FINE_LOCATIONuid 10024
05-16 02:44:02.587  1834  2987 E WifiService: enforceCanAccessScanResults: hiding ssid and bssidUID 10024 has no location permission
05-16 02:44:02.588 32030 32030 D ApplicationLoaders: createClassLoader zip: /data/app/com.mars.infra.trace-NJR1b5fl7Iyq_WIE2uVB3A==/base.apk librarySearchPath: /data/app/com.mars.infra.trace-NJR1b5fl7Iyq_WIE2uVB3A==/lib/arm64 libraryPermittedPath: /data/user/0/com.mars.infra.trace parent: java.lang.BootClassLoader@6b0349 targetSdkVersion: 32 isBundled: false classLoaderName: null sharedLibraries: null
05-16 02:44:02.589  1834  2987 E WifiService: enforceCanAccessScanResults: hiding ssid and bssidUID 10024 has no location permission
05-16 02:44:02.589   731   731 D lights  : write_int open fd=6
05-16 02:44:02.589   719   719 E DE H =DE: setAmoled:522: can not support this mode: MODE_AMOLED!
05-16 02:44:02.589  1834  2987 E WifiPermissionsUtil: getUidPermission is DENIED and permissionType android.permission.ACCESS_FINE_LOCATIONuid 10024
05-16 02:44:02.590  1834 14087 V ActivityTaskManager: addChild: attaching stackId=305 to displayId=0 position=1
05-16 02:44:02.590  1834 14087 V ActivityTaskManager: positionChild stackId=305 to top.
05-16 02:44:02.591  1834 14087 D ActivityTaskManager: TaskLaunchParamsModifier:task=TaskRecord{c45cb94 #317 A=10360:com.mars.infra.trace U=0 StackId=305 sz=0} activity=ActivityRecord{bd5d3e7 u0 com.mars.infra.trace/com.mars.infra.fusion.MainActivity t-1} display-from-task=0 display-id=0 display-windowing-mode=1 activity-options-fullscreen=Rect(0, 0 - 0, 0) non-freeform-display maximized-bounds
05-16 02:44:02.591  1834  2987 E WifiPermissionsUtil: getUidPermission is DENIED and permissionType android.permission.ACCESS_FINE_LOCATIONuid 10024
05-16 02:44:02.592  1834  2987 E WifiService: enforceCanAccessScanResults: hiding ssid and bssidUID 10024 has no location permission
05-16 02:44:02.592  1834 14087 V ActivityTaskManager: positionChild stackId=305 to top.
05-16 02:44:02.593   743   779 I libPowerHal: [PD] scn:64 hdl:15 user:iawareperf@1.0- pid:728 tid:1000
05-16 02:44:02.594  1834 14087 I WindowManager: addWindowToken: displayid:0 binder:Token{636f63d ActivityRecord{bd5d3e7 u0 com.mars.infra.trace/com.mars.infra.fusion.MainActivity t317}} token:AppWindowToken{49b9e32 token=Token{636f63d ActivityRecord{bd5d3e7 u0 com.mars.infra.trace/com.mars.infra.fusion.MainActivity t317}}}
05-16 02:44:02.594   743   779 I libPowerHal: [PE] scn:8 hint:LAUNCH
05-16 02:44:02.594  1834 14087 V ActivityTaskManager: addAppToken: AppWindowToken{49b9e32 token=Token{636f63d ActivityRecord{bd5d3e7 u0 com.mars.infra.trace/com.mars.infra.fusion.MainActivity t317}}} task={taskId=317 appTokens=[] mdr=false} at 2147483647
05-16 02:44:02.594  2648  4990 I PGServer: android calls fast HApps
05-16 02:44:02.595  2648  4990 I AppFastHibernation: fast H duration: 1500 reason: start activity
05-16 02:44:02.595   743   779 I libPowerHal: LAUNCH: cpu_ctrl set cpu freq: 2000000 -1 2000000 -1
05-16 02:44:02.595   743   779 I libPowerHal: [PE] LAUNCH update cmd:1000000, param:0
05-16 02:44:02.595   743   779 I libPowerHal: [PE] LAUNCH update cmd:1408300, param:100
05-16 02:44:02.596  1834 14087 I ActivityTaskManager: setAppStartingWindow: token=Token{636f63d ActivityRecord{bd5d3e7 u0 com.mars.infra.trace/com.mars.infra.fusion.MainActivity t317}} pkg=com.mars.infra.trace transferFrom=null newTask=true taskSwitch=true processRunning=true allowTaskSnapshot=true activityCreated=false LowRamTaskSnapshots=false
05-16 02:44:02.596  1834 14087 I WindowManager: Get card startingwindow flag: -1
05-16 02:44:02.596  1064  8783 I Pged-IPgedBinderService: ****action is 1, pid num is 3***
05-16 02:44:02.596  1064  8783 I Pged-Freezer: freezePids
05-16 02:44:02.596  1064  8783 I Pged-Freezer: Freeze process: 23410
05-16 02:44:02.596 23396 23404 E bms_file: file /sys/class/hw_power/charger/direct_charger/direct_charge_succ is invalid
