05-16 02:44:02.596  1834  1868 I HwAudioServiceEx: ComponentInfo : className = com.mars.infra.fusion.MainActivity, flag = showStartingWindow, isHomeActivity = , isTop = false
05-16 02:44:02.596  1834  1868 I HwAudioServiceEx: not onResume or onPause
05-16 02:44:02.597  2451 32541 E DollieActivityManagerAdapter: HwActivityNotifierEx null uid
05-16 02:44:02.597  1094  1176 D AAL     : onBacklightChanged: 65/1023 -> 76/1023(phy:152/4095)
05-16 02:44:02.597  1094  1176 D AAL     : LABC: LABC after setTarget isSmoothBacklight=0 
05-16 02:44:02.597  1094  1176 D AAL     : 05-16 02:44:02.531 BL=  32,ESS= 256, 05-16 02:44:02.547 BL=  43,ESS= 256, 05-16 02:44:02.564 BL=  54,ESS= 256, 05-16 02:44:02.580 BL=  65,ESS= 256, 05-16 02:44:02.597 BL=  76,ESS= 256, 
05-16 02:44:02.598  1064  8783 I Pged-Freezer: Freeze process: 2282
05-16 02:44:02.597  9327 16283 W ContentSensor_FrameworkRegistry: Unknown state is : showStartingWindow
05-16 02:44:02.598  1834  1886 I PowerManagerService: handleSandman: wakefulness: 1,startDreaming: false
05-16 02:44:02.601  1834  1859 D MouseWheelSynthesizer: mMoveStepInDp: 64, mMoveStepInPixel: 192, mUpTimeDelayed: 100
05-16 02:44:02.602  1834  1859 D ViewRootImpl: ViewRootImpl mIsInProductivePCDisplay: false
05-16 02:44:02.602  1834  1859 I HwPCUtils#HwRioViewManager: check if rio enable, displayId = 0 packageName = com.mars.infra.trace
05-16 02:44:02.602  2648  3653 D PgedBinderAdapter: F_Z ok, pid: [23410, 2282]
05-16 02:44:02.604  1834  1859 I WindowManager: addWindow: Window{324c18a u0 Splash Screen com.mars.infra.trace} client:android.view.ViewRootImpl$W@5baff5 currentDisplayId:0 requestDisplayId:0 token:Token{636f63d ActivityRecord{bd5d3e7 u0 com.mars.infra.trace/com.mars.infra.fusion.MainActivity t317}}
05-16 02:44:02.604  1834  1859 D InputEventReceiver: dispatchInputInterval 1000000
05-16 02:44:02.605   719   719 E DE H =DE: setAmoled:522: can not support this mode: MODE_AMOLED!
05-16 02:44:02.605   731   731 D lights  : write_int open fd=6
05-16 02:44:02.608  2686  2686 I HwViewRootImpl: removeInvalidNode all the node in jank list is out of time
05-16 02:44:02.613  1094  1176 D AAL     : onBacklightChanged: 76/1023 -> 87/1023(phy:174/4095)
05-16 02:44:02.613  1094  1176 D AAL     : LABC: LABC after setTarget isSmoothBacklight=0 
05-16 02:44:02.616  1834 14087 I ActivityTaskManager: Making visible and scheduling visibility: ActivityRecord{bd5d3e7 u0 com.mars.infra.trace/com.mars.infra.fusion.MainActivity t317}
05-16 02:44:02.617  1834 14087 I HwWindowManagerServiceEx: setLandAnimationInfo : false
05-16 02:44:02.617  1834 32057 I PackageManager: Returning preferred activity: com.huawei.android.launcher/com.huawei.android.launcher.unihome.UniHomeLauncher
05-16 02:44:02.617  1834 32057 I PackageManager: choose best activity: com.huawei.android.launcher, com.huawei.android.launcher.unihome.UniHomeLauncher
05-16 02:44:02.617  1834 14087 I HwWindowManagerServiceEx: reset launch origin and target from non-message!
05-16 02:44:02.617  1834 32057 D HiTouch_PressGestureDetector: onAttached, package=com.mars.infra.trace, windowType=3, mIsHiTouchRestricted=false
05-16 02:44:02.617  1834 14087 I HwWindowManagerServiceEx: setLandAnimationInfo : false
05-16 02:44:02.619 32030 32051 I HwActivityThreadImpl: before connect app.socketName:a14d8b7c-ba1b-4abd-9656-fbe2d5854143
05-16 02:44:02.619  1834 14087 W HwActivityTaskManagerServiceEx: appSwitch from: com.huawei.android.launcher to: com.mars.infra.trace
05-16 02:44:02.620  2451 32541 I AssistantService-11.2.1.200: registerHwActivityNotifier call fromPackage:com.huawei.android.launcher, toPackage:com.mars.infra.trace
05-16 02:44:02.620  2451 18197 I Hicom_Monitor: mAppSwitchNotifierEx. uid: 10360, foreground app: com.mars.infra.trace, foreground activity: com.mars.infra.fusion.MainActivity
05-16 02:44:02.620  1834 14087 I WindowManager: Changing focus from Window{8c63ef1 u0 com.huawei.android.launcher/com.huawei.android.launcher.unihome.UniHomeLauncher} to null displayId=0 Callers=com.android.server.wm.RootWindowContainer.updateFocusedWindowLocked:209 com.android.server.wm.WindowManagerService.updateFocusedWindowLocked:6517 com.android.server.wm.ActivityDisplay.setFocusedApp:1593 com.android.server.wm.ActivityTaskManagerService.setResumedActivityUncheckLocked:6561 
05-16 02:44:02.620  1834 14087 I HwDisplayContentEx: currentFocus windowstate null
05-16 02:44:02.620  1834  1869 D HwGameAssistantController: UPDATE: mCurFgPkg=com.mars.infra.trace, mCurFgPid=32030, mIsCurGame=false
05-16 02:44:02.620  2451 13434 D AssistantService-11.2.1.200: handleMessage app switch fromPackage:com.huawei.android.launcher, toPackage:com.mars.infra.trace
05-16 02:44:02.620  1834 14087 D ZrHung.AppEyeFocusWindow: FocusWindowErrorScene CheckFreezeScreen
05-16 02:44:02.620  2451  3370 I Hicom_XEngineProc: handleForegroundAppChanged pkgName = com.mars.infra.trace
05-16 02:44:02.620  2451 18197 D SmartcareProc: onForegroundAppChanged, pkgName:com.mars.infra.trace, uid: 10360
05-16 02:44:02.620  2451 18197 D SmartcareProc: handlerAppForeground not match
05-16 02:44:02.620  1834  2163 I WiFi_PRO_WifiProStateMachine: current app com.mars.infra.trace, has changed
05-16 02:44:02.620  1834  2163 I WiFi_PRO_WifiProStateMachine: not in RecommendWifi2CellState.
05-16 02:44:02.620  2451 18197 W FiControl: Failed to find configuration for com.mars.infra.trace
05-16 02:44:02.622 26597 32058 I HiAdKit.DC.PersistentMessageCenter:  notifyMessage com.huawei.hwid_app_switch_from_to_intent
05-16 02:44:02.622  2451  3370 W Hicom_XEngineProc: sendForegroundMessageToDaemon. daemonCommand is null
05-16 02:44:02.624  1834 14087 I WindowManager: Checking 1 opening apps (frozen=false timeout=false)...
05-16 02:44:02.624  1834 14087 I WindowManager: Check opening app=AppWindowToken{49b9e32 token=Token{636f63d ActivityRecord{bd5d3e7 u0 com.mars.infra.trace/com.mars.infra.fusion.MainActivity t317}}}: allDrawn=false startingDisplayed=false startingMoved=false isRelaunching()=false startingWindow=Window{324c18a u0 Splash Screen com.mars.infra.trace}
05-16 02:44:02.624   719   719 E DE H =DE: setAmoled:522: can not support this mode: MODE_AMOLED!
05-16 02:44:02.625  1834  1868 I HwAudioServiceEx: ComponentInfo : className = com.huawei.android.launcher.unihome.UniHomeLauncher, flag = onPause, isHomeActivity = , isTop = false
05-16 02:44:02.626 26718 32063 I HiAdKit.KitStatisticsReport:  do not report kit daily active
05-16 02:44:02.626  2451  2748 D DollieActivityManagerAdapter: [Paused] pid:2686 uid:10065 ComponentInfo{com.huawei.android.launcher/com.huawei.android.launcher.unihome.UniHomeLauncher} uidState:2
05-16 02:44:02.627   731   731 D lights  : write_int open fd=6
05-16 02:44:02.627  1834  2094 W HwAudioServiceEx: SoundEffectState bundle get reserved is invalid
05-16 02:44:02.627   743   779 I libPowerHal: [PD] scn:58 hdl:9 user:iawareperf@1.0- pid:728 tid:1000
05-16 02:44:02.628  2648  3658 I AppFastHibernation: rev F_Z exception for visible pkg: com.mars.infra.trace
05-16 02:44:02.629  1834  1859 I WindowManager: Checking 1 opening apps (frozen=false timeout=false)...
05-16 02:44:02.629  1834  1859 I WindowManager: Check opening app=AppWindowToken{49b9e32 token=Token{636f63d ActivityRecord{bd5d3e7 u0 com.mars.infra.trace/com.mars.infra.fusion.MainActivity t317}}}: allDrawn=false startingDisplayed=false startingMoved=false isRelaunching()=false startingWindow=Window{324c18a u0 Splash Screen com.mars.infra.trace}
05-16 02:44:02.630  1094  1176 D AAL     : onBacklightChanged: 87/1023 -> 97/1023(phy:194/4095)
05-16 02:44:02.630  1094  1176 D AAL     : LABC: LABC after setTarget isSmoothBacklight=0 
05-16 02:44:02.630   749  1520 W RefBase : RefBase: Object at 0x7b74180ce8 lost last weak reference before it had a strong reference
05-16 02:44:02.635  1834  1858 W         : Failed to UpdateQosForCgroupInner, tid=0, policy=10
05-16 02:44:02.636  1834  1858 V ActivityTaskManager: Activity idle: null
05-16 02:44:02.636  1834  1858 V ActivityTaskManager: Stopping ActivityRecord{e34f1f0 u0 com.huawei.android.launcher/.unihome.UniHomeLauncher t1}: nowVisible=false animating=true finishing=false
05-16 02:44:02.638  1834  2955 D HwNetworkManagementService: code == CODE_SET_CHR_REPORT_APP_LIST
05-16 02:44:02.640  2686  2686 D DecorView: showOrHideHighlightView: hasFocus=false; winMode=1; isMrgNull=true
05-16 02:44:02.640   675 26102 I OemNetd : setChrAppUid(10, 10360)
05-16 02:44:02.642  1834  2955 I HwNetworkManagementService: chr appuid set succeeded
05-16 02:44:02.643   719   719 E DE H =DE: setAmoled:522: can not support this mode: MODE_AMOLED!
05-16 02:44:02.644   731   731 D lights  : write_int open fd=6
05-16 02:44:02.646  1094  1176 D AAL     : onBacklightChanged: 97/1023 -> 108/1023(phy:216/4095)
05-16 02:44:02.646  1094  1176 D AAL     : LABC: LABC after setTarget isSmoothBacklight=0 
05-16 02:44:02.647  1834  2030 W AwareLog: SchedLevelBoost: onFgActivitiesChanged config not set!
05-16 02:44:02.647  1834  2955 I HwNetworkPolicy: onTransact, code = 203
05-16 02:44:02.647  2752  2981 I HwNetworkPolicyManager: getHwUidPolicy uid = 10360 policy = 0
05-16 02:44:02.649 23396 23404 E bms_file: file /sys/class/hw_power/charger/direct_charger/direct_charge_succ is invalid
05-16 02:44:02.649 23396 23404 I bms_behavior: monitor interval count 1228
05-16 02:44:02.651  1834  1859 I WindowManager: performshow Window{324c18a u0 Splash Screen com.mars.infra.trace} tok.waitingToShow=true isTransitionSet=true parentHidden=false vis=0 tok.hidden=true hasSurface=true policyVis=true destroying=false animating=true
05-16 02:44:02.651  2648  3523 D ScenarioService: front pkg : com.mars.infra.trace launcher: false
05-16 02:44:02.651  2648  3523 D ScenarioService: new above launcher front pkgs: [com.mars.infra.trace]
05-16 02:44:02.651  2648  3658 I PG_ash  : front pkg : com.mars.infra.trace
05-16 02:44:02.651  2648  3737 I PGServer: report state:10010 event type:2 pid:0 uid:0 pkg:com.huawei.android.launcher to pid: 1834
05-16 02:44:02.652  2648  3737 I PGServer: report state:10010 event type:2 pid:0 uid:0 pkg:com.huawei.android.launcher to pid: 2648
05-16 02:44:02.652  2648  3737 I SceneReceiver: state type: 10010 eventType:2 pid:0 uid:0 pkg:com.huawei.android.launcher
05-16 02:44:02.652  2648  3737 I PGServer: report state:10000 event type:1 pid:0 uid:0 pkg:com.mars.infra.trace to pid: 1834
05-16 02:44:02.652  2648  3737 I PGServer: report state:10000 event type:1 pid:0 uid:0 pkg:com.mars.infra.trace to pid: 2648
05-16 02:44:02.652  2648  3737 I ApsAppsTypeHandler: APS: APK: ApsAppsTypeHandler.getInstance, sInstance = com.huawei.android.hwaps.o@72c8c2b
05-16 02:44:02.652  1834  1859 I WindowManager: Checking 1 opening apps (frozen=false timeout=false)...
05-16 02:44:02.652  1834  1859 I WindowManager: Check opening app=AppWindowToken{49b9e32 token=Token{636f63d ActivityRecord{bd5d3e7 u0 com.mars.infra.trace/com.mars.infra.fusion.MainActivity t317}}}: allDrawn=false startingDisplayed=true startingMoved=false isRelaunching()=false startingWindow=Window{324c18a u0 Splash Screen com.mars.infra.trace}
05-16 02:44:02.652  1834  1859 I WindowManager: Checking 0 opening apps (frozen=false timeout=false)...
05-16 02:44:02.652  2648  3523 I AppsUsage: scnOff:false FgAPP:com.mars.infra.trace BgAPP:com.huawei.android.launcher
05-16 02:44:02.652  2648  3737 I SceneReceiver: state type: 10000 eventType:1 pid:0 uid:0 pkg:com.mars.infra.trace
05-16 02:44:02.652  1834  1859 I WindowManager: send SET_LAUNCHER_VISIBLE_IN_FINGER_BOOST visible: true,delay:0, handle:true, userId:0, callingPid: 1834
05-16 02:44:02.652  1834  1859 I HwWindowManagerServiceEx: closing apps count = 1
05-16 02:44:02.653  1834  1859 D HwWindowManagerServiceEx: is app exit to launcher info: transit = 12, app = AppWindowToken{78f3d1c token=Token{64f768f ActivityRecord{e34f1f0 u0 com.huawei.android.launcher/.unihome.UniHomeLauncher t1}}}, window = Window{8c63ef1 u0 com.huawei.android.launcher/com.huawei.android.launcher.unihome.UniHomeLauncher}, mClosingApps = {AppWindowToken{78f3d1c token=Token{64f768f ActivityRecord{e34f1f0 u0 com.huawei.android.launcher/.unihome.UniHomeLauncher t1}}}}, topOpeningApp = AppWindowToken{49b9e32 token=Token{636f63d ActivityRecord{bd5d3e7 u0 com.mars.infra.trace/com.mars.infra.fusion.MainActivity t317}}}, mExitIconBitmap = android.graphics.Bitmap@f5a4ae6, mExitIconHeight = 180, mExitIconWidth = 180
05-16 02:44:02.653  1834  1859 E WindowManager: icon is null!!
05-16 02:44:02.653  2648  4990 I PGServer: checkPkgType. calling pkg: android
05-16 02:44:02.653  1834  2955 I DE J DES: [effect] Pg pkg:com.mars.infra.trace
05-16 02:44:02.653  1834  1859 E HwAnimationManagerImpl: wrong animation type
05-16 02:44:02.656   719   719 E DE H =DE: setAmoled:522: can not support this mode: MODE_AMOLED!
05-16 02:44:02.656  1834  1859 V WindowManager: commitVisibility: AppWindowToken{78f3d1c token=Token{64f768f ActivityRecord{e34f1f0 u0 com.huawei.android.launcher/.unihome.UniHomeLauncher t1}}}: hidden=true hiddenRequested=true
05-16 02:44:02.656  1834  1859 E WindowManager: icon is null!!
05-16 02:44:02.657  1834  1859 D HwWindowManagerServiceEx: is app exit to launcher info: transit = 12, app = AppWindowToken{49b9e32 token=Token{636f63d ActivityRecord{bd5d3e7 u0 com.mars.infra.trace/com.mars.infra.fusion.MainActivity t317}}}, window = null, mClosingApps = {AppWindowToken{78f3d1c token=Token{64f768f ActivityRecord{e34f1f0 u0 com.huawei.android.launcher/.unihome.UniHomeLauncher t1}}}}, topOpeningApp = AppWindowToken{49b9e32 token=Token{636f63d ActivityRecord{bd5d3e7 u0 com.mars.infra.trace/com.mars.infra.fusion.MainActivity t317}}}, mExitIconBitmap = android.graphics.Bitmap@f5a4ae6, mExitIconHeight = 180, mExitIconWidth = 180
05-16 02:44:02.657   731   731 D lights  : write_int open fd=6
05-16 02:44:02.658  1834  1859 D HwWindowManagerServiceEx: getCrossAppTransitAnimRoundCornerRadius radius 93.0
05-16 02:44:02.661  1834  1859 V WindowManager: commitVisibility: AppWindowToken{49b9e32 token=Token{636f63d ActivityRecord{bd5d3e7 u0 com.mars.infra.trace/com.mars.infra.fusion.MainActivity t317}}}: hidden=false hiddenRequested=false
05-16 02:44:02.662  2648  5154 W ThermalTraceTool: IOException:java.io.IOException: read failed: EIO (I/O error)
05-16 02:44:02.663  1834  1859 I WindowManager: dispatchResized : win = Window{324c18a u0 Splash Screen com.mars.infra.trace} drawState = HAS_DRAWN
05-16 02:44:02.664  1094  1176 D AAL     : onBacklightChanged: 108/1023 -> 119/1023(phy:238/4095)
05-16 02:44:02.664  1094  1176 D AAL     : LABC: LABC after setTarget isSmoothBacklight=0 
05-16 02:44:02.664 32070 32070 D HiTraceC: entered HiTraceInit, Log Registered: 1
05-16 02:44:02.667  1834  2955 I PackageManager: getInstalledPackages cost 1 ms, flags: 786432, userId: 0, callingUid: 2000, callingPid: 32070
05-16 02:44:02.668  2648  5153 I PGServer: getTopFrontApp. calling pkg: android
05-16 02:44:02.670  1834  1858 I WindowManager: handle SET_LAUNCHER_VISIBLE_IN_FINGER_BOOST visible:true handle:trueuserId:0, currentUserId:0
05-16 02:44:02.670  1834  1858 D WindowManager: setLauncherVisibleInFingerBoost record=ActivityRecord{e34f1f0 u0 com.huawei.android.launcher/.unihome.UniHomeLauncher t1}
05-16 02:44:02.670  1834  1858 I WindowManager: setLauncherVisible setAlpha to 1.0
05-16 02:44:02.670  1834  1858 D WindowManager: setLauncherVisible wallpaperScale=false
05-16 02:44:02.674  2451  3370 I Hicom_Monitor: notifyAppStarted: uid = 10360
05-16 02:44:02.674  2451  3370 I UctpAppMonitor: handleAppStarted: pkgName is com.mars.infra.trace mIsNeedToOpen is false
05-16 02:44:02.674  2451  3370 I AppStatisticProc: handleAppStarted: pkgName = com.mars.infra.trace is not apk supported in Smartcare
05-16 02:44:02.675   719   719 E DE H =DE: setAmoled:522: can not support this mode: MODE_AMOLED!
05-16 02:44:02.675   731   731 D lights  : write_int open fd=6
05-16 02:44:02.676  2648  3523 I ScenarioService: app focus change from: com.huawei.android.launcher to:com.mars.infra.trace
05-16 02:44:02.676  2648  3523 I ScenarioService: add focus on app:com.mars.infra.trace to visiblePkgs
05-16 02:44:02.679  1094  1176 D AAL     : onBacklightChanged: 119/1023 -> 130/1023(phy:260/4095)
05-16 02:44:02.679  1094  1176 D AAL     : LABC: LABC after setTarget isSmoothBacklight=0 
05-16 02:44:02.680  1094  1176 D AAL     : 05-16 02:44:02.613 BL=  87,ESS= 256, 05-16 02:44:02.630 BL=  97,ESS= 256, 05-16 02:44:02.647 BL= 108,ESS= 256, 05-16 02:44:02.664 BL= 119,ESS= 256, 05-16 02:44:02.680 BL= 130,ESS= 256, 
05-16 02:44:02.683 32073 32073 D HiTraceC: entered HiTraceInit, Log Registered: 1
05-16 02:44:02.685   982 11845 D ITouchService: itouch stylusCurrentPkgName = com.mars.infra.trace lastOneFramePkgName = 
05-16 02:44:02.685   746 15352 D AudioPolicyService: getUidState(10360) !cacheIter->second.first, return PROCESS_STATE_UNKNOWN
05-16 02:44:02.685   982 11845 D ITouchService: itouch currentPackageName = com.mars.infra.trace
05-16 02:44:02.685   982 11845 D ITouchService: itouch appType=-1 appState=1 gameMode=2
05-16 02:44:02.685   982 11845 D ITouchService: itouchReaderMonitor empty
05-16 02:44:02.685   982 11845 D ITouchService: g_itouch_reader_monitor Monitor::IsReaderMonitorEnable()=0
05-16 02:44:02.685   982 11845 D ITouchService: itouch getCurrentParmID tempPkg=com.mars.infra.xxx
05-16 02:44:02.685   982 11845 D ITouchService: itouch:app com.mars.infra.trace is  not game app
05-16 02:44:02.685   982 11845 D ITouchService: itouch:app com.mars.infra.trace is  not in StylusPenList
05-16 02:44:02.685   982 11845 D ITouchService: itouch:styluspen_switch is disable
05-16 02:44:02.685   746 15352 D AudioPolicyService: getUidState(10360) cacheIter->second.first, return cacheIter->second.second(-1)
05-16 02:44:02.685   982 11845 D ITouchService: itouch:currentAppTypeName =|UNKNOWN|
05-16 02:44:02.685  1834  1856 D StatusBarManagerService: win:Window{324c18a u0 Splash Screen com.mars.infra.trace}mIsColorEnable:truelight:false
05-16 02:44:02.686  1834  1856 I StatusBarDisable: setFlags what=0 which=1 pkg=Window{324c18a u0 Splash Screen com.mars.infra.trace}
05-16 02:44:02.686  2256  9001 D HwCommandQueue: CommandQueue, set Launcher StatusBar Color
05-16 02:44:02.691  1834  2969 I HwAudioService: now type = -1,reportForegroundAppType = -1systemload = -1VOIP_OPTIMIZE_IN_GAMEMODEfalse
05-16 02:44:02.691   530   530 I hwservicemanager: getTransport: Cannot find entry vendor.huawei.hardware.graphics.hwcinterface@1.1::IHwcInterface/default in either framework or device manifest.
05-16 02:44:02.692   704   786 W hwcomposer: [HWCTURBOMANAGER] init: IHwcInterface::tryGetService failed!  
05-16 02:44:02.692   731   731 D lights  : write_int open fd=6
05-16 02:44:02.693   719   719 E DE H =DE: setAmoled:522: can not support this mode: MODE_AMOLED!
05-16 02:44:02.696  1094  1176 D AAL     : onBacklightChanged: 130/1023 -> 141/1023(phy:282/4095)
05-16 02:44:02.696  1094  1176 D AAL     : LABC: LABC after setTarget isSmoothBacklight=0 
05-16 02:44:02.704   719   719 E DE H =DE: setAmoled:522: can not support this mode: MODE_AMOLED!
05-16 02:44:02.705   731   731 D lights  : write_int open fd=6
05-16 02:44:02.706   530   530 I hwservicemanager: getTransport: Cannot find entry vendor.huawei.hardware.graphics.hwcinterface@1.1::IHwcInterface/default in either framework or device manifest.
05-16 02:44:02.706   704   786 W hwcomposer: [HWCTURBOMANAGER] init: IHwcInterface::tryGetService failed!  
05-16 02:44:02.712  1094  1176 D AAL     : onBacklightChanged: 141/1023 -> 152/1023(phy:304/4095)
05-16 02:44:02.712  1094  1176 D AAL     : LABC: LABC after setTarget isSmoothBacklight=0 
05-16 02:44:02.721   719   719 E DE H =DE: setAmoled:522: can not support this mode: MODE_AMOLED!
05-16 02:44:02.721   731   731 D lights  : write_int open fd=6
05-16 02:44:02.722   530   530 I hwservicemanager: getTransport: Cannot find entry vendor.huawei.hardware.graphics.hwcinterface@1.1::IHwcInterface/default in either framework or device manifest.
05-16 02:44:02.722   704   786 W hwcomposer: [HWCTURBOMANAGER] init: IHwcInterface::tryGetService failed!  
05-16 02:44:02.724  2686  3030 I HwLauncher: LocalTaskList loadTasksInBackground:1 numTasks:3 currentUserId:0
05-16 02:44:02.729  1094  1176 D AAL     : onBacklightChanged: 152/1023 -> 163/1023(phy:326/4095)
05-16 02:44:02.729  1094  1176 D AAL     : LABC: LABC after setTarget isSmoothBacklight=0 
05-16 02:44:02.738   719   719 E DE H =DE: setAmoled:522: can not support this mode: MODE_AMOLED!
05-16 02:44:02.738   731   731 D lights  : write_int open fd=6
05-16 02:44:02.739   530   530 I hwservicemanager: getTransport: Cannot find entry vendor.huawei.hardware.graphics.hwcinterface@1.1::IHwcInterface/default in either framework or device manifest.
05-16 02:44:02.739   704   786 W hwcomposer: [HWCTURBOMANAGER] init: IHwcInterface::tryGetService failed!  
05-16 02:44:02.745  1094  1176 D AAL     : onBacklightChanged: 163/1023 -> 174/1023(phy:348/4095)
05-16 02:44:02.745  1094  1176 D AAL     : LABC: LABC after setTarget isSmoothBacklight=0 
05-16 02:44:02.754   719   719 E DE H =DE: setAmoled:522: can not support this mode: MODE_AMOLED!
05-16 02:44:02.754   731   731 D lights  : write_int open fd=6
05-16 02:44:02.755   530   530 I hwservicemanager: getTransport: Cannot find entry vendor.huawei.hardware.graphics.hwcinterface@1.1::IHwcInterface/default in either framework or device manifest.
05-16 02:44:02.755   704   786 W hwcomposer: [HWCTURBOMANAGER] init: IHwcInterface::tryGetService failed!  
05-16 02:44:02.762  1094  1176 D AAL     : onBacklightChanged: 174/1023 -> 185/1023(phy:370/4095)
05-16 02:44:02.762  1094  1176 D AAL     : LABC: LABC after setTarget isSmoothBacklight=0 
05-16 02:44:02.762  1094  1176 D AAL     : 05-16 02:44:02.696 BL= 141,ESS= 256, 05-16 02:44:02.713 BL= 152,ESS= 256, 05-16 02:44:02.729 BL= 163,ESS= 256, 05-16 02:44:02.746 BL= 174,ESS= 256, 05-16 02:44:02.762 BL= 185,ESS= 256, 
05-16 02:44:02.771   719   719 E DE H =DE: setAmoled:522: can not support this mode: MODE_AMOLED!
05-16 02:44:02.771   731   731 D lights  : write_int open fd=6
05-16 02:44:02.772   530   530 I hwservicemanager: getTransport: Cannot find entry vendor.huawei.hardware.graphics.hwcinterface@1.1::IHwcInterface/default in either framework or device manifest.
05-16 02:44:02.772   704   786 W hwcomposer: [HWCTURBOMANAGER] init: IHwcInterface::tryGetService failed!  
05-16 02:44:02.777  2648  3523 I ScenarioService: refresh visibleApp:[com.mars.infra.trace]
05-16 02:44:02.777  2648  3523 I PGServer: report state:14 event type:1 pid:-1 uid:-1 pkg:com.mars.infra.trace to pid: 2648
05-16 02:44:02.777  2648  3523 I ApsAppsTypeHandler: APS: APK: ApsAppsTypeHandler.getInstance, sInstance = com.huawei.android.hwaps.o@72c8c2b
05-16 02:44:02.777  2648  3523 I ApsAccKitAdapter: APS: APK: ApsAccKitAdapter: not setNotifyInfo
05-16 02:44:02.777  2648  3658 I PG_ash  : com.huawei.android.launcher become invisible
05-16 02:44:02.778  1094  1176 D AAL     : onBacklightChanged: 185/1023 -> 196/1023(phy:392/4095)
05-16 02:44:02.778  1094  1176 D AAL     : LABC: LABC after setTarget isSmoothBacklight=0 
05-16 02:44:02.779   743   779 I libPowerHal: [PD] scn:61 hdl:12 user:iawareperf@1.0- pid:728 tid:1000
05-16 02:44:02.779   743   779 I libPowerHal: iawareperf@1.0-: hard user limit set cpu freq: 1750000 -1 1993000 -1
05-16 02:44:02.782 32030 32050 I HwApiCacheMangerEx: apicache path=/storage/emulated/0 state=mounted key=com.mars.infra.trace#10360#256
05-16 02:44:02.782 32030 32050 I HwApiCacheMangerEx: need clear apicache,because volumes changed,oldCnt=0 newCnt=1
05-16 02:44:02.783 32030 32030 I HwActivityThreadImpl: accept socket mSocketName: a14d8b7c-ba1b-4abd-9656-fbe2d5854143
05-16 02:44:02.783 32030 32030 I HwActivityThreadImpl: accept socket end
05-16 02:44:02.783 32030 32050 I HwApiCacheMangerEx: apicache path=/storage/emulated/0 state=mounted key=com.mars.infra.trace#10360#0
05-16 02:44:02.783 32030 32050 I HwApiCacheMangerEx: need clear apicache,because volumes changed,oldCnt=1 newCnt=1
05-16 02:44:02.783 32030 32030 W HwActivityThreadImpl: closeStream error.
05-16 02:44:02.783 32030 32051 W HwActivityThreadImpl: closeStream error.
05-16 02:44:02.783 32030 32051 I HwActivityThreadImpl: connectContinuePreload end mPreloadStatus 3
05-16 02:44:02.783 32030 32030 I HwActivityThreadImpl: acceptPreloadedApplication end mPreloadStatus 3
05-16 02:44:02.785 32030 32030 I HwTypeface: updateFont: scale=1.0
05-16 02:44:02.786 32030 32030 D SystemFonts: areFontsVariable: script=Hans
05-16 02:44:02.786 32030 32030 I ActivityThread: finishPreloaded preloadStatus 3
05-16 02:44:02.786  1834  2955 D ActivityManager: finishBindApplication callingPid 32030
05-16 02:44:02.786  1834  2955 D ActivityManager: finishBindApplication preloadStatus: 0 app: ProcessRecord{2b52dda 32030:com.mars.infra.trace/u0a360} uidRec.isPreload: false
05-16 02:44:02.786 32030 32030 I ActivityThread: finishPreloaded end preloadStatus 3
05-16 02:44:02.787 32030 32030 W ActivityThread: handleWindowVisibility: no activity for token android.os.BinderProxy@81be317
05-16 02:44:02.787   719   719 E DE H =DE: setAmoled:522: can not support this mode: MODE_AMOLED!
05-16 02:44:02.787   530   530 I hwservicemanager: getTransport: Cannot find entry vendor.huawei.hardware.graphics.hwcinterface@1.1::IHwcInterface/default in either framework or device manifest.
05-16 02:44:02.788   704   786 W hwcomposer: [HWCTURBOMANAGER] init: IHwcInterface::tryGetService failed!  
05-16 02:44:02.788   731   731 D lights  : write_int open fd=6
05-16 02:44:02.789 32030 32050 I HwPartIawareFactory: add android.common.HwPartIawareFactoryImpl to memory.
05-16 02:44:02.789 32030 32050 I AwareBitmapCacher: init processName:com.mars.infra.trace pid=32030 uid=10360
05-16 02:44:02.791 32030 32079 E AwareLog: AtomicFileUtils: readFileLines file not exist: android.util.AtomicFile@7610ed
05-16 02:44:02.792 32030 32030 D OpenGLRenderer: disableOutlineDraw is true
05-16 02:44:02.794 32030 32081 I OpenGLRenderer: RenderThread: progress name = [com.mars.infra.trace], viewCornerType = 0
05-16 02:44:02.794 32030 32083 D libMEOW : meow reload base cfg path: na
05-16 02:44:02.794 32030 32083 D libMEOW : meow reload overlay cfg path: na
05-16 02:44:02.795 32030 32083 D libMEOW : applied 0 plugin for [com.mars.infra.trace].
05-16 02:44:02.795  1094  1176 D AAL     : onBacklightChanged: 196/1023 -> 207/1023(phy:414/4095)
05-16 02:44:02.795  1094  1176 D AAL     : LABC: LABC after setTarget isSmoothBacklight=0 
05-16 02:44:02.795 32030 32083 I iGraphics: [0020080c] pn: com.mars.infra.trace, p: 32030
05-16 02:44:02.795 32030 32083 I iGraphics: [0030080c] no spt app: com.mars.infra.trace
05-16 02:44:02.802 32030 32030 W ars.infra.trac: Rejecting class com.mars.infra.fusion.MainActivity that attempts to sub-type erroneous class com.mars.infra.generate.Fusion_androidx_appcompat_app_AppCompatActivity in /data/app/com.mars.infra.trace-NJR1b5fl7Iyq_WIE2uVB3A==/base.apk
05-16 02:44:02.802 32030 32030 D AndroidRuntime: Shutting down VM
05-16 02:44:02.802 32030 32030 I QarthLog: [PatchStore] createDisableExceptionQarthFile
05-16 02:44:02.802 32030 32030 I QarthLog: [PatchStore] create disable file for com.mars.infra.trace uid is 10360
--------- beginning of crash
05-16 02:44:02.804 32030 32030 E AndroidRuntime: FATAL EXCEPTION: main
05-16 02:44:02.804 32030 32030 E AndroidRuntime: Process: com.mars.infra.trace, PID: 32030
05-16 02:44:02.804 32030 32030 E AndroidRuntime: java.lang.VerifyError: Rejecting class com.mars.infra.fusion.MainActivity that attempts to sub-type erroneous class com.mars.infra.generate.Fusion_androidx_appcompat_app_AppCompatActivity (declaration of 'com.mars.infra.fusion.MainActivity' appears in /data/app/com.mars.infra.trace-NJR1b5fl7Iyq_WIE2uVB3A==/base.apk)
05-16 02:44:02.804 32030 32030 E AndroidRuntime: 	at java.lang.Class.newInstance(Native Method)
05-16 02:44:02.804 32030 32030 E AndroidRuntime: 	at android.app.AppComponentFactory.instantiateActivity(AppComponentFactory.java:95)
05-16 02:44:02.804 32030 32030 E AndroidRuntime: 	at androidx.core.app.CoreComponentFactory.instantiateActivity(Unknown Source:45)
05-16 02:44:02.804 32030 32030 E AndroidRuntime: 	at android.app.Instrumentation.newActivity(Instrumentation.java:1264)
05-16 02:44:02.804 32030 32030 E AndroidRuntime: 	at android.app.ActivityThread.performLaunchActivity(ActivityThread.java:3963)
05-16 02:44:02.804 32030 32030 E AndroidRuntime: 	at android.app.ActivityThread.handleLaunchActivity(ActivityThread.java:4247)
05-16 02:44:02.804 32030 32030 E AndroidRuntime: 	at android.app.servertransaction.LaunchActivityItem.execute(LaunchActivityItem.java:91)
05-16 02:44:02.804 32030 32030 E AndroidRuntime: 	at android.app.servertransaction.TransactionExecutor.executeCallbacks(TransactionExecutor.java:149)
05-16 02:44:02.804 32030 32030 E AndroidRuntime: 	at android.app.servertransaction.TransactionExecutor.execute(TransactionExecutor.java:103)
05-16 02:44:02.804 32030 32030 E AndroidRuntime: 	at android.app.ActivityThread$H.handleMessage(ActivityThread.java:2613)
05-16 02:44:02.804 32030 32030 E AndroidRuntime: 	at android.os.Handler.dispatchMessage(Handler.java:110)
05-16 02:44:02.804 32030 32030 E AndroidRuntime: 	at android.os.Looper.loop(Looper.java:219)
05-16 02:44:02.804 32030 32030 E AndroidRuntime: 	at android.app.ActivityThread.main(ActivityThread.java:8668)
05-16 02:44:02.804 32030 32030 E AndroidRuntime: 	at java.lang.reflect.Method.invoke(Native Method)
05-16 02:44:02.804 32030 32030 E AndroidRuntime: 	at com.android.internal.os.RuntimeInit$MethodAndArgsCaller.run(RuntimeInit.java:513)
05-16 02:44:02.804 32030 32030 E AndroidRuntime: 	at com.android.internal.os.ZygoteInit.main(ZygoteInit.java:1109)
05-16 02:44:02.804 32030 32030 E AndroidRuntime: Caused by: java.lang.VerifyError: Verifier rejected class com.mars.infra.generate.Fusion_androidx_appcompat_app_AppCompatActivity: void com.mars.infra.generate.Fusion_androidx_appcompat_app_AppCompatActivity.<init>() failed to verify: void com.mars.infra.generate.Fusion_androidx_appcompat_app_AppCompatActivity.<init>(): [0x2] Might be accessing a superclass instance field prior to the superclass being initialized in void com.mars.infra.generate.Fusion_androidx_appcompat_app_AppCompatActivity.<init>() (declaration of 'com.mars.infra.generate.Fusion_androidx_appcompat_app_AppCompatActivity' appears in /data/app/com.mars.infra.trace-NJR1b5fl7Iyq_WIE2uVB3A==/base.apk)
05-16 02:44:02.804 32030 32030 E AndroidRuntime: 	... 16 more
05-16 02:44:02.804   719   719 E DE H =DE: setAmoled:522: can not support this mode: MODE_AMOLED!
05-16 02:44:02.805   530   530 I hwservicemanager: getTransport: Cannot find entry vendor.huawei.hardware.graphics.hwcinterface@1.1::IHwcInterface/default in either framework or device manifest.
05-16 02:44:02.805   704   786 W hwcomposer: [HWCTURBOMANAGER] init: IHwcInterface::tryGetService failed!  
05-16 02:44:02.805   731   731 D lights  : write_int open fd=6
05-16 02:44:02.806  1834  2969 W ActivityTaskManager:   finishTopCrashedActivityLocked Force finishing activity com.mars.infra.trace/com.mars.infra.fusion.MainActivity
05-16 02:44:02.806  1834 32085 I DropBoxManagerService: add tag=data_app_crash isTagEnabled=true flags=0x2
05-16 02:44:02.806  1834  2969 V ActivityTaskManager: positionChild stackId=0 to top.
05-16 02:44:02.807  9635 25914 I CAWARENESS_AppUsageManager: Repeat info, don't need publish
05-16 02:44:02.808  1834 32084 I QarthDisFileCreator: pattern not match
05-16 02:44:02.808  1834  2969 W HwActivityTaskManagerServiceEx: setResumedActivityUncheckLocked start call, from: ActivityRecord{bd5d3e7 u0 com.mars.infra.trace/com.mars.infra.fusion.MainActivity t317 f}, to: ActivityRecord{e34f1f0 u0 com.huawei.android.launcher/.unihome.UniHomeLauncher t1}
05-16 02:44:02.809  1834  2969 W HwActivityTaskManagerServiceEx: appSwitch from: com.mars.infra.trace to: com.huawei.android.launcher
05-16 02:44:02.810  2451 17400 I Hicom_Monitor: mAppSwitchNotifierEx. uid: 10065, foreground app: com.huawei.android.launcher, foreground activity: com.huawei.android.launcher.unihome.UniHomeLauncher
05-16 02:44:02.810  2451 18197 I AssistantService-11.2.1.200: registerHwActivityNotifier call fromPackage:com.mars.infra.trace, toPackage:com.huawei.android.launcher
05-16 02:44:02.810  2686 13840 W HwLauncher: ExitAppAnimationManager getAnimationInfoMyself, mAnimationInfo = com.huawei.android.launcher.exitapp.ExitAppAnimationManager$AnimationInfo@53f0575
05-16 02:44:02.810  2451 13434 D AssistantService-11.2.1.200: handleMessage app switch fromPackage:com.mars.infra.trace, toPackage:com.huawei.android.launcher
05-16 02:44:02.810  2686  2686 W HwLauncher: RotationHelper hideAdjacentScreen, launcher is not transposed. RotationMode = com.huawei.android.launcher.graphics.RotationMode$1{b5d00b0 surfaceRotation = 0.0,isTransposed = false}
05-16 02:44:02.810  2451 17400 D SmartcareProc: onForegroundAppChanged, pkgName:com.huawei.android.launcher, uid: 10065
05-16 02:44:02.810  2451 17400 D SmartcareProc: handlerAppForeground not match
05-16 02:44:02.810  2451 17400 W FiControl: Failed to find configuration for com.huawei.android.launcher
05-16 02:44:02.810  1834  1869 D HwGameAssistantController: UPDATE: mCurFgPkg=com.huawei.android.launcher, mCurFgPid=2686, mIsCurGame=false
05-16 02:44:02.811  1834 14087 I HwWindowManagerServiceEx: set app win exit info, bundle = Bundle[mParcelledData.dataSize=288], iconBitmap = android.graphics.Bitmap@ffb51c7
05-16 02:44:02.811  2451  3370 I Hicom_XEngineProc: handleForegroundAppChanged pkgName = com.huawei.android.launcher
05-16 02:44:02.811  1834  2163 I WiFi_PRO_WifiProStateMachine: current app com.huawei.android.launcher, has changed
05-16 02:44:02.811  1834  2163 I WiFi_PRO_WifiProStateMachine: not in RecommendWifi2CellState.
05-16 02:44:02.811  1834 14087 D HwWindowManagerServiceEx: AnimationTurbo wms set setIconToLayer exit icon
05-16 02:44:02.811  1834 14087 D HwWindowManagerServiceEx: set app win icon info, bundle = Bundle[{isLandscape=false, launcherPkgName=com.huawei.android.launcher, iconWidth=180, pivotX=666.0, pivotY=1832.0, iconHeight=180, flag=0}], iconBitmap = android.graphics.Bitmap@ffb51c7mExitPivotX =666.0mExitPivotY =1832.0floatBallSize = 0.0mExitIconWidth =180mExitIconHeight =180mExitFlag =0callingUid10065
05-16 02:44:02.811 26597 32058 I HiAdKit.DC.PersistentMessageCenter:  notifyMessage com.huawei.hwid_app_switch_from_to_intent
05-16 02:44:02.811  2451  3370 W Hicom_XEngineProc: sendForegroundMessageToDaemon. daemonCommand is null
05-16 02:44:02.812  1094  1176 D AAL     : onBacklightChanged: 207/1023 -> 217/1023(phy:434/4095)
05-16 02:44:02.812  1094  1176 D AAL     : LABC: LABC after setTarget isSmoothBacklight=0 
05-16 02:44:02.813  1834  1886 I PowerManagerService: handleSandman: wakefulness: 1,startDreaming: false
05-16 02:44:02.817  1834  1856 I ActivityManager: get AppResource
05-16 02:44:02.818 32030 32030 I Process : Sending signal. PID: 32030 SIG: 9
05-16 02:44:02.821   719   719 E DE H =DE: setAmoled:522: can not support this mode: MODE_AMOLED!
05-16 02:44:02.821   731   731 D lights  : write_int open fd=6
05-16 02:44:02.821   530   530 I hwservicemanager: getTransport: Cannot find entry vendor.huawei.hardware.graphics.hwcinterface@1.1::IHwcInterface/default in either framework or device manifest.
05-16 02:44:02.822   704   786 W hwcomposer: [HWCTURBOMANAGER] init: IHwcInterface::tryGetService failed!  
05-16 02:44:02.828  1094  1176 D AAL     : onBacklightChanged: 217/1023 -> 228/1023(phy:456/4095)
05-16 02:44:02.828  1094  1176 D AAL     : LABC: LABC after setTarget isSmoothBacklight=0 
05-16 02:44:02.831  1834  2955 I ActivityManager: Process com.mars.infra.trace (pid 32030) has died: fore TOP 
05-16 02:44:02.831  1834  2955 D ActivityManager: cleanUpApplicationRecord app: 32030:com.mars.infra.trace/u0a360, bad: false, restarting: false, allowRestart: true
05-16 02:44:02.831  1834  1877 I libprocessgroup: Successfully killed process cgroup uid 10360 pid 32030 in 0ms
05-16 02:44:02.831  1834  2094 W HwAudioServiceEx: SoundEffectState bundle get reserved is invalid
05-16 02:44:02.831   676   676 I Zygote  : Process 32030 exited due to signal 9 (Killed)
05-16 02:44:02.831  1834  1868 I HwPowerManagerService: appdie release wakelock, pid = 32030, uid = 10360
05-16 02:44:02.832  1834  2955 I WindowManager: removeWindowToken: displayid:0 binder:Token{636f63d ActivityRecord{bd5d3e7 u0 com.mars.infra.trace/com.mars.infra.fusion.MainActivity t317 f}} token:AppWindowToken{49b9e32 token=Token{636f63d ActivityRecord{bd5d3e7 u0 com.mars.infra.trace/com.mars.infra.fusion.MainActivity t317}}}
05-16 02:44:02.832  1834  2955 V WindowManager: commitVisibility: AppWindowToken{49b9e32 token=Token{636f63d ActivityRecord{bd5d3e7 u0 com.mars.infra.trace/com.mars.infra.fusion.MainActivity t317}}}: hidden=true hiddenRequested=true
05-16 02:44:02.832  1834  2030 W AwareLog: SchedLevelBoost: onProcessDied config not set!
05-16 02:44:02.832  2451 17400 E HsmCoreServiceImpl: onTransact in code is: 102
05-16 02:44:02.832  2451 17400 I MediaProcessHandler: processOp opType: 1, uid: 10360, pid: 32030
05-16 02:44:02.832  2451 17400 W MediaProcessHandler: only the process it self can do this operation: 10360, 1000, 32030, 2752
05-16 02:44:02.832  2451 17400 I MediaProcessHandler: executedCallBack opType: 1 mMediaStatusObservers.size=1
05-16 02:44:02.833  1834  2955 V WindowManager: removeAppToken: AppWindowToken{49b9e32 token=Token{636f63d ActivityRecord{bd5d3e7 u0 com.mars.infra.trace/com.mars.infra.fusion.MainActivity t317}}} delayed=true Callers=com.android.server.wm.DisplayContent.removeAppToken:1320 com.android.server.wm.ActivityRecord.removeWindowContainer:1446 com.android.server.wm.ActivityStack.removeActivityFromHistoryLocked:5542 com.android.server.wm.ActivityStack.removeHistoryRecordsForAppLocked:5976 com.android.server.wm.ActivityStack.handleAppDiedLocked:6537 com.android.server.wm.RootActivityContainer.handleAppDied:2297 com.android.server.wm.ActivityTaskManagerService$LocalService.handleAppDied:7925 com.android.server.am.ActivityManagerService.handleAppDiedLocked:3967 com.android.server.am.ActivityManagerService.appDiedLocked:4106 
05-16 02:44:02.833  1834  2955 V WindowManager: removeAppToken make exiting: AppWindowToken{49b9e32 token=Token{636f63d ActivityRecord{bd5d3e7 u0 com.mars.infra.trace/com.mars.infra.fusion.MainActivity t317}}}
05-16 02:44:02.833  1834  2955 I TaskSnapshot: taskId:317 Callers=com.android.server.wm.TaskSnapshotCache.removeRunningEntry:196 com.android.server.wm.TaskSnapshotCache.onTaskRemoved:176 com.android.server.wm.TaskSnapshotController.notifyTaskRemovedFromRecents:749 com.android.server.wm.WindowManagerService.notifyTaskRemovedFromRecents:7189 com.android.server.wm.TaskRecord.removedFromRecents:1202 com.android.server.wm.ActivityStackSupervisor.onRecentTaskRemoved:2283 com.android.server.wm.RecentTasks.notifyTaskRemoved:452 com.android.server.wm.RecentTasks.remove:1251 
05-16 02:44:02.833  2451  3370 I Hicom_Monitor: notifyAppDied: uid = 10360
05-16 02:44:02.833  2451  3370 I UctpAppMonitor: handleAppDied: pkgName is com.mars.infra.trace mIsNeedToOpen is false
05-16 02:44:02.833  2451  3370 I AppStatisticProc: handleAppDied: pkgName = com.mars.infra.trace is not apk supported in Smartcare
05-16 02:44:02.834   982 11845 D ITouchService: itouch stylusCurrentPkgName = com.mars.infra.trace lastOneFramePkgName = 
05-16 02:44:02.834   982 11845 D ITouchService: itouch currentPackageName = com.mars.infra.trace
05-16 02:44:02.834   982 11845 D ITouchService: itouch appType=-1 appState=0 gameMode=2
05-16 02:44:02.834   982 11845 D ITouchService: itouchReaderMonitor empty
05-16 02:44:02.834   982 11845 D ITouchService: g_itouch_reader_monitor Monitor::IsReaderMonitorEnable()=0
05-16 02:44:02.834   982 11845 D ITouchService: itouch getCurrentParmID tempPkg=com.mars.infra.xxx
05-16 02:44:02.834   982 11845 D ITouchService: itouch:app com.mars.infra.trace is  not game app
05-16 02:44:02.834   982 11845 D ITouchService: itouch:app com.mars.infra.trace is  not in StylusPenList
05-16 02:44:02.834   982 11845 D ITouchService: itouch:styluspen_switch is disable
05-16 02:44:02.834   982 11845 D ITouchService: itouch:currentAppTypeName =|UNKNOWN|
05-16 02:44:02.835  1834  2955 V ActivityTaskManager: removeChild: detaching stackId=305 from displayId=0
05-16 02:44:02.837   530   530 I hwservicemanager: getTransport: Cannot find entry vendor.huawei.hardware.graphics.hwcinterface@1.1::IHwcInterface/default in either framework or device manifest.
05-16 02:44:02.837   704   786 W hwcomposer: [HWCTURBOMANAGER] init: IHwcInterface::tryGetService failed!  
05-16 02:44:02.837   731   731 D lights  : write_int open fd=6
05-16 02:44:02.838  1834  2955 I ActivityTaskManager: Making visible and scheduling visibility: ActivityRecord{e34f1f0 u0 com.huawei.android.launcher/.unihome.UniHomeLauncher t1}
05-16 02:44:02.838   719   719 E DE H =DE: setAmoled:522: can not support this mode: MODE_AMOLED!
05-16 02:44:02.838  2648  3523 I ScenarioService: app focus change from: com.mars.infra.trace to:com.huawei.android.launcher
05-16 02:44:02.838  2648  3523 I ScenarioService: add focus on app:com.huawei.android.launcher to visiblePkgs
05-16 02:44:02.838  1834  2955 I HwWindowManagerServiceEx: setLandAnimationInfo : false
05-16 02:44:02.839  1834  2955 V WindowManager: notifyAppResumed: wasStopped=false AppWindowToken{78f3d1c token=Token{64f768f ActivityRecord{e34f1f0 u0 com.huawei.android.launcher/.unihome.UniHomeLauncher t1}}}
05-16 02:44:02.840  2686  2686 I ActivityThread: Handle window ActivityRecord{a769a39 token=android.os.BinderProxy@8a2ab2c {com.huawei.android.launcher/com.huawei.android.launcher.unihome.UniHomeLauncher}} visibility: true
05-16 02:44:02.843  2686  2686 I HwLauncher: Model loadWidgetsAfterUserUnlockIfNeeded, sLoadWidgetOnResume is false!
05-16 02:44:02.844  1094  1176 D AAL     : onBacklightChanged: 228/1023 -> 239/1023(phy:478/4095)
05-16 02:44:02.845  1094  1176 D AAL     : LABC: LABC after setTarget isSmoothBacklight=0 
05-16 02:44:02.845  1094  1176 D AAL     : 05-16 02:44:02.779 BL= 196,ESS= 256, 05-16 02:44:02.795 BL= 207,ESS= 256, 05-16 02:44:02.812 BL= 217,ESS= 256, 05-16 02:44:02.828 BL= 228,ESS= 256, 05-16 02:44:02.845 BL= 239,ESS= 256, 
05-16 02:44:02.845  1834  2955 I WindowManager: Checking 1 opening apps (frozen=false timeout=false)...
05-16 02:44:02.845  1834  2955 I WindowManager: Check opening app=AppWindowToken{78f3d1c token=Token{64f768f ActivityRecord{e34f1f0 u0 com.huawei.android.launcher/.unihome.UniHomeLauncher t1}}}: allDrawn=false startingDisplayed=false startingMoved=false isRelaunching()=false startingWindow=null
05-16 02:44:02.845  1834  2955 I WindowManager: dispatchResized : win = Window{8c63ef1 u0 com.huawei.android.launcher/com.huawei.android.launcher.unihome.UniHomeLauncher} drawState = DRAW_PENDING
05-16 02:44:02.847  1834 14087 I ActivityTaskManager: Stop interception for recently back-home app when launcher resumed
05-16 02:44:02.847   743   779 I libPowerHal: [PE] scn:62 hdl:13 user:iawareperf@1.0- pid:728 tid:1000
05-16 02:44:02.847   743   779 I libPowerHal: iawareperf@1.0-: set gpu opp level max: 0
05-16 02:44:02.847   743   779 I libPowerHal: iawareperf@1.0-: hard user limit set cpu freq: 1750000 -1 1993000 -1
05-16 02:44:02.847  1834  1868 I HwAudioServiceEx: ComponentInfo : className = com.huawei.android.launcher.unihome.UniHomeLauncher, flag = onResume, isHomeActivity = , isTop = true
05-16 02:44:02.848  1834  2094 W HwAudioServiceEx: SoundEffectState bundle get reserved is invalid
05-16 02:44:02.849  1834  1859 I ViewRootImpl: dispatchDetachedFromWindow in doDie
05-16 02:44:02.850  1834  1859 I WindowManager: removeIfPossible: Window{324c18a u0 Splash Screen com.mars.infra.trace EXITING} callers=com.android.server.wm.WindowState.removeIfPossible:2602 com.android.server.wm.WindowManagerService.removeWindow:2282 com.android.server.wm.Session.remove:179 android.view.ViewRootImpl.dispatchDetachedFromWindow:4910 android.view.ViewRootImpl.doDie:8254 
05-16 02:44:02.850  1834  1859 I WindowManager: Not removing Window{324c18a u0 Splash Screen com.mars.infra.trace EXITING} due to exit animation 
05-16 02:44:02.851  1834  1859 I WindowManager: Changing focus from null to Window{8c63ef1 u0 com.huawei.android.launcher/com.huawei.android.launcher.unihome.UniHomeLauncher} displayId=0 Callers=com.android.server.wm.RootWindowContainer.updateFocusedWindowLocked:209 com.android.server.wm.WindowManagerService.updateFocusedWindowLocked:6517 com.android.server.wm.WindowState.setupWindowForRemoveOnExit:2758 com.android.server.wm.WindowState.removeIfPossible:2720 
05-16 02:44:02.851   743   779 I libPowerHal: [PE] scn:61 hdl:12 user:iawareperf@1.0- pid:728 tid:1000
05-16 02:44:02.851   743   779 I libPowerHal: iawareperf@1.0-: set gpu opp level max: 0
05-16 02:44:02.851  1834  1859 I HwDisplayContentEx: currentFocus windowstate not null
05-16 02:44:02.851  1834  1859 D ZrHung.AppEyeFocusWindow: FocusWindowErrorScene cancelCheckFreezeScreen
05-16 02:44:02.851  1834  1859 I HwDisplayContentEx: trans currentFocus windowstate not null
05-16 02:44:02.851  1834  1859 D ZrHung.AppEyeTransparentWindow: TransparentWindow mHungConfigStatus = 0,mHungConfigEnable = 1
05-16 02:44:02.853  1834  1859 I WindowManager: Checking 1 opening apps (frozen=false timeout=false)...
05-16 02:44:02.853  1834  1859 I WindowManager: Check opening app=AppWindowToken{78f3d1c token=Token{64f768f ActivityRecord{e34f1f0 u0 com.huawei.android.launcher/.unihome.UniHomeLauncher t1}}}: allDrawn=false startingDisplayed=false startingMoved=false isRelaunching()=false startingWindow=null
05-16 02:44:02.855   530   530 I hwservicemanager: getTransport: Cannot find entry vendor.huawei.hardware.graphics.hwcinterface@1.1::IHwcInterface/default in either framework or device manifest.
05-16 02:44:02.855   704   786 W hwcomposer: [HWCTURBOMANAGER] init: IHwcInterface::tryGetService failed!  
05-16 02:44:02.855   719   719 E DE H =DE: setAmoled:522: can not support this mode: MODE_AMOLED!
05-16 02:44:02.856   731   731 D lights  : write_int open fd=6
05-16 02:44:02.857  9635 25914 I CAWARENESS_AppUsageManager: Repeat info, don't need publish
05-16 02:44:02.857  2451 32541 I Hicom_Monitor: mActivityNotifierEx, className = com.huawei.android.launcher.unihome.UniHomeLauncher, uid = 10065
05-16 02:44:02.857  2451  2748 D DollieActivityManagerAdapter: [Resumed] bg:false pid:2686 uid:10065 ComponentInfo{com.huawei.android.launcher/com.huawei.android.launcher.unihome.UniHomeLauncher}
05-16 02:44:02.858  2451  2748 E DollieAdapterService: notifyActivityState pkg:com.huawei.android.launcher/com.huawei.android.launcher.unihome.UniHomeLauncher state:2 fg:true mUid:10065
05-16 02:44:02.858  2451  2748 I OllieMsgCenter: publishEvt=2130771985
05-16 02:44:02.858  2451  2748 D ForegroundDataOpt: is APK changed:false uid:10065 mBgLimitLevel:0
05-16 02:44:02.858  2531 21162 I OPCollectLog: AppChangeImpl:call onAppChange.
05-16 02:44:02.858  2531 10191 I OPCollectLog: HwForegroundAppAction:handleMessage 
05-16 02:44:02.858  2531 10191 D OPCollectLog: HwForegroundAppAction:FG executeWithArgs
05-16 02:44:02.858  2531 10191 I OPCollectLog: OPCollectUtils:ODMF Api Version:2.16.3
05-16 02:44:02.858  1834  2955 W         : Failed to UpdateQosForCgroupInner, tid=0, policy=10
05-16 02:44:02.858  2531 10191 I OPCollectLog: Action:HwForegroundAppAction executed successfully
05-16 02:44:02.858  2531 10191 D OPCollectLog: OdmfCollectScheduler:handleMessage msg: 4
05-16 02:44:02.858  2531 10191 I OPCollectLog: OdmfHelper:opcollectCache 1
05-16 02:44:02.859  2531 10191 I OPCollectLog: OdmfHelper:opcollectCache curTime: 1842900707, interval: 96479
05-16 02:44:02.859  1834  2955 W         : Failed to UpdateQosForCgroupInner, tid=0, policy=10
05-16 02:44:02.860   746 26485 D AudioPolicyService: getUidState(10360) cacheIter->second.first, return cacheIter->second.second(2)
05-16 02:44:02.860   746 26485 D AudioPolicyService: getUidState(10360) !cacheIter->second.first, return PROCESS_STATE_UNKNOWN
05-16 02:44:02.860  2531 10191 I OPCollectLog: OdmfHelper:isCharging: true
05-16 02:44:02.860  1834  1856 D StatusBarManagerService: win:Window{8c63ef1 u0 com.huawei.android.launcher/com.huawei.android.launcher.unihome.UniHomeLauncher}mIsColorEnable:truelight:false
05-16 02:44:02.861  1834  1856 I StatusBarDisable: setFlags what=0 which=1 pkg=Window{8c63ef1 u0 com.huawei.android.launcher/com.huawei.android.launcher.unihome.UniHomeLauncher}
05-16 02:44:02.861  1094  1176 D AAL     : onBacklightChanged: 239/1023 -> 250/1023(phy:500/4095)
05-16 02:44:02.861  1094  1176 D AAL     : LABC: LABC after setTarget isSmoothBacklight=0 
05-16 02:44:02.863  2256 20441 D HwCommandQueue: CommandQueue, set Launcher StatusBar Color
05-16 02:44:02.865  2648  3523 D ScenarioService: front pkg : com.huawei.android.launcher launcher: true
05-16 02:44:02.865  2648  3523 I AppsUsage: scnOff:false FgAPP:com.huawei.android.launcher BgAPP:com.mars.infra.trace
05-16 02:44:02.865  2648  3658 I PG_ash  : front pkg : com.huawei.android.launcher
05-16 02:44:02.866   675 26102 I netd    : trafficSwapActiveStatsMap() <0.38ms>
05-16 02:44:02.867  2648  3737 I PGServer: report state:10000 event type:2 pid:0 uid:0 pkg:com.mars.infra.trace to pid: 1834
05-16 02:44:02.867  2648  3737 I PGServer: report state:10000 event type:2 pid:0 uid:0 pkg:com.mars.infra.trace to pid: 2648
05-16 02:44:02.867  2648  3737 I SceneReceiver: state type: 10000 eventType:2 pid:0 uid:0 pkg:com.mars.infra.trace
05-16 02:44:02.867  2648  3737 I PGServer: report state:10010 event type:1 pid:0 uid:0 pkg:com.huawei.android.launcher to pid: 1834
05-16 02:44:02.867  2648  3737 I PGServer: report state:10010 event type:1 pid:0 uid:0 pkg:com.huawei.android.launcher to pid: 2648
