05-16 02:44:03.522   675  1214 W /system/bin/netd: A binder object at 0x71cff31ac0 is being transacted on, however, this object is in the same process as its proxy. Transacting with this binder is expensive compared to just calling the corresponding functionality in the same process.
05-16 02:44:03.523 26597 26981 E LBSLog_HwLBSService.PG.i: [E/HwLocation/LBSLog_HwLBSService.PG.i 26597:19700 Method.java:-2] requestPosEngineLocation
05-16 02:44:03.523   675  1214 W /system/bin/netd: A binder object at 0x71cff31ac0 is being transacted on, however, this object is in the same process as its proxy. Transacting with this binder is expensive compared to just calling the corresponding functionality in the same process.
05-16 02:44:03.524 26597 26981 E LBSLog_HwLBSService.PG.f: [E/HwLocation/LBSLog_HwLBSService.PG.f 26597:19700 Method.java:-2] setData
05-16 02:44:03.524 26597 31116 I LBSLog_HwLBSService.PG.f: [I/HwLocation/LBSLog_HwLBSService.PG.f 26597:20229 Method.java:-2] reqeustPosLocation boottime: 1842901372618
05-16 02:44:03.527 26597 31116 I LBSLog_HwLBSService.PG.f: [I/HwLocation/LBSLog_HwLBSService.PG.f 26597:20229 Method.java:-2] handleTreatment needOnline is true
05-16 02:44:03.531   704   786 I hwcomposer: [HWCDisplay] [Display_0 (type:1)] fps:31.254080,dur:1055.86,max:512.57,min:13.58  
05-16 02:44:03.534 26597 31116 I LBSLog_HwLBSService.PG.c: [I/HwLocation/LBSLog_HwLBSService.PG.c 26597:20229 Method.java:-2] CloudUtil networkRequest reqJson is null ? false
05-16 02:44:03.535 26597 31116 I LocationUtil: [I/HwLocation/LocationUtil 26597:20229 null:45] isLocationEnabled locationMode is 3
05-16 02:44:03.535 26597 31116 I DeviceInfoUtil: [2022-05-16 02:44:03.535 I/LITE_SDK-DeviceInfoUtil] get deviceType from cache: 0
05-16 02:44:03.535 26597 31116 I LocationUtil: [I/HwLocation/LocationUtil 26597:20229 null:73] isLocationTargetPrivacyEnable:true
05-16 02:44:03.535 26597 31116 I LocationOpenHelper: [I/HwLocation/LocationOpenHelper 26597:20229 null:51] getNetworkServiceUrlInfo curNetworkState:1
05-16 02:44:03.536 26597 31116 I LBSLog_HwLBSService.PG.c: [I/HwLocation/LBSLog_HwLBSService.PG.c 26597:20229 Method.java:-2] Posengine request goto hms cloud
05-16 02:44:03.536 26597 31116 I LBSLog_HmsCloudApi: [I/HwLocation/LBSLog_HmsCloudApi 26597:20229 Method.java:-2] Enter hms online location
05-16 02:44:03.538 26597 31116 I CountryCodeUtil: [2022-05-16 02:44:03.537 I/LITE_SDK-CountryCodeUtil] get countryCode is UNKNOWN
05-16 02:44:03.538 26597 31116 I NetworkKit_e: Location-PosEngine-Handler|null|oa|a|30|isSpExpire false.
05-16 02:44:03.538 26597 31116 I NetworkKit_LocalManagerProxy: Location-PosEngine-Handler|null|u9|e|14|appGrs is not null and clear services.
05-16 02:44:03.539 26597 31116 I NetworkKit_a: Location-PosEngine-Handler|null|m9|d|41|get unexpired cache localUrl: h*t*s*/*o*e*l*c*t*o*-*r*n*p*a*f*r*.*b*n*c*o*d*c*m
05-16 02:44:03.539 26597 31116 I NetworkKit_LocalManagerProxy: Location-PosEngine-Handler|null|u9|e|14|appGrs is not null and clear services.
05-16 02:44:03.540 26597 31116 I APKUtil : [2022-05-16 02:44:03.539 I/LITE_SDK-APKUtil] getPackageInfo From Cache
05-16 02:44:03.542 26597 32101 W HttpServiceManager: [2022-05-16 02:44:03.541 W/LITE_SDK-HttpServiceManager] msg what value:100
05-16 02:44:03.542 26597 32101 I fwkit_kams: [I/fwkit/fwkit_kams 26597:24244 KAMSServiceController.java:710] Kit ComponentName: {com.huawei.hms.location/com.huawei.location.lite.common.http.HttpService}
05-16 02:44:03.545 26597 32101 W fwkit_utils: [W/fwkit/fwkit_utils 26597:24244 CommonUtils.java:577] isEnableSecontainer: is not SEC allow device
05-16 02:44:03.545 26597 32101 I fwkit_kams_scheduler: [I/fwkit/fwkit_kams_scheduler 26597:24244 ProcessScheduler.java:125] ==>not support secontainer process, level :0
05-16 02:44:03.545 26597 32101 I fwkit_kams_stubmanager: [I/fwkit/fwkit_kams_stubmanager 26597:24244 StubManagerService.java:113] [isBetaKit] pkg@com.huawei.hms.location, return isBeta :false
05-16 02:44:03.546 26597 32101 I fwkit_kams_scheduler: [I/fwkit/fwkit_kams_scheduler 26597:24244 ProcessScheduler.java:283] updateProcessMapping: update process mapping: com.huawei.hms.location:container->com.huawei.hwid.container3
05-16 02:44:03.546 26597 32101 W fwkit_kit_breaker: [W/fwkit/fwkit_kit_breaker 26597:24244 KitBreaker.java:346] isNeedBreaker kitBreakerInfos is null or empty
05-16 02:44:03.549 29411  5098 I fwkit_kac_kitloader: [I/fwkit/fwkit_kac_kitloader 29411:20791 KitLoaderManager.java:213] location_60500300 already exits, no need to reload, cost :0 ms
05-16 02:44:03.553 29411 29411 I fwkit_kac_service_help: [I/fwkit/fwkit_kac_service_help 29411:1 ContainerServiceHelper.java:74] ContainerServiceHelper instance be created!
05-16 02:44:03.553 26597 32101 I HttpServiceManager: [2022-05-16 02:44:03.553 I/LITE_SDK-HttpServiceManager] bindHttpService is true
05-16 02:44:03.554 26597 28397 I fwkit_kams_session: [I/fwkit/fwkit_kams_session 26597:19934 SessionManager.java:210] [verifySession] passed!
05-16 02:44:03.556 29411 29411 I fwkit_kac_kitloader: [I/fwkit/fwkit_kac_kitloader 29411:1 KitLoaderManager.java:213] location_60500300 already exits, no need to reload, cost :0 ms
05-16 02:44:03.556 29411 29411 I fwkit_kac_kitloader: [I/fwkit/fwkit_kac_kitloader 29411:1 KitLoaderManager.java:161] kit application onCreate end:location_60500300
05-16 02:44:03.556 29411 29411 I fwkit_kac_kitloader: [I/fwkit/fwkit_kac_kitloader 29411:1 KitLoaderManager.java:559] when inject get kit info:location_60500300
05-16 02:44:03.558 29411 29411 I fwkit_kac_service_dele: [I/fwkit/fwkit_kac_service_dele 29411:1 ServiceDelegateImpl.java:70] kit class no need to reload again!
05-16 02:44:03.558 26597 28397 I fwkit_kams_stubmanager: [I/fwkit/fwkit_kams_stubmanager 26597:19934 StubManagerService.java:273] Notify kit ComponentName:{com.huawei.hms.location/com.huawei.location.lite.common.http.HttpService} ,Status: {1} ,stub ComponentName:{com.huawei.hwid/com.huawei.hms.runtimekit.stub.HMSKitC3NEStubService1}
05-16 02:44:03.558 26597 26655 I fwkit_EvilKitRecognitionService: [I/fwkit/fwkit_EvilKitRecognitionService 26597:19615 EvilKitRecognitionService.java:1052] enter EKRHandler : 1
05-16 02:44:03.559 26597 26655 I fwkit_EvilKitRecognitionService: [I/fwkit/fwkit_EvilKitRecognitionService 26597:19615 EvilKitRecognitionService.java:893] kitComponentCreate start
05-16 02:44:03.559 26597 28397 E fwkit_kims: [E/fwkit/fwkit_kims 26597:19934 KIMSServiceController.java:366] the componentName is null
05-16 02:44:03.559 26597 26650 I fwkit_EventRegistry: [I/fwkit/fwkit_EventRegistry 26597:19612 EventRegistry.java:209] dispatchEvent event:b
05-16 02:44:03.559 26597 28397 I fwkit_kams_pr: [I/fwkit/fwkit_kams_pr 26597:19934 BaseProcessRecord.java:898] NOTIFY ONSTART SUCCESS:ComponentInfo{com.huawei.hwid/com.huawei.hms.runtimekit.stub.HMSKitC3NEStubService1}ComponentInfo{com.huawei.hms.location/com.huawei.location.lite.common.http.HttpService}
05-16 02:44:03.561 29411 32104 I fwkit_CountryCodeBean: [I/fwkit/fwkit_CountryCodeBean 29411:21031 CountryCodeBean.java:163] countryCode by ro.hw.country is: cn
05-16 02:44:03.561 29411 32104 I fwkit_CountryCodeBean: [I/fwkit/fwkit_CountryCodeBean 29411:21031 CountryCodeBean.java:112] get issue_country code from VENDOR_COUNTRY
05-16 02:44:03.563 26597 26597 I HttpServiceManager: [2022-05-16 02:44:03.563 I/LITE_SDK-HttpServiceManager] iBinder:tn$a$a@38edefd
05-16 02:44:03.563 29411 32105 I fwkit_date_utils: [I/fwkit/fwkit_date_utils 29411:21032 DateUtil.java:29] init threadLocal
05-16 02:44:03.563 29411 32105 I fwkit_HmsProfiler: [I/fwkit/fwkit_HmsProfiler 29411:21032 HmsProfiler.java:548] traceApiEvent input : com.huawei.hms.location_60500300
05-16 02:44:03.564 29411 32105 I fwkit_HmsProfiler: [I/fwkit/fwkit_HmsProfiler 29411:21032 HmsProfiler.java:623] traceApiEvent update kit info time.
05-16 02:44:03.565 26597 26655 W fwkit_EvilKitRecognitionService: [W/fwkit/fwkit_EvilKitRecognitionService 26597:19615 EvilKitRecognitionService.java:938] event list is empty
05-16 02:44:03.565 26597 26655 I fwkit_EvilKitRecognitionService: [I/fwkit/fwkit_EvilKitRecognitionService 26597:19615 EvilKitRecognitionService.java:914] kitComponentCreate end
05-16 02:44:03.565 26597 26655 I fwkit_EvilKitRecognitionService: [I/fwkit/fwkit_EvilKitRecognitionService 26597:19615 EvilKitRecognitionService.java:1100] leave EKRHandler
05-16 02:44:03.574  1834  1834 D HwConnectivityManagerImpl: getNetworkPolicyFlag flagStr null
05-16 02:44:03.574  1834  1834 D HwConnectivityManagerImpl: getNetworkPolicyFlag flagStr null
05-16 02:44:03.608 31455 31478 I HwLBSService.HwNLPEngine: uploadSDKLocation isOnLineLocation :true , mCurrentSdkType :14
05-16 02:44:03.608 31455 31478 I HwLBSService.HwHmsService: updateSDKLocation: Location[AMAP_WIFI 31******,121****** hAcc=75 et=+21d7h55m1s456ms vAcc=??? sAcc=??? bAcc=??? {Bundle[{retype=-5, amap=1, type=new, amap_location_resultCode=0}]}]
05-16 02:44:03.608 31455 31478 I HwLBSService.HwHmsService: updateSDKLocation, mVendorListeners size: 1
05-16 02:44:03.609 26597 28401 I LBSLog_HwNLPEngine: [I/HwLocation/LBSLog_HwNLPEngine 26597:19935 Method.java:-2] reportLocation, new location comes, provider: AMAP_WIFI, acc: 75.0
05-16 02:44:03.609 26597 28401 I LBSLog_HwNLPEngine: [I/HwLocation/LBSLog_HwNLPEngine 26597:19935 Method.java:-2] handlerUpdateAmapLocation, provider: AMAP_WIFI, acc: 75.0
05-16 02:44:03.609 26597 28401 I LBSLog_HwNLPEngine: [I/HwLocation/LBSLog_HwNLPEngine 26597:19935 Method.java:-2] uploadSDKLocation, mCurrentSdkType: 15, mSuccLoc: 4, mFailLoc: 2, provider: AMAP_WIFI, acc: 75.0
05-16 02:44:03.609 26597 28401 I LBSLog_HwNLPCachedManager: [I/HwLocation/LBSLog_HwNLPCachedManager 26597:19935 Method.java:-2] updateCachedLocation loc_type: AMAP_WIFI
05-16 02:44:03.609 26597 28401 I LBSLog_HwNLPPositionManager: [I/HwLocation/LBSLog_HwNLPPositionManager 26597:19935 Method.java:-2] hwNlpLocationConfirm, provider: AMAP_WIFI, isOnline: true
05-16 02:44:03.610 26597 28401 I LBSLog_HwNLPFusionManager: [I/HwLocation/LBSLog_HwNLPFusionManager 26597:19935 Method.java:-2] temp loc updated, locType: HWNLP_AMAP , locTime: 1652640243609
05-16 02:44:03.610 26597 28401 I LBSLog_HwNLPFusionManager: [I/HwLocation/LBSLog_HwNLPFusionManager 26597:19935 Method.java:-2] hwNlpLocationConfirm reported: HWNLP_AMAP, acc: 75.0
05-16 02:44:03.610 26597 28401 I LBSLog_HwNLPAccManager: [I/HwLocation/LBSLog_HwNLPAccManager 26597:19935 Method.java:-2] updateLocationToAccManager, provider: HWNLP_AMAP, acc: 75.0, isFristFixEx: true
05-16 02:44:03.610 26597 28401 I LBSLog_HwNLPEngine: [I/HwLocation/LBSLog_HwNLPEngine 26597:19935 Method.java:-2] makeSureLocationResult, mSuccLoc: 4, mFailLoc: 2
05-16 02:44:03.610 31455 31688 I @_17_1_@: same acc
05-16 02:44:03.631  9327  9838 I ContentSensor_PackageUtil: pkgName : com.huawei.android.launcher
05-16 02:44:03.722  2531 21162 I HwNaturalBase: [Binder:2531_9]: Database monitor for dsPengineData is enabled, threshold: 300Mb, action: 0.
05-16 02:44:03.723  2531 21162 I HwNaturalBase: [Binder:2531_9]: dsPengineData's size is 1M.
05-16 02:44:03.724  2531 21162 I HwNaturalBase: [Binder:2531_9]: DataManager-0: DbEngine for dsPengineData is reopened.
05-16 02:44:03.769 31455 31478 E HwLBSService.BaiduNLPManager: baidu Location Failed
05-16 02:44:03.769 31455 31478 I HwLBSService.HwNLPEngine: uploadSDKStatus mCurrentSdkType :14
05-16 02:44:03.770 31455 31478 I HwLBSService.HwHmsService: updateSDKStatus, providerBAIDU
05-16 02:44:03.770 31455 31478 I HwLBSService.HwHmsService: updateSDKStatus, mVendorListeners size: 1
05-16 02:44:03.770 26597 28401 I LBSLog_LocationManagerAdapter: [I/HwLocation/LBSLog_LocationManagerAdapter 26597:19935 Method.java:-2] onStatusChanged, mssageType: -1
05-16 02:44:03.771 26597 28401 I LBSLog_LocationManagerAdapter: [I/HwLocation/LBSLog_LocationManagerAdapter 26597:19935 Method.java:-2] handlerUpdateStatus, provider: BAIDU, rc: 289
05-16 02:44:03.771 26597 28401 I LBSLog_HwNLPEngine: [I/HwLocation/LBSLog_HwNLPEngine 26597:19935 Method.java:-2] onStatusChanged, provider: BAIDU, resultCode: 289
05-16 02:44:03.771 26597 28401 I LBSLog_HwNLPEngine: [I/HwLocation/LBSLog_HwNLPEngine 26597:19935 Method.java:-2] handlerUpdateBaiduStatus, rc: 289
05-16 02:44:03.771 26597 28401 I LBSLog_HwNLPEngine: [I/HwLocation/LBSLog_HwNLPEngine 26597:19935 Method.java:-2] uploadSDKStatus, mCurrentSdkType: 15, sdktype: Baidu, rc: 289, mSuccLoc: 4, mFailLoc: 10
05-16 02:44:03.771 26597 28401 I LBSLog_HwNLPEngine: [I/HwLocation/LBSLog_HwNLPEngine 26597:19935 Method.java:-2] makeSureLocationResult, mSuccLoc: 4, mFailLoc: 10
05-16 02:44:03.850  9327  9838 I ContentSensor_PackageUtil: pkgName : com.huawei.android.launcher
05-16 02:44:03.878 26597 31116 I HttpServiceManager: [2022-05-16 02:44:03.878 I/LITE_SDK-HttpServiceManager] httpService sleep, count = 0
05-16 02:44:03.881 26597 31116 E TelephonyUtil: [2022-05-16 02:44:03.881 E/LITE_SDK-TelephonyUtil] mcc is Empty
05-16 02:44:03.882 26597 31116 I DeviceInfoUtil: [2022-05-16 02:44:03.881 I/LITE_SDK-DeviceInfoUtil] get deviceType from cache: 0
05-16 02:44:03.882 26597 31116 E TelephonyUtil: [2022-05-16 02:44:03.882 E/LITE_SDK-TelephonyUtil] not car
05-16 02:44:03.882 26597 31116 I APKUtil : [2022-05-16 02:44:03.882 I/LITE_SDK-APKUtil] getPackageInfo From Cache
05-16 02:44:03.882 26597 31116 I ROMUtil : [2022-05-16 02:44:03.882 I/LITE_SDK-ROMUtil] is huawei device:true
05-16 02:44:03.882 26597 31116 I DeviceInfoUtil: [2022-05-16 02:44:03.882 I/LITE_SDK-DeviceInfoUtil] get deviceType from cache: 0
05-16 02:44:03.882 26597 31116 I DeviceInfoUtil: [2022-05-16 02:44:03.882 I/LITE_SDK-DeviceInfoUtil] get deviceType from cache: 0
05-16 02:44:03.883 29411  5098 I HttpService: [2022-05-16 02:44:03.883 I/LITE_SDK-HttpService] enter remote execute get String
05-16 02:44:03.884 29411  5098 I LocationUtil: [2022-05-16 02:44:03.884 I/LITE_SDK-LocationUtil] registerScreenStatusBroadcast start
05-16 02:44:03.884 29411  5098 I LocationUtil: [2022-05-16 02:44:03.884 I/LITE_SDK-LocationUtil] registerScreenStatusBroadcast is Register
05-16 02:44:03.888 29411  5098 I RealSubmit: [2022-05-16 02:44:03.887 I/LITE_SDK-RealSubmit] executeCall()
05-16 02:44:03.889 29411  5098 I APKUtil : [2022-05-16 02:44:03.889 I/LITE_SDK-APKUtil] getPackageInfo From Cache
05-16 02:44:03.889 29411  5098 I APKUtil : [2022-05-16 02:44:03.889 I/LITE_SDK-APKUtil] getPackageInfo From Cache
05-16 02:44:03.889 29411  5098 I DeviceInfoUtil: [2022-05-16 02:44:03.889 I/LITE_SDK-DeviceInfoUtil] get deviceType from cache: 0
05-16 02:44:03.890 29411  5098 I APKUtil : [2022-05-16 02:44:03.889 I/LITE_SDK-APKUtil] getPackageInfo From Cache
05-16 02:44:03.890 29411  5098 I CommonRequestParamInterceptor: [2022-05-16 02:44:03.890 I/LITE_SDK-CommonRequestParamInterceptor] clientVersion:60500300
05-16 02:44:03.891 29411  5098 I TssSignHelper: [2022-05-16 02:44:03.890 I/LITE_SDK-TssSignHelper] begin to signature, transId = 768b467d-11a5-4bfb-913f-8ccb751a2e7d
05-16 02:44:03.891 29411  5098 I TssSignHelper: [2022-05-16 02:44:03.891 I/LITE_SDK-TssSignHelper] get certified credential times:0
05-16 02:44:03.891 29411  5098 E TssSignHelper: [2022-05-16 02:44:03.891 E/LITE_SDK-TssSignHelper] mCertifiedCredential init ok
05-16 02:44:03.891 29411  5098 I TssSignHelper: [2022-05-16 02:44:03.891 I/LITE_SDK-TssSignHelper] request location kit server signature
05-16 02:44:03.894   675  1214 W /system/bin/netd: A binder object at 0x71cff31ac0 is being transacted on, however, this object is in the same process as its proxy. Transacting with this binder is expensive compared to just calling the corresponding functionality in the same process.
05-16 02:44:03.913  1834  1834 D HwConnectivityManagerImpl: getNetworkPolicyFlag flagStr null
05-16 02:44:03.943 29411  5098 I SecurityComp10105310: ju: createSocket s host port autoClose
05-16 02:44:03.944 29411  5098 I SecurityComp10105310: ju: set default protocols
05-16 02:44:03.944 29411  5098 I SecurityComp10105310: ju: set default cipher suites
05-16 02:44:03.978 29411  5098 I SecurityComp10105310: mu: checkServerTrusted begin ,server ca chain size is : 2 ,auth type is : ECDHE_RSA
05-16 02:44:03.978 29411  5098 I SecurityComp10105310: mu: check server i : 0
05-16 02:44:03.978 29411  5098 I SecurityComp10105310: mu: client root ca size is : 31
05-16 02:44:03.985 29411  5098 I SecurityComp10105310: mu: checkServerTrusted succeed ,root ca issuer is : CN=GlobalSign, O=GlobalSign, OU=GlobalSign Root CA - R3
05-16 02:44:04.052 26597 31116 I HttpServiceManager: [2022-05-16 02:44:04.052 I/LITE_SDK-HttpServiceManager] delayDisconnect()
05-16 02:44:04.057 26597 31116 E TelephonyUtil: [2022-05-16 02:44:04.057 E/LITE_SDK-TelephonyUtil] mcc is Empty
05-16 02:44:04.057 26597 31116 I DeviceInfoUtil: [2022-05-16 02:44:04.057 I/LITE_SDK-DeviceInfoUtil] get deviceType from cache: 0
05-16 02:44:04.057 26597 31116 E TelephonyUtil: [2022-05-16 02:44:04.057 E/LITE_SDK-TelephonyUtil] not car
05-16 02:44:04.057 26597 31116 I APKUtil : [2022-05-16 02:44:04.057 I/LITE_SDK-APKUtil] getPackageInfo From Cache
05-16 02:44:04.058 26597 31116 I ROMUtil : [2022-05-16 02:44:04.058 I/LITE_SDK-ROMUtil] is huawei device:true
05-16 02:44:04.058 26597 31116 I DeviceInfoUtil: [2022-05-16 02:44:04.058 I/LITE_SDK-DeviceInfoUtil] get deviceType from cache: 0
05-16 02:44:04.058 26597 31116 I DeviceInfoUtil: [2022-05-16 02:44:04.058 I/LITE_SDK-DeviceInfoUtil] get deviceType from cache: 0
05-16 02:44:04.059 26597 31116 I ReportPluginImpl: [I/HwLocation/ReportPluginImpl 26597:20229 null:56] start server report action
05-16 02:44:04.062 26597 31116 E TelephonyUtil: [2022-05-16 02:44:04.061 E/LITE_SDK-TelephonyUtil] mcc is Empty
05-16 02:44:04.062 26597 31116 I DeviceInfoUtil: [2022-05-16 02:44:04.062 I/LITE_SDK-DeviceInfoUtil] get deviceType from cache: 0
05-16 02:44:04.062 26597 31116 E TelephonyUtil: [2022-05-16 02:44:04.062 E/LITE_SDK-TelephonyUtil] not car
05-16 02:44:04.062 26597 31116 I APKUtil : [2022-05-16 02:44:04.062 I/LITE_SDK-APKUtil] getPackageInfo From Cache
05-16 02:44:04.062 26597 31116 I ROMUtil : [2022-05-16 02:44:04.062 I/LITE_SDK-ROMUtil] is huawei device:true
05-16 02:44:04.062 26597 31116 I DeviceInfoUtil: [2022-05-16 02:44:04.062 I/LITE_SDK-DeviceInfoUtil] get deviceType from cache: 0
05-16 02:44:04.063 26597 31116 I DeviceInfoUtil: [2022-05-16 02:44:04.063 I/LITE_SDK-DeviceInfoUtil] get deviceType from cache: 0
05-16 02:44:04.063 26597 31116 I ROMUtil : [2022-05-16 02:44:04.063 I/LITE_SDK-ROMUtil] is huawei device:true
05-16 02:44:04.063 26597 31116 I DeviceInfoUtil: [2022-05-16 02:44:04.063 I/LITE_SDK-DeviceInfoUtil] get deviceType from cache: 0
05-16 02:44:04.063 26597 31116 I DeviceInfoUtil: [2022-05-16 02:44:04.063 I/LITE_SDK-DeviceInfoUtil] get deviceType from cache: 0
05-16 02:44:04.063 26597 31116 I APKUtil : [2022-05-16 02:44:04.063 I/LITE_SDK-APKUtil] getPackageInfo From Cache
05-16 02:44:04.066 26597 31116 E TelephonyUtil: [2022-05-16 02:44:04.065 E/LITE_SDK-TelephonyUtil] mcc is Empty
05-16 02:44:04.066 26597 31116 I DeviceInfoUtil: [2022-05-16 02:44:04.066 I/LITE_SDK-DeviceInfoUtil] get deviceType from cache: 0
05-16 02:44:04.066 26597 31116 E TelephonyUtil: [2022-05-16 02:44:04.066 E/LITE_SDK-TelephonyUtil] not car
05-16 02:44:04.066 26597 31116 I Location_serverApi: [I/HwLocation/Location_serverApi 26597:20229 null:12] {brand=HUAWEI, pub_mfc=HUAWEI, callTime=1652640243883, service=hwLocation, networkType=wifi, MCC=, lcSdkType=1, lbs_version=110100140, rom_type=1003, package=com.huawei.hms.location, version=20500295, apiName=Location_serverApi, transId=768b467d-11a5-4bfb-913f-8ccb751a2e7d, requestUrl=/networklocation/v1/onlineLocation, errorCode=200, errorMessage=HTTP_OK, costTime=170, locationKit_version=6.5.0.300, module=Location}
05-16 02:44:04.067 26597 31116 I FormalHASDK: HiAnalyticsInstance==> onEvent. TAG:HmsProfiler, TYPE:1, eventId:Location_serverApi
05-16 02:44:04.067 26597 31116 I FormalHASDK: HiAnalyticsInstance==> onEvent. TAG:HmsProfiler, TYPE:0, eventId:Location_serverApi
05-16 02:44:04.068 26597 31116 I LBSLog_HmsCloudApi: [I/HwLocation/LBSLog_HmsCloudApi 26597:20229 Method.java:-2] get response from hms cloud
05-16 02:44:04.068 26597 31116 I LBSLog_HwLBSService.PG.c: [I/HwLocation/LBSLog_HwLBSService.PG.c 26597:20229 Method.java:-2] Posengine request hms cloud takes 532 mills
05-16 02:44:04.070 26597 31116 I LBSLog_HwLBSService.PG.c: [I/HwLocation/LBSLog_HwLBSService.PG.c 26597:20229 Method.java:-2] not hdnlp location
05-16 02:44:04.071 26597 31116 I LBSLog_HwLBSService.PG.c: [I/HwLocation/LBSLog_HwLBSService.PG.c 26597:20229 Method.java:-2] CloudUtil LocationResponse false
05-16 02:44:04.072 26597 31116 I LBSLog_HwLBSService.PG.f: [I/HwLocation/LBSLog_HwLBSService.PG.f 26597:20229 Method.java:-2]  hdnlp is null 
05-16 02:44:04.072 26597 31116 I LBSLog_HwLBSService.PG.f: [I/HwLocation/LBSLog_HwLBSService.PG.f 26597:20229 Method.java:-2] onlineMode final isSuccess is true
05-16 02:44:04.076 26597 31116 I LBSLog_HwLbs.PG.i: [I/HwLocation/LBSLog_HwLbs.PG.i 26597:20229 Method.java:-2] HiGeoLocation bundle is null
05-16 02:44:04.077 26597 31116 I LBSLog_HwLBSService.PG.f: [I/HwLocation/LBSLog_HwLBSService.PG.f 26597:20229 Method.java:-2] afterTreatment Final get isSuccess is true
05-16 02:44:04.077 26597 31116 I LBSLog_HwLBSService.PG.f: [I/HwLocation/LBSLog_HwLBSService.PG.f 26597:20229 Method.java:-2] afterTreatment Final get statusCode is 2
05-16 02:44:04.078 26597 26981 I LBSLog_HwNLPEngine: [I/HwLocation/LBSLog_HwNLPEngine 26597:19700 Method.java:-2] handlerPosEngineLocation, provider: PosEngine_WIFI_ONLINE, acc: 13.2126255
05-16 02:44:04.078 26597 26981 I LBSLog_HwNLPEngine: [I/HwLocation/LBSLog_HwNLPEngine 26597:19700 Method.java:-2] uploadSDKLocation, mCurrentSdkType: 15, mSuccLoc: 5, mFailLoc: 10, provider: POSENGINE_WIFI, acc: 13.2126255
05-16 02:44:04.079 26597 26981 I LBSLog_HwNLPCachedManager: [I/HwLocation/LBSLog_HwNLPCachedManager 26597:19700 Method.java:-2] updateCachedLocation loc_type: POSENGINE_WIFI
05-16 02:44:04.080 26597 26981 I LBSLog_HwNLPPositionManager: [I/HwLocation/LBSLog_HwNLPPositionManager 26597:19700 Method.java:-2] hwNlpLocationConfirm, provider: POSENGINE_WIFI, isOnline: true
05-16 02:44:04.080 26597 26981 I LBSLog_HwNLPFusionManager: [I/HwLocation/LBSLog_HwNLPFusionManager 26597:19700 Method.java:-2] temp loc updated, locType: HWNLP_POSENGINE_WIFI , locTime: 1652640244078
05-16 02:44:04.080 26597 26981 I LBSLog_HwNLPFusionManager: [I/HwLocation/LBSLog_HwNLPFusionManager 26597:19700 Method.java:-2] hwNlpLocationConfirm reported: HWNLP_POSENGINE_WIFI, acc: 13.2126255
05-16 02:44:04.080 26597 26981 I LBSLog_HwNLPAccManager: [I/HwLocation/LBSLog_HwNLPAccManager 26597:19700 Method.java:-2] updateLocationToAccManager, provider: HWNLP_POSENGINE_WIFI, acc: 13.2126255, isFristFixEx: true
05-16 02:44:04.081 26597 26981 I LBSLog_HwNLPEngine: [I/HwLocation/LBSLog_HwNLPEngine 26597:19700 Method.java:-2] makeSureLocationResult, mSuccLoc: 5, mFailLoc: 10
05-16 02:44:04.081 26597 26981 I LBSLog_HwNLPEngine: [I/HwLocation/LBSLog_HwNLPEngine 26597:19700 Method.java:-2] makeSureLocationResult forceupdateLocation
05-16 02:44:04.081 26597 26981 I LBSLog_HwNLPPositionManager: [I/HwLocation/LBSLog_HwNLPPositionManager 26597:19700 Method.java:-2] forceupdateLocation
05-16 02:44:04.081 26597 26981 I LBSLog_HwNLPPositionManager: [I/HwLocation/LBSLog_HwNLPPositionManager 26597:19700 Method.java:-2] isReportHdLocation default indoor
05-16 02:44:04.081 26597 26981 I LBSLog_HwNLPAccManager: [I/HwLocation/LBSLog_HwNLPAccManager 26597:19700 Method.java:-2] getHwNlpAccFusionLocation, sSdkLocatinLists.size: 2
05-16 02:44:04.081 26597 26981 I LBSLog_HwNLPAccManager: [I/HwLocation/LBSLog_HwNLPAccManager 26597:19700 Method.java:-2] not indoor location: isIndoor is true
05-16 02:44:04.082 26597 26981 I LBSLog_HwNLPAccManager: [I/HwLocation/LBSLog_HwNLPAccManager 26597:19700 Method.java:-2] getHwNlpAccFusionLocation, sSdkLocatinLists.size: 2
05-16 02:44:04.082 26597 26981 I LBSLog_HwNLPSRManager: [I/HwLocation/LBSLog_HwNLPSRManager 26597:19700 Method.java:-2] wifiApNum: 4, cellTowerNum: 0, cellChangedRate: -1, final resultEnvironment: 1
05-16 02:44:04.082 26597 26981 I LBSLog_HwNLPAccManager: [I/HwLocation/LBSLog_HwNLPAccManager 26597:19700 Method.java:-2] currentEnv: 1, loc1: HWNLP_AMAPloc2: HWNLP_POSENGINE_WIFI
05-16 02:44:04.083 26597 26981 I LBSLog_HwNLPAccManager: [I/HwLocation/LBSLog_HwNLPAccManager 26597:19700 Method.java:-2] chooseLocInOrder, resultLoc provider: HWNLP_AMAP, acc: 75.0
05-16 02:44:04.083 26597 26981 I LBSLog_HwNLPAccManager: [I/HwLocation/LBSLog_HwNLPAccManager 26597:19700 Method.java:-2] getHwNlpAccFusionLocation, sSdkLocatinLists.size: 2
05-16 02:44:04.083 26597 26981 I LBSLog_HwNLPAccManager: [I/HwLocation/LBSLog_HwNLPAccManager 26597:19700 Method.java:-2] clear mSDKLocationList
05-16 02:44:04.083 26597 26981 I LBSLog_HwNLPAccManager: [I/HwLocation/LBSLog_HwNLPAccManager 26597:19700 Method.java:-2] successful, resultLoc provider: HWNLP_AMAP, acc: 75.0
05-16 02:44:04.084 26597 26981 I LBSLog_HwNLPPositionManager: [I/HwLocation/LBSLog_HwNLPPositionManager 26597:19700 Method.java:-2] handlerForceUpdateLocation, provider: HWNLP_AMAP, acc: 75.0
05-16 02:44:04.085 26597 26981 I LBSLog_HwNLPPositionManager: [I/HwLocation/LBSLog_HwNLPPositionManager 26597:19700 Method.java:-2] hwNlpReportLocation, provider: HWNLP_AMAP, acc: 75.0
05-16 02:44:04.086 26597 26981 I LBSLog_HwNLPCachedManager: [I/HwLocation/LBSLog_HwNLPCachedManager 26597:19700 Method.java:-2] updateCachedLocation loc_type: network
05-16 02:44:04.086 26597 26981 I LBSLog_HwNLPCachedManager: [I/HwLocation/LBSLog_HwNLPCachedManager 26597:19700 Method.java:-2] updateNlpFinalLocation, provider: network, acc: 75.0
05-16 02:44:04.087 26597 26981 I LBSLog_HwHmsService: [I/HwLocation/LBSLog_HwHmsService 26597:19700 Method.java:-2] incoming location, provider: network, isPassive: false
05-16 02:44:04.087 26597 26981 I LBSLog_HwHmsService: [I/HwLocation/LBSLog_HwHmsService 26597:19700 Method.java:-2] key of receiver: ea34f9a Time:1652640244085 Acc:75.0
05-16 02:44:04.089  1834  2092 I LocationManagerService: key of receiver: ac1bbdb mPendingBroadcasts=0
05-16 02:44:04.090  1834  2092 I LocationManagerService: key of receiver: acf7b18 mPendingBroadcasts=0
05-16 02:44:04.091  1834  2092 I LocationManagerService: key of receiver: 73a119d mPendingBroadcasts=0
05-16 02:44:04.091  1834  2092 I LocationManagerService: key of receiver: af4357c mPendingBroadcasts=0
05-16 02:44:04.092  2451  2748 D LocationProxy: onLocationChanged, passive location
05-16 02:44:04.092  2451  2748 D LocationProxy: onLocationChangedInner, location source: network, accuracy: 75.0, is mock location: false
05-16 02:44:04.092  2451  2748 D LocationProxy: isUsableLocation, timeDelta: 6916615ns, isTrustable: true, isRecent: true, isNewer: true
05-16 02:44:04.092  2451  2748 I LocationProxy: onLocationChangedInner, callback listener location changed.
05-16 02:44:04.092  1834  2092 I LocationManagerService: key of receiver: 14e33b mPendingBroadcasts=0
05-16 02:44:04.093  1834  1886 I PowerManagerService: handleSandman: wakefulness: 1,startDreaming: false
05-16 02:44:04.093  1834  2092 I LocationManagerService: key of receiver: d39a9a mPendingBroadcasts=0
05-16 02:44:04.093  1834  2092 W ProcBatteryStats: timer is running , not start, name: com.huawei.hwid, uid: 10060, tag: *location*
05-16 02:44:04.094  1834  1886 I PowerManagerService: handleSandman: wakefulness: 1,startDreaming: false
05-16 02:44:04.094  1834  2092 I LocationManagerService: key of receiver: 502b289 mPendingBroadcasts=0
05-16 02:44:04.094  1834  2092 I LocationManagerService: key of receiver: ec1c595 mPendingBroadcasts=0
05-16 02:44:04.094  1834  1886 I PowerManagerService: handleSandman: wakefulness: 1,startDreaming: false
05-16 02:44:04.095  1834  2092 W ProcBatteryStats: timer is running , not start, name: com.huawei.hwid, uid: 10060, tag: *location*
05-16 02:44:04.095  1834  1886 I PowerManagerService: handleSandman: wakefulness: 1,startDreaming: false
05-16 02:44:04.095  1834  2092 I LocationManagerService: key of receiver: e89386a mPendingBroadcasts=0
05-16 02:44:04.096  1834  2987 I LocationManagerService: remove ac1bbdb
05-16 02:44:04.096  1834  2092 D GnssLocationProvider: injectLocation: Location[network 31******,121****** hAcc=75 et=+21d7h55m1s933ms vAcc=??? sAcc=??? bAcc=??? {Bundle[{retype=-5, noGPSLocation=Location[network 31******,121****** hAcc=75 et=+21d7h55m1s933ms vAcc=??? sAcc=??? bAcc=??? {Bundle[EMPTY_PARCEL]}], amap=1, type=new, amap_location_resultCode=0, session_id=768b467d-11a5-4bfb-913f-8ccb751a2e7d}]}]
05-16 02:44:04.097  2569  2813 I GnssApkControl: stop network position timer
05-16 02:44:04.097  1834  2987 I LocationManagerService: requestingHighPowerLocation = false
05-16 02:44:04.097   980  2045 D MNLD    : mnld_nfw_mnl2agps_location_sync: ret = 37
05-16 02:44:04.098  1084  1116 D agps    : Xed[V_8;|(7C0x)+x\HWcp=;h[Zi=R7&%D`L;2$5=8=-2LG1C`L-5q0$ )*$$+xL:5d.##"-.))+vA$&`4,uA-@q-xx~~     yiSBDG5(b.yO5AFp-pN:<m.qS83ABAo-yiUI7"3=62b%x|lpyiSI5(7CH8$-CBj%x|lpy
05-16 02:44:04.098  1834  2987 I LocationManagerService: provider: network records: []
05-16 02:44:04.098  1834  2149 I hwPS_PermissionUsingMonitor: onFinishUse, appInfo = 10164com.huawei.android.totemweather, permGroupName = android.permission-group.LOCATION
05-16 02:44:04.098  1834  2149 I hwPS_SecurityCenterAdapter: stop, appInfo = 10164com.huawei.android.totemweather, permInfo = android.permission-group.LOCATION
05-16 02:44:04.099  1834  1886 I chatty  : uid=1000(system) PowerManagerSer identical 4 lines
05-16 02:44:04.099  1834  1886 I PowerManagerService: handleSandman: wakefulness: 1,startDreaming: false
05-16 02:44:04.100  1834  2376 W ProcBatteryStats: timer is not running , not stop, name: com.huawei.hwid, uid: 10060, tag: *location*
05-16 02:44:04.100  2531 10191 I OPCollectLog: LocationRecordAction:handleMessage 
05-16 02:44:04.100  2531 10191 I OPCollectLog: LocationRecordAction:executeWithArgs
05-16 02:44:04.100  2531 10191 I OPCollectLog: LocationRecordAction:execute: -1
05-16 02:44:04.100  1834  1886 I PowerManagerService: handleSandman: wakefulness: 1,startDreaming: false
05-16 02:44:04.101  1834  1886 I PowerManagerService: handleSandman: wakefulness: 1,startDreaming: false
05-16 02:44:04.101  1834  1985 W ProcBatteryStats: timer is not running , not stop, name: com.huawei.hwid, uid: 10060, tag: *location*
05-16 02:44:04.101  1834  2149 I hwPS_SecurityCenterAdapter: unBindAbilityServiceDelay
05-16 02:44:04.101 31455 31473 I HwLBSService.HwGeoCoderProvider: package name for geocoder: com.huawei.nb.service
05-16 02:44:04.101  1834  1886 I PowerManagerService: handleSandman: wakefulness: 1,startDreaming: false
05-16 02:44:04.101 31455 31473 I HwLBSService.HwGeoCodeCache: find cached result
05-16 02:44:04.102 26597 28397 I LBSLog_HwNLPBaseProvider: [I/HwLocation/LBSLog_HwNLPBaseProvider 26597:19934 Method.java:-2] receive from platform, request = Request[ mProvider: network mExpireAt: 9223372036854775807 mPackageName: unknown mFastestInterval: 1537228672809129216 mNumUpdates: 2147483647 mSmallestDisplacement: 0.0 mUid: 0 mWorkSource: WorkSource{}]
05-16 02:44:04.102 26597 28397 I LBSLog_HwNLPBaseProvider: [I/HwLocation/LBSLog_HwNLPBaseProvider 26597:19934 Method.java:-2] request.getReportLocation() = false
05-16 02:44:04.102 26597 26981 I LBSLog_HwHmsService: [I/HwLocation/LBSLog_HwHmsService 26597:19700 Method.java:-2] removeUpdates, receive request from client
05-16 02:44:04.102 26597 26981 I LBSLog_LocationRequestMappingHelper: [I/HwLocation/LBSLog_LocationRequestMappingHelper 26597:19700 Method.java:-2] after remove LocationRequestMapping is empty
05-16 02:44:04.103 26597 26981 I LBSLog_HwHmsService: [I/HwLocation/LBSLog_HwHmsService 26597:19700 Method.java:-2] remove ea34f9a
05-16 02:44:04.103  2531 10191 I OPCollectLog: OPCollectUtils:ODMF Api Version:2.16.3
05-16 02:44:04.103 26597 26981 I LBSLog_HwHmsService: [I/HwLocation/LBSLog_HwHmsService 26597:19700 Method.java:-2] remove from mTransportListeners
05-16 02:44:04.103 26597 26981 I LBSLog_HwHmsService: [I/HwLocation/LBSLog_HwHmsService 26597:19700 Method.java:-2] mTransportListeners is {}
05-16 02:44:04.104  1064  8783 I Pged-IPgedBinderService: ****action is 2, pid num is 3***
05-16 02:44:04.104  1064  8783 I Pged-Freezer: thawPids
05-16 02:44:04.104 26597 26981 I LBSLog_HwHmsService: [I/HwLocation/LBSLog_HwHmsService 26597:19700 Method.java:-2] disposeLocked, isRemoveReceiver: false, provider = network
05-16 02:44:04.105  2648  3653 D PgedBinderAdapter: unF_Z ok, pid: [23410, 2282]
05-16 02:44:04.106 26597 26981 I LBSLog_HwNLPPositionManager: [I/HwLocation/LBSLog_HwNLPPositionManager 26597:19700 Method.java:-2] setRequest, request: ProviderRequest[OFF], worksource: WorkSource{}
05-16 02:44:04.106 26597 26981 I LBSLog_HwNLPPositionManager: [I/HwLocation/LBSLog_HwNLPPositionManager 26597:19700 Method.java:-2] updateRequirements, isEnabled: false, shouldEnableProvider: true
05-16 02:44:04.107 26597 32111 I fwkit_locationLE_listener: [I/fwkit/fwkit_locationLE_listener 26597:24249 LocationLEListener.java:54] location info saved to db.
05-16 02:44:04.107  2531 10191 E OPCollectLog: LocationRecordAction:list is null
05-16 02:44:04.107  2531 10191 I OPCollectLog: LocationRecordAction:listener size: 2
05-16 02:44:04.107  2531 10191 E OPCollectLog: AwareLocationAction:not receive intelligent broadcast, return
05-16 02:44:04.107  2531 10191 I OPCollectLog: WeatherInfoAction:callback
05-16 02:44:04.107  2531 10191 W OPCollectLog: WeatherInfoAction: request in 
05-16 02:44:04.107 26597 26981 I LBSLog_HwNLPPositionManager: [I/HwLocation/LBSLog_HwNLPPositionManager 26597:19700 Method.java:-2] disable network provider, name: network
05-16 02:44:04.108  2531 10191 I OPCollectLog: Action:RawLocationRecord executed successfully
05-16 02:44:04.108  2531 10191 D OPCollectLog: OdmfCollectScheduler:handleMessage msg: 4
05-16 02:44:04.108  2531 10191 I OPCollectLog: OdmfHelper:opcollectCache 1
05-16 02:44:04.108  2531 10191 I OPCollectLog: OdmfHelper:opcollectCache curTime: 1842901956, interval: 1126
05-16 02:44:04.108  2531 10191 I OPCollectLog: OdmfHelper:isCharging: true
05-16 02:44:04.110  2531 10191 I OPCollectLog: OdmfHelper:insert database success 
05-16 02:44:04.110  2531 10191 I OPCollectLog: OdmfHelper:opcollectCache size: 1
05-16 02:44:04.110  2531 10191 I OPCollectLog: OdmfHelper:opcollectCache lastTime: 1842901958
05-16 02:44:04.113 26597 26981 I LBSLog_HwNLPEngine: [I/HwLocation/LBSLog_HwNLPEngine 26597:19700 Method.java:-2] start cancel timer
05-16 02:44:04.113 26597 26981 I LBSLog_HwNLPPositionManager: [I/HwLocation/LBSLog_HwNLPPositionManager 26597:19700 Method.java:-2] unregisterHdNlpFusionCallback not registered hdnlp fusion 
05-16 02:44:04.114 26597 26981 I LBSLog_HwNLPPositionManager: [I/HwLocation/LBSLog_HwNLPPositionManager 26597:19700 Method.java:-2] disableProvider isFirstHdLocation is true, hasHdnlpRequest is false
05-16 02:44:04.116   675 26102 I netd    : trafficSwapActiveStatsMap() <0.36ms>
05-16 02:44:04.124  2531 10191 I OPCollectLog: Action:RawWeatherInfo executed successfully
05-16 02:44:04.124  2531 10191 D OPCollectLog: OdmfCollectScheduler:handleMessage msg: 4
05-16 02:44:04.125  2531 10191 I OPCollectLog: OdmfHelper:opcollectCache 1
05-16 02:44:04.125  2531 10191 I OPCollectLog: OdmfHelper:opcollectCache curTime: 1842901973, interval: 15
05-16 02:44:04.125  2531 10191 I OPCollectLog: OdmfHelper:isCharging: true
05-16 02:44:04.128  2531 10191 I OPCollectLog: OdmfHelper:insert database success 
05-16 02:44:04.128  2531 10191 I OPCollectLog: OdmfHelper:opcollectCache size: 1
05-16 02:44:04.128  2531 10191 I OPCollectLog: OdmfHelper:opcollectCache lastTime: 1842901976
05-16 02:44:04.139 32114 32114 D HiTraceC: entered HiTraceInit, Log Registered: 1
05-16 02:44:04.139 32114 32114 E         : storage_info: IsTimeForUpload path log/storage/ exist
05-16 02:44:04.139 32114 32114 I         : HwCustType is 0
05-16 02:44:04.139 32114 32114 E         : open file error
05-16 02:44:04.139 32114 32114 I         : no cota live update cust policy found
05-16 02:44:04.139 32114 32114 I         : GetCfgDirRealPolicyValue: custPolicyDirs: /system/emui/base:/system/emui/china:/system/emui/lite:/vendor/etc:/odm/etc:/hw_product/etc:/hw_product/region_comm/china:/preas/china:/hw_product/hw_oem/JSC-AN00A:/preload/JSC-AN00A/cmcc/cn:/cust/global:/cust/hw/cn:/version/cust/cmcc/cn:/version/special_cust/JSC-AN00A/cmcc/cn:/cust/cotalite:/cust/ecota
05-16 02:44:04.139 32114 32114 E         : storage_info: GetLifetimeConfigXML: xml file (null) not exists
05-16 02:44:04.139 32114 32114 I         : storage_info: LifetimeEnabled: lifetime disabled
05-16 02:44:04.139 32114 32114 E         : CatKernelIOLatencyCore Cat kernel file fail:/proc/iomt/io_latency_scatter
05-16 02:44:04.139 32114 32114 E         : storage_info: GetIOLatency:cat struct IOLatencyBigDataNode fail
05-16 02:44:04.139 32114 32114 E         : storage_info: UploadStorageInfo GetIOLatency fail:-1
05-16 02:44:04.136 32114 32114 W storage_info: type=1400 audit(0.0:221509): avc: denied { search } for pid=32114 name="cota" dev="sdc63" ino=220 scontext=u:r:storage_info:s0 tcontext=u:object_r:hw_cust_file:s0 tclass=dir permissive=0
05-16 02:44:04.142  2648  3523 D DeviceMonitor: GPS request stop:com.huawei.android.totemweather pid:8500 interval(s): -1 reqId:ac1bbdb
05-16 02:44:04.156  2648 30280 I PowerKit_Impl: apply pkg: com.huawei.android.totemweather resource:65535 timeout:10000 reason:totemweather
05-16 02:44:04.156  2648 30280 I AppResManager: Request interaction :{com.huawei.android.totemweather com.huawei.android.totemweather 65535 1842912005 1824307272 0}
05-16 02:44:04.157  2648  3658 I Network_Policy: com.huawei.android.totemweather, resType: 65535, isRequestInteraction: true
05-16 02:44:04.157  2648  3618 I PGServer: report state:12 event type:1 pid:-1 uid:0 pkg:com.huawei.android.totemweather#1842912005 to pid: 1834
05-16 02:44:04.157  2648  3658 I AbnormalCtrlPolicy: Request interaction app: com.huawei.android.totemweather
05-16 02:44:04.101  1834  1886 I PowerManagerService: handleSandman: wakefulness: 1,startDreaming: false
05-16 02:44:04.159  1834  2987 I HwNetworkPolicy: onTransact, code = 203
05-16 02:44:04.159  8500 32110 I HwNetworkPolicyManager: getHwUidPolicy uid = 10164 policy = 0
05-16 02:44:04.165   675  1214 W /system/bin/netd: A binder object at 0x71cff31ac0 is being transacted on, however, this object is in the same process as its proxy. Transacting with this binder is expensive compared to just calling the corresponding functionality in the same process.
05-16 02:44:04.181  1834  1834 D HwConnectivityManagerImpl: getNetworkPolicyFlag flagStr null
05-16 02:44:04.197  8500 32110 I SecurityComp10105309: e: createSocket s host port autoClose
05-16 02:44:04.197  8500 32110 I SecurityComp10105309: e: set default protocols
05-16 02:44:04.198  8500 32110 I SecurityComp10105309: e: set default cipher suites
05-16 02:44:04.228  8500 32110 I SecurityComp10105309: SecureX509TrustManager: checkServerTrusted begin ,server ca chain size is : 2 ,auth type is : GENERIC
05-16 02:44:04.228  8500 32110 I SecurityComp10105309: SecureX509TrustManager: check server i : 0
05-16 02:44:04.228  8500 32110 I SecurityComp10105309: SecureX509TrustManager: client root ca size is : 31
05-16 02:44:04.232  8500 32110 I SecurityComp10105309: SecureX509TrustManager: checkServerTrusted succeed ,root ca issuer is : CN=DigiCert Global Root CA, OU=www.digicert.com, O=DigiCert Inc, C=US
05-16 02:44:04.254  8500  8512 W id.totemweathe: Reducing the number of considered missed Gc histogram windows from 183 to 100
05-16 02:44:04.376  2589  3074 D DeviceMonitorPowerKit: run, sCountNum is 1
05-16 02:44:04.376  2589  3074 D DeviceMonitorPowerKit: interval is 859978, ElapsedRealtime is 1842042246, isNeedRepeat: false
05-16 02:44:04.376  2589  3074 E DeviceMonitorPowerKit: not Satify ApplyResource
05-16 02:44:04.386  8500 32128 I NetworkKit_CountryCodeBean: pool-289-thread-1|null|com.huawei.hms.framework.network.grs.local.model.CountryCodeBean|init|2|countryCode by ro.hw.country is: cn
05-16 02:44:04.386  8500 32128 I NetworkKit_CountryCodeBean: pool-289-thread-1|null|com.huawei.hms.framework.network.grs.local.model.CountryCodeBean|<init>|9|get issue_country code from VENDOR_COUNTRY
05-16 02:44:04.386  8500 32128 I NetworkKit_e: pool-289-thread-1|null|com.huawei.hms.framework.network.grs.e.a|a|13|isSpExpire false.
05-16 02:44:04.386  8500 32128 I NetworkKit_LocalManagerProxy: pool-289-thread-1|null|com.huawei.hms.framework.network.grs.a|a|18|appGrs is not null and clear services.
05-16 02:44:04.386  8500 32128 I NetworkKit_a: pool-289-thread-1|null|com.huawei.hms.framework.network.grs.c|a|20|get unexpired cache localUrl: h*t*s*/*w*a*h*r*d*c*.*u*i*.*b*n*c*o*d*c*
05-16 02:44:04.387  8500 32128 I NetworkKit_LocalManagerProxy: pool-289-thread-1||com.huawei.hms.framework.network.grs.a|a|13|appGrs is not null and clear services.
05-16 02:44:04.388   675  1214 W /system/bin/netd: A binder object at 0x71cff31ac0 is being transacted on, however, this object is in the same process as its proxy. Transacting with this binder is expensive compared to just calling the corresponding functionality in the same process.
05-16 02:44:04.392  1834 14087 V ActivityManager: Successfully start provider ContentProviderRecord{c52873f u0 com.huawei.android.totemweather/.provider.SharedPreferenceProvider} launchingApp=null caller pid= 2686
05-16 02:44:04.393  2686  2686 E ndroid.launche: No package ID ff found for ID 0xffffffff.
05-16 02:44:04.404  1834  1834 D HwConnectivityManagerImpl: getNetworkPolicyFlag flagStr null
05-16 02:44:04.431  1834  1875 I ActivityManager: App 10108/com.huawei.intelligent targets O+, restricted
05-16 02:44:04.431  1834  1875 W AwareLog: HwMtmBroadcastResourceManager: iaware_brjob not process: ResolveInfo{7b9449a com.huawei.intelligent/.main.receiver.IntelligentAlarmWeatherReceiver m=0x108000}, filter: null, count: null
05-16 02:44:04.431  1834  1875 V ActivityManager: startProcess: name=com.huawei.intelligent:intelligentService app=null knownToBeDead=true thread=null pid=-1 preloadStatus=-1
05-16 02:44:04.432 31455 31473 I HwLBSService.HwGeoCoderProvider: package name for geocoder: com.huawei.android.totemweather
05-16 02:44:04.432 31455 31506 I HwLBSService.HwGeoCoderProvider: start onGetFromLocation
05-16 02:44:04.433  1834  1985 D HwConnectivityServiceEx: set 1000 wlan0 value false
05-16 02:44:04.434  8500 32128 I SecurityComp10105309: e: createSocket s host port autoClose
05-16 02:44:04.434  8500 32128 I SecurityComp10105309: e: set default protocols
05-16 02:44:04.434  8500 32128 I SecurityComp10105309: e: set default cipher suites
05-16 02:44:04.436 31455 31473 I HwLBSService.HwGeoCoderProvider: addrs size =1
05-16 02:44:04.441  8500 32110 W HianalyticsSDK: [2022-05-16 02:44:04.441 W/null/HianalyticsSDK 8500:2493 null:7] getInstanceByTag(): TAG: _default_config_tag not found.
05-16 02:44:04.441  8500 32110 W HianalyticsSDK: [2022-05-16 02:44:04.441 W/null/HianalyticsSDK 8500:2493 null:7] getInstanceByTag(): TAG: _default_config_tag not found.
05-16 02:44:04.442  8500 32110 I NetworkKit_CountryCodeBean: pool-6-thread-170|null|com.huawei.hms.framework.network.grs.local.model.CountryCodeBean|init|2|countryCode by ro.hw.country is: cn
05-16 02:44:04.442  8500 32110 I NetworkKit_CountryCodeBean: pool-6-thread-170|null|com.huawei.hms.framework.network.grs.local.model.CountryCodeBean|<init>|9|get issue_country code from VENDOR_COUNTRY
05-16 02:44:04.443  8500 32110 I NetworkKit_CountryCodeBean: pool-6-thread-170|null|com.huawei.hms.framework.network.grs.local.model.CountryCodeBean|init|2|countryCode by ro.hw.country is: cn
05-16 02:44:04.443  8500 32110 I NetworkKit_CountryCodeBean: pool-6-thread-170|null|com.huawei.hms.framework.network.grs.local.model.CountryCodeBean|<init>|9|get issue_country code from VENDOR_COUNTRY
05-16 02:44:04.443   676   676 D Zygote  : Forked child process 32130
05-16 02:44:04.448  1834  1876 I ActivityManager: Start proc 32130:com.huawei.intelligent:intelligentService/u0a108 for broadcast {com.huawei.intelligent/com.huawei.intelligent.main.receiver.IntelligentAlarmWeatherReceiver}
05-16 02:44:04.448  1834  2987 V ActivityManager: Successfully start provider ContentProviderRecord{8ac7ee3 u0 com.huawei.android.totemweather/.provider.WeatherProvider} launchingApp=ProcessRecord{52161ae 8500:com.huawei.android.totemweather/u0a164} caller pid= 2256
05-16 02:44:04.449  8500 27041 I NetworkKit_CountryCodeBean: Binder:8500_F|null|com.huawei.hms.framework.network.grs.local.model.CountryCodeBean|init|2|countryCode by ro.hw.country is: cn
05-16 02:44:04.449  8500 27041 I NetworkKit_CountryCodeBean: Binder:8500_F|null|com.huawei.hms.framework.network.grs.local.model.CountryCodeBean|<init>|9|get issue_country code from VENDOR_COUNTRY
05-16 02:44:04.461  1040  1040 E Thermal-daemon:hw_thermal: [mtk chg] tempNew :28  tempOld :27
05-16 02:44:04.461  1040  1040 E Thermal-daemon:hw_thermal: Report temperature: [mtk chg] temp :28  reportThreshold:1
05-16 02:44:04.460 32130 32130 W elligentServic: type=1400 audit(0.0:221510): avc: denied { read } for pid=32130 name="u:object_r:device_config_runtime_native_prop:s0" dev="tmpfs" ino=16090 scontext=u:r:platform_app:s0:c512,c768 tcontext=u:object_r:device_config_runtime_native_prop:s0 tclass=file permissive=0
05-16 02:44:04.462  8500 27041 I NetworkKit_CountryCodeBean: Binder:8500_F|null|com.huawei.hms.framework.network.grs.local.model.CountryCodeBean|init|2|countryCode by ro.hw.country is: cn
05-16 02:44:04.462  8500 27041 I NetworkKit_CountryCodeBean: Binder:8500_F|null|com.huawei.hms.framework.network.grs.local.model.CountryCodeBean|<init>|9|get issue_country code from VENDOR_COUNTRY
05-16 02:44:04.462 32130 32130 E libc    : Access denied finding property "persist.device_config.runtime_native.use_app_image_startup_cache"
05-16 02:44:04.463 32130 32130 E elligentServic: LoadAppImageStartupCache enabled : 1
05-16 02:44:04.464 32130 32130 I elligentServic: Reinit property: dalvik.vm.checkjni= false
05-16 02:44:04.464 32130 32130 I elligentServic: ReInitProperties: persist.vm.debug.dumpapi= false
05-16 02:44:04.466 32130 32130 E elligentServic: Not starting debugger since process cannot load the jdwp agent.
05-16 02:44:04.471  8500 27041 I NetworkKit_CountryCodeBean: Binder:8500_F|null|com.huawei.hms.framework.network.grs.local.model.CountryCodeBean|init|2|countryCode by ro.hw.country is: cn
05-16 02:44:04.471  8500 27041 I NetworkKit_CountryCodeBean: Binder:8500_F|null|com.huawei.hms.framework.network.grs.local.model.CountryCodeBean|<init>|9|get issue_country code from VENDOR_COUNTRY
05-16 02:44:04.472 32130 32130 D ActivityThread: Attach thread to application
05-16 02:44:04.480 32130 32153 I ActivityThread: Init compatible state: false
05-16 02:44:04.481 32130 32153 D HwFrameworkSecurityPartsFactory: HwFrameworkSecurityPartsFactory in.
05-16 02:44:04.481 32130 32153 I HwFrameworkSecurityPartsFactory: add HwFrameworkSecurityPartsFactory to memory.
05-16 02:44:04.486 32130 32130 D ApplicationLoaders: createClassLoader zip: /system/framework/org.apache.http.legacy.jar librarySearchPath: /data/app/com.huawei.intelligent-DZ_zIyCCxoyHPB3H0PBM7A==/lib/arm64:/data/app/com.huawei.intelligent-DZ_zIyCCxoyHPB3H0PBM7A==/base.apk!/lib/arm64-v8a libraryPermittedPath: /data/user/0/com.huawei.intelligent parent: java.lang.BootClassLoader@6b0349 targetSdkVersion: 30 isBundled: false classLoaderName: null sharedLibraries: null
05-16 02:44:04.488 32130 32130 I elligentServic: The ClassLoaderContext is a special shared library.
05-16 02:44:04.490 32130 32130 D ApplicationLoaders: createClassLoader zip: /data/app/com.huawei.intelligent-DZ_zIyCCxoyHPB3H0PBM7A==/base.apk librarySearchPath: /data/app/com.huawei.intelligent-DZ_zIyCCxoyHPB3H0PBM7A==/lib/arm64:/data/app/com.huawei.intelligent-DZ_zIyCCxoyHPB3H0PBM7A==/base.apk!/lib/arm64-v8a libraryPermittedPath: /data/user/0/com.huawei.intelligent parent: java.lang.BootClassLoader@6b0349 targetSdkVersion: 30 isBundled: false classLoaderName: null sharedLibraries: [dalvik.system.PathClassLoader[DexPathList[[zip file "/system/framework/org.apache.http.legacy.jar"],nativeLibraryDirectories=[/data/app/com.huawei.intelligent-DZ_zIyCCxoyHPB3H0PBM7A==/lib/arm64, /data/app/com.huawei.intelligent-DZ_zIyCCxoyHPB3H0PBM7A==/base.apk!/lib/arm64-v8a, /system/lib64, /hw_product/lib64, /system/product/lib64]]]]
05-16 02:44:04.522  8500 32128 I SecurityComp10105309: SecureX509TrustManager: checkServerTrusted begin ,server ca chain size is : 2 ,auth type is : ECDHE_RSA
05-16 02:44:04.523  8500 32128 I SecurityComp10105309: SecureX509TrustManager: check server i : 0
05-16 02:44:04.523  8500 32128 I SecurityComp10105309: SecureX509TrustManager: client root ca size is : 31
05-16 02:44:04.526  8500 32128 I SecurityComp10105309: SecureX509TrustManager: checkServerTrusted succeed ,root ca issuer is : CN=GlobalSign, O=GlobalSign, OU=GlobalSign Root CA - R3
