05-16 02:44:02.867  2648  3737 I ApsAppsTypeHandler: APS: APK: ApsAppsTypeHandler.getInstance, sInstance = com.huawei.android.hwaps.o@72c8c2b
05-16 02:44:02.868  2648  3737 I SceneReceiver: state type: 10010 eventType:1 pid:0 uid:0 pkg:com.huawei.android.launcher
05-16 02:44:02.870  2648 30280 I PGServer: checkPkgType. calling pkg: android
05-16 02:44:02.870  1834 14087 I HwBastetService: current len less then 0, need return!
05-16 02:44:02.871  1834 14087 I DE J DES: [effect] Pg pkg:com.huawei.android.launcher
05-16 02:44:02.870  1834 14087 I HwBastetService: current len less then 0, need return!
05-16 02:44:02.872   994   994 W BatteryHandler: type=1400 audit(0.0:221505): avc: denied { read } for pid=994 name="temp" dev="sysfs" ino=41501 scontext=u:r:dubaid:s0 tcontext=u:object_r:sysfs_pg:s0 tclass=lnk_file permissive=0
05-16 02:44:02.871   530   530 I hwservicemanager: getTransport: Cannot find entry vendor.huawei.hardware.graphics.hwcinterface@1.1::IHwcInterface/default in either framework or device manifest.
05-16 02:44:02.871  1834  2066 I WificondControl: Noise: 0, Snr: 0, Chload: 0, rssi: -85, txBitrate: 26, rxBitrate: 1, frequency: 2452, UlDelay: 0, currentTxBytes: 444631232, currentTxPackets: 4540266, currentTxFailed: 0, currentRxBytes: 313646782, currentRxPackets: 7057527
05-16 02:44:02.871   719   719 E DE H =DE: setAmoled:522: can not support this mode: MODE_AMOLED!
05-16 02:44:02.871   704   786 W hwcomposer: [HWCTURBOMANAGER] init: IHwcInterface::tryGetService failed!  
05-16 02:44:02.873   731   731 D lights  : write_int open fd=6
05-16 02:44:02.874  2648  5154 W ThermalTraceTool: IOException:java.io.IOException: read failed: EIO (I/O error)
05-16 02:44:02.876  1834  2164 D HuaweiWifiWatchdogStateMachine: nothing to do
05-16 02:44:02.876  1834  2164 I HuaweiWifiWatchdogStateMachine: POta txb txg rxg:0, 4, 0. Lr =0% Totpkt=4
05-16 02:44:02.876  1834  2065 I WiFi_PRO: MSG_RETURN_AP_CURRY_RSSI rssi = -85
05-16 02:44:02.877  1834  2065 I QosMonitor: queryRtt: rttType = 3
05-16 02:44:02.877  1834  2065 I HwWifiProServiceProxy: ctrlHwWifiNetwork pkgName: WIFIPRO_SERVICE interfaceId: 8
05-16 02:44:02.872   994   994 W BatteryHandler: type=1400 audit(0.0:221506): avc: denied { read } for pid=994 name="temp" dev="sysfs" ino=41501 scontext=u:r:dubaid:s0 tcontext=u:object_r:sysfs_pg:s0 tclass=lnk_file permissive=0
05-16 02:44:02.877  2686  2686 D DecorView: showOrHideHighlightView: hasFocus=true; winMode=1; isMrgNull=true
05-16 02:44:02.877  1094  1176 D AAL     : onBacklightChanged: 250/1023 -> 261/1023(phy:522/4095)
05-16 02:44:02.878  1094  1176 D AAL     : LABC: LABC after setTarget isSmoothBacklight=0 
05-16 02:44:02.878  1834  2065 I QosMonitor: postEventFromNative: msg=100,arg1=4,arg2=10
05-16 02:44:02.878  1834  2065 I HwWifiProServiceProxy: ctrlHwWifiNetwork pkgName: WIFIPRO_SERVICE interfaceId: 8
05-16 02:44:02.878  1834  2166 I HwDualBandManager: handle2gApStrongWifiRssiChange
05-16 02:44:02.878  2686  2686 W HwRemoteInputMethodManager: isCasting false because IHwDistributedWindowManager is invalid.
05-16 02:44:02.879  1834  2065 I QosMonitor: postEventFromNative: msg=100,arg1=0,arg2=10
05-16 02:44:02.879  1834  2065 I MQoS    : rtt=480,tcpTxPkts=4209411,tcpRxPkts=6330509
05-16 02:44:02.879  1834 11540 I MQoS    : QOS_level:0(0),DataDisable;use level-0
05-16 02:44:02.879  1834 11540 I MQoS    : skip-low-Level:0(0),DataDisable;use level-0
05-16 02:44:02.881  1834  2164 I HuaweiWifiWatchdogStateMachine: PTcp RTT:0, rtt pkt=0, tcp_rx=0, tcp_tx=10, tcp_reTran=0, rtRate=0
05-16 02:44:02.881  1834  2164 I HuaweiWifiWatchdogStateMachine: rssi bad, mrssi=-83 < TargetRssi=-72
05-16 02:44:02.881  1834  2164 I HuaweiWifiWatchdogStateMachine: detectNetworkAvailable: mNetworkDisableCount = 2
05-16 02:44:02.881  1834  2164 I HuaweiWifiWatchdogStateMachine: maybe no internet REQUEST_WIFI_INET_CHECK.
05-16 02:44:02.881  1834  2164 I HuaweiWifiWatchdogStateMachine: sendResultMsgToQM bssid:d4:ee:**:**:b7:e8, qoslevel=1
05-16 02:44:02.881  1834  2065 I WiFi_PRO_WifiProStateMachine: onNetworkQosChange, currentWifiLevel == 1, wifiNoInternet = false, updateUiOnly = true
05-16 02:44:02.881  1834  2163 I WiFi_PRO_WifiProStateMachine: isSwitching = false, isDialogDisplayed = false, isAllowWiFiHandoverMobile = true, level = 1
05-16 02:44:02.881   675 26102 I netd    : trafficSwapActiveStatsMap() <0.96ms>
05-16 02:44:02.882  1834  1859 I WindowManager: Checking 1 opening apps (frozen=false timeout=false)...
05-16 02:44:02.882  1834  1859 I WindowManager: Check opening app=AppWindowToken{78f3d1c token=Token{64f768f ActivityRecord{e34f1f0 u0 com.huawei.android.launcher/.unihome.UniHomeLauncher t1}}}: allDrawn=true startingDisplayed=false startingMoved=false isRelaunching()=false startingWindow=null
05-16 02:44:02.882  1834  1859 I WindowManager: Checking 0 opening apps (frozen=false timeout=false)...
05-16 02:44:02.882  1834  1859 I WindowManager: send SET_LAUNCHER_VISIBLE_IN_FINGER_BOOST visible: true,delay:0, handle:true, userId:0, callingPid: 1834
05-16 02:44:02.882  1834  1859 I HwWindowManagerServiceEx: closing apps count = 1
05-16 02:44:02.883  1834  2163 I WiFi_PRO_EvaluateController: zi854B236A,crurrent rssi =  -85, last  rssi = -75, isSemiAuto, last evaluate is Valid
05-16 02:44:02.883  1834  1859 D HwWindowManagerServiceEx: is app exit to launcher info: transit = 26, app = AppWindowToken{49b9e32 token=Token{636f63d ActivityRecord{bd5d3e7 u0 com.mars.infra.trace/com.mars.infra.fusion.MainActivity t317}}} mIsExiting=, window = null, mClosingApps = {AppWindowToken{49b9e32 token=Token{636f63d ActivityRecord{bd5d3e7 u0 com.mars.infra.trace/com.mars.infra.fusion.MainActivity t317}}} mIsExiting=}, topOpeningApp = AppWindowToken{78f3d1c token=Token{64f768f ActivityRecord{e34f1f0 u0 com.huawei.android.launcher/.unihome.UniHomeLauncher t1}}}, mExitIconBitmap = android.graphics.Bitmap@ffb51c7, mExitIconHeight = 180, mExitIconWidth = 180
05-16 02:44:02.883  1834  1859 V WindowManager: commitVisibility: AppWindowToken{49b9e32 token=Token{636f63d ActivityRecord{bd5d3e7 u0 com.mars.infra.trace/com.mars.infra.fusion.MainActivity t317}}} mIsExiting=: hidden=true hiddenRequested=true
05-16 02:44:02.883  1834  2163 I WiFi_PRO_WifiProStateMachine: updateWifiQosLevel, mCurrentSsid: zi854B236A ,isWiFiNoInternet: false, qosLevel: 1
05-16 02:44:02.883  1834  2163 I WiFi_PRO_EvaluateController: internetAccessType not change, can not update
05-16 02:44:02.883  1834  2163 I WiFi_PRO_EvaluateController: updateEvaluate Level  succeed!.new Level = 1
05-16 02:44:02.883  1834  1859 D HwWindowManagerServiceEx: is app exit to launcher info: transit = 26, app = AppWindowToken{78f3d1c token=Token{64f768f ActivityRecord{e34f1f0 u0 com.huawei.android.launcher/.unihome.UniHomeLauncher t1}}}, window = Window{8c63ef1 u0 com.huawei.android.launcher/com.huawei.android.launcher.unihome.UniHomeLauncher}, mClosingApps = {AppWindowToken{49b9e32 token=Token{636f63d ActivityRecord{bd5d3e7 u0 com.mars.infra.trace/com.mars.infra.fusion.MainActivity t317}}} mIsExiting=}, topOpeningApp = AppWindowToken{78f3d1c token=Token{64f768f ActivityRecord{e34f1f0 u0 com.huawei.android.launcher/.unihome.UniHomeLauncher t1}}}, mExitIconBitmap = android.graphics.Bitmap@ffb51c7, mExitIconHeight = 180, mExitIconWidth = 180
05-16 02:44:02.883  1834  1859 E WindowManager: icon is null!!
05-16 02:44:02.883  1834  1859 V WindowManager: commitVisibility: AppWindowToken{78f3d1c token=Token{64f768f ActivityRecord{e34f1f0 u0 com.huawei.android.launcher/.unihome.UniHomeLauncher t1}}}: hidden=false hiddenRequested=false
05-16 02:44:02.884  1834  1859 W WindowManager: Failed to take screenshot. No visible windows for {taskId=317 appTokens=[AppWindowToken{49b9e32 token=Token{636f63d ActivityRecord{bd5d3e7 u0 com.mars.infra.trace/com.mars.infra.fusion.MainActivity t317}}} mIsExiting=] mdr=true}
05-16 02:44:02.886  1834  2987 D HwInputMethodManagerService: isSecMethodUsing = false
05-16 02:44:02.887   719   719 E DE H =DE: setAmoled:522: can not support this mode: MODE_AMOLED!
05-16 02:44:02.888   530   530 I hwservicemanager: getTransport: Cannot find entry vendor.huawei.hardware.graphics.hwcinterface@1.1::IHwcInterface/default in either framework or device manifest.
05-16 02:44:02.888   704   786 W hwcomposer: [HWCTURBOMANAGER] init: IHwcInterface::tryGetService failed!  
05-16 02:44:02.888   731   731 D lights  : write_int open fd=6
05-16 02:44:02.890  1834  1858 I WindowManager: handle SET_LAUNCHER_VISIBLE_IN_FINGER_BOOST visible:true handle:trueuserId:0, currentUserId:0
05-16 02:44:02.891  1105  1303 E Parcel  : Reading a NULL string not supported here.
05-16 02:44:02.891  1834  1858 D WindowManager: setLauncherVisibleInFingerBoost record=ActivityRecord{e34f1f0 u0 com.huawei.android.launcher/.unihome.UniHomeLauncher t1}
05-16 02:44:02.891  1834  1858 I WindowManager: setLauncherVisible setAlpha to 1.0
05-16 02:44:02.892  1834  1858 D WindowManager: setLauncherVisible wallpaperScale=false
05-16 02:44:02.891  1105  1303 I chatty  : uid=0(root) smart_parser identical 1 line
05-16 02:44:02.891  1105  1303 E Parcel  : Reading a NULL string not supported here.
05-16 02:44:02.894  1094  1176 D AAL     : onBacklightChanged: 261/1023 -> 272/1023(phy:544/4095)
05-16 02:44:02.894  1094  1176 D AAL     : LABC: LABC after setTarget isSmoothBacklight=0 
05-16 02:44:02.895  1834  2987 V ActivityTaskManager: Activity idle: Token{64f768f ActivityRecord{e34f1f0 u0 com.huawei.android.launcher/.unihome.UniHomeLauncher t1}}
05-16 02:44:02.896  1834  2407 W AwareLog: SysLoadManager: check status do nothing
05-16 02:44:02.896   743   779 I libPowerHal: [PD] scn:8 hint:LAUNCH
05-16 02:44:02.897  1834  1886 I PowerManagerService: handleSandman: wakefulness: 1,startDreaming: false
05-16 02:44:02.897   743   779 I libPowerHal: LAUNCH: cpu_ctrl set cpu freq: -1 -1 -1 -1
05-16 02:44:02.897   743   779 I libPowerHal: [PD] LAUNCH update cmd:1000000, param:1
05-16 02:44:02.898   743   779 I libPowerHal: [PD] LAUNCH update cmd:1408300 param:0
05-16 02:44:02.903   719   719 E DE H =DE: setAmoled:522: can not support this mode: MODE_AMOLED!
05-16 02:44:02.903   731   731 D lights  : write_int open fd=6
05-16 02:44:02.904   530   530 I hwservicemanager: getTransport: Cannot find entry vendor.huawei.hardware.graphics.hwcinterface@1.1::IHwcInterface/default in either framework or device manifest.
05-16 02:44:02.905   704   786 W hwcomposer: [HWCTURBOMANAGER] init: IHwcInterface::tryGetService failed!  
05-16 02:44:02.907  2686  3030 I HwLauncher: LocalTaskList loadTasksInBackground:0 numTasks:3 currentUserId:0
05-16 02:44:02.911  1094  1176 D AAL     : onBacklightChanged: 272/1023 -> 283/1023(phy:566/4095)
05-16 02:44:02.911  1094  1176 D AAL     : LABC: LABC after setTarget isSmoothBacklight=0 
05-16 02:44:02.919  1834  1859 I WindowManager: Animation done in AppWindowToken{78f3d1c token=Token{64f768f ActivityRecord{e34f1f0 u0 com.huawei.android.launcher/.unihome.UniHomeLauncher t1}}} isHidden:false hiddenRequested:false
05-16 02:44:02.919  1834  1859 I WindowManager: Animation done in AppWindowToken{49b9e32 token=Token{636f63d ActivityRecord{bd5d3e7 u0 com.mars.infra.trace/com.mars.infra.fusion.MainActivity t317}}} mIsExiting= isHidden:true hiddenRequested:true
05-16 02:44:02.920  1834  1859 I WindowManager: Exit animation finished in Window{324c18a u0 Splash Screen com.mars.infra.trace EXITING}: remove=true
05-16 02:44:02.920  1834  1859 E WindowManager: win=Window{324c18a u0 Splash Screen com.mars.infra.trace EXITING} destroySurfaces: appStopped=false win.mWindowRemovalAllowed=true win.mRemoveOnExit=true
05-16 02:44:02.921   719   719 E DE H =DE: setAmoled:522: can not support this mode: MODE_AMOLED!
05-16 02:44:02.921   731   731 D lights  : write_int open fd=6
05-16 02:44:02.921   530   530 I hwservicemanager: getTransport: Cannot find entry vendor.huawei.hardware.graphics.hwcinterface@1.1::IHwcInterface/default in either framework or device manifest.
05-16 02:44:02.921  1834  1859 I WindowManager: postWindowRemoveCleanupLocked: Window{324c18a u0 Splash Screen com.mars.infra.trace}
05-16 02:44:02.921  1834  1859 I WindowManager: Removing Window{324c18a u0 Splash Screen com.mars.infra.trace} from AppWindowToken{49b9e32 token=Token{636f63d ActivityRecord{bd5d3e7 u0 com.mars.infra.trace/com.mars.infra.fusion.MainActivity t317}}} mIsExiting=
05-16 02:44:02.921   704   786 W hwcomposer: [HWCTURBOMANAGER] init: IHwcInterface::tryGetService failed!  
05-16 02:44:02.924  1834  1859 V WindowManager: commitVisibility: AppWindowToken{49b9e32 token=Token{636f63d ActivityRecord{bd5d3e7 u0 com.mars.infra.trace/com.mars.infra.fusion.MainActivity t317}}} mIsExiting=: hidden=true hiddenRequested=true
05-16 02:44:02.924  1834  1859 I WindowManager: Animation done in AppWindowToken{49b9e32 token=Token{636f63d ActivityRecord{bd5d3e7 u0 com.mars.infra.trace/com.mars.infra.fusion.MainActivity t317}}} mIsExiting= isHidden:true hiddenRequested:true
05-16 02:44:02.924  1834  1859 W WindowManager: Failed to take screenshot. No visible windows for {taskId=317 appTokens=[AppWindowToken{49b9e32 token=Token{636f63d ActivityRecord{bd5d3e7 u0 com.mars.infra.trace/com.mars.infra.fusion.MainActivity t317}}} mIsExiting=] mdr=false}
05-16 02:44:02.925  1834  1859 V WindowManager: removeAppToken: AppWindowToken{49b9e32 token=Token{636f63d ActivityRecord{bd5d3e7 u0 com.mars.infra.trace/com.mars.infra.fusion.MainActivity t317}}} mIsExiting= delayed=false Callers=com.android.server.wm.AppWindowToken.removeImmediately:1193 com.android.server.wm.WindowContainer.removeImmediately:370 com.android.server.wm.Task.removeImmediately:277 com.android.server.wm.WindowContainer.removeImmediately:370 com.android.server.wm.TaskStack.removeImmediately:1063 com.android.server.wm.TaskStack.checkCompleteDeferredRemoval:2060 com.android.server.wm.WindowContainer.checkCompleteDeferredRemoval:743 com.android.server.wm.WindowContainer.checkCompleteDeferredRemoval:743 com.android.server.wm.DisplayContent.checkCompleteDeferredRemoval:3287 
05-16 02:44:02.925  1834  1859 I WindowManager: removeWindowToken: displayid:0 binder:Token{636f63d ActivityRecord{bd5d3e7 u0 com.mars.infra.trace/com.mars.infra.fusion.MainActivity t-1 f}} token:null
05-16 02:44:02.927  1094  1176 D AAL     : onBacklightChanged: 283/1023 -> 294/1023(phy:588/4095)
05-16 02:44:02.927  1094  1176 D AAL     : LABC: LABC after setTarget isSmoothBacklight=0 
05-16 02:44:02.928  1094  1176 D AAL     : 05-16 02:44:02.861 BL= 250,ESS= 256, 05-16 02:44:02.879 BL= 261,ESS= 256, 05-16 02:44:02.895 BL= 272,ESS= 256, 05-16 02:44:02.911 BL= 283,ESS= 256, 05-16 02:44:02.928 BL= 294,ESS= 256, 
05-16 02:44:02.930  1105  1305 I HiView  : Begin report 901001004
05-16 02:44:02.930  1105  1305 I HiEvent : Flatten done: 901001004
05-16 02:44:02.936   719   719 E DE H =DE: setAmoled:522: can not support this mode: MODE_AMOLED!
05-16 02:44:02.938   731   731 D lights  : write_int open fd=6
05-16 02:44:02.938   530   530 I hwservicemanager: getTransport: Cannot find entry vendor.huawei.hardware.graphics.hwcinterface@1.1::IHwcInterface/default in either framework or device manifest.
05-16 02:44:02.938   704   786 W hwcomposer: [HWCTURBOMANAGER] init: IHwcInterface::tryGetService failed!  
05-16 02:44:02.940  2648  3523 I ScenarioService: refresh visibleApp:[com.huawei.android.launcher]
05-16 02:44:02.941  2648  3523 I PGServer: report state:14 event type:1 pid:-1 uid:-1 pkg:com.huawei.android.launcher to pid: 2648
05-16 02:44:02.941  2648  3523 I ApsAppsTypeHandler: APS: APK: ApsAppsTypeHandler.getInstance, sInstance = com.huawei.android.hwaps.o@72c8c2b
05-16 02:44:02.941  2648  3523 I ApsAccKitAdapter: APS: APK: ApsAccKitAdapter: not setNotifyInfo
05-16 02:44:02.941   982 11845 I AGPService: aps-info: focus pkgName - com.huawei.android.launcher, with 0 more apps
05-16 02:44:02.941   982 11845 I AGPService: FrameRateManager: aps-info: new pkgName - com.huawei.android.launcher, type - 28
05-16 02:44:02.941  2648  3658 I PG_ash  : com.mars.infra.trace become invisible
05-16 02:44:02.941   982 11845 I AGPService: GpuPolicyManager: m_currentPkgName - com.huawei.android.launcher
05-16 02:44:02.944  1094  1176 D AAL     : onBacklightChanged: 294/1023 -> 305/1023(phy:610/4095)
05-16 02:44:02.944  1094  1176 D AAL     : LABC: LABC after setTarget isSmoothBacklight=0 
05-16 02:44:02.952   719   719 E DE H =DE: setAmoled:522: can not support this mode: MODE_AMOLED!
05-16 02:44:02.953   731   731 D lights  : write_int open fd=6
05-16 02:44:02.960  1094  1176 D AAL     : onBacklightChanged: 305/1023 -> 316/1023(phy:632/4095)
05-16 02:44:02.960  1094  1176 D AAL     : LABC: LABC after setTarget isSmoothBacklight=0 
05-16 02:44:02.969   719   719 E DE H =DE: setAmoled:522: can not support this mode: MODE_AMOLED!
05-16 02:44:02.969   731   731 D lights  : write_int open fd=6
05-16 02:44:02.976  2531 10191 I HwNaturalBase: [OdmfCtrlThread]: Database monitor for dsCollectEncrypt is enabled, threshold: 100Mb, action: 0.
05-16 02:44:02.976  2531 10191 I HwNaturalBase: [OdmfCtrlThread]: dsCollectEncrypt's size is 0M.
05-16 02:44:02.977  1094  1176 D AAL     : onBacklightChanged: 316/1023 -> 327/1023(phy:654/4095)
05-16 02:44:02.977  1094  1176 D AAL     : LABC: LABC after setTarget isSmoothBacklight=0 
05-16 02:44:02.978  2531 10191 I HwNaturalBase: [OdmfCtrlThread]: DataManager-0: DbEngine for dsCollectEncrypt is reopened.
05-16 02:44:02.982  2531 10191 I OPCollectLog: OdmfHelper:insert database success 
05-16 02:44:02.982  2531 10191 I OPCollectLog: OdmfHelper:opcollectCache size: 1
05-16 02:44:02.982  2531 10191 I OPCollectLog: OdmfHelper:opcollectCache lastTime: 1842900830
05-16 02:44:02.983  6831  7060 I HiDecision: OdmfCollectScheduler: OdmfCtrlMsgHandler receive msg type: 6
05-16 02:44:02.985   719   719 E DE H =DE: setAmoled:522: can not support this mode: MODE_AMOLED!
05-16 02:44:02.986   731   731 D lights  : write_int open fd=6
05-16 02:44:02.993  1094  1176 D AAL     : onBacklightChanged: 327/1023 -> 337/1023(phy:674/4095)
05-16 02:44:02.993  1094  1176 D AAL     : LABC: LABC after setTarget isSmoothBacklight=0 
05-16 02:44:02.925  1834  1859 I WindowManager: removeWindowToken: displayid:0 binder:Token{636f63d ActivityRecord{bd5d3e7 u0 com.mars.infra.trace/com.mars.infra.fusion.MainActivity t-1 f}} token:null
05-16 02:44:03.001  1834  1886 I DisplayPowerController: mPowerState.mScreenChangedReason: 65539 mPendingRequestLocked.mScreenChangeReason 65539
05-16 02:44:03.002  1834  1886 I DisplayPowerController: Animating brightness: target=46, rate=60,brightnessTargetReal=46,AutoBrightness=true
05-16 02:44:03.002   719   719 E DE H =DE: setAmoled:522: can not support this mode: MODE_AMOLED!
05-16 02:44:03.002   731   731 D lights  : write_int open fd=6
05-16 02:44:03.003  1834  1886 D FpDataCollector: case xxx, not a fingerprint unlock 
05-16 02:44:03.010  1094  1176 D AAL     : onBacklightChanged: 337/1023 -> 348/1023(phy:696/4095)
05-16 02:44:03.010  1094  1176 D AAL     : LABC: LABC after setTarget isSmoothBacklight=0 
05-16 02:44:03.010  1094  1176 D AAL     : 05-16 02:44:02.944 BL= 305,ESS= 256, 05-16 02:44:02.961 BL= 316,ESS= 256, 05-16 02:44:02.977 BL= 327,ESS= 256, 05-16 02:44:02.994 BL= 337,ESS= 256, 05-16 02:44:03.010 BL= 348,ESS= 256, 
05-16 02:44:03.047   743   779 I libPowerHal: [PD] scn:62 hdl:13 user:iawareperf@1.0- pid:728 tid:1000
05-16 02:44:03.047   743   779 I libPowerHal: iawareperf@1.0-: hard user limit set cpu freq: 1750000 -1 1993000 -1
05-16 02:44:03.051   743   779 I libPowerHal: [PD] scn:61 hdl:12 user:iawareperf@1.0- pid:728 tid:1000
05-16 02:44:03.106   675 26102 I netd    : trafficSwapActiveStatsMap() <0.23ms>
05-16 02:44:03.104   994   994 W BatteryHandler: type=1400 audit(0.0:221507): avc: denied { read } for pid=994 name="temp" dev="sysfs" ino=41501 scontext=u:r:dubaid:s0 tcontext=u:object_r:sysfs_pg:s0 tclass=lnk_file permissive=0
05-16 02:44:03.108   675 26102 I netd    : trafficSwapActiveStatsMap() <0.13ms>
05-16 02:44:03.104   994   994 W BatteryHandler: type=1400 audit(0.0:221508): avc: denied { read } for pid=994 name="temp" dev="sysfs" ino=41501 scontext=u:r:dubaid:s0 tcontext=u:object_r:sysfs_pg:s0 tclass=lnk_file permissive=0
05-16 02:44:03.154  1834  2065 I TrafficMonitor: update:rxPkts:0,txPkts:12,rxBytes:0,txBytes:480
05-16 02:44:03.154  1834  2065 I TrafficMonitor: gettimer:interval=2000
05-16 02:44:03.155   833   833 E afehal  : Write FW command: A0 03 02
05-16 02:44:03.170   833   833 I aptouch_daemon: check_idle_status, idle in. 100
05-16 02:44:03.250  1086  1179 I HfLooper: als lux = 51.000000 , rawdata1 =200.000000., rawdata1 = 11.000000
05-16 02:44:03.278   982  2868 I AGPService: aps-info: focus pkgName - com.mars.infra.trace, with 0 more apps
05-16 02:44:03.278   982  2868 E AGPService: FrameRateManager: iaware strange app type: -1
05-16 02:44:03.278   982  2868 I AGPService: FrameRateManager: aps-info: new pkgName - com.mars.infra.trace, type - -1
05-16 02:44:03.279   982  2868 I AGPService: GpuPolicyManager: m_currentPkgName - com.mars.infra.trace
05-16 02:44:03.308  1834  1858 W ActivityTaskManager: Activity top resumed state loss timeout for ActivityRecord{bd5d3e7 u0 com.mars.infra.trace/com.mars.infra.fusion.MainActivity t-1 f}
05-16 02:44:03.333   690 31483 D AudioALSAHardware: -getParameters()
05-16 02:44:03.334  1834  2094 I HwAudioServiceEx: HwAudioHandlerEx receive unknown msg
05-16 02:44:03.381  8500 32077 I NetworkKit_CountryCodeBean: pool-5-thread-537|null|com.huawei.hms.framework.network.grs.local.model.CountryCodeBean|init|2|countryCode by ro.hw.country is: cn
05-16 02:44:03.382  8500 32077 I NetworkKit_CountryCodeBean: pool-5-thread-537|null|com.huawei.hms.framework.network.grs.local.model.CountryCodeBean|<init>|9|get issue_country code from VENDOR_COUNTRY
05-16 02:44:03.388  8500 32091 I HwMSDPMovementManager: getCurrentMovement type 0
05-16 02:44:03.388  8500 32091 E HwMSDPMovementManager: mService is null.
05-16 02:44:03.393  8500 32091 I NetworkKit_CountryCodeBean: pool-5-thread-538|null|com.huawei.hms.framework.network.grs.local.model.CountryCodeBean|init|2|countryCode by ro.hw.country is: cn
05-16 02:44:03.393  8500 32091 I NetworkKit_CountryCodeBean: pool-5-thread-538|null|com.huawei.hms.framework.network.grs.local.model.CountryCodeBean|<init>|9|get issue_country code from VENDOR_COUNTRY
05-16 02:44:03.394  1834  2987 D HwConnectivityServiceEx: set 10164 wlan0 value false
05-16 02:44:03.395  1834  2987 I HwNetworkPolicy: onTransact, code = 203
05-16 02:44:03.395  8500 32092 I HwNetworkPolicyManager: getHwUidPolicy uid = 10164 policy = 0
05-16 02:44:03.414   994  1230 D dubaid  : [BufferedLogServer.cpp] ReceiveMessage# Received buffered log from dubai_driver-0
05-16 02:44:03.415   994  1230 D dubaid  : [BufferedLogServer.cpp] ReceiveMessage# Received buffered log from dubai_driver-0
05-16 02:44:03.450  2648 30280 I PowerKit_Impl: apply pkg: com.huawei.android.totemweather resource:65535 timeout:10000 reason:totemweather
05-16 02:44:03.450  2648 30280 I AppResManager: Request interaction :{com.huawei.android.totemweather com.huawei.android.totemweather 65535 1842911299 1824307272 0}
05-16 02:44:03.451  2648  3658 I Network_Policy: com.huawei.android.totemweather, resType: 65535, isRequestInteraction: true
05-16 02:44:03.451  2648  3658 I AbnormalCtrlPolicy: Request interaction app: com.huawei.android.totemweather
05-16 02:44:03.451  2648  3618 I PGServer: report state:12 event type:1 pid:-1 uid:0 pkg:com.huawei.android.totemweather#1842911299 to pid: 1834
05-16 02:44:03.456  1834  2987 I LocationManagerService: requestingHighPowerLocation = false
05-16 02:44:03.458  1834  2987 I LocationManagerService: request ac1bbdb network Request[POWER_LOW network requested=0 fastest=0] from com.huawei.android.totemweather(10164 foreground)
05-16 02:44:03.458  1834  2987 I LocationManagerService: provider: network records: [UpdateRecord[network com.huawei.android.totemweather(10164 foreground) Request[POWER_LOW network requested=0 fastest=0] null]]
05-16 02:44:03.458  1834  2987 I LocationManagerService: interval ok need report location 0 vs 9223372036854775807 record: UpdateRecord[network com.huawei.android.totemweather(10164 foreground) Request[POWER_LOW network requested=0 fastest=0] null]
05-16 02:44:03.458  1834  2987 I LocationManagerService: network chr update
05-16 02:44:03.458  1834  2987 I LocationManagerService: mPackageName = com.huawei.android.totemweather, interval = 0, provider:network
05-16 02:44:03.458  1834  2987 I LocationManagerService: requestingHighPowerLocation = false
05-16 02:44:03.459  1834  2149 I hwPS_PermissionUsingMonitor: onStartUse, appInfo = 10164com.huawei.android.totemweather, permGroupName = android.permission-group.LOCATION
05-16 02:44:03.459  1834  2149 I hwPS_SecurityCenterAdapter: remindUsingState: service not Connected,10164com.huawei.android.totemweather,android.permission-group.LOCATION
05-16 02:44:03.459  1834  2149 I hwPS_SecurityCenterAdapter: Start bind service.
05-16 02:44:03.459 26597 28397 I LBSLog_HwNLPBaseProvider: [I/HwLocation/LBSLog_HwNLPBaseProvider 26597:19934 Method.java:-2] receive from platform, request = Request[ mProvider: network mExpireAt: 9223372036854775807 mPackageName: unknown mFastestInterval: 0 mNumUpdates: 2147483647 mSmallestDisplacement: 0.0 mUid: 0 mWorkSource: WorkSource{10164 com.huawei.android.totemweather}]
05-16 02:44:03.460 26597 28397 I LBSLog_HwNLPBaseProvider: [I/HwLocation/LBSLog_HwNLPBaseProvider 26597:19934 Method.java:-2] request.getReportLocation() = true
05-16 02:44:03.460 26597 26981 I LBSLog_HwNLPBaseProvider: [I/HwLocation/LBSLog_HwNLPBaseProvider 26597:19700 Method.java:-2] mBinder is not null
05-16 02:44:03.461 26597 26981 I LBSLog_LocationRequestMappingHelper: [I/HwLocation/LBSLog_LocationRequestMappingHelper 26597:19700 Method.java:-2] current EMUI version is over EMUI 11, dont need to start monitor
05-16 02:44:03.461 26597 26981 I APKUtil : [2022-05-16 02:44:03.461 I/LITE_SDK-APKUtil] getPackageInfo From Cache
05-16 02:44:03.462 26597 26981 I LBSLog_HwHmsService: [I/HwLocation/LBSLog_HwHmsService 26597:19700 Method.java:-2] receive request from clien, hwRequest: Request[ mProvider: network mExpireAt: 9223372036854775807 mPackageName: unknown mFastestInterval: 0 mNumUpdates: 2147483647 mSmallestDisplacement: 0.0 mUid: 0 mWorkSource: WorkSource{10164 com.huawei.android.totemweather}], provider: network
05-16 02:44:03.465 26597 26981 I LBSLog_HwHmsService: [I/HwLocation/LBSLog_HwHmsService 26597:19700 Method.java:-2] request ea34f9a network Request[ mProvider: network mExpireAt: 9223372036854775807 mPackageName: unknown mFastestInterval: 0 mNumUpdates: 2147483647 mSmallestDisplacement: 0.0 mUid: 0 mWorkSource: WorkSource{10164 com.huawei.android.totemweather}] from unknown(0 0 foreground)
05-16 02:44:03.466  2752  2752 D StatusBarManager: statusBarServiceBinder true
05-16 02:44:03.466  2752  2752 D StatusBarManager: Transact: transferToStatusbarIcon to status bar service
05-16 02:44:03.466 26597 26981 I LBSLog_HwNLPPositionManager: [I/HwLocation/LBSLog_HwNLPPositionManager 26597:19700 Method.java:-2] setRequest, request: ProviderRequest[ON interval=0], worksource: WorkSource{10164 com.huawei.android.totemweather}
05-16 02:44:03.466  2256  9001 I HwCommandQueue: CommandQueue, setStatusBarShowIcon type2isShow:false
05-16 02:44:03.466 26597 26981 I LBSLog_HwNLPPositionManager: [I/HwLocation/LBSLog_HwNLPPositionManager 26597:19700 Method.java:-2] updateRequirements, isEnabled: true, shouldEnableProvider: true
05-16 02:44:03.467 26597 26981 I LBSLog_HwNLPPositionManager: [I/HwLocation/LBSLog_HwNLPPositionManager 26597:19700 Method.java:-2] isIndoorSupported false
05-16 02:44:03.467  2752  2752 D StatusBarManager: statusBarServiceBinder true
05-16 02:44:03.467  2752  2752 D StatusBarManager: Transact: transferToStatusbarIcon to status bar service
05-16 02:44:03.467 26597 26981 I LBSLog_HwNLPPositionManager: [I/HwLocation/LBSLog_HwNLPPositionManager 26597:19700 Method.java:-2] getNlpRequest nlpRequest: Request[ mProvider: network mExpireAt: 9223372036854775807 mPackageName: unknown mFastestInterval: 0 mNumUpdates: 2147483647 mSmallestDisplacement: 0.0 mUid: 0 mWorkSource: WorkSource{10164 com.huawei.android.totemweather}]
05-16 02:44:03.467  2256  9001 I HwCommandQueue: CommandQueue, setStatusBarShowIcon type1isShow:false
05-16 02:44:03.467 26597 26981 I LBSLog_HwNLPPositionManager: [I/HwLocation/LBSLog_HwNLPPositionManager 26597:19700 Method.java:-2] updateRequirements isEnabled: true, interval: 20000, isFirstHdLocation is true
05-16 02:44:03.467  2752  2752 D StatusBarManager: statusBarServiceBinder true
05-16 02:44:03.467  2752  2752 D StatusBarManager: Transact: transferToStatusbarIcon to status bar service
05-16 02:44:03.468  2256  9001 I HwCommandQueue: CommandQueue, setStatusBarShowIcon type3isShow:false
05-16 02:44:03.468  1834  2149 I hwPS_SecurityCenterAdapter: bindService result: true
05-16 02:44:03.469 26597 26981 I LBSLog_HwNLPPositionManager: [I/HwLocation/LBSLog_HwNLPPositionManager 26597:19700 Method.java:-2] enableProvider, name: network, minTime: 20000, stats.isRequested: false, stats.minTime20000, isStationary: false
05-16 02:44:03.469 26597 26981 I DeviceInfoUtil: [2022-05-16 02:44:03.469 I/LITE_SDK-DeviceInfoUtil] get deviceType from cache: 0
05-16 02:44:03.469  1834  1834 W hwPS_SecurityCenterAdapter: onServiceConnected:ComponentInfo{com.huawei.systemmanager/com.huawei.securitycenter.permission.service.permissionuse.PermissionUsingService}
05-16 02:44:03.470  1834  2146 I hwPS_SecurityCenterAdapter: sendQueueToReminderIfNeed start: com.huawei.android.totemweather10164android.permission-group.LOCATION
05-16 02:44:03.470  1834  2146 W Binder  : Outgoing transactions from this process must be FLAG_ONEWAY
05-16 02:44:03.470  1834  2146 W Binder  : java.lang.Throwable
05-16 02:44:03.470  1834  2146 W Binder  : 	at android.os.BinderProxy.transact(BinderProxy.java:505)
05-16 02:44:03.470  1834  2146 W Binder  : 	at com.huawei.securitycenter.IHwSecService$Stub$Proxy.call(IHwSecService.java:136)
05-16 02:44:03.470  1834  2146 W Binder  : 	at com.huawei.server.security.permissionmanager.permissionuse.adapter.SecurityCenterAdapter.sendMsgToService(SecurityCenterAdapter.java:210)
05-16 02:44:03.470  1834  2146 W Binder  : 	at com.huawei.server.security.permissionmanager.permissionuse.adapter.SecurityCenterAdapter.sendToSecurityCenter(SecurityCenterAdapter.java:281)
05-16 02:44:03.470  1834  2146 W Binder  : 	at com.huawei.server.security.permissionmanager.permissionuse.adapter.SecurityCenterAdapter.sendQueueToReminderIfNeed(SecurityCenterAdapter.java:274)
05-16 02:44:03.470  1834  2146 W Binder  : 	at com.huawei.server.security.permissionmanager.permissionuse.adapter.SecurityCenterAdapter.access$200(SecurityCenterAdapter.java:32)
05-16 02:44:03.470  1834  2146 W Binder  : 	at com.huawei.server.security.permissionmanager.permissionuse.adapter.SecurityCenterAdapter$1$1.run(SecurityCenterAdapter.java:83)
05-16 02:44:03.470  1834  2146 W Binder  : 	at android.os.Handler.handleCallback(Handler.java:900)
05-16 02:44:03.470  1834  2146 W Binder  : 	at android.os.Handler.dispatchMessage(Handler.java:103)
05-16 02:44:03.470  1834  2146 W Binder  : 	at android.os.Looper.loop(Looper.java:219)
05-16 02:44:03.470  1834  2146 W Binder  : 	at android.os.HandlerThread.run(HandlerThread.java:67)
05-16 02:44:03.472  1834  1985 I HwActivityTaskManagerServiceEx: registerHwActivityNotifier notifier: android.app.IHwActivityNotifier$Stub$Proxy@9a418d, reason: activityLifeState, callingUid: 1000 callingPid: 2752
05-16 02:44:03.473  1834  2987 I HwActivityTaskManagerServiceEx: registerHwActivityNotifier notifier: android.app.IHwActivityNotifier$Stub$Proxy@3c9cb53, reason: systemAlertWindowChange, callingUid: 1000 callingPid: 2752
05-16 02:44:03.473  1834  1985 D HwConnectivityServiceEx: set 10060 wlan0 value false
05-16 02:44:03.473  2752 10024 W HSC_BG_FoldScreenManagerAdapter: onStart: only enable for foldable device!
05-16 02:44:03.473 26597 26981 I LBSLog_HwNLPEngine: [I/HwLocation/LBSLog_HwNLPEngine 26597:19700 Method.java:-2] location request type is online
05-16 02:44:03.474 26597 26981 I LBSLog_HwNLPEngine: [I/HwLocation/LBSLog_HwNLPEngine 26597:19700 Method.java:-2] start create timer, isTimerStart: false, period: 20000, delay: 20000
05-16 02:44:03.474 26597 26981 I LBSLog_HwNLPEngine: [I/HwLocation/LBSLog_HwNLPEngine 26597:19700 Method.java:-2] requestLocationUpdates, mInterval: 20000, mSdkMaskOnline: 15, mSdkMaskOffline: 1, mlocaldb: 0, isOnLineLocation: true, mCurrentSdkType: 15
05-16 02:44:03.475 26597 26981 I LBSLog_HwNLPEngine: [I/HwLocation/LBSLog_HwNLPEngine 26597:19700 Method.java:-2] requestWifiScan start
05-16 02:44:03.475  2752 10024 D StatusBarManager: statusBarServiceBinder true
05-16 02:44:03.475  2752 10024 D StatusBarManager: Transact: transferToStatusbarIcon to status bar service
05-16 02:44:03.475  2256  9001 I HwCommandQueue: CommandQueue, setStatusBarShowIcon type3isShow:true
05-16 02:44:03.475 26597 26981 I LBSLog_HwNLPEngine: [I/HwLocation/LBSLog_HwNLPEngine 26597:19700 Method.java:-2] requestWifiScan isHighPrecision : true
05-16 02:44:03.476 26597 26981 I LBSLog_HwNLPPositionManager: [I/HwLocation/LBSLog_HwNLPPositionManager 26597:19700 Method.java:-2] indoorSupported use high loc timeout
05-16 02:44:03.477 26597 26981 I LBSLog_InnerServiceClientImpl: [I/HwLocation/LBSLog_InnerServiceClientImpl 26597:19700 Method.java:-2] interface getScanResults start
05-16 02:44:03.480 26597 26981 I LBSLog_HwNLPScanManager: [I/HwLocation/LBSLog_HwNLPScanManager 26597:19700 Method.java:-2]  confirmWifiScanTime timeMin: 1842898307currentboottime: 1842901328
05-16 02:44:03.481 26597 26981 I LBSLog_InnerServiceClientImpl: [I/HwLocation/LBSLog_InnerServiceClientImpl 26597:19700 Method.java:-2] interface getAllCellInfo start
05-16 02:44:03.484 26597 26981 E LBSLog_HwNLPScanManager: [E/HwLocation/LBSLog_HwNLPScanManager 26597:19700 Method.java:-2]  isNeedCellScan cellScanNum : 0
05-16 02:44:03.487 26597 26981 I LBSLog_HwNLPScanManager: [I/HwLocation/LBSLog_HwNLPScanManager 26597:19700 Method.java:-2] request update cellinfo
05-16 02:44:03.487 26597 26981 I LBSLog_HwNLPScanManager: [I/HwLocation/LBSLog_HwNLPScanManager 26597:19700 Method.java:-2]  hwNlpScanStartScan start
05-16 02:44:03.489  1834  2955 I WifiService: startScan uid=1000
05-16 02:44:03.489  2648 30280 I PowerKit_Impl: apply pkg: com.huawei.lbs resource:512 timeout:60000 reason:apply exemption for lbs
05-16 02:44:03.489  1834  2955 E AwareLog: CloudPushManager: mHasCloudPush is false
05-16 02:44:03.489  1834  2955 E AwareLog: PhoneStatusRecong: status is null, error! mIsConnected is false
05-16 02:44:03.489  2648 30280 I AppResManager: Request interaction :{com.huawei.lbs com.huawei.lbs 512 1842961337 1837779372 0}
05-16 02:44:03.489  1834  2030 D HwMSDPDeviceStatus: connectService
05-16 02:44:03.489  2648  3658 I AbnormalCtrlPolicy: Request interaction app: com.huawei.lbs
05-16 02:44:03.489  1834  2030 D HwMSDPDeviceStatus: time out, connetion fail!
05-16 02:44:03.489  2648  3618 I PGServer: report state:12 event type:1 pid:-1 uid:0 pkg:com.huawei.lbs#1842961337 to pid: 1834
05-16 02:44:03.489  1834  2955 I WifiClientModeImpl: PkgInfo--uid=1000, processName=com.huawei.lbs,pid=31455
05-16 02:44:03.489  1834  2955 I WifiClientModeImpl: wifi_scan pid[31455] is not correct or is charging. mIsScanCtrlPluggedin = true isInGlobalScanCtrl = false
05-16 02:44:03.490  1834  2066 I WifiConfigManager: retrieve sorted hiddenLists_SSID=
05-16 02:44:03.490  1834  2066 I WifiScanLog: Key#64: start new Scan by --ScanRequestProxyScanListener 
05-16 02:44:03.490  2569  2812 I HotspotComponent: handleEvent
05-16 02:44:03.490  2569  2812 I HotspotComponent: handleEvent not handle the event:1030
05-16 02:44:03.490  2569  2846 E HwWifiCHRStateManager: cannot handle the message1001
05-16 02:44:03.491 26597 26981 I LBSLog_HwNLPScanManager: [I/HwLocation/LBSLog_HwNLPScanManager 26597:19700 Method.java:-2] indoorSupport use high wifi timeout
05-16 02:44:03.492 23380 23380 I wpa_supplicant: nl80211: Drv Event 33 (NL80211_CMD_TRIGGER_SCAN) received for wlan0
05-16 02:44:03.492 23380 23380 I wpa_supplicant: wlan0: External program started a scan
05-16 02:44:03.492 23380 23380 I wpa_supplicant: nl80211: Drv Event 34 (NL80211_CMD_NEW_SCAN_RESULTS) received for wlan0
05-16 02:44:03.492 23380 23380 I wpa_supplicant: nl80211: Scan probed for SSID ''
05-16 02:44:03.492 23380 23380 I wpa_supplicant: nl80211: Scan included frequencies: 2412 2417 2422 2427 2432 2437 2442 2447 2452 2457 2462 2467 2472 5180 5200 5220 5240 5260 5280 5300 5320 5745 5765 5785 5805 5825
05-16 02:44:03.492 23380 23380 I wpa_supplicant: nl80211: Received scan results (4 BSSes)
05-16 02:44:03.492 23380 23380 I wpa_supplicant: nl80211: Scan results indicate BSS status with d4:**:**:**:b7:e8 as associated
05-16 02:44:03.492 23380 23380 I wpa_supplicant: BSS: last_scan_res_used=4/32
05-16 02:44:03.492 23380 23380 I wpa_supplicant: wlan0: New scan results available (own=0 ext=1)
05-16 02:44:03.492 23380 23380 I wpa_supplicant: p2p0: Updating scan results from sibling
05-16 02:44:03.493 23380 23380 I wpa_supplicant: nl80211: Received scan results (4 BSSes)
05-16 02:44:03.493 23380 23380 I wpa_supplicant: BSS: last_scan_res_used=4/32
05-16 02:44:03.493 23380 23380 I wpa_supplicant: p2p0: New scan results available (own=0 ext=1)
05-16 02:44:03.493  1834  2987 I WificondControl: Scan result ready event
05-16 02:44:03.496  1834  2074 W HwInformationElementUtilEx: the information elements's length is invalid
05-16 02:44:03.496  1834  2074 D ScanResultRecords: getHiLinkAp: bssid is not match
05-16 02:44:03.496  1834  2074 I chatty  : uid=1000(system) WifiScanningSer identical 1 line
05-16 02:44:03.496  1834  2074 D ScanResultRecords: getHiLinkAp: bssid is not match
05-16 02:44:03.496  1834  2074 W HwInformationElementUtilEx: the information elements's length is invalid
05-16 02:44:03.496  1834  2074 D ScanResultRecords: getHiLinkAp: bssid is not match
05-16 02:44:03.496  2256  2256 I AnimatedImageView: onVisibilityChanged state:0
05-16 02:44:03.497  2256  2256 I chatty  : uid=10044(com.huawei.magazine) com.android.systemui identical 2 lines
05-16 02:44:03.497  2256  2256 I AnimatedImageView: onVisibilityChanged state:0
05-16 02:44:03.499  1834  2074 D WifiScanningService: shouldSendScanResultsBroadcast:true. Not only WIFI_UID scans. isPendingScans:false
05-16 02:44:03.499  1834  2066 I ScanResultRecords: getWifiCategory: bssid is not match
05-16 02:44:03.500  1834  2163 I HwWifiProServiceProxy: ctrlHwWifiNetwork pkgName: WIFIPRO_SERVICE interfaceId: 87
05-16 02:44:03.501  1834  2065 I HwWifiProServiceProxy: ctrlHwWifiNetwork pkgName: WIFIPRO_SERVICE interfaceId: 18
05-16 02:44:03.501  2451  2748 I OllieMsgCenter: publishEvt=2130903230
05-16 02:44:03.501  2589  2589 I ChannelQualityMonitor: eventReceiver WifiManager SCAN_RESULTS_AVAILABLE_ACTION!
05-16 02:44:03.501  1834  2065 I HwWifiProServiceProxy: ctrlHwWifiNetwork pkgName: WIFIPRO_SERVICE interfaceId: 24
05-16 02:44:03.501  1834  2065 I HwWifiProServiceProxy: ctrlHwWifiNetwork pkgName: WIFIPRO_SERVICE interfaceId: 25
05-16 02:44:03.501  1834  2065 I HwDualBandManager: preferList = {}
05-16 02:44:03.502  1834  2065 I WiFi_PRO_WifiProStateMachine: isAppinWhitelists, currentAppName =  android.uid.system:1000
05-16 02:44:03.502  1834  2065 W WiFi_PRO_WifiProStateMachine: mIsVpnWorking = false, mIsUserHandoverWiFi = false, mIsWiFiNoInternet = false, mHiLinkUnconfig = false, isAppinWhitelists = false, isWifiRepeaterOn = false, mIsSwitchForbiddenFromApp = false
05-16 02:44:03.502  1834  2065 I WiFi_PRO_WifiProStateMachine: isAppinWhitelists, currentAppName =  android.uid.system:1000
05-16 02:44:03.502  1834  2065 I WiFi_PRO_WifiProStateMachine: EVENT_CHECK_AVAILABLE_AP_RESULT: targetBssid = null, exist = false, prefer = 0, freq = -1
05-16 02:44:03.502  2451  2748 I PositionFenceSignalCollect: wifiDatas size 4 for recognize
05-16 02:44:03.502  2451  2748 E PositionFenceRecognize: RecognizeByWifi fail, highPrecisionConfirmedFence is empty
05-16 02:44:03.502  2451  2748 E PositionFenceRecognize: RecognizeByCellAndServeAp fail, cellDatas is empty
05-16 02:44:03.502  2451  2748 I OllieMsgCenter: publishEvt=2135228419
05-16 02:44:03.503  1834  2163 E WiFi_PRO_WifiProStateMachine: isSatisfiedWifiHandoverCondition target ap is not exist
05-16 02:44:03.503 26597 26981 I LBSLog_InnerServiceClientImpl: [I/HwLocation/LBSLog_InnerServiceClientImpl 26597:19700 Method.java:-2] interface getAllCellInfo start
05-16 02:44:03.504 26597 28397 I LBSLog_HwNLPScanManager: [I/HwLocation/LBSLog_HwNLPScanManager 26597:19934 Method.java:-2] onWifiBroadcastReceived, type: 0, isWifiCredible: true
05-16 02:44:03.504  2589  2841 D NetworkUtils: frequencyToChannel: frequency = 2452
05-16 02:44:03.504  2589  2841 D NetworkUtils: frequencyToChannel: frequency = 5745
05-16 02:44:03.504  2589  2841 D NetworkUtils: frequencyToChannel: frequency = 2417
05-16 02:44:03.504  2589  2841 D NetworkUtils: frequencyToChannel: frequency = 2462
05-16 02:44:03.504  2589  2841 I nStackXDNet: DNetGetAllChannel:[186] :Call
05-16 02:44:03.504  2589  2841 E libchannel_measure: JNIGetAllChannel: DNetGetAllChannel fail, ret = -1!
05-16 02:44:03.504  2589  2841 E ChannelQualityMonitor: fail get all channel info by Dnet!
05-16 02:44:03.504  2589  2841 I SyncChannelInfo: onChannelBeanRevice from local, channelBeanList size=4
05-16 02:44:03.505  2589  2841 D CommonUtils: Current screen state isOn: true
05-16 02:44:03.505  2589  2841 I SyncChannelInfo: invalid chload, channelId=149, chload=-1
05-16 02:44:03.505  2589  2841 I SyncChannelInfo: lastOnlineChannelBeanList is null or size == 0
05-16 02:44:03.505  2589  2841 I SyncChannelInfo: isLocalUsableChanged=false, isNetworkingUsableChanged=true
05-16 02:44:03.505  2589  2841 I SyncChannelInfo: all usable infos for 5g is unchanged, no need to sync
05-16 02:44:03.505  2589  2841 I ChannelQualityMonitor: startMeasure: itemChannelBean ChannelId=9, ApNum=1, chload=-1, noise=0
05-16 02:44:03.505  2589  2841 I ChannelQualityMonitor: startMeasure: itemChannelBean ChannelId=149, ApNum=1, chload=-1, noise=0
05-16 02:44:03.506  2589  2841 I ChannelQualityMonitor: startMeasure: itemChannelBean ChannelId=2, ApNum=1, chload=-1, noise=0
05-16 02:44:03.506  2589  2841 I ChannelQualityMonitor: startMeasure: itemChannelBean ChannelId=11, ApNum=1, chload=-1, noise=0
05-16 02:44:03.505 26597 26981 E LBSLog_HwNLPScanManager: [E/HwLocation/LBSLog_HwNLPScanManager 26597:19700 Method.java:-2]  cellInfoSize :  0
05-16 02:44:03.506  2589 32096 I ChannelRating: onChannelBeanRevice size: 4
05-16 02:44:03.506  2589 32096 D ChannelRating: onChannelBeanRevice channel 9
05-16 02:44:03.506  2589 32096 D ChannelRating: onChannelBeanRevice channel 149
05-16 02:44:03.506  2589 32096 D ChannelRating: onChannelBeanRevice channel 2
05-16 02:44:03.506  2589 32096 D ChannelRating: onChannelBeanRevice channel 11
05-16 02:44:03.506  2589 32096 I ChannelRating: onChannelBeanRevice inputs 4channels
05-16 02:44:03.506  2589 32096 I ChannelRating: getApCountScore channel: 9, bestscore: 1000.0, count: 1
05-16 02:44:03.506  2589 32096 D ChannelRating: getRssiScore1 channel: 9, first score: 333.33337, largest rssi: -85
05-16 02:44:03.506  2589 32096 D ChannelRating: getRssiScore channel: 9, second score: 500.0, large signal count: 0
05-16 02:44:03.506  2589 32096 I ChannelRating: getRssiScore total: 833.3334
05-16 02:44:03.506  2589 32096 E ChannelRating: invalid input to get chload score
05-16 02:44:03.506  2589 32096 E ChannelRating: invalid input to get noise score
05-16 02:44:03.506 26597 26981 I LBSLog_InnerServiceClientImpl: [I/HwLocation/LBSLog_InnerServiceClientImpl 26597:19700 Method.java:-2] interface getScanResults start
05-16 02:44:03.506  2589 32096 I ChannelRatingResult: conclusion is: channel: 9, score: 18.333334
05-16 02:44:03.506  2589 32096 I ChannelRating: getApCountScore channel: 149, bestscore: 1000.0, count: 1
05-16 02:44:03.506  2589 32096 D ChannelRating: getRssiScore1 channel: 149, first score: 333.33337, largest rssi: -85
05-16 02:44:03.506  2589 32096 D ChannelRating: getRssiScore channel: 149, second score: 500.0, large signal count: 0
05-16 02:44:03.506  2589 32096 I ChannelRating: getRssiScore total: 833.3334
05-16 02:44:03.506  2589 32096 E ChannelRating: invalid input to get chload score
05-16 02:44:03.506  2589 32096 E ChannelRating: invalid input to get noise score
05-16 02:44:03.506  2589 32096 I ChannelRatingResult: conclusion is: channel: 149, score: 18.333334
05-16 02:44:03.506  2589 32096 I ChannelRating: getApCountScore channel: 2, bestscore: 1000.0, count: 1
05-16 02:44:03.506  2589 32096 D ChannelRating: getRssiScore1 channel: 2, first score: 344.44446, largest rssi: -86
05-16 02:44:03.506  2589 32096 D ChannelRating: getRssiScore channel: 2, second score: 500.0, large signal count: 0
05-16 02:44:03.506  2589 32096 I ChannelRating: getRssiScore total: 844.44446
05-16 02:44:03.506  2589 32096 E ChannelRating: invalid input to get chload score
05-16 02:44:03.506  2589 32096 E ChannelRating: invalid input to get noise score
05-16 02:44:03.506  2589 32096 I ChannelRatingResult: conclusion is: channel: 2, score: 18.444445
05-16 02:44:03.506  2589 32096 I ChannelRating: getApCountScore channel: 11, bestscore: 1000.0, count: 1
05-16 02:44:03.506  2589 32096 D ChannelRating: getRssiScore1 channel: 11, first score: 388.8889, largest rssi: -90
05-16 02:44:03.506  2589 32096 D ChannelRating: getRssiScore channel: 11, second score: 500.0, large signal count: 0
05-16 02:44:03.506  2589 32096 I ChannelRating: getRssiScore total: 888.8889
05-16 02:44:03.506  2589 32096 E ChannelRating: invalid input to get chload score
05-16 02:44:03.506  2589 32096 E ChannelRating: invalid input to get noise score
05-16 02:44:03.506  2589 32096 I ChannelRatingResult: conclusion is: channel: 11, score: 18.88889
05-16 02:44:03.506  2589 32096 I ChannelRating: channel rating remote size: 4
05-16 02:44:03.509 26597 26981 I LBSLog_HwNLPScanManager: [I/HwLocation/LBSLog_HwNLPScanManager 26597:19700 Method.java:-2] getRealwifiResult, sortedScanResults size =4
05-16 02:44:03.509 26597 26981 I LBSLog_HwNLPEngine: [I/HwLocation/LBSLog_HwNLPEngine 26597:19700 Method.java:-2] handleMessage, HWNLP_LOC_SCAN_READY
05-16 02:44:03.510 26597 26981 I LBSLog_HwNLPEngine: [I/HwLocation/LBSLog_HwNLPEngine 26597:19700 Method.java:-2] handlerRequestSdkLocation, type: 15, ctx: 51, sessionID: 768b467d-11a5-4bfb-913f-8ccb751a2e7d
05-16 02:44:03.511 26597 26981 I LBSLog_HwNLPEngine: [I/HwLocation/LBSLog_HwNLPEngine 26597:19700 Method.java:-2] handlerRequestSdkLocation : wifiLists size : 4
05-16 02:44:03.512 26597 26981 I LBSLog_LocationManagerAdapter: [I/HwLocation/LBSLog_LocationManagerAdapter 26597:19700 Method.java:-2] requestVendorLocation, vendor: 15
05-16 02:44:03.514 31455 31473 I HwLBSService.HwHmsService: size: 4
05-16 02:44:03.514 31455 31473 I HwLBSService.HwHmsService: size: 0
05-16 02:44:03.515 31455 31478 I HwLBSService.HwNLPEngine: uploadSDKStatus mCurrentSdkType :14
05-16 02:44:03.515 31455 31478 I HwLBSService.HwHmsService: updateSDKStatus, providerTENCENT
05-16 02:44:03.515 31455 31478 I HwLBSService.HwHmsService: updateSDKStatus, mVendorListeners size: 1
05-16 02:44:03.515 26597 26981 I LBSLog_HwNLPEngine: [I/HwLocation/LBSLog_HwNLPEngine 26597:19700 Method.java:-2] handlerRequestSdkLocation, start request PosEngine
05-16 02:44:03.516 26597 28397 I LBSLog_LocationManagerAdapter: [I/HwLocation/LBSLog_LocationManagerAdapter 26597:19934 Method.java:-2] onStatusChanged, mssageType: -1
05-16 02:44:03.516 26597 28397 I LBSLog_LocationManagerAdapter: [I/HwLocation/LBSLog_LocationManagerAdapter 26597:19934 Method.java:-2] handlerUpdateStatus, provider: TENCENT, rc: 999
05-16 02:44:03.516 26597 26981 I LBSLog_RoutingStrategy: [I/HwLocation/LBSLog_RoutingStrategy 26597:19700 Method.java:-2] current version support inner location interface
05-16 02:44:03.517 26597 28397 I LBSLog_HwNLPEngine: [I/HwLocation/LBSLog_HwNLPEngine 26597:19934 Method.java:-2] onStatusChanged, provider: TENCENT, resultCode: 999
05-16 02:44:03.517 26597 26981 I LBSLog_InnerServiceClientImpl: [I/HwLocation/LBSLog_InnerServiceClientImpl 26597:19700 Method.java:-2] interface getLastKnownLocation start
05-16 02:44:03.517 26597 28397 I LBSLog_HwNLPEngine: [I/HwLocation/LBSLog_HwNLPEngine 26597:19934 Method.java:-2] handlerUpdateTenStatus, id: 0, rc: 999
05-16 02:44:03.517 26597 28397 I LBSLog_HwNLPEngine: [I/HwLocation/LBSLog_HwNLPEngine 26597:19934 Method.java:-2] uploadSDKStatus, mCurrentSdkType: 15, sdktype: TENCENT, rc: 999, mSuccLoc: 0, mFailLoc: 2
05-16 02:44:03.517 26597 28397 I LBSLog_HwNLPEngine: [I/HwLocation/LBSLog_HwNLPEngine 26597:19934 Method.java:-2] makeSureLocationResult, mSuccLoc: 0, mFailLoc: 2
05-16 02:44:03.518 26597 32097 I OffilneSoFileManager: [I/HwLocation/OffilneSoFileManager 26597:24243 null:72] find plugin in cloud path
05-16 02:44:03.518 26597 32097 I OffilneSoFileManager: [I/HwLocation/OffilneSoFileManager 26597:24243 null:50] offline so file is exists and is not need update
05-16 02:44:03.520 31455 31695 I HwLBSService.AmapNLPManager: packageName is com.huawei.android.totemweather
05-16 02:44:03.520 26597 26981 I APKUtil : [2022-05-16 02:44:03.520 I/LITE_SDK-APKUtil] getPackageInfo From Cache
05-16 02:44:03.521 26597 26981 I LBSLog_RoutingStrategy: [I/HwLocation/LBSLog_RoutingStrategy 26597:19700 Method.java:-2] current version support inner location interface
05-16 02:44:03.522 26597 26981 I LBSLog_InnerServiceClientImpl: [I/HwLocation/LBSLog_InnerServiceClientImpl 26597:19700 Method.java:-2] interface getLastKnownLocation start
